                                                                                                    Open count: 1 (Max allowed: 1)
2026-02-25 11:40:13.852  8003-8134  Camera2CameraImpl       com.trainingvalidator.poc            D  {Camera@8a0743d[id=1]} Opening camera.
2026-02-25 11:40:13.852  8003-8134  Camera2CameraImpl       com.trainingvalidator.poc            D  {Camera@8a0743d[id=1]} Transitioning camera internal state: INITIALIZED --> OPENING
2026-02-25 11:40:13.852  8003-8134  CameraStateMachine      com.trainingvalidator.poc            D  New public camera state CameraState{type=OPENING, error=null} from OPENING and null
2026-02-25 11:40:13.853  8003-8134  CameraStateMachine      com.trainingvalidator.poc            D  Publishing new public camera state CameraState{type=OPENING, error=null}
2026-02-25 11:40:13.853  8003-8134  UseCaseAttachState      com.trainingvalidator.poc            D  All use case: [androidx.camera.core.Preview-8741fc86-f36b-41d1-b3fe-d3b25e5435c6260253181, androidx.camera.core.ImageAnalysis-eca86fd4-c554-40cc-963c-642856154961253260530] for camera: 1
2026-02-25 11:40:13.857  1961-2793  CameraService           cameraserver                         I  CameraService::connect call (PID 8003 UID 10474 "com.trainingvalidator.poc", camera ID 1) and Camera API version 2
2026-02-25 11:40:13.857  1961-2793  CameraService           cameraserver                         I  isUidActiveLocked E: uid 10474, callingPackage com.trainingvalidator.poc, isRegistered true
2026-02-25 11:40:13.857  1961-2793  CameraService           cameraserver                         I  isUidActiveLocked X: uid 10474, callingPackage com.trainingvalidator.poc, isActive true.
2026-02-25 11:40:13.857  1961-2793  CameraService           cameraserver                         I  CameraService::validateClientPermissionsLocked is ok : calling pid 8003, calling uid 10474, client com.trainingvalidator.poc , cameraservice pid=1961, device user 0, currently allowed device users: 0, 150
2026-02-25 11:40:13.858  8003-8003  VRI[DebugA...y]@b461fc5 com.trainingvalidator.poc            D  Setup new sync=wmsSync-VRI[DebugActivity]@b461fc5#6
2026-02-25 11:40:13.858  8003-8003  VRI[DebugA...y]@b461fc5 com.trainingvalidator.poc            I  Creating new active sync group VRI[DebugActivity]@b461fc5#7
2026-02-25 11:40:13.858  1961-2793  Camera2ClientBase       cameraserver                         I  Camera 1: Opened. Client: com.trainingvalidator.poc (PID 8003, UID 10474)
2026-02-25 11:40:13.858  8003-8003  VRI[DebugA...y]@b461fc5 com.trainingvalidator.poc            D  registerCallbacksForSync syncBuffer=false
2026-02-25 11:40:13.859  1961-2793  CameraService           cameraserver                         I  service.camera.client set to com.trainingvalidator.poc
2026-02-25 11:40:13.859  8003-8039  VRI[DebugA...y]@b461fc5 com.trainingvalidator.poc            D  Received frameDrawingCallback syncResult=0 frameNum=2.
2026-02-25 11:40:13.859  8003-8039  VRI[DebugA...y]@b461fc5 com.trainingvalidator.poc            I  Setting up sync and frameCommitCallback
2026-02-25 11:40:13.859  2338-5964  CameraManagerGlobal     system_server                        I  Camera 1 facing CAMERA_FACING_FRONT state now CAMERA_STATE_OPENING for client com.trainingvalidator.poc API Level 2 User Id 0Device Id 0
2026-02-25 11:40:13.860  3522-29985 CameraManagerGlobal     com.sec.sve                          I  Camera 1 facing CAMERA_FACING_FRONT state now CAMERA_STATE_OPENING for client com.trainingvalidator.poc API Level 2 User Id 0Device Id 0
2026-02-25 11:40:13.860  5945-30702 CameraManagerGlobal     com.samsung.android.mcfds            I  Camera 1 facing CAMERA_FACING_FRONT state now CAMERA_STATE_OPENING for client com.trainingvalidator.poc API Level 2 User Id 0Device Id 0
2026-02-25 11:40:13.860  5928-6570  CameraManagerGlobal     com.sec.android.sdhms                I  Camera 1 facing CAMERA_FACING_FRONT state now CAMERA_STATE_OPENING for client com.trainingvalidator.poc API Level 2 User Id 0Device Id 0
2026-02-25 11:40:13.860 31254-31272 CameraManagerGlobal     com.samsung.android.wifi.ai          I  Camera 1 facing CAMERA_FACING_FRONT state now CAMERA_STATE_OPENING for client com.trainingvalidator.poc API Level 2 User Id 0Device Id 0
2026-02-25 11:40:13.861  5784-5877  CameraManagerGlobal     com...ng.android.service.aircommand  I  Camera 1 facing CAMERA_FACING_FRONT state now CAMERA_STATE_OPENING for client com.trainingvalidator.poc API Level 2 User Id 0Device Id 0
2026-02-25 11:40:13.863   632-736   CameraManagerGlobal     com...ooglequicksearchbox:googleapp  I  Camera 1 facing CAMERA_FACING_FRONT state now CAMERA_STATE_OPENING for client com.trainingvalidator.poc API Level 2 User Id 0Device Id 0
2026-02-25 11:40:13.864  3193-4024  CameraManagerGlobal     com.android.systemui                 I  Camera 1 facing CAMERA_FACING_FRONT state now CAMERA_STATE_OPENING for client com.trainingvalidator.poc API Level 2 User Id 0Device Id 0
2026-02-25 11:40:13.864  7256-7331  CameraManagerGlobal     com...sung.android.vtcamerasettings  I  Camera 1 facing CAMERA_FACING_FRONT state now CAMERA_STATE_OPENING for client com.trainingvalidator.poc API Level 2 User Id 0Device Id 0
2026-02-25 11:40:13.865  4572-4580  CameraManagerGlobal     com.android.chrome                   I  Camera 1 facing CAMERA_FACING_FRONT state now CAMERA_STATE_OPENING for client com.trainingvalidator.poc API Level 2 User Id 0Device Id 0
2026-02-25 11:40:13.869  8003-8026  VRI[DebugA...y]@b461fc5 com.trainingvalidator.poc            I  Received frameCommittedCallback lastAttemptedDrawFrameNum=2 didProduceBuffer=true
2026-02-25 11:40:13.871  8003-8019  CameraManagerGlobal     com.trainingvalidator.poc            I  Camera 1 facing CAMERA_FACING_FRONT state now CAMERA_STATE_OPENING for client com.trainingvalidator.poc API Level 2 User Id 0Device Id 0
2026-02-25 11:40:13.871  8003-8019  CameraManagerGlobal     com.trainingvalidator.poc            I  postSingleUpdate device: camera id 1 status STATUS_NOT_AVAILABLE
2026-02-25 11:40:13.873  8003-8019  CameraManagerGlobal     com.trainingvalidator.poc            I  postSingleUpdate device: camera id 1 status STATUS_NOT_AVAILABLE
2026-02-25 11:40:13.873  8003-8019  CameraManagerGlobal     com.trainingvalidator.poc            I  postSingleUpdate device: camera id 1 status STATUS_NOT_AVAILABLE
2026-02-25 11:40:13.873  8003-8019  CameraManagerGlobal     com.trainingvalidator.poc            I  postSingleUpdate device: camera id 1 status STATUS_NOT_AVAILABLE
2026-02-25 11:40:13.873  8003-8019  CameraManagerGlobal     com.trainingvalidator.poc            I  postSingleUpdate device: camera id 1 status STATUS_NOT_AVAILABLE
2026-02-25 11:40:13.873  8003-8003  VRI[DebugA...y]@b461fc5 com.trainingvalidator.poc            D  reportDrawFinished seqId=0
2026-02-25 11:40:13.874  8003-8126  Camera2PresenceSrc      com.trainingvalidator.poc            D  System onCameraUnavailable: 1
2026-02-25 11:40:13.874  2338-4150  WindowManager           system_server                        D  finishDrawingWindow: Window{6d8a445 u0 com.trainingvalidator.poc/com.trainingvalidator.poc.ui.debug.DebugActivity} mDrawState=HAS_DRAWN seqId=0
2026-02-25 11:40:13.874  8003-8132  Camera2PresenceSrc      com.trainingvalidator.poc            D  [FetchData] Refreshed camera list: CameraIdentifier{cameraIds=0}, CameraIdentifier{cameraIds=1}, CameraIdentifier{cameraIds=2}, CameraIdentifier{cameraIds=3}
2026-02-25 11:40:13.874  1586-10042 Unihal                  ven...amera.provider@4.0-service_64  I  UniHal3InterfaceEntry.cpp: uni_set_parameters: 506: set_parameters : pkgName=com.trainingvalidator.poc;
2026-02-25 11:40:13.874  2338-2427  SurfaceComposerClient   system_server                        D  setCornerRadius ## 6d8a445 com.trainingvalidator.poc/com.trainingvalidator.poc.ui.debug.DebugActivity#124452 cornerRadius=0.000000
2026-02-25 11:40:13.874  1961-2793  CameraService           cameraserver                         I  connectHelper: Skip Request Injector ExtraRequests to new client(com.trainingvalidator.poc)
2026-02-25 11:40:13.874  1961-2793  CameraServ...oxyWrapper cameraserver                         I  updateProxyDeviceState: notifyCameraState for Camera ID 1, newState 0, facing 1, clientName com.trainingvalidator.poc, apiLevel 2
2026-02-25 11:40:13.874  2338-3976  CameraManagerGlobal     system_server                        I  Camera 1 facing CAMERA_FACING_FRONT state now CAMERA_STATE_OPEN for client com.trainingvalidator.poc API Level 2 User Id 0Device Id 0
2026-02-25 11:40:13.875  5928-8206  CameraManagerGlobal     com.sec.android.sdhms                I  Camera 1 facing CAMERA_FACING_FRONT state now CAMERA_STATE_OPEN for client com.trainingvalidator.poc API Level 2 User Id 0Device Id 0
2026-02-25 11:40:13.875  8003-8003  PreviewView             com.trainingvalidator.poc            D  Surface requested by Preview.
2026-02-25 11:40:13.875  8003-8019  CameraManagerGlobal     com.trainingvalidator.poc            I  Camera 1 facing CAMERA_FACING_FRONT state now CAMERA_STATE_OPEN for client com.trainingvalidator.poc API Level 2 User Id 0Device Id 0
2026-02-25 11:40:13.875   632-642   CameraManagerGlobal     com...ooglequicksearchbox:googleapp  I  Camera 1 facing CAMERA_FACING_FRONT state now CAMERA_STATE_OPEN for client com.trainingvalidator.poc API Level 2 User Id 0Device Id 0
2026-02-25 11:40:13.875  7256-7283  CameraManagerGlobal     com...sung.android.vtcamerasettings  I  Camera 1 facing CAMERA_FACING_FRONT state now CAMERA_STATE_OPEN for client com.trainingvalidator.poc API Level 2 User Id 0Device Id 0
2026-02-25 11:40:13.867  3193-3350  CollapsedS...ragmentExt com.android.systemui                 D  onCameraOpened(cId:1, pId:com.trainingvalidator.poc)    shouldHideIconsForNextAppWindow:false, lastFullscreen(pkg:com.trainingvalidator.poc, flag:true),    keyguard(fa:false, ga:false, oc:false, show:false)
2026-02-25 11:40:13.875  4572-4580  CameraManagerGlobal     com.android.chrome                   I  Camera 1 facing CAMERA_FACING_FRONT state now CAMERA_STATE_OPEN for client com.trainingvalidator.poc API Level 2 User Id 0Device Id 0
2026-02-25 11:40:13.875  8003-8003  DeviceQuirks            com.trainingvalidator.poc            D  view DeviceQuirks = 
2026-02-25 11:40:13.875  2338-2427  SurfaceComposerClient   system_server                        D  setCornerRadius ## 6d8a445 com.trainingvalidator.poc/com.trainingvalidator.poc.ui.debug.DebugActivity#124452 cornerRadius=0.000000
2026-02-25 11:40:13.877  3193-6031  CameraManagerGlobal     com.android.systemui                 I  Camera 1 facing CAMERA_FACING_FRONT state now CAMERA_STATE_OPEN for client com.trainingvalidator.poc API Level 2 User Id 0Device Id 0
2026-02-25 11:40:13.877  3522-10686 CameraManagerGlobal     com.sec.sve                          I  Camera 1 facing CAMERA_FACING_FRONT state now CAMERA_STATE_OPEN for client com.trainingvalidator.poc API Level 2 User Id 0Device Id 0
2026-02-25 11:40:13.879  5945-11071 CameraManagerGlobal     com.samsung.android.mcfds            I  Camera 1 facing CAMERA_FACING_FRONT state now CAMERA_STATE_OPEN for client com.trainingvalidator.poc API Level 2 User Id 0Device Id 0
2026-02-25 11:40:13.880  8003-8134  Camera2CameraImpl       com.trainingvalidator.poc            D  {Camera@8a0743d[id=1]} Use case androidx.camera.core.Preview-8741fc86-f36b-41d1-b3fe-d3b25e5435c6260253181 ACTIVE
2026-02-25 11:40:13.880  8003-8134  UseCaseAttachState      com.trainingvalidator.poc            D  Active and attached use case: [androidx.camera.core.Preview-8741fc86-f36b-41d1-b3fe-d3b25e5435c6260253181, androidx.camera.core.ImageAnalysis-eca86fd4-c554-40cc-963c-642856154961253260530] for camera: 1
2026-02-25 11:40:13.881  8003-8003  SV[1604989...gActivity] com.trainingvalidator.poc            I  onWindowVisibilityChanged(0) true android.view.SurfaceView{9910503 V.E...... ......I. 0,0-0,0} of VRI[DebugActivity]@b461fc5
2026-02-25 11:40:13.881  8003-8003  SurfaceView             com.trainingvalidator.poc            D  160498947 updateSurface: has no frame
2026-02-25 11:40:13.881  8003-8003  VRI[DebugA...y]@b461fc5 com.trainingvalidator.poc            D  mThreadedRenderer.initializeIfNeeded()#2 mSurface={isValid=true 0xb40000722fecf420}
2026-02-25 11:40:13.882 31254-31272 CameraManagerGlobal     com.samsung.android.wifi.ai          I  Camera 1 facing CAMERA_FACING_FRONT state now CAMERA_STATE_OPEN for client com.trainingvalidator.poc API Level 2 User Id 0Device Id 0
2026-02-25 11:40:13.883  5784-5877  CameraManagerGlobal     com...ng.android.service.aircommand  I  Camera 1 facing CAMERA_FACING_FRONT state now CAMERA_STATE_OPEN for client com.trainingvalidator.poc API Level 2 User Id 0Device Id 0
2026-02-25 11:40:13.883  8003-8003  InputMethodManagerUtils com.trainingvalidator.poc            D  startInputInner - Id : 0
2026-02-25 11:40:13.883  8003-8003  InputMethodManager      com.trainingvalidator.poc            I  startInputInner - IInputMethodManagerGlobalInvoker.startInputOrWindowGainedFocus
2026-02-25 11:40:13.883  8003-8134  Camera2CameraImpl       com.trainingvalidator.poc            D  {Camera@8a0743d[id=1]} Use case androidx.camera.core.ImageAnalysis-eca86fd4-c554-40cc-963c-642856154961253260530 ACTIVE
2026-02-25 11:40:13.884  8003-8134  UseCaseAttachState      com.trainingvalidator.poc            D  Active and attached use case: [androidx.camera.core.Preview-8741fc86-f36b-41d1-b3fe-d3b25e5435c6260253181, androidx.camera.core.ImageAnalysis-eca86fd4-c554-40cc-963c-642856154961253260530] for camera: 1
2026-02-25 11:40:13.885  2338-2871  ImeTracker              system_server                        I  com.trainingvalidator.poc:83def55b: onRequestHide at ORIGIN_SERVER reason HIDE_UNSPECIFIED_WINDOW fromUser false
2026-02-25 11:40:13.886  8003-8134  UseCaseAttachState      com.trainingvalidator.poc            D  Active and attached use case: [androidx.camera.core.Preview-8741fc86-f36b-41d1-b3fe-d3b25e5435c6260253181, androidx.camera.core.ImageAnalysis-eca86fd4-c554-40cc-963c-642856154961253260530] for camera: 1
2026-02-25 11:40:13.888  8003-8019  InputTransport          com.trainingvalidator.poc            D  Input channel constructed: 'ClientS', fd=164
2026-02-25 11:40:13.896  5706-5706  GoogleInpu...hodService com...gle.android.inputmethod.latin  I  GoogleInputMethodService.onStartInput():1384 onStartInput(EditorInfo{EditorInfo{packageName=com.trainingvalidator.poc, inputType=0, inputTypeString=NULL, enableLearning=false, autoCorrection=false, autoComplete=false, imeOptions=0, privateImeOptions=null, actionName=UNSPECIFIED, actionLabel=null, initialSelStart=-1, initialSelEnd=-1, initialCapsMode=0, label=null, fieldId=0, fieldName=null, extras=Bundle[{appShowRequested=false, isTextEditor=false, displayId=0}], hintText=null, hintLocales=[]}}, false)
2026-02-25 11:40:13.897  2338-5970  InsetsSourceProvider    system_server                        D  updateControlForTarget: control=InsetsSourceControl: {3 mType=ime mSurfacePosition=Point(0, 75) mInsetsHint=Insets{left=0, top=0, right=0, bottom=852}}, target=Window{6d8a445 u0 com.trainingvalidator.poc/com.trainingvalidator.poc.ui.debug.DebugActivity}, from=com.android.server.wm.ImeInsetsSourceProvider.updateControlForTarget:17 com.android.server.wm.InsetsStateController.onControlTargetChanged:83 com.android.server.wm.DisplayContent.updateImeControlTarget:21 com.android.server.wm.DisplayContent.updateImeInputAndControlTarget:156 com.android.server.wm.WindowManagerService$LocalService.updateInputMethodTargetWindow:64 
2026-02-25 11:40:13.899  2338-2427  SurfaceComposerClient   system_server                        D  setCornerRadius ## 6d8a445 com.trainingvalidator.poc/com.trainingvalidator.poc.ui.debug.DebugActivity#124452 cornerRadius=0.000000
2026-02-25 11:40:13.900  8003-8003  BLASTBufferQueue_Java   com.trainingvalidator.poc            I  update, w= 1080 h= 2316 mName = VRI[DebugActivity]@b461fc5 mNativeObject= 0xb40000718fdc5320 sc.mNativeObject= 0xb40000735fdabe10 format= -3 caller= android.view.ViewRootImpl.updateBlastSurfaceIfNeeded:3574 android.view.ViewRootImpl.relayoutWindow:11685 android.view.ViewRootImpl.performTraversals:4804 android.view.ViewRootImpl.doTraversal:3924 android.view.ViewRootImpl$TraversalRunnable.run:12903 android.view.Choreographer$CallbackRecord.run:1901 
2026-02-25 11:40:13.900  8003-8003  VRI[DebugA...y]@b461fc5 com.trainingvalidator.poc            I  Relayout returned: old=(0,0,1080,2316) new=(0,0,1080,2316) relayoutAsync=true req=(1080,2316)0 dur=0 res=0x0 s={true 0xb40000722fecf420} ch=false seqId=0
2026-02-25 11:40:13.902  2338-5964  WindowManager           system_server                        I  Relayout Window{6d8a445 u0 com.trainingvalidator.poc/com.trainingvalidator.poc.ui.debug.DebugActivity}: viewVisibility=0 req=1080x2316 ty=1 d0
2026-02-25 11:40:13.903  2338-5964  SurfaceComposerClient   system_server                        D  setCornerRadius ## 6d8a445 com.trainingvalidator.poc/com.trainingvalidator.poc.ui.debug.DebugActivity#124452 cornerRadius=0.000000
2026-02-25 11:40:13.903  2338-5964  SurfaceComposerClient   system_server                        D  setCornerRadius ## 6d8a445 com.trainingvalidator.poc/com.trainingvalidator.poc.ui.debug.DebugActivity#124452 cornerRadius=0.000000
2026-02-25 11:40:13.903  8003-8126  Camera2CameraImpl       com.trainingvalidator.poc            D  {Camera@8a0743d[id=1]} CameraDevice.onOpened()
2026-02-25 11:40:13.904  8003-8126  Camera2CameraImpl       com.trainingvalidator.poc            D  {Camera@8a0743d[id=1]} Transitioning camera internal state: OPENING --> OPENED
2026-02-25 11:40:13.904  8003-8003  SurfaceView             com.trainingvalidator.poc            D  160498947 updateSurface: has no frame
2026-02-25 11:40:13.904  8003-8126  CameraStateRegistry     com.trainingvalidator.poc            D  Recalculating open cameras:
                                                                                                    Camera                                       State                 
                                                                                                    -------------------------------------------------------------------
                                                                                                    Camera@91ce6df[id=2]                         UNKNOWN               
                                                                                                    Camera@6557471[id=3]                         UNKNOWN               
                                                                                                    Camera@3ad13da[id=0]                         UNKNOWN               
                                                                                                    Camera@8a0743d[id=1]                         OPEN                  
                                                                                                    -------------------------------------------------------------------
                                                                                                    Open count: 1 (Max allowed: 1)
2026-02-25 11:40:13.905  8003-8126  CameraStateMachine      com.trainingvalidator.poc            D  New public camera state CameraState{type=OPEN, error=null} from OPEN and null
2026-02-25 11:40:13.905  8003-8126  CameraStateMachine      com.trainingvalidator.poc            D  Publishing new public camera state CameraState{type=OPEN, error=null}
2026-02-25 11:40:13.906  8003-8003  SurfaceView             com.trainingvalidator.poc            I  160498947 Changes: creating=true format=true size=true visible=true alpha=false hint=false left=true top=true z=false attached=true lifecycleStrategy=false
2026-02-25 11:40:13.907  8003-8126  UseCaseAttachState      com.trainingvalidator.poc            D  All use case: [androidx.camera.core.Preview-8741fc86-f36b-41d1-b3fe-d3b25e5435c6260253181, androidx.camera.core.ImageAnalysis-eca86fd4-c554-40cc-963c-642856154961253260530] for camera: 1
2026-02-25 11:40:13.907  8003-8126  StreamUseCaseUtil       com.trainingvalidator.poc            D  populateSurfaceToStreamUseCaseMapping() - streamUseCaseMap = {}
2026-02-25 11:40:13.907  1687-1797  SurfaceFlinger          surfaceflinger                       I  id=124460 createSurf, flag=20004, Bounds for - com.trainingvalidator.poc/com.trainingvalidator.poc.ui.debug.DebugActivity@0#124460
2026-02-25 11:40:13.907  1687-1797  SurfaceFlinger          surfaceflinger                       I  id=124461 createSurf, flag=84004, 9910503 SurfaceView[com.trainingvalidator.poc/com.trainingvalidator.poc.ui.debug.DebugActivity]@0#124461
2026-02-25 11:40:13.908  1687-1797  SurfaceFlinger          surfaceflinger                       I  id=124462 createSurf, flag=44400, 9910503 SurfaceView[com.trainingvalidator.poc/com.trainingvalidator.poc.ui.debug.DebugActivity]@0(BLAST)#124462
2026-02-25 11:40:13.908  1687-1797  SurfaceFlinger          surfaceflinger                       I  id=124463 createSurf, flag=20404, Background for 9910503 SurfaceView[com.trainingvalidator.poc/com.trainingvalidator.poc.ui.debug.DebugActivity]@0#124463
2026-02-25 11:40:13.908  8003-8003  libc                    com.trainingvalidator.poc            W  Access denied finding property "vendor.display.enable_optimal_refresh_rate"
2026-02-25 11:40:13.908  8003-8003  BufferQueueProducer     com.trainingvalidator.poc            I  [](id:1f4300000005,api:0,p:0,c:8003) setDequeueTimeout:2077252342
2026-02-25 11:40:13.909  8003-8003  BLASTBufferQueue_Java   com.trainingvalidator.poc            I  new BLASTBufferQueue, mName= 9910503 SurfaceView[com.trainingvalidator.poc/com.trainingvalidator.poc.ui.debug.DebugActivity]@0 mNativeObject= 0xb40000718fef4600 caller= android.view.SurfaceView.createBlastSurfaceControls:1781 android.view.SurfaceView.updateSurface:1450 android.view.SurfaceView.lambda$new$0:280 android.view.SurfaceView.$r8$lambda$NfZyM_TG8F8lqzaOVZ7noREFjzU:0 android.view.SurfaceView$$ExternalSyntheticLambda1.onPreDraw:0 android.view.ViewTreeObserver.dispatchOnPreDraw:1229 android.view.ViewRootImpl.performTraversals:5448 android.view.ViewRootImpl.doTraversal:3924 android.view.ViewRootImpl$TraversalRunnable.run:12903 android.view.Choreographer$CallbackRecord.run:1901 
2026-02-25 11:40:13.909  8003-8003  BLASTBufferQueue_Java   com.trainingvalidator.poc            I  update, w= 1440 h= 1080 mName = 9910503 SurfaceView[com.trainingvalidator.poc/com.trainingvalidator.poc.ui.debug.DebugActivity]@0 mNativeObject= 0xb40000718fef4600 sc.mNativeObject= 0xb40000735fdae450 format= 4 caller= android.view.SurfaceView.createBlastSurfaceControls:1782 android.view.SurfaceView.updateSurface:1450 android.view.SurfaceView.lambda$new$0:280 android.view.SurfaceView.$r8$lambda$NfZyM_TG8F8lqzaOVZ7noREFjzU:0 android.view.SurfaceView$$ExternalSyntheticLambda1.onPreDraw:0 android.view.ViewTreeObserver.dispatchOnPreDraw:1229 
2026-02-25 11:40:13.910  1687-1687  SurfaceFlinger          surfaceflinger                       I  [LayerHierarchy{RequestedLayerState{ImeContainer#15 parentId=124451 relativeParentId=124452 z=1} 1 children}] reparent to LayerHierarchy{RequestedLayerState{ActivityRecord{206527974 u0 com.trainingvalidator.poc/.ui.debug.DebugActivity t2136}#124451 parentId=124456 z=5} 4 children}
2026-02-25 11:40:13.910  1687-1687  SurfaceFlinger          surfaceflinger                       I  [LayerHierarchy{RequestedLayerState{ImeContainer#15 parentId=124451 relativeParentId=124452 z=1} 1 children}] RelativeParent to LayerHierarchy{RequestedLayerState{6d8a445 com.trainingvalidator.poc/com.trainingvalidator.poc.ui.debug.DebugActivity#124452 parentId=124451} 2 children}
2026-02-25 11:40:13.910  1687-1687  SurfaceFlinger          surfaceflinger                       I  [Bounds for - com.trainingvalidator.poc/com.trainingvalidator.poc.ui.debug.DebugActivity@0#124460] attach to parent LayerHierarchy{RequestedLayerState{com.trainingvalidator.poc/com.trainingvalidator.poc.ui.debug.DebugActivity$_8003#124453 parentId=124452} 1 children}
2026-02-25 11:40:13.910  1687-1687  SurfaceFlinger          surfaceflinger                       I  [9910503 SurfaceView[com.trainingvalidator.poc/com.trainingvalidator.poc.ui.debug.DebugActivity]@0#124461] attach to parent LayerHierarchy{RequestedLayerState{Bounds for - com.trainingvalidator.poc/com.trainingvalidator.poc.ui.debug.DebugActivity@0#124460 parentId=124453} 1 children}
2026-02-25 11:40:13.910  1687-1687  SurfaceFlinger          surfaceflinger                       I  [9910503 SurfaceView[com.trainingvalidator.poc/com.trainingvalidator.poc.ui.debug.DebugActivity]@0(BLAST)#124462] attach to parent LayerHierarchy{RequestedLayerState{9910503 SurfaceView[com.trainingvalidator.poc/com.trainingvalidator.poc.ui.debug.DebugActivity]@0#124461 parentId=124460} 1 children}
2026-02-25 11:40:13.910  1687-1687  SurfaceFlinger          surfaceflinger                       I  [Background for 9910503 SurfaceView[com.trainingvalidator.poc/com.trainingvalidator.poc.ui.debug.DebugActivity]@0#124463] attach to parent LayerHierarchy{RequestedLayerState{9910503 SurfaceView[com.trainingvalidator.poc/com.trainingvalidator.poc.ui.debug.DebugActivity]@0#124461 parentId=124460} 2 children}
2026-02-25 11:40:13.910  8003-8003  SurfaceView             com.trainingvalidator.poc            I  160498947 Cur surface: Surface(name=null mNativeObject=0)/@0x294ee5f
2026-02-25 11:40:13.910  8003-8003  SurfaceComposerClient   com.trainingvalidator.poc            D  setCornerRadius ## 9910503 SurfaceView[com.trainingvalidator.poc/com.trainingvalidator.poc.ui.debug.DebugActivity]@0#124461 cornerRadius=0.000000
2026-02-25 11:40:13.910  8003-8003  SV[1604989...gActivity] com.trainingvalidator.poc            I  pST: sr = Rect(0, 0 - 1440, 1080) sw = 1440 sh = 1080
2026-02-25 11:40:13.910  8003-8003  SurfaceView             com.trainingvalidator.poc            D  160498947 performSurfaceTransaction RenderWorker position = [0, 0, 1440, 1080] surfaceSize = 1440x1080
2026-02-25 11:40:13.910  8003-8003  libc                    com.trainingvalidator.poc            W  Access denied finding property "vendor.display.enable_optimal_refresh_rate"
2026-02-25 11:40:13.910  8003-8003  SV[1604989...gActivity] com.trainingvalidator.poc            I  updateSurface: mVisible = true mSurface.isValid() = true
2026-02-25 11:40:13.910  8003-8003  SV[1604989...gActivity] com.trainingvalidator.poc            I  updateSurface: mSurfaceCreated = false surfaceChanged = true visibleChanged = true
2026-02-25 11:40:13.910  8003-8003  SurfaceView             com.trainingvalidator.poc            I  160498947 visibleChanged -- surfaceCreated
2026-02-25 11:40:13.910  8003-8003  SV[1604989...gActivity] com.trainingvalidator.poc            I  surfaceCreated 1 #8 android.view.SurfaceView{9910503 V.E...... ......ID 0,0-1440,1080}
2026-02-25 11:40:13.910  8003-8003  SurfaceViewImpl         com.trainingvalidator.poc            D  Surface created.
2026-02-25 11:40:13.910  8003-8003  SurfaceView             com.trainingvalidator.poc            I  160498947 surfaceChanged -- format=4 w=1440 h=1080
2026-02-25 11:40:13.910  8003-8003  SV[1604989...gActivity] com.trainingvalidator.poc            I  surfaceChanged (1440,1080) 1 #8 android.view.SurfaceView{9910503 V.E...... ......ID 0,0-1440,1080}
2026-02-25 11:40:13.910  8003-8003  SurfaceViewImpl         com.trainingvalidator.poc            D  Surface changed. Size: 1440x1080
2026-02-25 11:40:13.910  8003-8003  SurfaceView             com.trainingvalidator.poc            I  160498947 surfaceRedrawNeeded
2026-02-25 11:40:13.912  8003-8079  native                  com.trainingvalidator.poc            I  I0000 00:00:1772012413.912471    8079 graph.cc:502] Start running the graph, waiting for inputs.
2026-02-25 11:40:13.912  8003-8079  native                  com.trainingvalidator.poc            I  I0000 00:00:1772012413.912624    8079 gl_context_egl.cc:86] Successfully initialized EGL. Major : 1 Minor: 5
2026-02-25 11:40:13.913  8003-8003  SurfaceView             com.trainingvalidator.poc            I  160498947 finishedDrawing
2026-02-25 11:40:13.913  8003-8003  SurfaceView             com.trainingvalidator.poc            V  Layout: x=0 y=0 w=1440 h=1080, frame=Rect(0, 0 - 1440, 1080)
2026-02-25 11:40:13.913  8003-8003  VRI[DebugA...y]@b461fc5 com.trainingvalidator.poc            I  registerCallbackForPendingTransactions
2026-02-25 11:40:13.925  8003-8162  native                  com.trainingvalidator.poc            I  I0000 00:00:1772012413.925323    8162 gl_context.cc:407] GL version: 3.2 (OpenGL ES 3.2 V@0615.98 (GIT@0c393b63cf, I94e2bd5684, 1746191168) (Date:05/02/25)), renderer: Adreno (TM) 730
2026-02-25 11:40:13.936  8003-8026  SurfaceView             com.trainingvalidator.poc            D  160498947 updateSurfacePosition RenderWorker, frameNr = 3, position = [0, 0, 1440, 1080] surfaceSize = 1440x1080
2026-02-25 11:40:13.937  8003-8026  SV[1604989...gActivity] com.trainingvalidator.poc            I  uSP: rtp = Rect(0, 0 - 1440, 1080) rtsw = 1440 rtsh = 1080
2026-02-25 11:40:13.937  8003-8026  SV[1604989...gActivity] com.trainingvalidator.poc            I  onSSPAndSRT: pl = 0 pt = 0 sx = 1.0 sy = 1.0
2026-02-25 11:40:13.938  8003-8026  SV[1604989...gActivity] com.trainingvalidator.poc            I  aOrMT: VRI[DebugActivity]@b461fc5 t = android.view.SurfaceControl$Transaction@6f84a57 fN = 3 android.view.SurfaceView.-$$Nest$mapplyOrMergeTransaction:0 android.view.SurfaceView$SurfaceViewPositionUpdateListener.positionChanged:1932 android.graphics.RenderNode$CompositePositionUpdateListener.positionChanged:401 
2026-02-25 11:40:13.938  8003-8162  tflite                  com.trainingvalidator.poc            I  Initialized TensorFlow Lite runtime.
2026-02-25 11:40:13.940  8003-8026  VRI[DebugA...y]@b461fc5 com.trainingvalidator.poc            I  mWNT: t=0xb4000071ffe2b510 mBlastBufferQueue=0xb40000718fdc5320 fn= 3 HdrRenderState mRenderHdrSdrRatio=1.0 caller= android.view.SurfaceView.applyOrMergeTransaction:1863 android.view.SurfaceView.-$$Nest$mapplyOrMergeTransaction:0 android.view.SurfaceView$SurfaceViewPositionUpdateListener.positionChanged:1932 
2026-02-25 11:40:13.941  8003-8040  VRI[DebugA...y]@b461fc5 com.trainingvalidator.poc            I  mWNT: t=0xb4000071ffe2eed0 mBlastBufferQueue=0xb40000718fdc5320 fn= 3 HdrRenderState mRenderHdrSdrRatio=1.0 caller= android.view.ViewRootImpl$10.onFrameDraw:6536 android.view.ViewRootImpl$4.onFrameDraw:2489 android.view.ThreadedRenderer$1.onFrameDraw:718 
2026-02-25 11:40:13.942  8003-8003  PreviewView             com.trainingvalidator.poc            D  Preview transformation info updated. TransformationInfo{getCropRect=Rect(0, 0 - 1440, 1080), getRotationDegrees=270, getTargetRotation=0, hasCameraTransform=true, getSensorToBufferTransform=Matrix{[0.39473686, 0.0, -0.0][0.0, 0.39473686, -0.0][0.0, 0.0, 1.0]}, isMirroring=true}
2026-02-25 11:40:13.942  8003-8003  PreviewTransform        com.trainingvalidator.poc            D  Transformation info set: TransformationInfo{getCropRect=Rect(0, 0 - 1440, 1080), getRotationDegrees=270, getTargetRotation=0, hasCameraTransform=true, getSensorToBufferTransform=Matrix{[0.39473686, 0.0, -0.0][0.0, 0.39473686, -0.0][0.0, 0.0, 1.0]}, isMirroring=true} 1440x1080 true
2026-02-25 11:40:13.944  8003-8003  SurfaceViewImpl         com.trainingvalidator.poc            D  Surface set on Preview.
2026-02-25 11:40:13.945  8003-8162  tflite                  com.trainingvalidator.poc            I  Replacing 291 out of 291 node(s) with delegate (unknown) node, yielding 1 partitions for subgraph 0.
2026-02-25 11:40:13.946  8003-8132  SyncCaptureSessionBase  com.trainingvalidator.poc            D  [androidx.camera.camera2.internal.SynchronizedCaptureSessionImpl@973c5b0] getSurface done with results: [Surface(name=null mNativeObject=-5476376656452112496)/@0x294ee5f, Surface(name=null mNativeObject=-5476376656452143808)/@0x9cd34f3]
2026-02-25 11:40:13.947  8003-8132  CaptureSession          com.trainingvalidator.poc            D  Opening capture session.
2026-02-25 11:40:13.950  8003-8003  InputMethodManager      com.trainingvalidator.poc            I  handleMessage: setImeVisibility visible=false
2026-02-25 11:40:13.950  8003-8003  InsetsController        com.trainingvalidator.poc            D  hide(ime(), fromIme=false)
2026-02-25 11:40:13.950  8003-8003  ImeTracker              com.trainingvalidator.poc            I  com.trainingvalidator.poc:83def55b: onCancelled at PHASE_CLIENT_ALREADY_HIDDEN
2026-02-25 11:40:13.950  8003-8132  Camera2Cap...estBuilder com.trainingvalidator.poc            D  template type = 1
2026-02-25 11:40:13.951  1687-1687  SurfaceFlinger          surfaceflinger                       I  RequestedLayer [Bounds for - com.trainingvalidator.p[...].poc.ui.debug.DebugActivity@0#124460] hidden!! flag  from(1) --> to(0)
2026-02-25 11:40:13.951  1687-1687  SurfaceFlinger          surfaceflinger                       I  [LayerHierarchy{RequestedLayerState{Background for 9910503 SurfaceView[com.trainingvalidator.poc/com.trainingvalidator.poc.ui.debug.DebugActivity]@0#124463 parentId=124461 relativeParentId=124453 z=-2147483648} no children}] RelativeParent to LayerHierarchy{RequestedLayerState{com.trainingvalidator.poc/com.trainingvalidator.poc.ui.debug.DebugActivity$_8003#124453 parentId=124452} 2 children}
2026-02-25 11:40:13.951  1687-1687  SurfaceFlinger          surfaceflinger                       I  [LayerHierarchy{RequestedLayerState{9910503 SurfaceView[com.trainingvalidator.poc/com.trainingvalidator.poc.ui.debug.DebugActivity]@0#124461 parentId=124460 relativeParentId=124453 z=-2} 2 children}] RelativeParent to LayerHierarchy{RequestedLayerState{com.trainingvalidator.poc/com.trainingvalidator.poc.ui.debug.DebugActivity$_8003#124453 parentId=124452} 3 children}
2026-02-25 11:40:13.952  8003-8132  Camera2Cap...estBuilder com.trainingvalidator.poc            D  applyAeFpsRange: expectedFrameRateRange = [0, 0]
2026-02-25 11:40:13.953  8003-8132  SyncCaptureSessionImpl  com.trainingvalidator.poc            D  [androidx.camera.camera2.internal.SynchronizedCaptureSessionImpl@973c5b0] start openCaptureSession
2026-02-25 11:40:13.953  8003-8132  DeferrableSurface       com.trainingvalidator.poc            D  use count+1, useCount=2 androidx.camera.core.SurfaceRequest$2@b9b447f
2026-02-25 11:40:13.953  8003-8132  DeferrableSurface       com.trainingvalidator.poc            D  New surface in use[total_surfaces=3, used_surfaces=2](androidx.camera.core.impl.ImmediateSurface@a8fe511}
2026-02-25 11:40:13.953  8003-8132  DeferrableSurface       com.trainingvalidator.poc            D  use count+1, useCount=1 androidx.camera.core.impl.ImmediateSurface@a8fe511
2026-02-25 11:40:13.956  1687-1687  SurfaceFlinger          surfaceflinger                       D  Display 4630947232161729154 HWC layers:
                                                                                                           CLIENT |           34372623269892 | 00002102 | RGBA_8888    |  273.0    0.0 1080.0 2316.0 |    0    0 1080 2316 | com.trainingvalidator.poc/com.traini[...]profile.ProfileActivity$_8003#124444 (120)
                                                                                                      SOLID_COLOR |                        0 | 00000000 | N/A          |    0.0    0.0    0.0    0.0 |    0    0 1080 2316 | DimTransitionLayer for Surface(name=[...]ugActivity t2136})/@0x307e54a#124457 (0)
                                                                                                      SOLID_COLOR |                        0 | 00000002 | N/A          |    0.0    0.0    0.0    0.0 |  207    0 1080 1080 | Background for 9910503 SurfaceView[c[...]poc.ui.debug.DebugActivity]@0#124463 (0)
                                                                                                           DEVICE |           34372623269897 | 00002100 | RGBA_8888    |    0.0    0.0  873.0 2316.0 |  207    0 1080 2316 | com.trainingvalidator.poc/com.traini[...].ui.debug.DebugActivity$_8003#124453 (3)
                                                                                                           DEVICE |           13713830651371 | 00002100 | RGBA_8888    |    0.0   22.0 1080.0   75.0 |    0    0 1080   53 | StatusBar$_3193#102 (246239)
                                                                                                           DEVICE |    
2026-02-25 11:40:13.957  8003-8026  SurfaceView             com.trainingvalidator.poc            D  160498947 updateSurfacePosition RenderWorker, frameNr = 4, position = [0, 0, 1737, 2316] surfaceSize = 1440x1080
2026-02-25 11:40:13.957  8003-8026  SV[1604989...gActivity] com.trainingvalidator.poc            I  uSP: rtp = Rect(0, 0 - 1737, 2316) rtsw = 1440 rtsh = 1080
2026-02-25 11:40:13.957  8003-8026  SV[1604989...gActivity] com.trainingvalidator.poc            I  onSSPAndSRT: pl = 0 pt = 0 sx = 1.20625 sy = 2.1444445
2026-02-25 11:40:13.957  8003-8026  SV[1604989...gActivity] com.trainingvalidator.poc            I  aOrMT: VRI[DebugActivity]@b461fc5 t = android.view.SurfaceControl$Transaction@6f84a57 fN = 4 android.view.SurfaceView.-$$Nest$mapplyOrMergeTransaction:0 android.view.SurfaceView$SurfaceViewPositionUpdateListener.positionChanged:1932 android.graphics.RenderNode$CompositePositionUpdateListener.positionChanged:401 
2026-02-25 11:40:13.957  8003-8026  VRI[DebugA...y]@b461fc5 com.trainingvalidator.poc            I  mWNT: t=0xb4000071ffe2b510 mBlastBufferQueue=0xb40000718fdc5320 fn= 4 HdrRenderState mRenderHdrSdrRatio=1.0 caller= android.view.SurfaceView.applyOrMergeTransaction:1863 android.view.SurfaceView.-$$Nest$mapplyOrMergeTransaction:0 android.view.SurfaceView$SurfaceViewPositionUpdateListener.positionChanged:1932 
2026-02-25 11:40:13.961  1687-1687  CompositionEngine       surfaceflinger                       D  Layer: com.trainingvalidator.poc/com.trainingvalidator.poc.ui.debug.DebugActivity$_8003#124453 had an out of bounds transparent region
2026-02-25 11:40:13.969  1687-1687  CompositionEngine       surfaceflinger                       D  Layer: com.trainingvalidator.poc/com.trainingvalidator.poc.ui.debug.DebugActivity$_8003#124453 had an out of bounds transparent region
2026-02-25 11:40:13.977  1687-1687  CompositionEngine       surfaceflinger                       D  Layer: com.trainingvalidator.poc/com.trainingvalidator.poc.ui.debug.DebugActivity$_8003#124453 had an out of bounds transparent region
2026-02-25 11:40:13.985  1687-1687  CompositionEngine       surfaceflinger                       D  Layer: com.trainingvalidator.poc/com.trainingvalidator.poc.ui.debug.DebugActivity$_8003#124453 had an out of bounds transparent region
2026-02-25 11:40:13.994  1687-1687  CompositionEngine       surfaceflinger                       D  Layer: com.trainingvalidator.poc/com.trainingvalidator.poc.ui.debug.DebugActivity$_8003#124453 had an out of bounds transparent region
2026-02-25 11:40:14.002  1687-1687  CompositionEngine       surfaceflinger                       D  Layer: com.trainingvalidator.poc/com.trainingvalidator.poc.ui.debug.DebugActivity$_8003#124453 had an out of bounds transparent region
2026-02-25 11:40:14.010  1687-1687  CompositionEngine       surfaceflinger                       D  Layer: com.trainingvalidator.poc/com.trainingvalidator.poc.ui.debug.DebugActivity$_8003#124453 had an out of bounds transparent region
2026-02-25 11:40:14.018  1687-1687  CompositionEngine       surfaceflinger                       D  Layer: com.trainingvalidator.poc/com.trainingvalidator.poc.ui.debug.DebugActivity$_8003#124453 had an out of bounds transparent region
2026-02-25 11:40:14.027  1687-1687  CompositionEngine       surfaceflinger                       D  Layer: com.trainingvalidator.poc/com.trainingvalidator.poc.ui.debug.DebugActivity$_8003#124453 had an out of bounds transparent region
2026-02-25 11:40:14.035  1687-1687  CompositionEngine       surfaceflinger                       D  Layer: com.trainingvalidator.poc/com.trainingvalidator.poc.ui.debug.DebugActivity$_8003#124453 had an out of bounds transparent region
2026-02-25 11:40:14.044  1687-1687  CompositionEngine       surfaceflinger                       D  Layer: com.trainingvalidator.poc/com.trainingvalidator.poc.ui.debug.DebugActivity$_8003#124453 had an out of bounds transparent region
2026-02-25 11:40:14.052  1687-1687  CompositionEngine       surfaceflinger                       D  Layer: com.trainingvalidator.poc/com.trainingvalidator.poc.ui.debug.DebugActivity$_8003#124453 had an out of bounds transparent region
2026-02-25 11:40:14.060  1687-1687  CompositionEngine       surfaceflinger                       D  Layer: com.trainingvalidator.poc/com.trainingvalidator.poc.ui.debug.DebugActivity$_8003#124453 had an out of bounds transparent region
2026-02-25 11:40:14.069  1687-1687  CompositionEngine       surfaceflinger                       D  Layer: com.trainingvalidator.poc/com.trainingvalidator.poc.ui.debug.DebugActivity$_8003#124453 had an out of bounds transparent region
2026-02-25 11:40:14.077  1687-1687  CompositionEngine       surfaceflinger                       D  Layer: com.trainingvalidator.poc/com.trainingvalidator.poc.ui.debug.DebugActivity$_8003#124453 had an out of bounds transparent region
2026-02-25 11:40:14.085  1687-1687  CompositionEngine       surfaceflinger                       D  Layer: com.trainingvalidator.poc/com.trainingvalidator.poc.ui.debug.DebugActivity$_8003#124453 had an out of bounds transparent region
2026-02-25 11:40:14.094  1687-1687  CompositionEngine       surfaceflinger                       D  Layer: com.trainingvalidator.poc/com.trainingvalidator.poc.ui.debug.DebugActivity$_8003#124453 had an out of bounds transparent region
2026-02-25 11:40:14.102  1687-1687  CompositionEngine       surfaceflinger                       D  Layer: com.trainingvalidator.poc/com.trainingvalidator.poc.ui.debug.DebugActivity$_8003#124453 had an out of bounds transparent region
2026-02-25 11:40:14.110  1687-1687  CompositionEngine       surfaceflinger                       D  Layer: com.trainingvalidator.poc/com.trainingvalidator.poc.ui.debug.DebugActivity$_8003#124453 had an out of bounds transparent region
2026-02-25 11:40:14.118  1687-1687  CompositionEngine       surfaceflinger                       D  Layer: com.trainingvalidator.poc/com.trainingvalidator.poc.ui.debug.DebugActivity$_8003#124453 had an out of bounds transparent region
2026-02-25 11:40:14.127  1687-1687  CompositionEngine       surfaceflinger                       D  Layer: com.trainingvalidator.poc/com.trainingvalidator.poc.ui.debug.DebugActivity$_8003#124453 had an out of bounds transparent region
2026-02-25 11:40:14.135  1687-1687  CompositionEngine       surfaceflinger                       D  Layer: com.trainingvalidator.poc/com.trainingvalidator.poc.ui.debug.DebugActivity$_8003#124453 had an out of bounds transparent region
2026-02-25 11:40:14.144  1687-1687  CompositionEngine       surfaceflinger                       D  Layer: com.trainingvalidator.poc/com.trainingvalidator.poc.ui.debug.DebugActivity$_8003#124453 had an out of bounds transparent region
2026-02-25 11:40:14.145  8003-8162  tflite                  com.trainingvalidator.poc            I  Replacing 291 out of 291 node(s) with delegate (unknown) node, yielding 1 partitions for subgraph 0.
2026-02-25 11:40:14.152  1687-1687  CompositionEngine       surfaceflinger                       D  Layer: com.trainingvalidator.poc/com.trainingvalidator.poc.ui.debug.DebugActivity$_8003#124453 had an out of bounds transparent region
2026-02-25 11:40:14.155  1687-1687  SurfaceFlinger          surfaceflinger                       D  Display 4630947232161729154 HWC layers:
                                                                                                           CLIENT |           34372623269895 | 00002102 | RGBA_8888    |  333.0    0.0 1080.0 2316.0 |    0    0 1080 2316 | com.trainingvalidator.poc/com.traini[...]profile.ProfileActivity$_8003#124444 (121)
                                                                                                      SOLID_COLOR |                        0 | 00000000 | N/A          |    0.0    0.0    0.0    0.0 |    0    0 1080 2316 | DimTransitionLayer for Surface(name=[...]ugActivity t2136})/@0x307e54a#124457 (0)
                                                                                                      SOLID_COLOR |                        0 | 00000002 | N/A          |    0.0    0.0    0.0    0.0 |   15    0 1080 2316 | Background for 9910503 SurfaceView[c[...]poc.ui.debug.DebugActivity]@0#124463 (0)
                                                                                                           DEVICE |           34372623269896 | 00002100 | RGBA_8888    |    0.0    0.0 1065.0 2316.0 |   15    0 1080 2316 | com.trainingvalidator.poc/com.traini[...].ui.debug.DebugActivity$_8003#124453 (4)
                                                                                                           DEVICE |           13713830651374 | 00002100 | RGBA_8888    |    0.0    0.0 1080.0    1.0 |    0 2315 1080 2316 | NavigationBar0$_3193#98 (223856)
                                                                                                    
2026-02-25 11:40:14.160  1687-1687  CompositionEngine       surfaceflinger                       D  Layer: com.trainingvalidator.poc/com.trainingvalidator.poc.ui.debug.DebugActivity$_8003#124453 had an out of bounds transparent region
2026-02-25 11:40:14.169  1687-1687  CompositionEngine       surfaceflinger                       D  Layer: com.trainingvalidator.poc/com.trainingvalidator.poc.ui.debug.DebugActivity$_8003#124453 had an out of bounds transparent region
2026-02-25 11:40:14.171  1687-1687  SurfaceFlinger          surfaceflinger                       D  Display 4630947232161729154 HWC layers:
                                                                                                           CLIENT |           34372623269895 | 00002102 | RGBA_8888    |  334.0    0.0 1080.0 2316.0 |    0    0 1080 2316 | com.trainingvalidator.poc/com.traini[...]profile.ProfileActivity$_8003#124444 (121)
                                                                                                      SOLID_COLOR |                        0 | 00000000 | N/A          |    0.0    0.0    0.0    0.0 |    0    0 1080 2316 | DimTransitionLayer for Surface(name=[...]ugActivity t2136})/@0x307e54a#124457 (0)
                                                                                                      SOLID_COLOR |                        0 | 00000002 | N/A          |    0.0    0.0    0.0    0.0 |   11    0 1080 2316 | Background for 9910503 SurfaceView[c[...]poc.ui.debug.DebugActivity]@0#124463 (0)
                                                                                                           DEVICE |           34372623269896 | 00002100 | RGBA_8888    |    0.0    0.0 1069.0 2316.0 |   11    0 1080 2316 | com.trainingvalidator.poc/com.traini[...].ui.debug.DebugActivity$_8003#124453 (4)
                                                                                                    
2026-02-25 11:40:14.177  1687-1687  CompositionEngine       surfaceflinger                       D  Layer: com.trainingvalidator.poc/com.trainingvalidator.poc.ui.debug.DebugActivity$_8003#124453 had an out of bounds transparent region
2026-02-25 11:40:14.185  1687-1687  CompositionEngine       surfaceflinger                       D  Layer: com.trainingvalidator.poc/com.trainingvalidator.poc.ui.debug.DebugActivity$_8003#124453 had an out of bounds transparent region
2026-02-25 11:40:14.193  1687-1687  CompositionEngine       surfaceflinger                       D  Layer: com.trainingvalidator.poc/com.trainingvalidator.poc.ui.debug.DebugActivity$_8003#124453 had an out of bounds transparent region
2026-02-25 11:40:14.197  8003-8003  InsetsController        com.trainingvalidator.poc            I  cancelAnimation: types=statusBars navigationBars, animType=1, host=com.trainingvalidator.poc/com.trainingvalidator.poc.ui.debug.DebugActivity, from=android.view.InsetsController.notifyFinished:2006 android.view.InsetsAnimationThreadControlRunner$1.lambda$notifyFinished$0:82 android.view.InsetsAnimationThreadControlRunner$1.$r8$lambda$cDFF0h4Ncq-8EXdGszv69jrUu7c:0 
2026-02-25 11:40:14.199  8003-8138  InteractionJankMonitor  com.trainingvalidator.poc            W  Initializing without READ_DEVICE_CONFIG permission. enabled=false, interval=1, missedFrameThreshold=3, frameTimeThreshold=64, package=com.trainingvalidator.poc
2026-02-25 11:40:14.202  1687-1687  CompositionEngine       surfaceflinger                       D  Layer: com.trainingvalidator.poc/com.trainingvalidator.poc.ui.debug.DebugActivity$_8003#124453 had an out of bounds transparent region
2026-02-25 11:40:14.210  1687-1687  CompositionEngine       surfaceflinger                       D  Layer: com.trainingvalidator.poc/com.trainingvalidator.poc.ui.debug.DebugActivity$_8003#124453 had an out of bounds transparent region
2026-02-25 11:40:14.218  1687-1687  CompositionEngine       surfaceflinger                       D  Layer: com.trainingvalidator.poc/com.trainingvalidator.poc.ui.debug.DebugActivity$_8003#124453 had an out of bounds transparent region
2026-02-25 11:40:14.227  1687-1687  CompositionEngine       surfaceflinger                       D  Layer: com.trainingvalidator.poc/com.trainingvalidator.poc.ui.debug.DebugActivity$_8003#124453 had an out of bounds transparent region
2026-02-25 11:40:14.235  1687-1687  CompositionEngine       surfaceflinger                       D  Layer: com.trainingvalidator.poc/com.trainingvalidator.poc.ui.debug.DebugActivity$_8003#124453 had an out of bounds transparent region
