2026-02-25 11:40:14.244  1687-1687  CompositionEngine       surfaceflinger                       D  Layer: com.trainingvalidator.poc/com.trainingvalidator.poc.ui.debug.DebugActivity$_8003#124453 had an out of bounds transparent region
2026-02-25 11:40:14.251  8003-8162  tflite                  com.trainingvalidator.poc            I  Failed to load OpenCL library with dlopen: dlopen failed: library "libvndksupport.so" not found. Trying ICD loader.
2026-02-25 11:40:14.252  1687-1687  CompositionEngine       surfaceflinger                       D  Layer: com.trainingvalidator.poc/com.trainingvalidator.poc.ui.debug.DebugActivity$_8003#124453 had an out of bounds transparent region
2026-02-25 11:40:14.260  1687-1687  CompositionEngine       surfaceflinger                       D  Layer: com.trainingvalidator.poc/com.trainingvalidator.poc.ui.debug.DebugActivity$_8003#124453 had an out of bounds transparent region
2026-02-25 11:40:14.262  1687-1687  SurfaceFlinger          surfaceflinger                       D  Display 4630947232161729154 HWC layers:
                                                                                                      SOLID_COLOR |                        0 | 00000002 | N/A          |    0.0    0.0    0.0    0.0 |    0    0 1080 2316 | Background for 9910503 SurfaceView[c[...]poc.ui.debug.DebugActivity]@0#124463 (0)
                                                                                                           DEVICE |           34372623269896 | 00002100 | RGBA_8888    |    0.0    0.0 1080.0 2316.0 |    0    0 1080 2316 | com.trainingvalidator.poc/com.traini[...].ui.debug.DebugActivity$_8003#124453 (4)
                                                                                                    
2026-02-25 11:40:14.266  2338-5971  WindowManager           system_server                        V  Finish Transition: TransitionRecord{22fd441 id=10777 type=OPEN flags=0x0 c=[
                                                                                                       ChangeInfo{d64737d container=Display{#0 state=ON size=1080x2316 ROTATION_0} flags=0x0}
                                                                                                       ChangeInfo{9a7b643 container=ActivityRecord{163168878 u0 com.trainingvalidator.poc/.ui.profile.ProfileActivity t2136} flags=0x0}
                                                                                                       ChangeInfo{ea37272 container=DefaultTaskDisplayArea_d0@170265011 flags=0x0}
                                                                                                       ChangeInfo{ea2a6c3 container=ActivityRecord{206527974 u0 com.trainingvalidator.poc/.ui.debug.DebugActivity t2136} flags=0x0}
                                                                                                       ChangeInfo{7e29b40 container=Task{e21ac04 #2136 type=standard A=10474:com.trainingvalidator.poc} flags=0x0}
                                                                                                    ]
                                                                                                    }, caller=com.android.server.wm.WindowOrganizerController.finishTransitionInner:31 com.android.server.wm.WindowOrganizerController.finishAllTransitions:60 android.window.IWindowOrganizerController$Stub.onTransact:283 
2026-02-25 11:40:14.267  2338-5971  WindowManager           system_server                        V  Setting visibility of Window{b1a7c01 u0 com.trainingvalidator.poc/com.trainingvalidator.poc.ui.profile.ProfileActivity}: false, caller=com.android.server.wm.WindowContainer.sendAppVisibilityToClients:19 com.android.server.wm.WindowToken.setClientVisible:48 com.android.server.wm.ActivityRecord.commitVisibility:186 com.android.server.wm.TransitionController.finishTransition:846 com.android.server.wm.WindowOrganizerController.finishTransitionInner:31 
2026-02-25 11:40:14.267  2338-5971  PersonaActivityHelper   system_server                        D  token.toString()  Token{c697d0f ActivityRecord{163168878 u0 com.trainingvalidator.poc/.ui.profile.ProfileActivity t2136}}
2026-02-25 11:40:14.267  2338-5971  PersonaActivityHelper   system_server                        D  token.toString()  Token{24b3f27 ActivityRecord{206527974 u0 com.trainingvalidator.poc/.ui.debug.DebugActivity t2136}}
2026-02-25 11:40:14.268  8003-8003  VRI[Profil...y]@beb48a5 com.trainingvalidator.poc            I  handleAppVisibility mAppVisible = true visible = false
2026-02-25 11:40:14.268  8003-8003  VRI[Profil...y]@beb48a5 com.trainingvalidator.poc            D  visibilityChanged oldVisibility=true newVisibility=false
2026-02-25 11:40:14.268  1687-1687  SurfaceFlinger          surfaceflinger                       I  [LayerHierarchy{RequestedLayerState{DimTransitionLayer for Surface(name=ActivityRecord{206527974 u0 com.trainingvalidator.poc/.ui.debug.DebugActivity t2136})/@0x307e54a#124457 z=-1} no children}] reparent to OffscreenRoot
2026-02-25 11:40:14.268  1687-1687  SurfaceFlinger          surfaceflinger                       I  [LayerHierarchy{RequestedLayerState{DimTransitionLayer for Surface(name=ActivityRecord{206527974 u0 com.trainingvalidator.poc/.ui.debug.DebugActivity t2136})/@0x307e54a#124457 z=-1} no children}] RelativeParent to null
2026-02-25 11:40:14.268  1687-1687  SurfaceFlinger          surfaceflinger                       I  [LayerHierarchy{RequestedLayerState{ActivityRecord{163168878 u0 com.trainingvalidator.poc/.ui.profile.ProfileActivity t2136}#124442 parentId=123932 z=1} 2 children}] reparent to LayerHierarchy{RequestedLayerState{Task=2136#123932 parentId=10 z=30} 3 children}
2026-02-25 11:40:14.268  1687-1687  SurfaceFlinger          surfaceflinger                       I  [LayerHierarchy{RequestedLayerState{ActivityRecord{206527974 u0 com.trainingvalidator.poc/.ui.debug.DebugActivity t2136}#124451 parentId=123932 z=2} 3 children}] reparent to LayerHierarchy{RequestedLayerState{Task=2136#123932 parentId=10 z=30} 4 children}
2026-02-25 11:40:14.268  1687-1687  SurfaceFlinger          surfaceflinger                       I  [LayerHierarchy{RequestedLayerState{Transition Root: ActivityRecord{206527974 u0 com.trainingvalidator.poc/.ui.debug.DebugActivity t2136}#124456 z=2} no children}] reparent to OffscreenRoot
2026-02-25 11:40:14.268  1687-1687  SurfaceFlinger          surfaceflinger                       I  [LayerHierarchy{RequestedLayerState{Transition Root: ActivityRecord{206527974 u0 com.trainingvalidator.poc/.ui.debug.DebugActivity t2136}#124456 z=2} no children}] RelativeParent to null
2026-02-25 11:40:14.268  2338-5971  ChangeTran...Controller system_server                        D  onTransitionFinished: TransitionRecord{22fd441 id=10777 type=OPEN flags=0x0 c=[
                                                                                                       ChangeInfo{d64737d container=Display{#0 state=ON size=1080x2316 ROTATION_0} flags=0x0}
                                                                                                       ChangeInfo{9a7b643 container=ActivityRecord{163168878 u0 com.trainingvalidator.poc/.ui.profile.ProfileActivity t2136} flags=0x0}
                                                                                                       ChangeInfo{ea37272 container=DefaultTaskDisplayArea_d0@170265011 flags=0x0}
                                                                                                       ChangeInfo{ea2a6c3 container=ActivityRecord{206527974 u0 com.trainingvalidator.poc/.ui.debug.DebugActivity t2136} flags=0x0}
                                                                                                       ChangeInfo{7e29b40 container=Task{e21ac04 #2136 type=standard A=10474:com.trainingvalidator.poc} flags=0x0}
                                                                                                    ]
                                                                                                    }
2026-02-25 11:40:14.269  1687-1687  SurfaceFlinger          surfaceflinger                       I  id=124457 Removed DimTransitionLayer for Surface(name=ActivityRecord{206527974 u0 com.trainingvalidator.poc/.ui.debug.DebugActivity t2136})/@0x307e54a#124457 (267)
2026-02-25 11:40:14.269  1687-1687  SurfaceFlinger          surfaceflinger                       I  id=124456 Removed Transition Root: ActivityRecord{206527974 u0 com.trainingvalidator.poc/.ui.debug.DebugActivity t2136}#124456 (267)
2026-02-25 11:40:14.269  1687-1687  CompositionEngine       surfaceflinger                       D  Layer: com.trainingvalidator.poc/com.trainingvalidator.poc.ui.debug.DebugActivity$_8003#124453 had an out of bounds transparent region
2026-02-25 11:40:14.276  1687-1687  SurfaceFlinger          surfaceflinger                       I  RequestedLayer [com.trainingvalidator.poc/com.traini[...]profile.ProfileActivity$_8003#124444] hidden!! flag  from(0) --> to(1)
2026-02-25 11:40:14.276  1687-1687  SurfaceFlinger          surfaceflinger                       I  destroyed DimTransitionLayer for Surface(name=ActivityRecord{206527974 u0 com.trainingvalidator.poc/.ui.debug.DebugActivity t2136})/@0x307e54a#124457 form LifecycleManager
2026-02-25 11:40:14.276  1687-1687  SurfaceFlinger          surfaceflinger                       I  destroyed Transition Root: ActivityRecord{206527974 u0 com.trainingvalidator.poc/.ui.debug.DebugActivity t2136}#124456 form LifecycleManager
2026-02-25 11:40:14.276  1687-1687  SurfaceFlinger          surfaceflinger                       I  id=124457 onLayerDestroyed from LayerHierarchyBuilder(RequestedLayerState{DimTransitionLayer for Surface(name=ActivityRecord{206527974 u0 com.trainingvalidator.poc/.ui.debug.DebugActivity t2136})/@0x307e54a#124457 !handle z=-1})
2026-02-25 11:40:14.276  1687-1687  SurfaceFlinger          surfaceflinger                       I  id=124456 onLayerDestroyed from LayerHierarchyBuilder(RequestedLayerState{Transition Root: ActivityRecord{206527974 u0 com.trainingvalidator.poc/.ui.debug.DebugActivity t2136}#124456 !handle z=2})
2026-02-25 11:40:14.277  1687-1687  Layer                   surfaceflinger                       I  id=124457 Destroyed DimTransitionLayer for Surface(name=ActivityRecord{206527974 u0 com.trainingvalidator.poc/.ui.debug.DebugActivity t2136})/@0x307e54a#124457
2026-02-25 11:40:14.277  1687-1687  Layer                   surfaceflinger                       I  id=124456 Destroyed Transition Root: ActivityRecord{206527974 u0 com.trainingvalidator.poc/.ui.debug.DebugActivity t2136}#124456
2026-02-25 11:40:14.277  1687-1687  CompositionEngine       surfaceflinger                       D  Layer: com.trainingvalidator.poc/com.trainingvalidator.poc.ui.debug.DebugActivity$_8003#124453 had an out of bounds transparent region
2026-02-25 11:40:14.280  2338-2427  SurfaceComposerClient   system_server                        D  setCornerRadius ## 6d8a445 com.trainingvalidator.poc/com.trainingvalidator.poc.ui.debug.DebugActivity#124452 cornerRadius=0.000000
2026-02-25 11:40:14.283  2338-5971  WindowManager           system_server                        I  Relayout Window{b1a7c01 u0 com.trainingvalidator.poc/com.trainingvalidator.poc.ui.profile.ProfileActivity}: viewVisibility=8 req=1080x2316 ty=1 d0
2026-02-25 11:40:14.283  2338-5971  SurfaceComposerClient   system_server                        D  setCornerRadius ## 6d8a445 com.trainingvalidator.poc/com.trainingvalidator.poc.ui.debug.DebugActivity#124452 cornerRadius=0.000000
2026-02-25 11:40:14.284  2338-5971  SurfaceComposerClient   system_server                        D  setCornerRadius ## 6d8a445 com.trainingvalidator.poc/com.trainingvalidator.poc.ui.debug.DebugActivity#124452 cornerRadius=0.000000
2026-02-25 11:40:14.291  8003-8003  VRI[Profil...y]@beb48a5 com.trainingvalidator.poc            I  Relayout returned: old=(0,0,1080,2316) new=(0,0,1080,2316) relayoutAsync=false req=(1080,2316)8 dur=6 res=0x2 s={false 0x0} ch=true seqId=0
2026-02-25 11:40:14.292  8003-8003  VRI[Profil...y]@beb48a5 com.trainingvalidator.poc            D  Not drawing due to not visible. Reason=!mAppVisible && !mForceDecorViewVisibility
2026-02-25 11:40:14.294  8003-8003  VRI[Profil...y]@beb48a5 com.trainingvalidator.poc            I  stopped(true) old = false
2026-02-25 11:40:14.294  8003-8003  VRI[Profil...y]@beb48a5 com.trainingvalidator.poc            D  WindowStopped on com.trainingvalidator.poc/com.trainingvalidator.poc.ui.profile.ProfileActivity set to true
2026-02-25 11:40:14.302  2338-3976  WindowManager           system_server                        I  Relayout Window{b1a7c01 u0 com.trainingvalidator.poc/com.trainingvalidator.poc.ui.profile.ProfileActivity}: viewVisibility=8 req=1080x2316 ty=1 d0
2026-02-25 11:40:14.303  2338-3976  SurfaceComposerClient   system_server                        D  setCornerRadius ## 6d8a445 com.trainingvalidator.poc/com.trainingvalidator.poc.ui.debug.DebugActivity#124452 cornerRadius=0.000000
2026-02-25 11:40:14.303  2338-3976  SurfaceComposerClient   system_server                        D  setCornerRadius ## 6d8a445 com.trainingvalidator.poc/com.trainingvalidator.poc.ui.debug.DebugActivity#124452 cornerRadius=0.000000
2026-02-25 11:40:14.305  8003-8003  VRI[Profil...y]@beb48a5 com.trainingvalidator.poc            I  Relayout returned: old=(0,0,1080,2316) new=(0,0,1080,2316) relayoutAsync=false req=(1080,2316)8 dur=3 res=0x2 s={false 0x0} ch=false seqId=0
2026-02-25 11:40:14.306  2338-3976  WindowManager           system_server                        E  win=Window{b1a7c01 u0 com.trainingvalidator.poc/com.trainingvalidator.poc.ui.profile.ProfileActivity} destroySurfaces: appStopped=true cleanupOnResume=false win.mWindowRemovalAllowed=false win.mRemoveOnExit=false win.mViewVisibility=8 caller=com.android.server.wm.ActivityRecord.destroySurfaces:25 com.android.server.wm.ActivityRecord.activityStopped:192 com.android.server.wm.ActivityClientController.activityStopped:97 android.app.IActivityClientController$Stub.onTransact:740 com.android.server.wm.ActivityClientController.onTransact:1 android.os.Binder.execTransactInternal:1462 android.os.Binder.execTransact:1401 
2026-02-25 11:40:14.306  2338-2426  SGM:FgCheckThread       system_server                        D  getForegroundApp(), foregroundPkgName=com.trainingvalidator.poc
2026-02-25 11:40:14.306  2338-2426  SGM:FgCheckThread       system_server                        D  pkgName: com.trainingvalidator.poc is in foreground
2026-02-25 11:40:14.309  1687-1687  SurfaceFlinger          surfaceflinger                       I  [LayerHierarchy{RequestedLayerState{com.trainingvalidator.poc/com.trainingvalidator.poc.ui.profile.ProfileActivity$_8003#124444} no children}] reparent to OffscreenRoot
2026-02-25 11:40:14.309  1687-1687  SurfaceFlinger          surfaceflinger                       I  [LayerHierarchy{RequestedLayerState{com.trainingvalidator.poc/com.trainingvalidator.poc.ui.profile.ProfileActivity$_8003#124444} no children}] RelativeParent to null
2026-02-25 11:40:14.310  1687-1687  SurfaceFlinger          surfaceflinger                       I  id=124444 Removed com.trainingvalidator.poc/com.trainingvalidator.poc.ui.profile.ProfileActivity$_8003#124444 (265)
2026-02-25 11:40:14.310  1687-1687  CompositionEngine       surfaceflinger                       D  Layer: com.trainingvalidator.poc/com.trainingvalidator.poc.ui.debug.DebugActivity$_8003#124453 had an out of bounds transparent region
2026-02-25 11:40:14.318  1687-1687  SurfaceFlinger          surfaceflinger                       I  destroyed com.trainingvalidator.poc/com.trainingvalidator.poc.ui.profile.ProfileActivity$_8003#124444 form LifecycleManager
2026-02-25 11:40:14.318  1687-1687  SurfaceFlinger          surfaceflinger                       I  id=124444 onLayerDestroyed from LayerHierarchyBuilder(RequestedLayerState{com.trainingvalidator.poc/com.trainingvalidator.poc.ui.profile.ProfileActivity$_8003#124444 !handle})
2026-02-25 11:40:14.319  1687-1687  Layer                   surfaceflinger                       I  id=124444 Destroyed com.trainingvalidator.poc/com.trainingvalidator.poc.ui.profile.ProfileActivity$_8003#124444
2026-02-25 11:40:14.319  1687-1687  CompositionEngine       surfaceflinger                       D  Layer: com.trainingvalidator.poc/com.trainingvalidator.poc.ui.debug.DebugActivity$_8003#124453 had an out of bounds transparent region
2026-02-25 11:40:14.343  8003-8162  tflite                  com.trainingvalidator.poc            I  Replacing 332 out of 332 node(s) with delegate (unknown) node, yielding 1 partitions for subgraph 0.
2026-02-25 11:40:14.351  8003-8162  tflite                  com.trainingvalidator.poc            I  Replacing 332 out of 332 node(s) with delegate (unknown) node, yielding 1 partitions for subgraph 0.
2026-02-25 11:40:14.393  8003-8150  ngvalidator.poc         com.trainingvalidator.poc            W  Long monitor contention with owner CameraX-core_camera_1 (8132) at boolean android.hardware.camera2.impl.CameraDeviceImpl.configureStreamsChecked(android.hardware.camera2.params.InputConfiguration, java.util.List, int, android.hardware.camera2.CaptureRequest, long)(CameraDeviceImpl.java:745) waiters=0 in void android.hardware.camera2.impl.CameraDeviceImpl$6.run() for 438ms
2026-02-25 11:40:14.394  8003-8132  SyncCaptureSessionImpl  com.trainingvalidator.poc            D  [androidx.camera.camera2.internal.SynchronizedCaptureSessionImpl@973c5b0] Session onConfigured()
2026-02-25 11:40:14.394  8003-8132  CaptureSession          com.trainingvalidator.poc            D  Attempting to send capture request onConfigured
2026-02-25 11:40:14.394  8003-8132  CaptureSession          com.trainingvalidator.poc            D  Issuing request for session.
2026-02-25 11:40:14.394  8003-8132  Camera2Cap...estBuilder com.trainingvalidator.poc            D  createCaptureRequest
2026-02-25 11:40:14.398  2338-2426  SGM:GameManager         system_server                        D  identifyForegroundApp. com.trainingvalidator.poc, mCurrentUserId: 0, callerUserId: 0
2026-02-25 11:40:14.398  8003-8132  Camera2Cap...estBuilder com.trainingvalidator.poc            D  applyAeFpsRange: expectedFrameRateRange = [0, 0]
2026-02-25 11:40:14.398  8003-8132  Camera2Cap...estBuilder com.trainingvalidator.poc            D  applyVideoStabilization: mode = null
2026-02-25 11:40:14.403  1961-8146  CameraService           cameraserver                         I  startCameraStreamingOps: Start camera streaming ops, package name = com.trainingvalidator.poc, client UID = 10474
2026-02-25 11:40:14.403  8003-8132  CaptureSession          com.trainingvalidator.poc            D  CameraCaptureSession.onConfigured() mState=OPENED
2026-02-25 11:40:14.404  8003-8132  CaptureSession          com.trainingvalidator.poc            D  CameraCaptureSession.onReady() OPENED
2026-02-25 11:40:14.407  1961-8146  CameraServ...oxyWrapper cameraserver                         I  updateProxyDeviceState: notifyCameraState for Camera ID 1, newState 1, facing 1, clientName com.trainingvalidator.poc, apiLevel 2
2026-02-25 11:40:14.407  2338-5971  CameraService_proxy     system_server                        I  wmi.addRefreshRateRangeForPackage minFPS = 30.000002, maxFPS = 60.0, clientName = com.trainingvalidator.poc
2026-02-25 11:40:14.408  2338-5970  CameraManagerGlobal     system_server                        I  Camera 1 facing CAMERA_FACING_FRONT state now CAMERA_STATE_ACTIVE for client com.trainingvalidator.poc API Level 2 User Id 0Device Id 0
2026-02-25 11:40:14.408   632-642   CameraManagerGlobal     com...ooglequicksearchbox:googleapp  I  Camera 1 facing CAMERA_FACING_FRONT state now CAMERA_STATE_ACTIVE for client com.trainingvalidator.poc API Level 2 User Id 0Device Id 0
2026-02-25 11:40:14.408  3193-4024  CameraManagerGlobal     com.android.systemui                 I  Camera 1 facing CAMERA_FACING_FRONT state now CAMERA_STATE_ACTIVE for client com.trainingvalidator.poc API Level 2 User Id 0Device Id 0
2026-02-25 11:40:14.408  5928-6570  CameraManagerGlobal     com.sec.android.sdhms                I  Camera 1 facing CAMERA_FACING_FRONT state now CAMERA_STATE_ACTIVE for client com.trainingvalidator.poc API Level 2 User Id 0Device Id 0
2026-02-25 11:40:14.408  8003-8094  CameraManagerGlobal     com.trainingvalidator.poc            I  Camera 1 facing CAMERA_FACING_FRONT state now CAMERA_STATE_ACTIVE for client com.trainingvalidator.poc API Level 2 User Id 0Device Id 0
2026-02-25 11:40:14.408  5945-11071 CameraManagerGlobal     com.samsung.android.mcfds            I  Camera 1 facing CAMERA_FACING_FRONT state now CAMERA_STATE_ACTIVE for client com.trainingvalidator.poc API Level 2 User Id 0Device Id 0
2026-02-25 11:40:14.408  4572-4580  CameraManagerGlobal     com.android.chrome                   I  Camera 1 facing CAMERA_FACING_FRONT state now CAMERA_STATE_ACTIVE for client com.trainingvalidator.poc API Level 2 User Id 0Device Id 0
2026-02-25 11:40:14.408  2338-2427  SurfaceComposerClient   system_server                        D  setCornerRadius ## 6d8a445 com.trainingvalidator.poc/com.trainingvalidator.poc.ui.debug.DebugActivity#124452 cornerRadius=0.000000
2026-02-25 11:40:14.408  7256-7283  CameraManagerGlobal     com...sung.android.vtcamerasettings  I  Camera 1 facing CAMERA_FACING_FRONT state now CAMERA_STATE_ACTIVE for client com.trainingvalidator.poc API Level 2 User Id 0Device Id 0
2026-02-25 11:40:14.409 31254-31272 CameraManagerGlobal     com.samsung.android.wifi.ai          I  Camera 1 facing CAMERA_FACING_FRONT state now CAMERA_STATE_ACTIVE for client com.trainingvalidator.poc API Level 2 User Id 0Device Id 0
2026-02-25 11:40:14.409  2338-2427  SurfaceComposerClient   system_server                        D  setCornerRadius ## 6d8a445 com.trainingvalidator.poc/com.trainingvalidator.poc.ui.debug.DebugActivity#124452 cornerRadius=0.000000
2026-02-25 11:40:14.409  5784-5877  CameraManagerGlobal     com...ng.android.service.aircommand  I  Camera 1 facing CAMERA_FACING_FRONT state now CAMERA_STATE_ACTIVE for client com.trainingvalidator.poc API Level 2 User Id 0Device Id 0
2026-02-25 11:40:14.409  3522-10686 CameraManagerGlobal     com.sec.sve                          I  Camera 1 facing CAMERA_FACING_FRONT state now CAMERA_STATE_ACTIVE for client com.trainingvalidator.poc API Level 2 User Id 0Device Id 0
2026-02-25 11:40:14.411  2338-2427  SurfaceComposerClient   system_server                        D  setCornerRadius ## 6d8a445 com.trainingvalidator.poc/com.trainingvalidator.poc.ui.debug.DebugActivity#124452 cornerRadius=0.000000
2026-02-25 11:40:14.414  1687-1687  LayerHistory            surfaceflinger                       I  com.trainingvalidator.poc/com.trainingvalidator.poc.ui.debug.DebugActivity$_8003#124453 Max (can't resolve refresh rate)
2026-02-25 11:40:14.414  2338-2448  SensorPrivacyService    system_server                        D  onOpNoted  com.trainingvalidator.poc  code=26  uid=10474
2026-02-25 11:40:14.419  2338-2424  SurfaceComposerClient   system_server                        D  setCornerRadius ## 6d8a445 com.trainingvalidator.poc/com.trainingvalidator.poc.ui.debug.DebugActivity#124452 cornerRadius=0.000000
2026-02-25 11:40:14.466  8003-8079  PoseLandmarkerHelper    com.trainingvalidator.poc            D  PoseLandmarker initialized successfully with GPU=true, Model=Full (Balanced)
2026-02-25 11:40:14.466  8003-8003  DebugActivity           com.trainingvalidator.poc            D  Pose detection LIVE_STREAM ready
2026-02-25 11:40:14.473  8003-8129  TransportR...EventStore com.trainingvalidator.poc            D  Storing event with priority=DEFAULT, name=COREML_ON_DEVICE_SOLUTIONS for destination cct
2026-02-25 11:40:14.476  8003-8129  TransportR...oScheduler com.trainingvalidator.poc            D  Upload for context TransportContext(cct, DEFAULT, MSRodHRwczovL2ZpcmViYXNlbG9nZ2luZy5nb29nbGVhcGlzLmNvbS92MGNjL2xvZy9iYXRjaD9mb3JtYXQ9anNvbl9wcm90bzNc) is already scheduled. Returning...
2026-02-25 11:40:14.542  8003-8126  StreamStateObserver     com.trainingvalidator.poc            D  Update Preview stream state to STREAMING
2026-02-25 11:40:14.545  8003-8094  BLASTBufferQueue        com.trainingvalidator.poc            I  [9910503 SurfaceView[com.trainingvalidator.poc/com.trainingvalidator.poc.ui.debug.DebugActivity]@0#3](f:0,a:0,s:0) onFrameAvailable the first frame is available
2026-02-25 11:40:14.545  8003-8094  SurfaceComposerClient   com.trainingvalidator.poc            I  apply transaction with the first frame. layerId: 124462, bufferData(ID: 34372623269900, frameNumber: 1)
2026-02-25 11:40:14.546  1687-3692  SurfaceFlinger          surfaceflinger                       I  [9910503 SurfaceView[com.trainingvalidator.poc/com.trainingvalidator.poc.ui.debug.DebugActivity]@0(BLAST)#124462] setTransactionState with the first frame. bufferData(ID: 34372623269900, frameNumber: 1)
2026-02-25 11:40:14.547  8003-8248  nativeloader            com.trainingvalidator.poc            D  Load /data/app/~~_XJJmjYmkwhJhCKQBBFfqw==/com.trainingvalidator.poc-_c99RXJFHyWVV_iB3-Eoqg==/base.apk!/lib/arm64-v8a/libimage_processing_util_jni.so using class loader ns clns-9 (caller=/data/app/~~_XJJmjYmkwhJhCKQBBFfqw==/com.trainingvalidator.poc-_c99RXJFHyWVV_iB3-Eoqg==/base.apk): ok
2026-02-25 11:40:14.548  8003-8248  ngvalidator.poc         com.trainingvalidator.poc            I  hiddenapi: Accessing hidden field Landroid/graphics/Bitmap;->mNativePtr:J (runtime_flags=0, domain=platform, api=unsupported) from Landroidx/camera/core/ImageProcessingUtil; (domain=app) using JNI: allowed
2026-02-25 11:40:14.561  1687-1687  CompositionEngine       surfaceflinger                       D  Layer: com.trainingvalidator.poc/com.trainingvalidator.poc.ui.debug.DebugActivity$_8003#124453 had an out of bounds transparent region
2026-02-25 11:40:14.563  1687-1687  SurfaceFlinger          surfaceflinger                       D  Display 4630947232161729154 HWC layers:
                                                                                                           CLIENT |           34372623269900 | 00000102 | 0x0000022    |    0.0  408.0 1440.0 1080.0 |    0    0 1080 2316 | 9910503 SurfaceView[com.trainingvali[...]debug.DebugActivity]@0(BLAST)#124462 (1)
                                                                                                           DEVICE |           34372623269896 | 00002100 | RGBA_8888    |    0.0    0.0 1080.0 2316.0 |    0    0 1080 2316 | com.trainingvalidator.poc/com.traini[...].ui.debug.DebugActivity$_8003#124453 (4)
                                                                                                    
2026-02-25 11:40:14.594  8003-8155  native                  com.trainingvalidator.poc            W  W0000 00:00:1772012414.594604    8155 landmark_projection_calculator.cc:81] Using NORM_RECT without IMAGE_DIMENSIONS is only supported for the square ROI. Provide IMAGE_DIMENSIONS or use PROJECTION_MATRIX.
2026-02-25 11:40:14.595  8003-8156  native                  com.trainingvalidator.poc            I  I0000 00:00:1772012414.595347    8156 jni_util.cc:43] GetEnv: not attached
2026-02-25 11:40:14.622  8003-8153  native                  com.trainingvalidator.poc            I  I0000 00:00:1772012414.622628    8153 jni_util.cc:43] GetEnv: not attached
2026-02-25 11:40:14.656  8003-8161  native                  com.trainingvalidator.poc            I  I0000 00:00:1772012414.656905    8161 jni_util.cc:43] GetEnv: not attached
2026-02-25 11:40:14.695  8003-8157  native                  com.trainingvalidator.poc            I  I0000 00:00:1772012414.695108    8157 jni_util.cc:43] GetEnv: not attached
2026-02-25 11:40:14.730  8003-8158  native                  com.trainingvalidator.poc            I  I0000 00:00:1772012414.730400    8158 jni_util.cc:43] GetEnv: not attached
2026-02-25 11:40:14.771  8003-8155  native                  com.trainingvalidator.poc            I  I0000 00:00:1772012414.770975    8155 jni_util.cc:43] GetEnv: not attached
2026-02-25 11:40:14.865  8003-8159  native                  com.trainingvalidator.poc            I  I0000 00:00:1772012414.865665    8159 jni_util.cc:43] GetEnv: not attached
2026-02-25 11:40:14.928  2338-5964  SurfaceComposerClient   system_server                        D  setCornerRadius ## 6d8a445 com.trainingvalidator.poc/com.trainingvalidator.poc.ui.debug.DebugActivity#124452 cornerRadius=0.000000
2026-02-25 11:40:14.931  2338-5964  InsetsSourceProvider    system_server                        D  updateFakeControlTarget: fakeControl=InsetsSourceControl: {a59b0000 mType=statusBars mSurfacePosition=Point(0, 0) mInsetsHint=Insets{left=0, top=0, right=0, bottom=0}}, fakeTarget=Window{6d8a445 u0 com.trainingvalidator.poc/com.trainingvalidator.poc.ui.debug.DebugActivity}
2026-02-25 11:40:14.931  2338-5964  SurfaceComposerClient   system_server                        D  setCornerRadius ## 6d8a445 com.trainingvalidator.poc/com.trainingvalidator.poc.ui.debug.DebugActivity#124452 cornerRadius=0.000000
2026-02-25 11:40:14.944  1687-1687  CompositionEngine       surfaceflinger                       D  Layer: com.trainingvalidator.poc/com.trainingvalidator.poc.ui.debug.DebugActivity$_8003#124453 had an out of bounds transparent region
2026-02-25 11:40:14.961  1687-1687  CompositionEngine       surfaceflinger                       D  Layer: com.trainingvalidator.poc/com.trainingvalidator.poc.ui.debug.DebugActivity$_8003#124453 had an out of bounds transparent region
2026-02-25 11:40:14.966  2338-2426  SurfaceComposerClient   system_server                        D  setCornerRadius ## 6d8a445 com.trainingvalidator.poc/com.trainingvalidator.poc.ui.debug.DebugActivity#124452 cornerRadius=0.000000
2026-02-25 11:40:14.967  2338-2426  SurfaceComposerClient   system_server                        D  setCornerRadius ## 6d8a445 com.trainingvalidator.poc/com.trainingvalidator.poc.ui.debug.DebugActivity#124452 cornerRadius=0.000000
2026-02-25 11:40:14.968  2338-2427  SurfaceComposerClient   system_server                        D  setCornerRadius ## 6d8a445 com.trainingvalidator.poc/com.trainingvalidator.poc.ui.debug.DebugActivity#124452 cornerRadius=0.000000
2026-02-25 11:40:14.969  8003-8015  InputTransport          com.trainingvalidator.poc            D  Input channel destroyed: 'ClientS', fd=164
2026-02-25 11:40:14.969  8003-8003  VRI[DebugA...y]@b461fc5 com.trainingvalidator.poc            I  handleResized, frames=ClientWindowFrames{frame=[0,0][1080,2316] display=[0,0][1080,2316] parentFrame=[0,0][0,0]} displayId=0 dragResizing=false compatScale=1.0 frameChanged=false attachedFrameChanged=false configChanged=false displayChanged=false compatScaleChanged=false dragResizingChanged=false
2026-02-25 11:40:14.978  1687-1687  CompositionEngine       surfaceflinger                       D  Layer: com.trainingvalidator.poc/com.trainingvalidator.poc.ui.debug.DebugActivity$_8003#124453 had an out of bounds transparent region
2026-02-25 11:40:15.011  1687-1687  CompositionEngine       surfaceflinger                       D  Layer: com.trainingvalidator.poc/com.trainingvalidator.poc.ui.debug.DebugActivity$_8003#124453 had an out of bounds transparent region
2026-02-25 11:40:15.028  1687-1687  CompositionEngine       surfaceflinger                       D  Layer: com.trainingvalidator.poc/com.trainingvalidator.poc.ui.debug.DebugActivity$_8003#124453 had an out of bounds transparent region
2026-02-25 11:40:15.032  1687-1687  SurfaceFlinger          surfaceflinger                       D  Display 4630947232161729154 HWC layers:
                                                                                                           CLIENT |           34372623269910 | 00000102 | 0x0000022    |    0.0  408.0 1440.0 1080.0 |    0    0 1080 2316 | 9910503 SurfaceView[com.trainingvali[...]debug.DebugActivity]@0(BLAST)#124462 (14)
                                                                                                           DEVICE |           34372623269897 | 00002100 | RGBA_8888    |    0.0    0.0 1080.0 2316.0 |    0    0 1080 2316 | com.trainingvalidator.poc/com.traini[...].ui.debug.DebugActivity$_8003#124453 (15)
                                                                                                           DEVICE |           13713830651369 | 00002100 | RGBA_8888    |    0.0   72.0 1080.0   75.0 |    0    0 1080    3 | StatusBar$_3193#102 (246240)
                                                                                                    
2026-02-25 11:40:15.044  1687-1687  CompositionEngine       surfaceflinger                       D  Layer: com.trainingvalidator.poc/com.trainingvalidator.poc.ui.debug.DebugActivity$_8003#124453 had an out of bounds transparent region
2026-02-25 11:40:15.061  1687-1687  CompositionEngine       surfaceflinger                       D  Layer: com.trainingvalidator.poc/com.trainingvalidator.poc.ui.debug.DebugActivity$_8003#124453 had an out of bounds transparent region
2026-02-25 11:40:15.064  8003-8160  native                  com.trainingvalidator.poc            I  I0000 00:00:1772012415.064491    8160 jni_util.cc:43] GetEnv: not attached
2026-02-25 11:40:15.078  1687-1687  CompositionEngine       surfaceflinger                       D  Layer: com.trainingvalidator.poc/com.trainingvalidator.poc.ui.debug.DebugActivity$_8003#124453 had an out of bounds transparent region
2026-02-25 11:40:15.095  1687-1687  CompositionEngine       surfaceflinger                       D  Layer: com.trainingvalidator.poc/com.trainingvalidator.poc.ui.debug.DebugActivity$_8003#124453 had an out of bounds transparent region
2026-02-25 11:40:15.111  1687-1687  CompositionEngine       surfaceflinger                       D  Layer: com.trainingvalidator.poc/com.trainingvalidator.poc.ui.debug.DebugActivity$_8003#124453 had an out of bounds transparent region
2026-02-25 11:40:15.128  1687-1687  CompositionEngine       surfaceflinger                       D  Layer: com.trainingvalidator.poc/com.trainingvalidator.poc.ui.debug.DebugActivity$_8003#124453 had an out of bounds transparent region
2026-02-25 11:40:15.144  1687-1687  CompositionEngine       surfaceflinger                       D  Layer: com.trainingvalidator.poc/com.trainingvalidator.poc.ui.debug.DebugActivity$_8003#124453 had an out of bounds transparent region
2026-02-25 11:40:15.161  1687-1687  CompositionEngine       surfaceflinger                       D  Layer: com.trainingvalidator.poc/com.trainingvalidator.poc.ui.debug.DebugActivity$_8003#124453 had an out of bounds transparent region
2026-02-25 11:40:15.178  1687-1687  CompositionEngine       surfaceflinger                       D  Layer: com.trainingvalidator.poc/com.trainingvalidator.poc.ui.debug.DebugActivity$_8003#124453 had an out of bounds transparent region
2026-02-25 11:40:15.194  1687-1687  CompositionEngine       surfaceflinger                       D  Layer: com.trainingvalidator.poc/com.trainingvalidator.poc.ui.debug.DebugActivity$_8003#124453 had an out of bounds transparent region
2026-02-25 11:40:15.212  1687-1687  CompositionEngine       surfaceflinger                       D  Layer: com.trainingvalidator.poc/com.trainingvalidator.poc.ui.debug.DebugActivity$_8003#124453 had an out of bounds transparent region
2026-02-25 11:40:15.228  1687-1687  CompositionEngine       surfaceflinger                       D  Layer: com.trainingvalidator.poc/com.trainingvalidator.poc.ui.debug.DebugActivity$_8003#124453 had an out of bounds transparent region
2026-02-25 11:40:15.245  1687-1687  CompositionEngine       surfaceflinger                       D  Layer: com.trainingvalidator.poc/com.trainingvalidator.poc.ui.debug.DebugActivity$_8003#124453 had an out of bounds transparent region
2026-02-25 11:40:15.281  1687-1687  CompositionEngine       surfaceflinger                       D  Layer: com.trainingvalidator.poc/com.trainingvalidator.poc.ui.debug.DebugActivity$_8003#124453 had an out of bounds transparent region
2026-02-25 11:40:16.813  1687-1687  LayerHistory            surfaceflinger                       I  9910503 SurfaceView[com.trainingvalidator.poc/com.trainingvalidator.poc.ui.debug.DebugActivity]@0(BLAST)#124462 calculated refresh rate: 30.00 Hz
2026-02-25 11:40:16.813  1687-1687  LayerHistory            surfaceflinger                       I  com.trainingvalidator.poc/com.trainingvalidator.poc.ui.debug.DebugActivity$_8003#124453 Max (can't resolve refresh rate)
2026-02-25 11:40:16.813  1687-1687  SurfaceFlinger          surfaceflinger                       I  Video ignores com.trainingvalidator.poc/com.trainingvalidator.poc.ui.debug.DebugActivity$_8003#124453 (type=Max, weight=1.00, seamlessness=Default) 0.00 Hz's 30.00 Hz
                                                                                                    Video ignores com.trainingvalidator.poc/com.trainingvalidator.poc.ui.debug.DebugActivity$_8003#124453 (type=Max, weight=1.00, seamlessness=Default) 0.00 Hz's 32.00 Hz
                                                                                                    Video ignores com.trainingvalidator.poc/com.trainingvalidator.poc.ui.debug.DebugActivity$_8003#124453 (type=Max, weight=1.00, seamlessness=Default) 0.00 Hz's 40.00 Hz
                                                                                                    Video ignores com.trainingvalidator.poc/com.trainingvalidator.poc.ui.debug.DebugActivity$_8003#124453 (type=Max, weight=1.00, seamlessness=Default) 0.00 Hz's 48.00 Hz
                                                                                                    Video ignores com.trainingvalidator.poc/com.trainingvalidator.poc.ui.debug.DebugActivity$_8003#124453 (type=Max, weight=1.00, seamlessness=Default) 0.00 Hz's 60.00 Hz
                                                                                                    scored - choose 30.00 Hz
2026-02-25 11:40:16.832  2338-2424  SurfaceComposerClient   system_server                        D  setCornerRadius ## 6d8a445 com.trainingvalidator.poc/com.trainingvalidator.poc.ui.debug.DebugActivity#124452 cornerRadius=0.000000
2026-02-25 11:40:16.952  1687-1687  CompositionEngine       surfaceflinger                       D  Layer: com.trainingvalidator.poc/com.trainingvalidator.poc.ui.debug.DebugActivity$_8003#124453 had an out of bounds transparent region
2026-02-25 11:40:16.957  2338-3976  SurfaceComposerClient   system_server                        D  setCornerRadius ## 6d8a445 com.trainingvalidator.poc/com.trainingvalidator.poc.ui.debug.DebugActivity#124452 cornerRadius=0.000000
2026-02-25 11:40:16.957  2338-3976  SurfaceComposerClient   system_server                        D  setCornerRadius ## 6d8a445 com.trainingvalidator.poc/com.trainingvalidator.poc.ui.debug.DebugActivity#124452 cornerRadius=0.000000
2026-02-25 11:40:16.962  2338-3976  SurfaceComposerClient   system_server                        D  setCornerRadius ## 6d8a445 com.trainingvalidator.poc/com.trainingvalidator.poc.ui.debug.DebugActivity#124452 cornerRadius=0.000000
2026-02-25 11:40:16.962  2338-3976  SurfaceComposerClient   system_server                        D  setCornerRadius ## 6d8a445 com.trainingvalidator.poc/com.trainingvalidator.poc.ui.debug.DebugActivity#124452 cornerRadius=0.000000
2026-02-25 11:40:16.966  2338-2427  SurfaceComposerClient   system_server                        D  setCornerRadius ## 6d8a445 com.trainingvalidator.poc/com.trainingvalidator.poc.ui.debug.DebugActivity#124452 cornerRadius=0.000000
2026-02-25 11:40:16.966  2338-2427  SurfaceComposerClient   system_server                        D  setCornerRadius ## 6d8a445 com.trainingvalidator.poc/com.trainingvalidator.poc.ui.debug.DebugActivity#124452 cornerRadius=0.000000
2026-02-25 11:40:16.969  2338-5970  SurfaceComposerClient   system_server                        D  setCornerRadius ## 6d8a445 com.trainingvalidator.poc/com.trainingvalidator.poc.ui.debug.DebugActivity#124452 cornerRadius=0.000000
2026-02-25 11:40:16.969  2338-5970  SurfaceComposerClient   system_server                        D  setCornerRadius ## 6d8a445 com.trainingvalidator.poc/com.trainingvalidator.poc.ui.debug.DebugActivity#124452 cornerRadius=0.000000
2026-02-25 11:40:16.974  2338-5978  SurfaceComposerClient   system_server                        D  setCornerRadius ## 6d8a445 com.trainingvalidator.poc/com.trainingvalidator.poc.ui.debug.DebugActivity#124452 cornerRadius=0.000000
2026-02-25 11:40:16.975  2338-5978  SurfaceComposerClient   system_server                        D  setCornerRadius ## 6d8a445 com.trainingvalidator.poc/com.trainingvalidator.poc.ui.debug.DebugActivity#124452 cornerRadius=0.000000
2026-02-25 11:40:16.981  2338-2427  SurfaceComposerClient   system_server                        D  setCornerRadius ## 6d8a445 com.trainingvalidator.poc/com.trainingvalidator.poc.ui.debug.DebugActivity#124452 cornerRadius=0.000000
2026-02-25 11:40:16.982  2338-2427  SurfaceComposerClient   system_server                        D  setCornerRadius ## 6d8a445 com.trainingvalidator.poc/com.trainingvalidator.poc.ui.debug.DebugActivity#124452 cornerRadius=0.000000
2026-02-25 11:40:16.982  1687-1687  CompositionEngine       surfaceflinger                       D  Layer: com.trainingvalidator.poc/com.trainingvalidator.poc.ui.debug.DebugActivity$_8003#124453 had an out of bounds transparent region
2026-02-25 11:40:16.983  2338-5970  SurfaceComposerClient   system_server                        D  setCornerRadius ## 6d8a445 com.trainingvalidator.poc/com.trainingvalidator.poc.ui.debug.DebugActivity#124452 cornerRadius=0.000000
2026-02-25 11:40:16.984  2338-5970  SurfaceComposerClient   system_server                        D  setCornerRadius ## 6d8a445 com.trainingvalidator.poc/com.trainingvalidator.poc.ui.debug.DebugActivity#124452 cornerRadius=0.000000
2026-02-25 11:40:16.986  2338-3976  SurfaceComposerClient   system_server                        D  setCornerRadius ## 6d8a445 com.trainingvalidator.poc/com.trainingvalidator.poc.ui.debug.DebugActivity#124452 cornerRadius=0.000000
2026-02-25 11:40:16.987  2338-3976  SurfaceComposerClient   system_server                        D  setCornerRadius ## 6d8a445 com.trainingvalidator.poc/com.trainingvalidator.poc.ui.debug.DebugActivity#124452 cornerRadius=0.000000
2026-02-25 11:40:17.012  1687-1687  LayerHistory            surfaceflinger                       I  9910503 SurfaceView[com.trainingvalidator.poc/com.trainingvalidator.poc.ui.debug.DebugActivity]@0(BLAST)#124462 calculated refresh rate: 30.00 Hz
2026-02-25 11:40:17.012  1687-1687  LayerHistory            surfaceflinger                       I  com.trainingvalidator.poc/com.trainingvalidator.poc.ui.debug.DebugActivity$_8003#124453 Max (can't resolve refresh rate)
2026-02-25 11:40:17.012  1687-1687  SurfaceFlinger          surfaceflinger                       I  Video ignores com.trainingvalidator.poc/com.trainingvalidator.poc.ui.debug.DebugActivity$_8003#124453 (type=Max, weight=1.00, seamlessness=Default) 0.00 Hz's 30.00 Hz
                                                                                                    Video ignores com.trainingvalidator.poc/com.trainingvalidator.poc.ui.debug.DebugActivity$_8003#124453 (type=Max, weight=1.00, seamlessness=Default) 0.00 Hz's 32.00 Hz
                                                                                                    Video ignores com.trainingvalidator.poc/com.trainingvalidator.poc.ui.debug.DebugActivity$_8003#124453 (type=Max, weight=1.00, seamlessness=Default) 0.00 Hz's 40.00 Hz
                                                                                                    Video ignores com.trainingvalidator.poc/com.trainingvalidator.poc.ui.debug.DebugActivity$_8003#124453 (type=Max, weight=1.00, seamlessness=Default) 0.00 Hz's 48.00 Hz
                                                                                                    Video ignores com.trainingvalidator.poc/com.trainingvalidator.poc.ui.debug.DebugActivity$_8003#124453 (type=Max, weight=1.00, seamlessness=Default) 0.00 Hz's 60.00 Hz
                                                                                                    scored - choose 60.00 Hz
2026-02-25 11:40:17.013  1687-1687  CompositionEngine       surfaceflinger                       D  Layer: com.trainingvalidator.poc/com.trainingvalidator.poc.ui.debug.DebugActivity$_8003#124453 had an out of bounds transparent region
2026-02-25 11:40:17.015  2338-5970  SurfaceComposerClient   system_server                        D  setCornerRadius ## 6d8a445 com.trainingvalidator.poc/com.trainingvalidator.poc.ui.debug.DebugActivity#124452 cornerRadius=0.000000
2026-02-25 11:40:17.016  2338-5970  SurfaceComposerClient   system_server                        D  setCornerRadius ## 6d8a445 com.trainingvalidator.poc/com.trainingvalidator.poc.ui.debug.DebugActivity#124452 cornerRadius=0.000000
2026-02-25 11:40:17.018  1687-1687  SurfaceFlinger          surfaceflinger                       D  Display 4630947232161729154 HWC layers:
                                                                                                           CLIENT |           34372623269914 | 00000102 | 0x0000022    |    0.0  408.0 1440.0 1080.0 |    0    0 1080 2316 | 9910503 SurfaceView[com.trainingvali[...]debug.DebugActivity]@0(BLAST)#124462 (73)
                                                                                                           DEVICE |           34372623269896 | 00002100 | RGBA_8888    |    0.0    0.0 1080.0 2316.0 |    0    0 1080 2316 | com.trainingvalidator.poc/com.traini[...].ui.debug.DebugActivity$_8003#124453 (72)
                                                                                                           DEVICE |           13713830651371 | 00002100 | RGBA_8888    |    0.0    0.0 1080.0   75.0 |    0    0 1080   75 | StatusBar$_3193#102 (246259)
                                                                                                           DEVICE |           13713830651402 | 00002140 | RGBA_8888    |    0.0    0.0 1080.0   84.0 |    0    0 1080   84 | ScreenDecorOverlay$_3193#124469 (2)
                                                                                                    
2026-02-25 11:40:17.024  2338-2427  SurfaceComposerClient   system_server                        D  setCornerRadius ## 6d8a445 com.trainingvalidator.poc/com.trainingvalidator.poc.ui.debug.DebugActivity#124452 cornerRadius=0.000000
2026-02-25 11:40:17.024  2338-2427  SurfaceComposerClient   system_server                        D  setCornerRadius ## 6d8a445 com.trainingvalidator.poc/com.trainingvalidator.poc.ui.debug.DebugActivity#124452 cornerRadius=0.000000
2026-02-25 11:40:17.063  2338-2424  SurfaceComposerClient   system_server                        D  setCornerRadius ## 6d8a445 com.trainingvalidator.poc/com.trainingvalidator.poc.ui.debug.DebugActivity#124452 cornerRadius=0.000000
2026-02-25 11:40:17.073  1687-1687  CompositionEngine       surfaceflinger                       D  Layer: com.trainingvalidator.poc/com.trainingvalidator.poc.ui.debug.DebugActivity$_8003#124453 had an out of bounds transparent region
2026-02-25 11:40:17.077  1687-1687  SurfaceFlinger          surfaceflinger                       D  Display 4630947232161729154 HWC layers:
                                                                                                           CLIENT |           34372623269900 | 00000102 | 0x0000022    |    0.0  408.0 1440.0 1080.0 |    0    0 1080 2316 | 9910503 SurfaceView[com.trainingvali[...]debug.DebugActivity]@0(BLAST)#124462 (74)
                                                                                                           DEVICE |           34372623269899 | 00002100 | RGBA_8888    |    0.0    0.0 1080.0 2316.0 |    0    0 1080 2316 | com.trainingvalidator.poc/com.traini[...].ui.debug.DebugActivity$_8003#124453 (73)
                                                                                                           DEVICE |           13713830651369 | 00002100 | RGBA_8888    |    0.0    0.0 1080.0   75.0 |    0    0 1080   75 | StatusBar$_3193#102 (246260)
                                                                                                           DEVICE |           13713830651404 | 00002140 | RGBA_8888    |    0.0    0.0 1080.0   84.0 |    0    0 1080   84 | ScreenDecorOverlay$_3193#124469 (3)
                                                                                                           DEVICE |           13713830651403 | 00002140 | RGBA_8888    |    0.0    0.0 1080.0   84.0 |    0 2232 1080 2316 | ScreenDecorOverlayBottom$_3193#124470 (2)
                                                                                                    
2026-02-25 11:40:17.455  2338-5964  SurfaceComposerClient   system_server                        D  setCornerRadius ## 6d8a445 com.trainingvalidator.poc/com.trainingvalidator.poc.ui.debug.DebugActivity#124452 cornerRadius=0.000000
2026-02-25 11:40:17.459  2338-5964  InsetsSourceProvider    system_server                        D  updateControlForTarget: control=InsetsSourceControl: {a59b0000 mType=statusBars initiallyVisible mSurfacePosition=Point(0, 0) mInsetsHint=Insets{left=0, top=75, right=0, bottom=0}}, target=Window{6d8a445 u0 com.trainingvalidator.poc/com.trainingvalidator.poc.ui.debug.DebugActivity}, from=com.android.server.wm.InsetsStateController.onControlTargetChanged:83 com.android.server.wm.InsetsPolicy.updateBarControlTarget:212 com.android.server.wm.DisplayPolicy.updateSystemBarAttributes:262 com.android.server.wm.DisplayPolicy.finishPostLayoutPolicyLw:17 com.android.server.wm.RootWindowContainer.applySurfaceChangesTransaction$1:195 
