2026-02-25 11:40:20.020  2338-5971  SurfaceComposerClient   system_server                        D  setCornerRadius ## 6d8a445 com.trainingvalidator.poc/com.trainingvalidator.poc.ui.debug.DebugActivity#124452 cornerRadius=0.000000
2026-02-25 11:40:20.021  8003-8040  VRI[PopupW...e]@4fe645c com.trainingvalidator.poc            I  mWNT: t=0xb4000071ffdbf790 mBlastBufferQueue=0xb400007190180ea0 fn= 73 HdrRenderState mRenderHdrSdrRatio=1.0 caller= android.view.ViewRootImpl$10.onFrameDraw:6536 android.view.ViewRootImpl$4.onFrameDraw:2489 android.view.ThreadedRenderer$1.onFrameDraw:718 
2026-02-25 11:40:20.055  8003-8003  BLASTBufferQueue_Java   com.trainingvalidator.poc            I  update, w= 948 h= 2274 mName = VRI[PopupWindow:f0e372e]@4fe645c mNativeObject= 0xb400007190180ea0 sc.mNativeObject= 0xb40000735fdacf50 format= -1 caller= android.view.ViewRootImpl.updateBlastSurfaceIfNeeded:3574 android.view.ViewRootImpl.relayoutWindow:11685 android.view.ViewRootImpl.performTraversals:4804 android.view.ViewRootImpl.doTraversal:3924 android.view.ViewRootImpl$TraversalRunnable.run:12903 android.view.Choreographer$CallbackRecord.run:1901 
2026-02-25 11:40:20.055  8003-8003  VRI[PopupW...e]@4fe645c com.trainingvalidator.poc            I  Relayout returned: old=(143,222,911,2316) new=(143,222,911,2316) relayoutAsync=true req=(768,2094)0 dur=0 res=0x0 s={true 0xb40000722ff43220} ch=false seqId=0
2026-02-25 11:40:20.056  8003-8003  VRI[PopupW...e]@4fe645c com.trainingvalidator.poc            I  registerCallbackForPendingTransactions
2026-02-25 11:40:20.058  2338-5971  SurfaceComposerClient   system_server                        D  setCornerRadius ## 6d8a445 com.trainingvalidator.poc/com.trainingvalidator.poc.ui.debug.DebugActivity#124452 cornerRadius=0.000000
2026-02-25 11:40:20.059  2338-5971  SurfaceComposerClient   system_server                        D  setCornerRadius ## 6d8a445 com.trainingvalidator.poc/com.trainingvalidator.poc.ui.debug.DebugActivity#124452 cornerRadius=0.000000
2026-02-25 11:40:20.060  8003-8039  VRI[PopupW...e]@4fe645c com.trainingvalidator.poc            I  mWNT: t=0xb4000071ffe1a410 mBlastBufferQueue=0xb400007190180ea0 fn= 74 HdrRenderState mRenderHdrSdrRatio=1.0 caller= android.view.ViewRootImpl$10.onFrameDraw:6536 android.view.ViewRootImpl$4.onFrameDraw:2489 android.view.ThreadedRenderer$1.onFrameDraw:718 
2026-02-25 11:40:20.087  8003-8003  BLASTBufferQueue_Java   com.trainingvalidator.poc            I  update, w= 948 h= 2274 mName = VRI[PopupWindow:f0e372e]@4fe645c mNativeObject= 0xb400007190180ea0 sc.mNativeObject= 0xb40000735fdacf50 format= -1 caller= android.view.ViewRootImpl.updateBlastSurfaceIfNeeded:3574 android.view.ViewRootImpl.relayoutWindow:11685 android.view.ViewRootImpl.performTraversals:4804 android.view.ViewRootImpl.doTraversal:3924 android.view.ViewRootImpl$TraversalRunnable.run:12903 android.view.Choreographer$CallbackRecord.run:1901 
2026-02-25 11:40:20.088  8003-8003  VRI[PopupW...e]@4fe645c com.trainingvalidator.poc            I  Relayout returned: old=(143,222,911,2316) new=(143,222,911,2316) relayoutAsync=true req=(768,2094)0 dur=0 res=0x0 s={true 0xb40000722ff43220} ch=false seqId=0
2026-02-25 11:40:20.088  2338-5971  SurfaceComposerClient   system_server                        D  setCornerRadius ## 6d8a445 com.trainingvalidator.poc/com.trainingvalidator.poc.ui.debug.DebugActivity#124452 cornerRadius=0.000000
2026-02-25 11:40:20.088  8003-8003  VRI[PopupW...e]@4fe645c com.trainingvalidator.poc            I  registerCallbackForPendingTransactions
2026-02-25 11:40:20.089  2338-5971  SurfaceComposerClient   system_server                        D  setCornerRadius ## 6d8a445 com.trainingvalidator.poc/com.trainingvalidator.poc.ui.debug.DebugActivity#124452 cornerRadius=0.000000
2026-02-25 11:40:20.090  8003-8040  VRI[PopupW...e]@4fe645c com.trainingvalidator.poc            I  mWNT: t=0xb4000071ffdf9c50 mBlastBufferQueue=0xb400007190180ea0 fn= 75 HdrRenderState mRenderHdrSdrRatio=1.0 caller= android.view.ViewRootImpl$10.onFrameDraw:6536 android.view.ViewRootImpl$4.onFrameDraw:2489 android.view.ThreadedRenderer$1.onFrameDraw:718 
2026-02-25 11:40:20.126  8003-8003  BLASTBufferQueue_Java   com.trainingvalidator.poc            I  update, w= 948 h= 2274 mName = VRI[PopupWindow:f0e372e]@4fe645c mNativeObject= 0xb400007190180ea0 sc.mNativeObject= 0xb40000735fdacf50 format= -1 caller= android.view.ViewRootImpl.updateBlastSurfaceIfNeeded:3574 android.view.ViewRootImpl.relayoutWindow:11685 android.view.ViewRootImpl.performTraversals:4804 android.view.ViewRootImpl.doTraversal:3924 android.view.ViewRootImpl$TraversalRunnable.run:12903 android.view.Choreographer$CallbackRecord.run:1901 
2026-02-25 11:40:20.126  8003-8003  VRI[PopupW...e]@4fe645c com.trainingvalidator.poc            I  Relayout returned: old=(143,222,911,2316) new=(143,222,911,2316) relayoutAsync=true req=(768,2094)0 dur=0 res=0x0 s={true 0xb40000722ff43220} ch=false seqId=0
2026-02-25 11:40:20.126  2338-5971  SurfaceComposerClient   system_server                        D  setCornerRadius ## 6d8a445 com.trainingvalidator.poc/com.trainingvalidator.poc.ui.debug.DebugActivity#124452 cornerRadius=0.000000
2026-02-25 11:40:20.126  8003-8003  VRI[PopupW...e]@4fe645c com.trainingvalidator.poc            I  registerCallbackForPendingTransactions
2026-02-25 11:40:20.127  2338-5971  SurfaceComposerClient   system_server                        D  setCornerRadius ## 6d8a445 com.trainingvalidator.poc/com.trainingvalidator.poc.ui.debug.DebugActivity#124452 cornerRadius=0.000000
2026-02-25 11:40:20.127  8003-8039  VRI[PopupW...e]@4fe645c com.trainingvalidator.poc            I  mWNT: t=0xb4000071ffdf7e90 mBlastBufferQueue=0xb400007190180ea0 fn= 76 HdrRenderState mRenderHdrSdrRatio=1.0 caller= android.view.ViewRootImpl$10.onFrameDraw:6536 android.view.ViewRootImpl$4.onFrameDraw:2489 android.view.ThreadedRenderer$1.onFrameDraw:718 
2026-02-25 11:40:20.152  8003-8003  BLASTBufferQueue_Java   com.trainingvalidator.poc            I  update, w= 948 h= 2274 mName = VRI[PopupWindow:f0e372e]@4fe645c mNativeObject= 0xb400007190180ea0 sc.mNativeObject= 0xb40000735fdacf50 format= -1 caller= android.view.ViewRootImpl.updateBlastSurfaceIfNeeded:3574 android.view.ViewRootImpl.relayoutWindow:11685 android.view.ViewRootImpl.performTraversals:4804 android.view.ViewRootImpl.doTraversal:3924 android.view.ViewRootImpl$TraversalRunnable.run:12903 android.view.Choreographer$CallbackRecord.run:1901 
2026-02-25 11:40:20.153  8003-8003  VRI[PopupW...e]@4fe645c com.trainingvalidator.poc            I  Relayout returned: old=(143,222,911,2316) new=(143,222,911,2316) relayoutAsync=true req=(768,2094)0 dur=0 res=0x0 s={true 0xb40000722ff43220} ch=false seqId=0
2026-02-25 11:40:20.153  2338-5971  SurfaceComposerClient   system_server                        D  setCornerRadius ## 6d8a445 com.trainingvalidator.poc/com.trainingvalidator.poc.ui.debug.DebugActivity#124452 cornerRadius=0.000000
2026-02-25 11:40:20.153  8003-8003  VRI[PopupW...e]@4fe645c com.trainingvalidator.poc            I  registerCallbackForPendingTransactions
2026-02-25 11:40:20.154  2338-5971  SurfaceComposerClient   system_server                        D  setCornerRadius ## 6d8a445 com.trainingvalidator.poc/com.trainingvalidator.poc.ui.debug.DebugActivity#124452 cornerRadius=0.000000
2026-02-25 11:40:20.157  8003-8040  VRI[PopupW...e]@4fe645c com.trainingvalidator.poc            I  mWNT: t=0xb4000071ffe84050 mBlastBufferQueue=0xb400007190180ea0 fn= 77 HdrRenderState mRenderHdrSdrRatio=1.0 caller= android.view.ViewRootImpl$10.onFrameDraw:6536 android.view.ViewRootImpl$4.onFrameDraw:2489 android.view.ThreadedRenderer$1.onFrameDraw:718 
2026-02-25 11:40:20.186  8003-8003  BLASTBufferQueue_Java   com.trainingvalidator.poc            I  update, w= 948 h= 2274 mName = VRI[PopupWindow:f0e372e]@4fe645c mNativeObject= 0xb400007190180ea0 sc.mNativeObject= 0xb40000735fdacf50 format= -1 caller= android.view.ViewRootImpl.updateBlastSurfaceIfNeeded:3574 android.view.ViewRootImpl.relayoutWindow:11685 android.view.ViewRootImpl.performTraversals:4804 android.view.ViewRootImpl.doTraversal:3924 android.view.ViewRootImpl$TraversalRunnable.run:12903 android.view.Choreographer$CallbackRecord.run:1901 
2026-02-25 11:40:20.186  8003-8003  VRI[PopupW...e]@4fe645c com.trainingvalidator.poc            I  Relayout returned: old=(143,222,911,2316) new=(143,222,911,2316) relayoutAsync=true req=(768,2094)0 dur=1 res=0x0 s={true 0xb40000722ff43220} ch=false seqId=0
2026-02-25 11:40:20.186  2338-5971  SurfaceComposerClient   system_server                        D  setCornerRadius ## 6d8a445 com.trainingvalidator.poc/com.trainingvalidator.poc.ui.debug.DebugActivity#124452 cornerRadius=0.000000
2026-02-25 11:40:20.186  8003-8003  VRI[PopupW...e]@4fe645c com.trainingvalidator.poc            I  registerCallbackForPendingTransactions
2026-02-25 11:40:20.187  2338-5971  SurfaceComposerClient   system_server                        D  setCornerRadius ## 6d8a445 com.trainingvalidator.poc/com.trainingvalidator.poc.ui.debug.DebugActivity#124452 cornerRadius=0.000000
2026-02-25 11:40:20.193  8003-8039  VRI[PopupW...e]@4fe645c com.trainingvalidator.poc            I  mWNT: t=0xb4000071ffe269d0 mBlastBufferQueue=0xb400007190180ea0 fn= 78 HdrRenderState mRenderHdrSdrRatio=1.0 caller= android.view.ViewRootImpl$10.onFrameDraw:6536 android.view.ViewRootImpl$4.onFrameDraw:2489 android.view.ThreadedRenderer$1.onFrameDraw:718 
2026-02-25 11:40:20.222  2338-5971  SurfaceComposerClient   system_server                        D  setCornerRadius ## 6d8a445 com.trainingvalidator.poc/com.trainingvalidator.poc.ui.debug.DebugActivity#124452 cornerRadius=0.000000
2026-02-25 11:40:20.222  8003-8003  BLASTBufferQueue_Java   com.trainingvalidator.poc            I  update, w= 948 h= 2274 mName = VRI[PopupWindow:f0e372e]@4fe645c mNativeObject= 0xb400007190180ea0 sc.mNativeObject= 0xb40000735fdacf50 format= -1 caller= android.view.ViewRootImpl.updateBlastSurfaceIfNeeded:3574 android.view.ViewRootImpl.relayoutWindow:11685 android.view.ViewRootImpl.performTraversals:4804 android.view.ViewRootImpl.doTraversal:3924 android.view.ViewRootImpl$TraversalRunnable.run:12903 android.view.Choreographer$CallbackRecord.run:1901 
2026-02-25 11:40:20.222  2338-5971  SurfaceComposerClient   system_server                        D  setCornerRadius ## 6d8a445 com.trainingvalidator.poc/com.trainingvalidator.poc.ui.debug.DebugActivity#124452 cornerRadius=0.000000
2026-02-25 11:40:20.222  8003-8003  VRI[PopupW...e]@4fe645c com.trainingvalidator.poc            I  Relayout returned: old=(143,222,911,2316) new=(143,222,911,2316) relayoutAsync=true req=(768,2094)0 dur=1 res=0x0 s={true 0xb40000722ff43220} ch=false seqId=0
2026-02-25 11:40:20.223  8003-8003  VRI[PopupW...e]@4fe645c com.trainingvalidator.poc            I  registerCallbackForPendingTransactions
2026-02-25 11:40:20.224  8003-8040  VRI[PopupW...e]@4fe645c com.trainingvalidator.poc            I  mWNT: t=0xb4000071ffe18490 mBlastBufferQueue=0xb400007190180ea0 fn= 79 HdrRenderState mRenderHdrSdrRatio=1.0 caller= android.view.ViewRootImpl$10.onFrameDraw:6536 android.view.ViewRootImpl$4.onFrameDraw:2489 android.view.ThreadedRenderer$1.onFrameDraw:718 
2026-02-25 11:40:20.253  2338-5971  SurfaceComposerClient   system_server                        D  setCornerRadius ## 6d8a445 com.trainingvalidator.poc/com.trainingvalidator.poc.ui.debug.DebugActivity#124452 cornerRadius=0.000000
2026-02-25 11:40:20.254  2338-5971  SurfaceComposerClient   system_server                        D  setCornerRadius ## 6d8a445 com.trainingvalidator.poc/com.trainingvalidator.poc.ui.debug.DebugActivity#124452 cornerRadius=0.000000
2026-02-25 11:40:20.255  8003-8003  BLASTBufferQueue_Java   com.trainingvalidator.poc            I  update, w= 948 h= 2274 mName = VRI[PopupWindow:f0e372e]@4fe645c mNativeObject= 0xb400007190180ea0 sc.mNativeObject= 0xb40000735fdacf50 format= -1 caller= android.view.ViewRootImpl.updateBlastSurfaceIfNeeded:3574 android.view.ViewRootImpl.relayoutWindow:11685 android.view.ViewRootImpl.performTraversals:4804 android.view.ViewRootImpl.doTraversal:3924 android.view.ViewRootImpl$TraversalRunnable.run:12903 android.view.Choreographer$CallbackRecord.run:1901 
2026-02-25 11:40:20.255  8003-8003  VRI[PopupW...e]@4fe645c com.trainingvalidator.poc            I  Relayout returned: old=(143,222,911,2316) new=(143,222,911,2316) relayoutAsync=true req=(768,2094)0 dur=2 res=0x0 s={true 0xb40000722ff43220} ch=false seqId=0
2026-02-25 11:40:20.255  8003-8003  VRI[PopupW...e]@4fe645c com.trainingvalidator.poc            I  registerCallbackForPendingTransactions
2026-02-25 11:40:20.257  8003-8039  VRI[PopupW...e]@4fe645c com.trainingvalidator.poc            I  mWNT: t=0xb4000071ffdb85d0 mBlastBufferQueue=0xb400007190180ea0 fn= 80 HdrRenderState mRenderHdrSdrRatio=1.0 caller= android.view.ViewRootImpl$10.onFrameDraw:6536 android.view.ViewRootImpl$4.onFrameDraw:2489 android.view.ThreadedRenderer$1.onFrameDraw:718 
2026-02-25 11:40:20.287  8003-8003  BLASTBufferQueue_Java   com.trainingvalidator.poc            I  update, w= 948 h= 2274 mName = VRI[PopupWindow:f0e372e]@4fe645c mNativeObject= 0xb400007190180ea0 sc.mNativeObject= 0xb40000735fdacf50 format= -1 caller= android.view.ViewRootImpl.updateBlastSurfaceIfNeeded:3574 android.view.ViewRootImpl.relayoutWindow:11685 android.view.ViewRootImpl.performTraversals:4804 android.view.ViewRootImpl.doTraversal:3924 android.view.ViewRootImpl$TraversalRunnable.run:12903 android.view.Choreographer$CallbackRecord.run:1901 
2026-02-25 11:40:20.287  8003-8003  VRI[PopupW...e]@4fe645c com.trainingvalidator.poc            I  Relayout returned: old=(143,222,911,2316) new=(143,222,911,2316) relayoutAsync=true req=(768,2094)0 dur=0 res=0x0 s={true 0xb40000722ff43220} ch=false seqId=0
2026-02-25 11:40:20.288  8003-8003  VRI[PopupW...e]@4fe645c com.trainingvalidator.poc            I  registerCallbackForPendingTransactions
2026-02-25 11:40:20.288  2338-5971  SurfaceComposerClient   system_server                        D  setCornerRadius ## 6d8a445 com.trainingvalidator.poc/com.trainingvalidator.poc.ui.debug.DebugActivity#124452 cornerRadius=0.000000
2026-02-25 11:40:20.289  2338-5971  SurfaceComposerClient   system_server                        D  setCornerRadius ## 6d8a445 com.trainingvalidator.poc/com.trainingvalidator.poc.ui.debug.DebugActivity#124452 cornerRadius=0.000000
2026-02-25 11:40:20.291  8003-8040  VRI[PopupW...e]@4fe645c com.trainingvalidator.poc            I  mWNT: t=0xb4000071ffdbfcd0 mBlastBufferQueue=0xb400007190180ea0 fn= 81 HdrRenderState mRenderHdrSdrRatio=1.0 caller= android.view.ViewRootImpl$10.onFrameDraw:6536 android.view.ViewRootImpl$4.onFrameDraw:2489 android.view.ThreadedRenderer$1.onFrameDraw:718 
2026-02-25 11:40:20.319  8003-8003  BLASTBufferQueue_Java   com.trainingvalidator.poc            I  update, w= 948 h= 2274 mName = VRI[PopupWindow:f0e372e]@4fe645c mNativeObject= 0xb400007190180ea0 sc.mNativeObject= 0xb40000735fdacf50 format= -1 caller= android.view.ViewRootImpl.updateBlastSurfaceIfNeeded:3574 android.view.ViewRootImpl.relayoutWindow:11685 android.view.ViewRootImpl.performTraversals:4804 android.view.ViewRootImpl.doTraversal:3924 android.view.ViewRootImpl$TraversalRunnable.run:12903 android.view.Choreographer$CallbackRecord.run:1901 
2026-02-25 11:40:20.319  8003-8003  VRI[PopupW...e]@4fe645c com.trainingvalidator.poc            I  Relayout returned: old=(143,222,911,2316) new=(143,222,911,2316) relayoutAsync=true req=(768,2094)0 dur=0 res=0x0 s={true 0xb40000722ff43220} ch=false seqId=0
2026-02-25 11:40:20.320  2338-5971  SurfaceComposerClient   system_server                        D  setCornerRadius ## 6d8a445 com.trainingvalidator.poc/com.trainingvalidator.poc.ui.debug.DebugActivity#124452 cornerRadius=0.000000
2026-02-25 11:40:20.320  8003-8003  VRI[PopupW...e]@4fe645c com.trainingvalidator.poc            I  registerCallbackForPendingTransactions
2026-02-25 11:40:20.320  2338-5971  SurfaceComposerClient   system_server                        D  setCornerRadius ## 6d8a445 com.trainingvalidator.poc/com.trainingvalidator.poc.ui.debug.DebugActivity#124452 cornerRadius=0.000000
2026-02-25 11:40:20.323  8003-8039  VRI[PopupW...e]@4fe645c com.trainingvalidator.poc            I  mWNT: t=0xb4000071ffdbcbd0 mBlastBufferQueue=0xb400007190180ea0 fn= 82 HdrRenderState mRenderHdrSdrRatio=1.0 caller= android.view.ViewRootImpl$10.onFrameDraw:6536 android.view.ViewRootImpl$4.onFrameDraw:2489 android.view.ThreadedRenderer$1.onFrameDraw:718 
2026-02-25 11:40:20.352  8003-8003  BLASTBufferQueue_Java   com.trainingvalidator.poc            I  update, w= 948 h= 2274 mName = VRI[PopupWindow:f0e372e]@4fe645c mNativeObject= 0xb400007190180ea0 sc.mNativeObject= 0xb40000735fdacf50 format= -1 caller= android.view.ViewRootImpl.updateBlastSurfaceIfNeeded:3574 android.view.ViewRootImpl.relayoutWindow:11685 android.view.ViewRootImpl.performTraversals:4804 android.view.ViewRootImpl.doTraversal:3924 android.view.ViewRootImpl$TraversalRunnable.run:12903 android.view.Choreographer$CallbackRecord.run:1901 
2026-02-25 11:40:20.352  8003-8003  VRI[PopupW...e]@4fe645c com.trainingvalidator.poc            I  Relayout returned: old=(143,222,911,2316) new=(143,222,911,2316) relayoutAsync=true req=(768,2094)0 dur=0 res=0x0 s={true 0xb40000722ff43220} ch=false seqId=0
2026-02-25 11:40:20.353  8003-8003  VRI[PopupW...e]@4fe645c com.trainingvalidator.poc            I  registerCallbackForPendingTransactions
2026-02-25 11:40:20.353  2338-5971  SurfaceComposerClient   system_server                        D  setCornerRadius ## 6d8a445 com.trainingvalidator.poc/com.trainingvalidator.poc.ui.debug.DebugActivity#124452 cornerRadius=0.000000
2026-02-25 11:40:20.354  2338-5971  SurfaceComposerClient   system_server                        D  setCornerRadius ## 6d8a445 com.trainingvalidator.poc/com.trainingvalidator.poc.ui.debug.DebugActivity#124452 cornerRadius=0.000000
2026-02-25 11:40:20.357  8003-8040  VRI[PopupW...e]@4fe645c com.trainingvalidator.poc            I  mWNT: t=0xb4000071ffdb6490 mBlastBufferQueue=0xb400007190180ea0 fn= 83 HdrRenderState mRenderHdrSdrRatio=1.0 caller= android.view.ViewRootImpl$10.onFrameDraw:6536 android.view.ViewRootImpl$4.onFrameDraw:2489 android.view.ThreadedRenderer$1.onFrameDraw:718 
2026-02-25 11:40:20.386  8003-8003  BLASTBufferQueue_Java   com.trainingvalidator.poc            I  update, w= 948 h= 2274 mName = VRI[PopupWindow:f0e372e]@4fe645c mNativeObject= 0xb400007190180ea0 sc.mNativeObject= 0xb40000735fdacf50 format= -1 caller= android.view.ViewRootImpl.updateBlastSurfaceIfNeeded:3574 android.view.ViewRootImpl.relayoutWindow:11685 android.view.ViewRootImpl.performTraversals:4804 android.view.ViewRootImpl.doTraversal:3924 android.view.ViewRootImpl$TraversalRunnable.run:12903 android.view.Choreographer$CallbackRecord.run:1901 
2026-02-25 11:40:20.386  8003-8003  VRI[PopupW...e]@4fe645c com.trainingvalidator.poc            I  Relayout returned: old=(143,222,911,2316) new=(143,222,911,2316) relayoutAsync=true req=(768,2094)0 dur=0 res=0x0 s={true 0xb40000722ff43220} ch=false seqId=0
2026-02-25 11:40:20.387  2338-5971  SurfaceComposerClient   system_server                        D  setCornerRadius ## 6d8a445 com.trainingvalidator.poc/com.trainingvalidator.poc.ui.debug.DebugActivity#124452 cornerRadius=0.000000
2026-02-25 11:40:20.387  8003-8003  VRI[PopupW...e]@4fe645c com.trainingvalidator.poc            I  registerCallbackForPendingTransactions
2026-02-25 11:40:20.388  2338-5971  SurfaceComposerClient   system_server                        D  setCornerRadius ## 6d8a445 com.trainingvalidator.poc/com.trainingvalidator.poc.ui.debug.DebugActivity#124452 cornerRadius=0.000000
2026-02-25 11:40:20.391  8003-8039  VRI[PopupW...e]@4fe645c com.trainingvalidator.poc            I  mWNT: t=0xb4000071ffdb6d50 mBlastBufferQueue=0xb400007190180ea0 fn= 84 HdrRenderState mRenderHdrSdrRatio=1.0 caller= android.view.ViewRootImpl$10.onFrameDraw:6536 android.view.ViewRootImpl$4.onFrameDraw:2489 android.view.ThreadedRenderer$1.onFrameDraw:718 
2026-02-25 11:40:20.423  2338-5971  SurfaceComposerClient   system_server                        D  setCornerRadius ## 6d8a445 com.trainingvalidator.poc/com.trainingvalidator.poc.ui.debug.DebugActivity#124452 cornerRadius=0.000000
2026-02-25 11:40:20.424  2338-5971  SurfaceComposerClient   system_server                        D  setCornerRadius ## 6d8a445 com.trainingvalidator.poc/com.trainingvalidator.poc.ui.debug.DebugActivity#124452 cornerRadius=0.000000
2026-02-25 11:40:20.425  8003-8003  BLASTBufferQueue_Java   com.trainingvalidator.poc            I  update, w= 948 h= 2274 mName = VRI[PopupWindow:f0e372e]@4fe645c mNativeObject= 0xb400007190180ea0 sc.mNativeObject= 0xb40000735fdacf50 format= -1 caller= android.view.ViewRootImpl.updateBlastSurfaceIfNeeded:3574 android.view.ViewRootImpl.relayoutWindow:11685 android.view.ViewRootImpl.performTraversals:4804 android.view.ViewRootImpl.doTraversal:3924 android.view.ViewRootImpl$TraversalRunnable.run:12903 android.view.Choreographer$CallbackRecord.run:1901 
2026-02-25 11:40:20.425  8003-8003  VRI[PopupW...e]@4fe645c com.trainingvalidator.poc            I  Relayout returned: old=(143,222,911,2316) new=(143,222,911,2316) relayoutAsync=true req=(768,2094)0 dur=3 res=0x0 s={true 0xb40000722ff43220} ch=false seqId=0
2026-02-25 11:40:20.427  8003-8003  VRI[PopupW...e]@4fe645c com.trainingvalidator.poc            I  registerCallbackForPendingTransactions
2026-02-25 11:40:20.428  8003-8040  VRI[PopupW...e]@4fe645c com.trainingvalidator.poc            I  mWNT: t=0xb4000071ffdefd10 mBlastBufferQueue=0xb400007190180ea0 fn= 85 HdrRenderState mRenderHdrSdrRatio=1.0 caller= android.view.ViewRootImpl$10.onFrameDraw:6536 android.view.ViewRootImpl$4.onFrameDraw:2489 android.view.ThreadedRenderer$1.onFrameDraw:718 
2026-02-25 11:40:20.443  8003-8003  BLASTBufferQueue_Java   com.trainingvalidator.poc            I  update, w= 948 h= 2274 mName = VRI[PopupWindow:f0e372e]@4fe645c mNativeObject= 0xb400007190180ea0 sc.mNativeObject= 0xb40000735fdacf50 format= -1 caller= android.view.ViewRootImpl.updateBlastSurfaceIfNeeded:3574 android.view.ViewRootImpl.relayoutWindow:11685 android.view.ViewRootImpl.performTraversals:4804 android.view.ViewRootImpl.doTraversal:3924 android.view.ViewRootImpl$TraversalRunnable.run:12903 android.view.Choreographer$CallbackRecord.run:1901 
2026-02-25 11:40:20.444  8003-8003  VRI[PopupW...e]@4fe645c com.trainingvalidator.poc            I  Relayout returned: old=(143,222,911,2316) new=(143,222,911,2316) relayoutAsync=true req=(768,2094)0 dur=0 res=0x0 s={true 0xb40000722ff43220} ch=false seqId=0
2026-02-25 11:40:20.444  2338-5971  SurfaceComposerClient   system_server                        D  setCornerRadius ## 6d8a445 com.trainingvalidator.poc/com.trainingvalidator.poc.ui.debug.DebugActivity#124452 cornerRadius=0.000000
2026-02-25 11:40:20.444  8003-8003  VRI[PopupW...e]@4fe645c com.trainingvalidator.poc            I  registerCallbackForPendingTransactions
2026-02-25 11:40:20.445  2338-5971  SurfaceComposerClient   system_server                        D  setCornerRadius ## 6d8a445 com.trainingvalidator.poc/com.trainingvalidator.poc.ui.debug.DebugActivity#124452 cornerRadius=0.000000
2026-02-25 11:40:20.445  8003-8039  VRI[PopupW...e]@4fe645c com.trainingvalidator.poc            I  mWNT: t=0xb4000071ffdb31d0 mBlastBufferQueue=0xb400007190180ea0 fn= 86 HdrRenderState mRenderHdrSdrRatio=1.0 caller= android.view.ViewRootImpl$10.onFrameDraw:6536 android.view.ViewRootImpl$4.onFrameDraw:2489 android.view.ThreadedRenderer$1.onFrameDraw:718 
2026-02-25 11:40:20.492  8003-8003  VRI[PopupW...e]@4fe645c com.trainingvalidator.poc            I  ViewPostIme pointer 0
2026-02-25 11:40:20.493  8003-8003  VRI[PopupW...e]@4fe645c com.trainingvalidator.poc            I  call setFrameRateCategory for touch hint category=high hint, reason=touch, vri=VRI[PopupWindow:f0e372e]@4fe645c
2026-02-25 11:40:20.495  8003-8003  BLASTBufferQueue_Java   com.trainingvalidator.poc            I  update, w= 948 h= 2274 mName = VRI[PopupWindow:f0e372e]@4fe645c mNativeObject= 0xb400007190180ea0 sc.mNativeObject= 0xb40000735fdacf50 format= -1 caller= android.view.ViewRootImpl.updateBlastSurfaceIfNeeded:3574 android.view.ViewRootImpl.relayoutWindow:11685 android.view.ViewRootImpl.performTraversals:4804 android.view.ViewRootImpl.doTraversal:3924 android.view.ViewRootImpl$TraversalRunnable.run:12903 android.view.Choreographer$CallbackRecord.run:1901 
2026-02-25 11:40:20.495  8003-8003  VRI[PopupW...e]@4fe645c com.trainingvalidator.poc            I  Relayout returned: old=(143,222,911,2316) new=(143,222,911,2316) relayoutAsync=true req=(768,2094)0 dur=0 res=0x0 s={true 0xb40000722ff43220} ch=false seqId=0
2026-02-25 11:40:20.495  8003-8003  VRI[PopupW...e]@4fe645c com.trainingvalidator.poc            I  registerCallbackForPendingTransactions
2026-02-25 11:40:20.495  2338-5971  SurfaceComposerClient   system_server                        D  setCornerRadius ## 6d8a445 com.trainingvalidator.poc/com.trainingvalidator.poc.ui.debug.DebugActivity#124452 cornerRadius=0.000000
2026-02-25 11:40:20.496  2338-5971  SurfaceComposerClient   system_server                        D  setCornerRadius ## 6d8a445 com.trainingvalidator.poc/com.trainingvalidator.poc.ui.debug.DebugActivity#124452 cornerRadius=0.000000
2026-02-25 11:40:20.502  8003-8040  VRI[PopupW...e]@4fe645c com.trainingvalidator.poc            I  mWNT: t=0xb4000071ffdbf410 mBlastBufferQueue=0xb400007190180ea0 fn= 87 HdrRenderState mRenderHdrSdrRatio=1.0 caller= android.view.ViewRootImpl$10.onFrameDraw:6536 android.view.ViewRootImpl$4.onFrameDraw:2489 android.view.ThreadedRenderer$1.onFrameDraw:718 
2026-02-25 11:40:20.511  8003-8003  BLASTBufferQueue_Java   com.trainingvalidator.poc            I  update, w= 948 h= 2274 mName = VRI[PopupWindow:f0e372e]@4fe645c mNativeObject= 0xb400007190180ea0 sc.mNativeObject= 0xb40000735fdacf50 format= -1 caller= android.view.ViewRootImpl.updateBlastSurfaceIfNeeded:3574 android.view.ViewRootImpl.relayoutWindow:11685 android.view.ViewRootImpl.performTraversals:4804 android.view.ViewRootImpl.doTraversal:3924 android.view.ViewRootImpl$TraversalRunnable.run:12903 android.view.Choreographer$CallbackRecord.run:1901 
2026-02-25 11:40:20.511  8003-8003  VRI[PopupW...e]@4fe645c com.trainingvalidator.poc            I  Relayout returned: old=(143,222,911,2316) new=(143,222,911,2316) relayoutAsync=true req=(768,2094)0 dur=0 res=0x0 s={true 0xb40000722ff43220} ch=false seqId=0
2026-02-25 11:40:20.511  2338-5971  SurfaceComposerClient   system_server                        D  setCornerRadius ## 6d8a445 com.trainingvalidator.poc/com.trainingvalidator.poc.ui.debug.DebugActivity#124452 cornerRadius=0.000000
2026-02-25 11:40:20.511  8003-8003  VRI[PopupW...e]@4fe645c com.trainingvalidator.poc            I  registerCallbackForPendingTransactions
2026-02-25 11:40:20.511  2338-5971  SurfaceComposerClient   system_server                        D  setCornerRadius ## 6d8a445 com.trainingvalidator.poc/com.trainingvalidator.poc.ui.debug.DebugActivity#124452 cornerRadius=0.000000
2026-02-25 11:40:20.512  8003-8039  VRI[PopupW...e]@4fe645c com.trainingvalidator.poc            I  mWNT: t=0xb4000071ffdb46d0 mBlastBufferQueue=0xb400007190180ea0 fn= 88 HdrRenderState mRenderHdrSdrRatio=1.0 caller= android.view.ViewRootImpl$10.onFrameDraw:6536 android.view.ViewRootImpl$4.onFrameDraw:2489 android.view.ThreadedRenderer$1.onFrameDraw:718 
2026-02-25 11:40:20.554  8003-8003  BLASTBufferQueue_Java   com.trainingvalidator.poc            I  update, w= 948 h= 2274 mName = VRI[PopupWindow:f0e372e]@4fe645c mNativeObject= 0xb400007190180ea0 sc.mNativeObject= 0xb40000735fdacf50 format= -1 caller= android.view.ViewRootImpl.updateBlastSurfaceIfNeeded:3574 android.view.ViewRootImpl.relayoutWindow:11685 android.view.ViewRootImpl.performTraversals:4804 android.view.ViewRootImpl.doTraversal:3924 android.view.ViewRootImpl$TraversalRunnable.run:12903 android.view.Choreographer$CallbackRecord.run:1901 
2026-02-25 11:40:20.554  8003-8003  VRI[PopupW...e]@4fe645c com.trainingvalidator.poc            I  Relayout returned: old=(143,222,911,2316) new=(143,222,911,2316) relayoutAsync=true req=(768,2094)0 dur=1 res=0x0 s={true 0xb40000722ff43220} ch=false seqId=0
2026-02-25 11:40:20.554  2338-5971  SurfaceComposerClient   system_server                        D  setCornerRadius ## 6d8a445 com.trainingvalidator.poc/com.trainingvalidator.poc.ui.debug.DebugActivity#124452 cornerRadius=0.000000
2026-02-25 11:40:20.554  8003-8003  VRI[PopupW...e]@4fe645c com.trainingvalidator.poc            I  registerCallbackForPendingTransactions
2026-02-25 11:40:20.555  2338-5971  SurfaceComposerClient   system_server                        D  setCornerRadius ## 6d8a445 com.trainingvalidator.poc/com.trainingvalidator.poc.ui.debug.DebugActivity#124452 cornerRadius=0.000000
2026-02-25 11:40:20.556  8003-8040  VRI[PopupW...e]@4fe645c com.trainingvalidator.poc            I  mWNT: t=0xb4000071ffdbe290 mBlastBufferQueue=0xb400007190180ea0 fn= 89 HdrRenderState mRenderHdrSdrRatio=1.0 caller= android.view.ViewRootImpl$10.onFrameDraw:6536 android.view.ViewRootImpl$4.onFrameDraw:2489 android.view.ThreadedRenderer$1.onFrameDraw:718 
2026-02-25 11:40:20.586  8003-8003  BLASTBufferQueue_Java   com.trainingvalidator.poc            I  update, w= 948 h= 2274 mName = VRI[PopupWindow:f0e372e]@4fe645c mNativeObject= 0xb400007190180ea0 sc.mNativeObject= 0xb40000735fdacf50 format= -1 caller= android.view.ViewRootImpl.updateBlastSurfaceIfNeeded:3574 android.view.ViewRootImpl.relayoutWindow:11685 android.view.ViewRootImpl.performTraversals:4804 android.view.ViewRootImpl.doTraversal:3924 android.view.ViewRootImpl$TraversalRunnable.run:12903 android.view.Choreographer$CallbackRecord.run:1901 
2026-02-25 11:40:20.586  8003-8003  VRI[PopupW...e]@4fe645c com.trainingvalidator.poc            I  Relayout returned: old=(143,222,911,2316) new=(143,222,911,2316) relayoutAsync=true req=(768,2094)0 dur=0 res=0x0 s={true 0xb40000722ff43220} ch=false seqId=0
2026-02-25 11:40:20.587  2338-5971  SurfaceComposerClient   system_server                        D  setCornerRadius ## 6d8a445 com.trainingvalidator.poc/com.trainingvalidator.poc.ui.debug.DebugActivity#124452 cornerRadius=0.000000
2026-02-25 11:40:20.587  8003-8003  VRI[PopupW...e]@4fe645c com.trainingvalidator.poc            I  registerCallbackForPendingTransactions
2026-02-25 11:40:20.588  2338-5971  SurfaceComposerClient   system_server                        D  setCornerRadius ## 6d8a445 com.trainingvalidator.poc/com.trainingvalidator.poc.ui.debug.DebugActivity#124452 cornerRadius=0.000000
2026-02-25 11:40:20.589  8003-8039  VRI[PopupW...e]@4fe645c com.trainingvalidator.poc            I  mWNT: t=0xb4000071ffe82610 mBlastBufferQueue=0xb400007190180ea0 fn= 90 HdrRenderState mRenderHdrSdrRatio=1.0 caller= android.view.ViewRootImpl$10.onFrameDraw:6536 android.view.ViewRootImpl$4.onFrameDraw:2489 android.view.ThreadedRenderer$1.onFrameDraw:718 
2026-02-25 11:40:20.598  8003-8003  VRI[PopupW...e]@4fe645c com.trainingvalidator.poc            I  ViewPostIme pointer 1
2026-02-25 11:40:20.598  8003-8003  AbsListView             com.trainingvalidator.poc            D  onTouchUp() mTouchMode : 2
2026-02-25 11:40:20.599  8003-8003  WindowOnBackDispatcher  com.trainingvalidator.poc            W  sendCancelIfRunning: isInProgress=false callback=android.widget.PopupWindow$PopupDecorView$$ExternalSyntheticLambda1@4b9fe06
2026-02-25 11:40:20.603  8003-8003  BLASTBufferQueue_Java   com.trainingvalidator.poc            I  update, w= 948 h= 2274 mName = VRI[PopupWindow:f0e372e]@4fe645c mNativeObject= 0xb400007190180ea0 sc.mNativeObject= 0xb40000735fdacf50 format= -1 caller= android.view.ViewRootImpl.updateBlastSurfaceIfNeeded:3574 android.view.ViewRootImpl.relayoutWindow:11685 android.view.ViewRootImpl.performTraversals:4804 android.view.ViewRootImpl.doTraversal:3924 android.view.ViewRootImpl$TraversalRunnable.run:12903 android.view.Choreographer$CallbackRecord.run:1901 
2026-02-25 11:40:20.603  8003-8003  VRI[PopupW...e]@4fe645c com.trainingvalidator.poc            I  Relayout returned: old=(143,222,911,2316) new=(143,222,911,2316) relayoutAsync=true req=(768,2094)0 dur=0 res=0x0 s={true 0xb40000722ff43220} ch=false seqId=0
2026-02-25 11:40:20.603  2338-5971  SurfaceComposerClient   system_server                        D  setCornerRadius ## 6d8a445 com.trainingvalidator.poc/com.trainingvalidator.poc.ui.debug.DebugActivity#124452 cornerRadius=0.000000
2026-02-25 11:40:20.604  2338-5971  SurfaceComposerClient   system_server                        D  setCornerRadius ## 6d8a445 com.trainingvalidator.poc/com.trainingvalidator.poc.ui.debug.DebugActivity#124452 cornerRadius=0.000000
2026-02-25 11:40:20.605  2338-5971  WindowManager           system_server                        D  Changing focus from Window{c611b2d u0 PopupWindow:f0e372e} to Window{6d8a445 u0 com.trainingvalidator.poc/com.trainingvalidator.poc.ui.debug.DebugActivity} displayId=0 Callers=com.android.server.wm.WindowManagerService.relayoutWindow:1350 com.android.server.wm.Session.relayout:27 com.android.server.wm.Session.relayoutAsync:14 android.view.IWindowSession$Stub.onTransact:854 
2026-02-25 11:40:20.605  8003-8003  VRI[PopupW...e]@4fe645c com.trainingvalidator.poc            I  registerCallbackForPendingTransactions
2026-02-25 11:40:20.605  2338-5971  WindowManager           system_server                        D  updateSystemBarAttributes: displayId=0, focusedCanBeNavColorWin=false, win=Window{6d8a445 u0 com.trainingvalidator.poc/com.trainingvalidator.poc.ui.debug.DebugActivity}, navColorWin=Window{6d8a445 u0 com.trainingvalidator.poc/com.trainingvalidator.poc.ui.debug.DebugActivity}, caller=com.android.server.wm.WindowManagerService.updateFocusedWindowLocked:372 com.android.server.wm.WindowManagerService.relayoutWindow:1350 com.android.server.wm.Session.relayout:27 
2026-02-25 11:40:20.606  2338-5971  SystemKeyManager        system_server                        V  updateFocusedWindow() is called, com.trainingvalidator.poc/com.trainingvalidator.poc.ui.debug.DebugActivity
2026-02-25 11:40:20.608  3193-3382  CollapsedS...ragmentExt com.android.systemui                 D  fullscreen    shouldHideIconsForNextAppWindow:false, lastFullscreen(pkg:com.trainingvalidator.poc, flag:false),    keyguard(fa:false, ga:false, oc:false, show:false)
2026-02-25 11:40:20.619  8003-8040  VRI[PopupW...e]@4fe645c com.trainingvalidator.poc            I  mWNT: t=0xb4000071ffdafb90 mBlastBufferQueue=0xb400007190180ea0 fn= 91 HdrRenderState mRenderHdrSdrRatio=1.0 caller= android.view.ViewRootImpl$10.onFrameDraw:6536 android.view.ViewRootImpl$4.onFrameDraw:2489 android.view.ThreadedRenderer$1.onFrameDraw:718 
2026-02-25 11:40:20.622  2338-5978  SurfaceComposerClient   system_server                        D  setCornerRadius ## 6d8a445 com.trainingvalidator.poc/com.trainingvalidator.poc.ui.debug.DebugActivity#124452 cornerRadius=0.000000
2026-02-25 11:40:20.623  2338-5978  SurfaceComposerClient   system_server                        D  setCornerRadius ## 6d8a445 com.trainingvalidator.poc/com.trainingvalidator.poc.ui.debug.DebugActivity#124452 cornerRadius=0.000000
2026-02-25 11:40:20.627  2338-5978  SurfaceComposerClient   system_server                        D  setCornerRadius ## 6d8a445 com.trainingvalidator.poc/com.trainingvalidator.poc.ui.debug.DebugActivity#124452 cornerRadius=0.000000
2026-02-25 11:40:20.628  2338-5978  SurfaceComposerClient   system_server                        D  setCornerRadius ## 6d8a445 com.trainingvalidator.poc/com.trainingvalidator.poc.ui.debug.DebugActivity#124452 cornerRadius=0.000000
2026-02-25 11:40:20.641  1687-1687  CompositionEngine       surfaceflinger                       D  Layer: com.trainingvalidator.poc/com.trainingvalidator.poc.ui.debug.DebugActivity$_8003#124453 had an out of bounds transparent region
2026-02-25 11:40:20.647  1687-1687  SurfaceFlinger          surfaceflinger                       D  Display 4630947232161729154 HWC layers:
                                                                                                           CLIENT |           34372623269900 | 00000102 | 0x0000022    |    0.0  408.0 1440.0 1080.0 |    0    0 1080 2316 | 9910503 SurfaceView[com.trainingvali[...]debug.DebugActivity]@0(BLAST)#124462 (182)
                                                                                                           DEVICE |           34372623269899 | 00002100 | RGBA_8888    |    0.0    0.0 1080.0 2316.0 |    0    0 1080 2316 | com.trainingvalidator.poc/com.traini[...].ui.debug.DebugActivity$_8003#124453 (193)
                                                                                                           DEVICE |           34372623269917 | 00002100 | RGBA_8888    |    0.0    0.0  948.0 2184.0 |   53  132 1001 2316 | PopupWindow:f0e372e$_8003#124473 (91)
                                                                                                           DEVICE |           13713830651406 | 00002140 | RGBA_8888    |    0.0    0.0 1080.0   84.0 |    0    0 1080   84 | ScreenDecorOverlay$_3193#124469 (8)
                                                                                                           DEVICE |           13713830651405 | 00002140 | RGBA_8888    |    0.0    0.0 1080.0   84.0 |    0 2232 1080 2316 | ScreenDecorOverlayBottom$_3193#124470 (3)
                                                                                                    
2026-02-25 11:40:20.647  1687-1851  SurfaceFlinger          surfaceflinger                       D  [input] setFocusedWindow: 6d8a445 com.trainingvalidator.poc/com.trainingvalidator.poc.ui.debug.DebugActivity
2026-02-25 11:40:20.648  2338-5978  InputDispatcher         system_server                        D  Once focus requested (0): 6d8a445 com.trainingvalidator.poc/com.trainingvalidator.poc.ui.debug.DebugActivity
2026-02-25 11:40:20.648  2338-5978  InputDispatcher         system_server                        D  Focus entered window (0): 6d8a445 com.trainingvalidator.poc/com.trainingvalidator.poc.ui.debug.DebugActivity
2026-02-25 11:40:20.650  8003-8003  ImeFocusController      com.trainingvalidator.poc            I  onPreWindowFocus: skipped hasWindowFocus=false mHasImeFocus=false
2026-02-25 11:40:20.650  8003-8003  ImeFocusController      com.trainingvalidator.poc            I  onPostWindowFocus: skipped hasWindowFocus=false mHasImeFocus=false
2026-02-25 11:40:20.651  8003-8003  VRI[DebugA...y]@b461fc5 com.trainingvalidator.poc            D  mThreadedRenderer.initializeIfNeeded()#2 mSurface={isValid=true 0xb40000722fecf420}
2026-02-25 11:40:20.654  1687-1687  CompositionEngine       surfaceflinger                       D  Layer: com.trainingvalidator.poc/com.trainingvalidator.poc.ui.debug.DebugActivity$_8003#124453 had an out of bounds transparent region
2026-02-25 11:40:20.655  8003-8003  InputMethodManagerUtils com.trainingvalidator.poc            D  startInputInner - Id : 0
2026-02-25 11:40:20.655  8003-8003  InputMethodManager      com.trainingvalidator.poc            I  startInputInner - IInputMethodManagerGlobalInvoker.startInputOrWindowGainedFocus
2026-02-25 11:40:20.657  2338-2871  ImeTracker              system_server                        I  com.trainingvalidator.poc:6b624ab1: onRequestHide at ORIGIN_SERVER reason HIDE_SAME_WINDOW_FOCUSED_WITHOUT_EDITOR fromUser false
2026-02-25 11:40:20.661  8003-8003  InputMethodManager      com.trainingvalidator.poc            I  handleMessage: setImeVisibility visible=false
2026-02-25 11:40:20.661  8003-8003  InsetsController        com.trainingvalidator.poc            D  hide(ime(), fromIme=false)
2026-02-25 11:40:20.661  8003-8020  InputTransport          com.trainingvalidator.poc            D  Input channel constructed: 'ClientS', fd=213
2026-02-25 11:40:20.661  8003-8003  ImeTracker              com.trainingvalidator.poc            I  com.trainingvalidator.poc:6b624ab1: onCancelled at PHASE_CLIENT_ALREADY_HIDDEN
2026-02-25 11:40:20.663  5706-5706  GoogleInpu...hodService com...gle.android.inputmethod.latin  I  GoogleInputMethodService.onStartInput():1384 onStartInput(EditorInfo{EditorInfo{packageName=com.trainingvalidator.poc, inputType=0, inputTypeString=NULL, enableLearning=false, autoCorrection=false, autoComplete=false, imeOptions=0, privateImeOptions=null, actionName=UNSPECIFIED, actionLabel=null, initialSelStart=-1, initialSelEnd=-1, initialCapsMode=0, label=null, fieldId=0, fieldName=null, extras=Bundle[{appShowRequested=false, isTextEditor=false, displayId=0}], hintText=null, hintLocales=[]}}, false)
2026-02-25 11:40:20.798  8003-8003  VRI[DebugA...y]@b461fc5 com.trainingvalidator.poc            I  call setFrameRateCategory for touch hint category=no preference, reason=boost timeout, vri=VRI[DebugActivity]@b461fc5
2026-02-25 11:40:20.803  1687-1687  SurfaceFlinger          surfaceflinger                       I  [com.trainingvalidator.poc/com.trainingvalidator.poc.ui.debug.DebugActivity$_8003#124453] setFrameRateCategory: NoPreference
2026-02-25 11:40:20.920  8003-8003  WindowManager           com.trainingvalidator.poc            I  WindowManagerGlobal#removeView, ty=1002, view=android.widget.PopupWindow$PopupDecorView{971b2cf V.E...... R.....ID 0,0-768,2094}, caller=android.view.WindowManagerGlobal.removeView:654 android.view.WindowManagerImpl.removeViewImmediate:216 android.widget.PopupWindow.dismissImmediate:2415 
2026-02-25 11:40:20.923  8003-8003  VRI[PopupW...e]@4fe645c com.trainingvalidator.poc            I  dispatchDetachedFromWindow
2026-02-25 11:40:20.926  2338-3976  SurfaceComposerClient   system_server                        D  setCornerRadius ## 6d8a445 com.trainingvalidator.poc/com.trainingvalidator.poc.ui.debug.DebugActivity#124452 cornerRadius=0.000000
2026-02-25 11:40:20.927  2338-3976  SurfaceComposerClient   system_server                        D  setCornerRadius ## 6d8a445 com.trainingvalidator.poc/com.trainingvalidator.poc.ui.debug.DebugActivity#124452 cornerRadius=0.000000
2026-02-25 11:40:20.927  8003-8003  InputTransport          com.trainingvalidator.poc            D  Input channel destroyed: 'c611b2d', fd=194
2026-02-25 11:40:20.936  1687-1687  CompositionEngine       surfaceflinger                       D  Layer: com.trainingvalidator.poc/com.trainingvalidator.poc.ui.debug.DebugActivity$_8003#124453 had an out of bounds transparent region
2026-02-25 11:40:20.953  1687-1687  CompositionEngine       surfaceflinger                       D  Layer: com.trainingvalidator.poc/com.trainingvalidator.poc.ui.debug.DebugActivity$_8003#124453 had an out of bounds transparent region
2026-02-25 11:40:20.960  1687-1687  SurfaceFlinger          surfaceflinger                       D  Display 4630947232161729154 HWC layers:
                                                                                                           CLIENT |           34372623269900 | 00000102 | 0x0000022    |    0.0  408.0 1440.0 1080.0 |    0    0 1080 2316 | 9910503 SurfaceView[com.trainingvali[...]debug.DebugActivity]@0(BLAST)#124462 (191)
                                                                                                           DEVICE |           34372623269899 | 00002100 | RGBA_8888    |    0.0    0.0 1080.0 2316.0 |    0    0 1080 2316 | com.trainingvalidator.poc/com.traini[...].ui.debug.DebugActivity$_8003#124453 (205)
                                                                                                           DEVICE |           13713830651406 | 00002140 | RGBA_8888    |    0.0    0.0 1080.0   84.0 |    0    0 1080   84 | ScreenDecorOverlay$_3193#124469 (8)
                                                                                                           DEVICE |           13713830651405 | 00002140 | RGBA_8888    |    0.0    0.0 1080.0   84.0 |    0 2232 1080 2316 | ScreenDecorOverlayBottom$_3193#124470 (3)
                                                                                                    
2026-02-25 11:40:20.970  1687-1687  CompositionEngine       surfaceflinger                       D  Layer: com.trainingvalidator.poc/com.trainingvalidator.poc.ui.debug.DebugActivity$_8003#124453 had an out of bounds transparent region
2026-02-25 11:40:20.971  8003-8015  InputTransport          com.trainingvalidator.poc            D  Input channel destroyed: 'ClientS', fd=213
2026-02-25 11:40:21.163  2338-2426  SGM:GameManager         system_server                        D  identifyForegroundApp. com.trainingvalidator.poc, mCurrentUserId: 0, callerUserId: 0
2026-02-25 11:40:23.605  1687-1687  LayerHistory            surfaceflinger                       I  9910503 SurfaceView[com.trainingvalidator.poc/com.trainingvalidator.poc.ui.debug.DebugActivity]@0(BLAST)#124462 calculated refresh rate: 30.00 Hz
2026-02-25 11:40:23.605  1687-1687  LayerHistory            surfaceflinger                       I  com.trainingvalidator.poc/com.trainingvalidator.poc.ui.debug.DebugActivity$_8003#124453 Max (can't resolve refresh rate)
2026-02-25 11:40:23.605  1687-1687  SurfaceFlinger          surfaceflinger                       I  Video ignores com.trainingvalidator.poc/com.trainingvalidator.poc.ui.debug.DebugActivity$_8003#124453 (type=Max, weight=1.00, seamlessness=Default) 0.00 Hz's 30.00 Hz
                                                                                                    Video ignores com.trainingvalidator.poc/com.trainingvalidator.poc.ui.debug.DebugActivity$_8003#124453 (type=Max, weight=1.00, seamlessness=Default) 0.00 Hz's 32.00 Hz
                                                                                                    Video ignores com.trainingvalidator.poc/com.trainingvalidator.poc.ui.debug.DebugActivity$_8003#124453 (type=Max, weight=1.00, seamlessness=Default) 0.00 Hz's 40.00 Hz
                                                                                                    Video ignores com.trainingvalidator.poc/com.trainingvalidator.poc.ui.debug.DebugActivity$_8003#124453 (type=Max, weight=1.00, seamlessness=Default) 0.00 Hz's 48.00 Hz
                                                                                                    Video ignores com.trainingvalidator.poc/com.trainingvalidator.poc.ui.debug.DebugActivity$_8003#124453 (type=Max, weight=1.00, seamlessness=Default) 0.00 Hz's 60.00 Hz
                                                                                                    scored - choose 30.00 Hz
2026-02-25 11:40:23.625  2338-2424  SurfaceComposerClient   system_server                        D  setCornerRadius ## 6d8a445 com.trainingvalidator.poc/com.trainingvalidator.poc.ui.debug.DebugActivity#124452 cornerRadius=0.000000
2026-02-25 11:40:26.763  8003-8003  VRI[DebugA...y]@b461fc5 com.trainingvalidator.poc            I  ViewPostIme pointer 0
2026-02-25 11:40:26.767  8003-8003  VRI[DebugA...y]@b461fc5 com.trainingvalidator.poc            I  call setFrameRateCategory for touch hint category=high hint, reason=touch, vri=VRI[DebugActivity]@b461fc5
2026-02-25 11:40:26.770  1687-1687  LayerHistory            surfaceflinger                       I  9910503 SurfaceView[com.trainingvalidator.poc/com.trainingvalidator.poc.ui.debug.DebugActivity]@0(BLAST)#124462 Max (can't resolve refresh rate)
2026-02-25 11:40:26.770  1687-1687  LayerHistory            surfaceflinger                       I  com.trainingvalidator.poc/com.trainingvalidator.poc.ui.debug.DebugActivity$_8003#124453 Max (can't resolve refresh rate)
2026-02-25 11:40:26.792  2338-2424  SurfaceComposerClient   system_server                        D  setCornerRadius ## 6d8a445 com.trainingvalidator.poc/com.trainingvalidator.poc.ui.debug.DebugActivity#124452 cornerRadius=0.000000
2026-02-25 11:40:26.801  1687-1687  SurfaceFlinger          surfaceflinger                       I  [com.trainingvalidator.poc/com.trainingvalidator.poc.ui.debug.DebugActivity$_8003#124453] setFrameRateCategory: HighHint
2026-02-25 11:40:26.872  8003-8003  VRI[DebugA...y]@b461fc5 com.trainingvalidator.poc            I  ViewPostIme pointer 1
2026-02-25 11:40:26.875  8003-8003  DeferrableSurface       com.trainingvalidator.poc            D  surface closed,  useCount=2 closed=true androidx.camera.core.SurfaceRequest$2@b9b447f
2026-02-25 11:40:26.875  8003-8003  DeferrableSurface       com.trainingvalidator.poc            D  surface closed,  useCount=0 closed=true androidx.camera.core.processing.SurfaceEdge$SettableSurface@7883923
2026-02-25 11:40:26.875  8003-8003  DeferrableSurface       com.trainingvalidator.poc            D  Surface terminated[total_surfaces=2, used_surfaces=2](androidx.camera.core.processing.SurfaceEdge$SettableSurface@7883923}
2026-02-25 11:40:26.876  8003-8003  DeferrableSurface       com.trainingvalidator.poc            D  use count-1,  useCount=1 closed=true androidx.camera.core.SurfaceRequest$2@b9b447f
2026-02-25 11:40:26.876  8003-8003  DeferrableSurface       com.trainingvalidator.poc            D  surface closed,  useCount=1 closed=true androidx.camera.core.impl.ImmediateSurface@a8fe511
2026-02-25 11:40:26.877  8003-8003  CameraManager           com.trainingvalidator.poc            D  Camera stopped
2026-02-25 11:40:26.879  8003-8126  Camera2CameraImpl       com.trainingvalidator.poc            D  {Camera@8a0743d[id=1]} Use cases [androidx.camera.core.Preview-8741fc86-f36b-41d1-b3fe-d3b25e5435c6260253181, androidx.camera.core.ImageAnalysis-eca86fd4-c554-40cc-963c-642856154961253260530] now DETACHED for camera
2026-02-25 11:40:26.879  8003-8126  UseCaseAttachState      com.trainingvalidator.poc            D  All use case: [] for camera: 1
2026-02-25 11:40:26.880  8003-8126  Camera2CameraImpl       com.trainingvalidator.poc            D  {Camera@8a0743d[id=1]} Resetting Capture Session
