2026-02-25 11:40:13.462  8003-8003  VRI[Profil...y]@beb48a5 com.trainingvalidator.poc            I  ViewPostIme pointer 0
2026-02-25 11:40:13.463  8003-8003  VRI[Profil...y]@beb48a5 com.trainingvalidator.poc            I  call setFrameRateCategory for touch hint category=high hint, reason=touch, vri=VRI[ProfileActivity]@beb48a5
2026-02-25 11:40:13.467  1687-1687  SurfaceFlinger          surfaceflinger                       I  [com.trainingvalidator.poc/com.trainingvalidator.poc.ui.profile.ProfileActivity$_8003#124444] setFrameRateCategory: HighHint
2026-02-25 11:40:13.546  8003-8003  VRI[Profil...y]@beb48a5 com.trainingvalidator.poc            I  ViewPostIme pointer 1
2026-02-25 11:40:13.557  2338-4150  WindowManager           system_server                        V  Collecting in transition 10777: ActivityRecord{206527974 u0 com.trainingvalidator.poc/.ui.debug.DebugActivity, caller=com.android.server.wm.TransitionController.collect:7 com.android.server.wm.ActivityStarter.startActivityUnchecked:98 com.android.server.wm.ActivityStarter.executeRequest:3651 com.android.server.wm.ActivityStarter.execute:1752 com.android.server.wm.ActivityTaskManagerService.startActivityAsUser:95 
2026-02-25 11:40:13.557  2338-4150  ActivityTaskManager     system_server                        D  DesktopModeLaunchParamsModifier: task=null activity=ActivityRecord{206527974 u0 com.trainingvalidator.poc/.ui.debug.DebugActivity t-1} task null, skipping
2026-02-25 11:40:13.557  2338-4150  ActivityTaskManager     system_server                        D  TaskLaunchParamsModifier:task=null activity=ActivityRecord{206527974 u0 com.trainingvalidator.poc/.ui.debug.DebugActivity t-1} display-area-from-source=DefaultTaskDisplayArea_d0@170265011 display-id=0 task-display-area-windowing-mode=1 suggested-display-area=DefaultTaskDisplayArea_d0@170265011
2026-02-25 11:40:13.557  2338-4150  ActivityTaskManager     system_server                        D  DesktopModeLaunchParamsModifier: task=Task{e21ac04 #2136 type=standard A=10474:com.trainingvalidator.poc} activity=ActivityRecord{206527974 u0 com.trainingvalidator.poc/.ui.debug.DebugActivity t-1} non-desktop, skipping
2026-02-25 11:40:13.558  2338-4150  ActivityTaskManager     system_server                        D  TaskLaunchParamsModifier:task=Task{e21ac04 #2136 type=standard A=10474:com.trainingvalidator.poc} activity=ActivityRecord{206527974 u0 com.trainingvalidator.poc/.ui.debug.DebugActivity t-1} display-area-from-source=DefaultTaskDisplayArea_d0@170265011 display-id=0 task-display-area-windowing-mode=1 suggested-display-area=DefaultTaskDisplayArea_d0@170265011 inherit-from-source=fullscreen non-freeform-task-display-area display-area=DefaultTaskDisplayArea_d0@170265011 activity-requested-portrait freeform-size-mismatch=Rect(81, 549 - 999, 1707)
2026-02-25 11:40:13.558  2338-4150  ActivityTaskManager     system_server                        D  DesktopModeLaunchParamsModifier: task=Task{e21ac04 #2136 type=standard A=10474:com.trainingvalidator.poc} activity=ActivityRecord{206527974 u0 com.trainingvalidator.poc/.ui.debug.DebugActivity t-1} non-desktop, skipping
2026-02-25 11:40:13.558  2338-4150  ActivityTaskManager     system_server                        D  TaskLaunchParamsModifier:task=Task{e21ac04 #2136 type=standard A=10474:com.trainingvalidator.poc} activity=ActivityRecord{206527974 u0 com.trainingvalidator.poc/.ui.debug.DebugActivity t-1} display-area-from-source=DefaultTaskDisplayArea_d0@170265011 display-id=0 task-display-area-windowing-mode=1 suggested-display-area=DefaultTaskDisplayArea_d0@170265011 inherit-from-source=fullscreen non-freeform-task-display-area display-area=DefaultTaskDisplayArea_d0@170265011 activity-requested-portrait freeform-size-mismatch=Rect(81, 549 - 999, 1707)
2026-02-25 11:40:13.559  1687-3692  SurfaceFlinger          surfaceflinger                       I  id=124451 createSurf, flag=84004, ActivityRecord{206527974 u0 com.trainingvalidator.poc/.ui.debug.DebugActivity t2136}#124451
2026-02-25 11:40:13.560  1687-1687  SurfaceFlinger          surfaceflinger                       I  [ActivityRecord{206527974 u0 com.trainingvalidator.poc/.ui.debug.DebugActivity t2136}#124451] attach to parent LayerHierarchy{RequestedLayerState{Task=2136#123932 parentId=10 z=30} 3 children}
2026-02-25 11:40:13.562  2338-4150  ActivityTaskManager     system_server                        D  scheduleTopResumedActivityChanged, onTop=false, r=ActivityRecord{163168878 u0 com.trainingvalidator.poc/.ui.profile.ProfileActivity t2136}, caller=com.android.server.wm.ActivityTaskSupervisor.scheduleTopResumedActivityStateLossIfNeeded:19 com.android.server.wm.ActivityTaskSupervisor.updateTopResumedActivityIfNeeded:20 com.android.server.wm.TaskFragment.setResumedActivity:30 com.android.server.wm.ActivityRecord.setState:91 com.android.server.wm.TaskFragment.startPausing$1:209 com.android.server.wm.TaskFragment.resumeTopActivity:699 
2026-02-25 11:40:13.563  2338-4150  WindowManager           system_server                        V  Collecting in transition 10777: ActivityRecord{206527974 u0 com.trainingvalidator.poc/.ui.debug.DebugActivity t2136}, caller=com.android.server.wm.Transition.collectExistenceChange:40 com.android.server.wm.ActivityStarter.handleStartResult:761 com.android.server.wm.ActivityStarter.startActivityUnchecked:124 com.android.server.wm.ActivityStarter.executeRequest:3651 com.android.server.wm.ActivityStarter.execute:1752 
2026-02-25 11:40:13.563  2338-4150  WindowManager           system_server                        V  Requesting StartTransition: TransitionRecord{22fd441 id=10777 type=OPEN flags=0x0 c=[
                                                                                                       ChangeInfo{d64737d container=Display{#0 state=ON size=1080x2316 ROTATION_0} flags=0x0}
                                                                                                       ChangeInfo{ea37272 container=DefaultTaskDisplayArea_d0@170265011 flags=0x0}
                                                                                                       ChangeInfo{ea2a6c3 container=ActivityRecord{206527974 u0 com.trainingvalidator.poc/.ui.debug.DebugActivity t2136} flags=0x0}
                                                                                                       ChangeInfo{7e29b40 container=Task{e21ac04 #2136 type=standard A=10474:com.trainingvalidator.poc} flags=0x0}
                                                                                                    ]
                                                                                                    }, caller=com.android.server.wm.ActivityStarter.handleStartResult:982 com.android.server.wm.ActivityStarter.startActivityUnchecked:124 com.android.server.wm.ActivityStarter.executeRequest:3651 com.android.server.wm.ActivityStarter.execute:1752 com.android.server.wm.ActivityTaskManagerService.startActivityAsUser:95 
2026-02-25 11:40:13.565  2338-4150  ActivityTaskManager     system_server                        I  START u0 {xflg=0x4 cmp=com.trainingvalidator.poc/.ui.debug.DebugActivity} with LAUNCH_MULTIPLE from uid 10474 (sr=163168878) (BAL_ALLOW_VISIBLE_WINDOW) result code=0
2026-02-25 11:40:13.568  3193-3307  WindowManagerShell      com.android.systemui                 V  Transition requested (#10777): android.os.BinderProxy@5cc059f TransitionRequestInfo { type = OPEN, triggerTask = TaskInfo{userId=0 taskId=2136 effectiveUid=10474 displayId=0 isRunning=true baseIntent=Intent { act=android.intent.action.MAIN cat=[android.intent.category.LAUNCHER] flg=0x10200000 cmp=com.trainingvalidator.poc/.ui.auth.SplashActivity } baseActivity=ComponentInfo{com.trainingvalidator.poc/com.trainingvalidator.poc.ui.main.MainContainerActivity} topActivity=ComponentInfo{com.trainingvalidator.poc/com.trainingvalidator.poc.ui.debug.DebugActivity} origActivity=null realActivity=ComponentInfo{com.trainingvalidator.poc/com.trainingvalidator.poc.ui.auth.SplashActivity} numActivities=3 lastActiveTime=784013603 supportsMultiWindow=true resizeMode=1 isResizeable=true minWidth=-1 minHeight=-1 maxWidth=-1 maxHeight=-1 defaultMinSize=220 desktopDefaultMinSize=304 token=WCT{android.window.IWindowContainerToken$Stub$Proxy@98f06ec} topActivityType=1 pictureInPictureParams=null shouldDockBigOverlays=false launchIntoPipHostTaskId=-1 lastParentTaskIdBeforePip=-1 displayCutoutSafeInsets=Rect(0, 0 - 0, 0) topActivityInfo=ActivityInfo{c8a0ab5 com.trainingvalidator.poc.ui.debug.DebugActivity} launchCookies=[android.os.BinderProxy@e5877ff] positionInParent=Point(0, 0) parentTaskId=-1 isFocused=true isVisible=true isVisibleRequested=true isTopActivityNoDisplay=false isSleeping=false locusId=null displayAreaFeatureId=1 isTopActivityTransparent=false isActivityStackTransparent=false lastNonFullscreenBounds=Rect(81, 549 - 999, 1707) capturedLink=null capturedLinkTimestamp=0 requestedVisibleTypes=-9 topActivityRequestOpenInBrowserEducationTimestamp=0 appCompatTaskInfo=AppCompatTaskInfo { topActivityInSizeCompat=false eligibleForLetterboxEducation= false isLetterboxEducationEnabled= false isLetterboxDoubleTapEnabled= false eligibleForUserAspectRatioButton= false topActivityBoundsLetterboxed= false isFromLetterboxDoubleTap= false topActivityLetterboxVerticalPosition= -1 topActivityLetterboxHorizontalPosition= -1 topActivityLetterboxWidth=-1 topActivityLetterboxHeight=-1 topActivityAppBounds=Rect(0, 0 - 1080, 2316) isUserFullscreenOverrideEnabled=false isSystemFullscreenOverrideEnabled=false hasMinAspectRatioOverride=false topActivityLetterboxBounds=null cameraCompatTaskInfo=CameraCompatTaskInfo { freeformCameraCompatMode=inactive} topActivityBounds=null topActivityInDisplayCompat=false singleTapFromLetterbox=false} topActivityMainWindowFrame=null originallySupportedMultiWindow=true hasWallpaper=false rootAffinity=10474:com.trainingvalidator.poc isTopTaskInStage=false CoverLauncherWidgetTask=false LaunchedFromAppsCoverLauncherTask=false LaunchedFromMultistarCoverLauncherTask=false isAllowedSeamlessRotation=false isTopTransparentActivity=false isAliasManaged=false hasConfigChanged=false snappingGuideBounds=null isAiKeyRemoveAppTask=false lastDesktopWindowingBounds=null lastExternalDesktopWindowingBounds=null safeCutoutInsets=null}, pipChange = null, remoteTransition = null, displayChange = null, flags = 0, debugId = 10777 }
2026-02-25 11:40:13.573  2338-2426  SGM:FgCheckThread       system_server                        D  notePauseComponent(), received pkgName: com.trainingvalidator.poc, userId: 0
2026-02-25 11:40:13.574  2338-5978  WindowManager           system_server                        V  Collecting in transition 10777: ActivityRecord{206527974 u0 com.trainingvalidator.poc/.ui.debug.DebugActivity t2136}, caller=com.android.server.wm.TransitionController.collect:7 com.android.server.wm.ActivityRecord.setVisibility:132 com.android.server.wm.ActivityRecord.makeVisibleIfNeeded:36 com.android.server.wm.EnsureActivitiesVisibleHelper.process:538 com.android.server.wm.TaskFragment.updateActivityVisibilities:12 
2026-02-25 11:40:13.574  2338-5978  WindowManager           system_server                        V  Collecting in transition 10777: ActivityRecord{163168878 u0 com.trainingvalidator.poc/.ui.profile.ProfileActivity t2136}, caller=com.android.server.wm.TransitionController.collect:7 com.android.server.wm.ActivityRecord.setVisibility:132 com.android.server.wm.ActivityRecord.makeInvisible:32 com.android.server.wm.EnsureActivitiesVisibleHelper.process:542 com.android.server.wm.TaskFragment.updateActivityVisibilities:12 
2026-02-25 11:40:13.574  2338-5978  WindowManager           system_server                        D  prepareSync <SYNC_STATE_WAITING_FOR_DRAW>, mPrepareSyncSeqId=0, win=Window{b1a7c01 u0 com.trainingvalidator.poc/com.trainingvalidator.poc.ui.profile.ProfileActivity}
2026-02-25 11:40:13.574  2338-5978  WindowManager           system_server                        D  rotationForOrientation, orientationSource=ActivityRecord{206527974 u0 com.trainingvalidator.poc/.ui.debug.DebugActivity t2136}
2026-02-25 11:40:13.574  2338-5978  WindowManager           system_server                        V  Collecting in transition 10777: ActivityRecord{206527974 u0 com.trainingvalidator.poc/.ui.debug.DebugActivity t2136}, caller=com.android.server.wm.TransitionController.collect:7 com.android.server.wm.ActivityRecord.setVisibility:132 com.android.server.wm.ActivityTaskSupervisor.realStartActivityLocked:203 com.android.server.wm.ActivityTaskSupervisor.startSpecificActivity:27 com.android.server.wm.TaskFragment.resumeTopActivity:2089 
2026-02-25 11:40:13.575  2338-5978  SGM:FgCheckThread       system_server                        D  notifyAppCreated(), packageName: com.trainingvalidator.poc, userId: 0, sendRet: true
2026-02-25 11:40:13.575  2338-2878  SGM:FgCheckThread       system_server                        D  onLooperPrepared(), msg: MSG_APP_CREATE, pkgName: com.trainingvalidator.poc, userId: 0
2026-02-25 11:40:13.575  2338-5978  InputDispatcher         system_server                        D  Focused application(0): ActivityRecord{206527974 u0 com.trainingvalidator.poc/.ui.debug.DebugActivity t2136}
2026-02-25 11:40:13.576  2338-5978  WindowManager           system_server                        D  Changing focus from Window{b1a7c01 u0 com.trainingvalidator.poc/com.trainingvalidator.poc.ui.profile.ProfileActivity} to null displayId=0 Callers=com.android.server.wm.ActivityTaskManagerService.setLastResumedActivityUncheckLocked:264 com.android.server.wm.ActivityTaskSupervisor.updateTopResumedActivityIfNeeded:51 com.android.server.wm.TaskFragment.setResumedActivity:30 com.android.server.wm.ActivityRecord.setState:100 
2026-02-25 11:40:13.576  2338-5978  ActivityTaskManager     system_server                        D  scheduleTopResumedActivityChanged, onTop=true, r=ActivityRecord{206527974 u0 com.trainingvalidator.poc/.ui.debug.DebugActivity t2136}, caller=com.android.server.wm.ActivityTaskSupervisor.scheduleTopResumedActivityStateIfNeeded:18 com.android.server.wm.ActivityTaskSupervisor.updateTopResumedActivityIfNeeded:54 com.android.server.wm.TaskFragment.setResumedActivity:30 com.android.server.wm.ActivityRecord.setState:100 com.android.server.wm.ActivityTaskSupervisor.realStartActivityLocked:477 com.android.server.wm.ActivityTaskSupervisor.startSpecificActivity:27 
2026-02-25 11:40:13.576  2338-5978  WindowManagerServiceExt system_server                        D  updateTaskbarTargetIfNeeded: cn=ComponentInfo{com.trainingvalidator.poc/com.trainingvalidator.poc.ui.debug.DebugActivity} occludesParent=true isInSplitScreenMode=false
2026-02-25 11:40:13.577  2338-5978  BLASTSyncEngine         system_server                        D  SyncGroup 10777:  Unfinished container: ActivityRecord{206527974 u0 com.trainingvalidator.poc/.ui.debug.DebugActivity t2136} mSyncState=2
2026-02-25 11:40:13.579  2338-5993  GraphicsStatsService    system_server                        D  requestRenderEngineFor(com.trainingvalidator.poc)
2026-02-25 11:40:13.580  8003-8003  ActivityThread          com.trainingvalidator.poc            D  com.trainingvalidator.poc will use render engine as VK
2026-02-25 11:40:13.581  8003-8003  ngvalidator.poc         com.trainingvalidator.poc            I  Waiting for a blocking GC ClassLinker
2026-02-25 11:40:13.587  2338-2426  SGM:FgCheckThread       system_server                        D  noteResumeComponent(), received pkgName: com.trainingvalidator.poc, userId: 0
2026-02-25 11:40:13.587  5928-6570  SDHMS:k                 com.sec.android.sdhms                I  handleResumeComponent : put = com.trainingvalidator.poc, userid = 0 instanceid =38485799
2026-02-25 11:40:13.587  2338-2878  SGM:FgCheckThread       system_server                        D  onLooperPrepared(), msg: MSG_APP_RESUME, pkgName: com.trainingvalidator.poc, userid: 0
2026-02-25 11:40:13.587  2338-5978  InputDispatcher         system_server                        D  Focus left window (0): b1a7c01 com.trainingvalidator.poc/com.trainingvalidator.poc.ui.profile.ProfileActivity
2026-02-25 11:40:13.588  3612-3612  HoneySpace...rViewModel com.sec.android.app.launcher         I  cocktailHostRepository.edgePanelOperation NoteResumeComponent(componentName=ComponentInfo{com.trainingvalidator.poc/com.trainingvalidator.poc.ui.debug.DebugActivity})
2026-02-25 11:40:13.588  3612-3612  HoneySpace...ivityUtils com.sec.android.app.launcher         I  HomePackage : com.sec.android.app.launcher, resumePackageName : com.trainingvalidator.poc, className : com.trainingvalidator.poc.ui.debug.DebugActivity
2026-02-25 11:40:13.593  2338-2427  BLASTSyncEngine         system_server                        D  SyncGroup 10777:  Unfinished container: ActivityRecord{206527974 u0 com.trainingvalidator.poc/.ui.debug.DebugActivity t2136} mSyncState=2
2026-02-25 11:40:13.612  8003-8003  ngvalidator.poc         com.trainingvalidator.poc            I  WaitForGcToComplete blocked ClassLinker on Background for 31.133ms
2026-02-25 11:40:13.613  8003-8015  InputTransport          com.trainingvalidator.poc            D  Input channel destroyed: 'ClientS', fd=164
2026-02-25 11:40:13.635  8003-8003  SettingsManager         com.trainingvalidator.poc            D  Settings loaded successfully: v2.0.0
2026-02-25 11:40:13.635  8003-8003  SettingsManager         com.trainingvalidator.poc            D    Hysteresis: 5.0°
2026-02-25 11:40:13.635  8003-8003  SettingsManager         com.trainingvalidator.poc            D    Boundary Buffer: 3.0°
2026-02-25 11:40:13.636  8003-8003  SettingsManager         com.trainingvalidator.poc            D    Smoothing Window: 3
2026-02-25 11:40:13.636  8003-8003  SettingsManager         com.trainingvalidator.poc            D    Smoothing Settings:
2026-02-25 11:40:13.636  8003-8003  SettingsManager         com.trainingvalidator.poc            D      Preset: custom
2026-02-25 11:40:13.636  8003-8003  SettingsManager         com.trainingvalidator.poc            D      Use Legacy EMA: false
2026-02-25 11:40:13.636  8003-8003  SettingsManager         com.trainingvalidator.poc            D      MinCutoff: 3.0
2026-02-25 11:40:13.636  8003-8003  SettingsManager         com.trainingvalidator.poc            D      Beta: 0.05
2026-02-25 11:40:13.636  8003-8003  SettingsManager         com.trainingvalidator.poc            D      Legacy Alpha: 1.0
2026-02-25 11:40:13.636  8003-8003  LandmarkSmoother        com.trainingvalidator.poc            D  Creating smoother from settings:
2026-02-25 11:40:13.636  8003-8003  LandmarkSmoother        com.trainingvalidator.poc            D    Preset: custom
2026-02-25 11:40:13.636  8003-8003  LandmarkSmoother        com.trainingvalidator.poc            D    Use Legacy EMA: false
2026-02-25 11:40:13.636  8003-8003  LandmarkSmoother        com.trainingvalidator.poc            D    One Euro Filter - minCutoff: 3.0, beta: 0.05
2026-02-25 11:40:13.638  8003-8003  DecorView               com.trainingvalidator.poc            I  setWindowBackground: isPopOver=false color=ff000000 d=android.graphics.drawable.ColorDrawable@176cf98
2026-02-25 11:40:13.649  8003-8003  ScrollView              com.trainingvalidator.poc            D  initGoToTop
2026-02-25 11:40:13.681  5784-5877  [AirCmd]_A...chDetector com...ng.android.service.aircommand  I  onTaskStackChanged : componentName - ComponentInfo{com.trainingvalidator.poc/com.trainingvalidator.poc.ui.debug.DebugActivity}
2026-02-25 11:40:13.681  5784-5877  [AirCmd]_A...chDetector com...ng.android.service.aircommand  I  onTaskStackChanged :top mTopMostActivity - ComponentInfo{com.trainingvalidator.poc/com.trainingvalidator.poc.ui.profile.ProfileActivity}
2026-02-25 11:40:13.702  8003-8003  QuirkSettingsLoader     com.trainingvalidator.poc            D  QuirkSettings$MetadataHolderService is not found.
2026-02-25 11:40:13.702  8003-8003  CameraX                 com.trainingvalidator.poc            D  QuirkSettings from app metadata: null
2026-02-25 11:40:13.703  8003-8003  CameraX                 com.trainingvalidator.poc            D  QuirkSettings by default: QuirkSettings{enabledWhenDeviceHasQuirk=true, forceEnabledQuirks=[], forceDisabledQuirks=[]}
2026-02-25 11:40:13.708  8003-8126  DeviceQuirks            com.trainingvalidator.poc            D  camera2 DeviceQuirks = 
2026-02-25 11:40:13.708  8003-8003  ViewRootImpl            com.trainingvalidator.poc            D  desktopMode is false
2026-02-25 11:40:13.709  8003-8003  ViewRootImpl            com.trainingvalidator.poc            I  dVRR is disabled
2026-02-25 11:40:13.709  8003-8026  NativeCust...ncyManager com.trainingvalidator.poc            D  [NativeCFMS] BpCustomFrequencyManager::BpCustomFrequencyManager()
2026-02-25 11:40:13.710  8003-8126  CameraManagerGlobal     com.trainingvalidator.poc            I  Connecting to camera service
2026-02-25 11:40:13.713  8003-8126  VendorTagDescriptor     com.trainingvalidator.poc            D  addVendorDescriptor: vendor tag id 14172875900359437128 added
2026-02-25 11:40:13.713  8003-8003  InsetsController        com.trainingvalidator.poc            D  Setting requestedVisibleTypes to -528 (was -9)
2026-02-25 11:40:13.713  8003-8003  InsetsController        com.trainingvalidator.poc            I  setRequestedVisibleTypes: visible=false, mask=statusBars navigationBars captionBar systemOverlays, host=com.trainingvalidator.poc/com.trainingvalidator.poc.ui.debug.DebugActivity, from=android.view.InsetsController.controlAnimationUnchecked:1604 android.view.InsetsController.applyAnimation:2416 android.view.InsetsController.applyAnimation:2343 android.view.InsetsController.hide:1540 android.view.InsetsController.hide:1450 android.view.PendingInsetsController$HideRequest.replay:277 android.view.PendingInsetsController.replayAndAttach:192 android.view.ViewRootImpl.setView:1948 android.view.WindowManagerGlobal.addView:604 android.view.WindowManagerImpl.addView:158 
2026-02-25 11:40:13.714  8003-8079  nativeloader            com.trainingvalidator.poc            D  Load /data/app/~~_XJJmjYmkwhJhCKQBBFfqw==/com.trainingvalidator.poc-_c99RXJFHyWVV_iB3-Eoqg==/base.apk!/lib/arm64-v8a/libmediapipe_tasks_vision_jni.so using class loader ns clns-9 (caller=/data/app/~~_XJJmjYmkwhJhCKQBBFfqw==/com.trainingvalidator.poc-_c99RXJFHyWVV_iB3-Eoqg==/base.apk!classes18.dex): ok
2026-02-25 11:40:13.716  2338-5978  WindowManager           system_server                        D  prepareSync <SYNC_STATE_WAITING_FOR_DRAW>, mPrepareSyncSeqId=0, win=Window{6d8a445 u0 com.trainingvalidator.poc/com.trainingvalidator.poc.ui.debug.DebugActivity}
2026-02-25 11:40:13.716  8003-8122  CameraManagerGlobal     com.trainingvalidator.poc            I  Camera 0 facing CAMERA_FACING_BACK state now CAMERA_STATE_CLOSED for client com.trainingvalidator.poc API Level 2 User Id 0Device Id 0
2026-02-25 11:40:13.716  1687-1873  SurfaceFlinger          surfaceflinger                       I  id=124452 createSurf, flag=84004, 6d8a445 com.trainingvalidator.poc/com.trainingvalidator.poc.ui.debug.DebugActivity#124452
2026-02-25 11:40:13.718  1687-1687  SurfaceFlinger          surfaceflinger                       I  [6d8a445 com.trainingvalidator.poc/com.trainingvalidator.poc.ui.debug.DebugActivity#124452] attach to parent LayerHierarchy{RequestedLayerState{ActivityRecord{206527974 u0 com.trainingvalidator.poc/.ui.debug.DebugActivity t2136}#124451 parentId=123932} 1 children}
2026-02-25 11:40:13.718  8003-8122  CameraManagerGlobal     com.trainingvalidator.poc            I  Camera 1 facing CAMERA_FACING_FRONT state now CAMERA_STATE_CLOSED for client com.trainingvalidator.poc API Level 2 User Id 0Device Id 0
2026-02-25 11:40:13.719  8003-8019  CameraManagerGlobal     com.trainingvalidator.poc            I  Camera 2 facing CAMERA_FACING_BACK state now CAMERA_STATE_CLOSED for client android.system API Level 2 User Id 0Device Id 0
2026-02-25 11:40:13.719  8003-8019  CameraManagerGlobal     com.trainingvalidator.poc            I  Camera 20 facing CAMERA_FACING_BACK state now CAMERA_STATE_CLOSED for client com.sec.android.app.camera API Level 2 User Id 0Device Id 0
2026-02-25 11:40:13.719  8003-8019  CameraManagerGlobal     com.trainingvalidator.poc            I  Camera 21 facing CAMERA_FACING_BACK state now CAMERA_STATE_CLOSED for client com.sec.android.app.camera API Level 2 User Id 0Device Id 0
2026-02-25 11:40:13.719  8003-8019  CameraManagerGlobal     com.trainingvalidator.poc            I  Camera 23 facing CAMERA_FACING_BACK state now CAMERA_STATE_CLOSED for client android.system API Level 2 User Id 0Device Id 0
2026-02-25 11:40:13.720  8003-8019  CameraManagerGlobal     com.trainingvalidator.poc            I  Camera 3 facing CAMERA_FACING_FRONT state now CAMERA_STATE_CLOSED for client android.system API Level 2 User Id 0Device Id 0
2026-02-25 11:40:13.720  8003-8003  InputTransport          com.trainingvalidator.poc            D  Input channel constructed: '6d8a445', fd=163
2026-02-25 11:40:13.720  8003-8019  CameraManagerGlobal     com.trainingvalidator.poc            I  Camera 4 facing CAMERA_FACING_FRONT state now CAMERA_STATE_CLOSED for client client.pid<1535> API Level 2 User Id 0Device Id 0
2026-02-25 11:40:13.720  8003-8019  CameraManagerGlobal     com.trainingvalidator.poc            I  Camera 52 facing CAMERA_FACING_BACK state now CAMERA_STATE_CLOSED for client android.system API Level 2 User Id 0Device Id 0
2026-02-25 11:40:13.720  8003-8019  CameraManagerGlobal     com.trainingvalidator.poc            I  Camera 54 facing CAMERA_FACING_BACK state now CAMERA_STATE_CLOSED for client android.system API Level 2 User Id 0Device Id 0
2026-02-25 11:40:13.720  8003-8003  InsetsController        com.trainingvalidator.poc            I  onStateChanged: host=com.trainingvalidator.poc/com.trainingvalidator.poc.ui.debug.DebugActivity, from=android.view.ViewRootImpl.onInsetsStateChanged:3026, state=InsetsState: {mDisplayFrame=Rect(0, 0 - 1080, 2316), mDisplayCutout=DisplayCutout{insets=Rect(0, 75 - 0, 0) waterfall=Insets{left=0, top=0, right=0, bottom=0} boundingRect={Bounds=[Rect(0, 0 - 0, 0), Rect(512, 0 - 568, 75), Rect(0, 0 - 0, 0), Rect(0, 0 - 0, 0)]} cutoutPathParserInfo={CutoutPathParserInfo{displayWidth=1080 displayHeight=2316 physicalDisplayWidth=1080 physicalDisplayHeight=2316 density={2.8125} cutoutSpec={M 0,0 H -10 V 26.66666666666667 H 10 V 0 H 0 Z @dp} rotation={0} scale={1.0} physicalPixelDisplaySizeRatio={1.0}}} sideOverrides={}}, mRoundedCorners=RoundedCorners{[RoundedCorner{position=TopLeft, radius=11, center=Point(11, 11)}, RoundedCorner{position=TopRight, radius=11, center=Point(1069, 11)}, RoundedCorner{position=BottomRight, radius=11, center=Point(1069, 2305)}, RoundedCorner{position=BottomLeft, radius=11, center=Point(11, 2305)}]}  mRoundedCornerFrame=Rect(0, 0 - 1080, 2316), mPrivacyIndicatorBounds=PrivacyIndicatorBounds {static bounds=Rect(956, 0 - 1080, 75) rotation=0}, mDisplayShape=DisplayShape{ spec=-311912193 displayWidth=1080 displayHeight=2316 physicalPixelDisplaySizeRatio=0.75 rotation=0 offsetX=0 offsetY=0 scale=1.0}, mSources= { InsetsSource: {a59b0000 mType=statusBars mFrame=[0,0][1080,75] mVisible=true mFlags= mSideHint=TOP mBoundingRects=null}, InsetsSource: {a59b0005 mType=mandatorySystemGestures mFrame=[0,0][1080,109] mVisible=true mFlags= mSideHint=TOP mBoundingRects=null}, InsetsSource: {a59b0006 mType=tappableElement mFrame=[0,0][1080,75] mVisible=true mFlags= mSideHint=TOP mBoundingRects=null}, InsetsSource: {3 mType=ime mFrame=[0,0][0,0] mVisible=false mFlags= mSideHint=NONE mBoundingRects=null}, InsetsSource: {27 mType=displayCutout mFrame=[0,0][1080,75] mVisible=true mFlags= mSideHint=TOP mBoundingRects=null}, InsetsSource: {9e20001 mType=navigationBars mFrame=[0,2181][1080,2316] mVisible=true mFlags= mSideHint=BOTTOM mBoundingRects=null}, InsetsSource: {9e20004 mType=systemGestures mFrame=[0,0][0,0] mVisible=true mFlags= mSideHint=NONE mBoundingRects=null}, InsetsSource: {9e20005 mType=mandatorySystemGestures mFrame=[0,2181][1080,2316] mVisible=true mFlags= mSideHint=BOTTOM mBoundingRects=null}, InsetsSource: {9e20006 mType=tappableElement mFrame=[0,2181][1080,2316] mVisible=true mFlags= mSideHint=BOTTOM mBoundingRects=null}, InsetsSource: {9e20024 mType=systemGestures mFrame=[0,0][0,0] mVisible=true mFlags= mSideHint=NONE mBoundingRects=null} }
2026-02-25 11:40:13.721  8003-8019  CameraManagerGlobal     com.trainingvalidator.poc            I  Camera 56 facing CAMERA_FACING_BACK state now CAMERA_STATE_CLOSED for client android.system API Level 2 User Id 0Device Id 0
2026-02-25 11:40:13.721  8003-8003  VRI[DebugA...y]@b461fc5 com.trainingvalidator.poc            I  synced displayState. AttachInfo displayState=2
2026-02-25 11:40:13.721  8003-8019  CameraManagerGlobal     com.trainingvalidator.poc            I  Camera 58 facing CAMERA_FACING_BACK state now CAMERA_STATE_CLOSED for client android.system API Level 2 User Id 0Device Id 0
2026-02-25 11:40:13.721  8003-8019  CameraManagerGlobal     com.trainingvalidator.poc            I  Camera 90 facing CAMERA_FACING_FRONT state now CAMERA_STATE_CLOSED for client android.system API Level 2 User Id 0Device Id 0
2026-02-25 11:40:13.723  8003-8003  VRI[DebugA...y]@b461fc5 com.trainingvalidator.poc            I  setView = com.android.internal.policy.DecorView@46df341 IsHRR=false mFlingFrameRateChange=0 TM=true
2026-02-25 11:40:13.725  2338-5993  CoreBackPreview         system_server                        D  Window{6d8a445 u0 com.trainingvalidator.poc/com.trainingvalidator.poc.ui.debug.DebugActivity}: Setting back callback OnBackInvokedCallbackInfo{mCallback=android.window.IOnBackInvokedCallback$Stub$Proxy@c83f8a8, mPriority=-1, mIsAnimationCallback=false, mOverrideBehavior=0}
2026-02-25 11:40:13.732  8003-8126  Camera2Cam...oordinator com.trainingvalidator.poc            D  Updated concurrent camera map: {0=[1, 3], 1=[0], 3=[0]}
2026-02-25 11:40:13.734  8003-8126  Camera2CameraFactory    com.trainingvalidator.poc            D  Updated available camera list: [] -> [0, 1, 2, 3]
2026-02-25 11:40:13.736  8003-8079  native                  com.trainingvalidator.poc            I  I0000 00:00:1772012413.736641    8079 asset_manager_util.cc:61] Created global reference to asset manager.
2026-02-25 11:40:13.742  2338-5978  WindowManager           system_server                        I  Relayout Window{6d8a445 u0 com.trainingvalidator.poc/com.trainingvalidator.poc.ui.debug.DebugActivity}: viewVisibility=0 req=1080x2316 ty=1 d0
2026-02-25 11:40:13.743  1687-3692  SurfaceFlinger          surfaceflinger                       I  id=124453 createSurf, flag=44004, com.trainingvalidator.poc/com.trainingvalidator.poc.ui.debug.DebugActivity$_8003#124453
2026-02-25 11:40:13.743  1687-1687  SurfaceFlinger          surfaceflinger                       I  [com.trainingvalidator.poc/com.trainingvalidator.poc.ui.debug.DebugActivity$_8003#124453] attach to parent LayerHierarchy{RequestedLayerState{6d8a445 com.trainingvalidator.poc/com.trainingvalidator.poc.ui.debug.DebugActivity#124452 parentId=124451} 1 children}
2026-02-25 11:40:13.744  2338-5978  WindowManager           system_server                        D  makeSurface duration=2 name=com.trainingvalidator.poc/com.trainingvalidator.poc.ui.debug.DebugActivity$_8003
2026-02-25 11:40:13.745  2338-5978  SurfaceComposerClient   system_server                        D  setCornerRadius ## 6d8a445 com.trainingvalidator.poc/com.trainingvalidator.poc.ui.debug.DebugActivity#124452 cornerRadius=0.000000
2026-02-25 11:40:13.745  2338-5978  SurfaceComposerClient   system_server                        D  setCornerRadius ## 6d8a445 com.trainingvalidator.poc/com.trainingvalidator.poc.ui.debug.DebugActivity#124452 cornerRadius=0.000000
2026-02-25 11:40:13.745  2338-5978  BLASTSyncEngine         system_server                        D  SyncGroup 10777:  Unfinished container: ActivityRecord{206527974 u0 com.trainingvalidator.poc/.ui.debug.DebugActivity t2136} mSyncState=2
2026-02-25 11:40:13.746  2338-5978  WindowManager           system_server                        D  Changing focus from null to Window{6d8a445 u0 com.trainingvalidator.poc/com.trainingvalidator.poc.ui.debug.DebugActivity} displayId=0 Callers=com.android.server.wm.WindowManagerService.relayoutWindow:1350 com.android.server.wm.Session.relayout:27 android.view.IWindowSession$Stub.onTransact:829 com.android.server.wm.Session.onTransact:1 
2026-02-25 11:40:13.746  8003-8126  CameraRepository        com.trainingvalidator.poc            D  Added camera: 0
2026-02-25 11:40:13.748  2338-5978  InsetsSourceProvider    system_server                        D  updateControlForTarget: control=InsetsSourceControl: {9e20001 mType=navigationBars initiallyVisible mSurfacePosition=Point(0, 2181) mInsetsHint=Insets{left=0, top=0, right=0, bottom=135}}, target=Window{6d8a445 u0 com.trainingvalidator.poc/com.trainingvalidator.poc.ui.debug.DebugActivity}, from=com.android.server.wm.InsetsStateController.onControlTargetChanged:83 com.android.server.wm.InsetsPolicy.updateBarControlTarget:225 com.android.server.wm.DisplayPolicy.updateSystemBarAttributes:262 com.android.server.wm.WindowManagerService.updateFocusedWindowLocked:372 com.android.server.wm.WindowManagerService.relayoutWindow:1350 
2026-02-25 11:40:13.750  2338-5978  InsetsSourceProvider    system_server                        D  updateControlForTarget: control=InsetsSourceControl: {a59b0000 mType=statusBars initiallyVisible mSurfacePosition=Point(0, 0) mInsetsHint=Insets{left=0, top=75, right=0, bottom=0}}, target=Window{6d8a445 u0 com.trainingvalidator.poc/com.trainingvalidator.poc.ui.debug.DebugActivity}, from=com.android.server.wm.InsetsStateController.onControlTargetChanged:83 com.android.server.wm.InsetsPolicy.updateBarControlTarget:212 com.android.server.wm.DisplayPolicy.updateSystemBarAttributes:262 com.android.server.wm.WindowManagerService.updateFocusedWindowLocked:372 com.android.server.wm.WindowManagerService.relayoutWindow:1350 
2026-02-25 11:40:13.750  2338-5978  WindowManager           system_server                        D  updateSystemBarAttributes: displayId=0, focusedCanBeNavColorWin=false, win=Window{6d8a445 u0 com.trainingvalidator.poc/com.trainingvalidator.poc.ui.debug.DebugActivity}, navColorWin=Window{b1a7c01 u0 com.trainingvalidator.poc/com.trainingvalidator.poc.ui.profile.ProfileActivity}, caller=com.android.server.wm.WindowManagerService.updateFocusedWindowLocked:372 com.android.server.wm.WindowManagerService.relayoutWindow:1350 com.android.server.wm.Session.relayout:27 
2026-02-25 11:40:13.751  8003-8126  CameraQuirks            com.trainingvalidator.poc            D  camera2 CameraQuirks = 
2026-02-25 11:40:13.751  2338-5978  SystemKeyManager        system_server                        V  updateFocusedWindow() is called, com.trainingvalidator.poc/com.trainingvalidator.poc.ui.debug.DebugActivity
2026-02-25 11:40:13.751  8003-8129  TransportR...oScheduler com.trainingvalidator.poc            D  Upload for context TransportContext(cct, DEFAULT, MSRodHRwczovL2ZpcmViYXNlbG9nZ2luZy5nb29nbGVhcGlzLmNvbS92MGNjL2xvZy9iYXRjaD9mb3JtYXQ9anNvbl9wcm90bzNc) is already scheduled. Returning...
2026-02-25 11:40:13.753  8003-8003  libc                    com.trainingvalidator.poc            W  Access denied finding property "vendor.display.enable_optimal_refresh_rate"
2026-02-25 11:40:13.753  8003-8003  BufferQueueProducer     com.trainingvalidator.poc            I  [](id:1f4300000002,api:0,p:0,c:8003) setDequeueTimeout:2077252342
2026-02-25 11:40:13.754  8003-8003  BLASTBufferQueue_Java   com.trainingvalidator.poc            I  new BLASTBufferQueue, mName= VRI[DebugActivity]@b461fc5 mNativeObject= 0xb40000718fdc5320 caller= android.view.ViewRootImpl.updateBlastSurfaceIfNeeded:3585 android.view.ViewRootImpl.relayoutWindow:11685 android.view.ViewRootImpl.performTraversals:4804 android.view.ViewRootImpl.doTraversal:3924 android.view.ViewRootImpl$TraversalRunnable.run:12903 android.view.Choreographer$CallbackRecord.run:1901 android.view.Choreographer$CallbackRecord.run:1910 android.view.Choreographer.doCallbacks:1367 android.view.Choreographer.doFrame:1292 android.view.Choreographer$FrameDisplayEventReceiver.run:1870 
2026-02-25 11:40:13.754  8003-8003  BLASTBufferQueue_Java   com.trainingvalidator.poc            I  update, w= 1080 h= 2316 mName = VRI[DebugActivity]@b461fc5 mNativeObject= 0xb40000718fdc5320 sc.mNativeObject= 0xb40000735fdabe10 format= -1 caller= android.view.ViewRootImpl.updateBlastSurfaceIfNeeded:3590 android.view.ViewRootImpl.relayoutWindow:11685 android.view.ViewRootImpl.performTraversals:4804 android.view.ViewRootImpl.doTraversal:3924 android.view.ViewRootImpl$TraversalRunnable.run:12903 android.view.Choreographer$CallbackRecord.run:1901 
2026-02-25 11:40:13.754  8003-8003  libc                    com.trainingvalidator.poc            W  Access denied finding property "vendor.display.enable_optimal_refresh_rate"
2026-02-25 11:40:13.754  8003-8003  VRI[DebugA...y]@b461fc5 com.trainingvalidator.poc            I  Relayout returned: old=(0,0,1080,2316) new=(0,0,1080,2316) relayoutAsync=false req=(1080,2316)0 dur=12 res=0x3 s={true 0xb40000722fecf420} ch=true seqId=0
2026-02-25 11:40:13.755  8003-8003  VRI[DebugA...y]@b461fc5 com.trainingvalidator.poc            I  performConfigurationChange setNightDimText nightDimLevel=0
2026-02-25 11:40:13.756  8003-8003  VRI[DebugA...y]@b461fc5 com.trainingvalidator.poc            D  mThreadedRenderer.initialize() mSurface={isValid=true 0xb40000722fecf420} hwInitialized=true
2026-02-25 11:40:13.756  8003-8126  Camera2CameraInfo       com.trainingvalidator.poc            I  Device Level: INFO_SUPPORTED_HARDWARE_LEVEL_3
2026-02-25 11:40:13.757  3193-3367  CollapsedS...ragmentExt com.android.systemui                 D  fullscreen    shouldHideIconsForNextAppWindow:false, lastFullscreen(pkg:com.trainingvalidator.poc, flag:false),    keyguard(fa:false, ga:false, oc:false, show:false)
2026-02-25 11:40:13.758  8003-8126  CameraManager           com.trainingvalidator.poc            I  registerAvailabilityCallback: Is device callback = false
2026-02-25 11:40:13.758  8003-8126  CameraManagerGlobal     com.trainingvalidator.poc            I  postSingleUpdate device: camera id 0 status STATUS_PRESENT
2026-02-25 11:40:13.758  8003-8126  CameraManagerGlobal     com.trainingvalidator.poc            I  postSingleUpdate device: camera id 1 status STATUS_PRESENT
2026-02-25 11:40:13.758  8003-8126  CameraManagerGlobal     com.trainingvalidator.poc            I  postSingleUpdate device: camera id 2 status STATUS_PRESENT
2026-02-25 11:40:13.758  8003-8126  CameraManagerGlobal     com.trainingvalidator.poc            I  postSingleUpdate device: camera id 3 status STATUS_PRESENT
2026-02-25 11:40:13.759  8003-8126  CameraRepository        com.trainingvalidator.poc            D  Added camera: 1
2026-02-25 11:40:13.759  8003-8126  CameraQuirks            com.trainingvalidator.poc            D  camera2 CameraQuirks = 
2026-02-25 11:40:13.760  8003-8126  Camera2CameraInfo       com.trainingvalidator.poc            I  Device Level: INFO_SUPPORTED_HARDWARE_LEVEL_FULL
2026-02-25 11:40:13.760  8003-8126  CameraManager           com.trainingvalidator.poc            I  registerAvailabilityCallback: Is device callback = false
2026-02-25 11:40:13.760  8003-8126  CameraManagerGlobal     com.trainingvalidator.poc            I  postSingleUpdate device: camera id 0 status STATUS_PRESENT
2026-02-25 11:40:13.760  8003-8126  CameraManagerGlobal     com.trainingvalidator.poc            I  postSingleUpdate device: camera id 1 status STATUS_PRESENT
2026-02-25 11:40:13.760  8003-8126  CameraManagerGlobal     com.trainingvalidator.poc            I  postSingleUpdate device: camera id 2 status STATUS_PRESENT
2026-02-25 11:40:13.761  8003-8126  CameraManagerGlobal     com.trainingvalidator.poc            I  postSingleUpdate device: camera id 3 status STATUS_PRESENT
2026-02-25 11:40:13.761  8003-8126  CameraRepository        com.trainingvalidator.poc            D  Added camera: 2
2026-02-25 11:40:13.761  8003-8126  CameraQuirks            com.trainingvalidator.poc            D  camera2 CameraQuirks = 
2026-02-25 11:40:13.762  8003-8126  Camera2CameraInfo       com.trainingvalidator.poc            I  Device Level: INFO_SUPPORTED_HARDWARE_LEVEL_LIMITED
2026-02-25 11:40:13.762  8003-8126  CameraManager           com.trainingvalidator.poc            I  registerAvailabilityCallback: Is device callback = false
2026-02-25 11:40:13.762  8003-8126  CameraManagerGlobal     com.trainingvalidator.poc            I  postSingleUpdate device: camera id 0 status STATUS_PRESENT
2026-02-25 11:40:13.762  8003-8126  CameraManagerGlobal     com.trainingvalidator.poc            I  postSingleUpdate device: camera id 1 status STATUS_PRESENT
2026-02-25 11:40:13.762  8003-8126  CameraManagerGlobal     com.trainingvalidator.poc            I  postSingleUpdate device: camera id 2 status STATUS_PRESENT
2026-02-25 11:40:13.762  8003-8126  CameraManagerGlobal     com.trainingvalidator.poc            I  postSingleUpdate device: camera id 3 status STATUS_PRESENT
2026-02-25 11:40:13.763  8003-8126  CameraRepository        com.trainingvalidator.poc            D  Added camera: 3
2026-02-25 11:40:13.763  8003-8126  CameraQuirks            com.trainingvalidator.poc            D  camera2 CameraQuirks = 
2026-02-25 11:40:13.763  8003-8126  Camera2CameraInfo       com.trainingvalidator.poc            I  Device Level: INFO_SUPPORTED_HARDWARE_LEVEL_FULL
2026-02-25 11:40:13.763  8003-8126  CameraManager           com.trainingvalidator.poc            I  registerAvailabilityCallback: Is device callback = false
2026-02-25 11:40:13.763  8003-8126  CameraManagerGlobal     com.trainingvalidator.poc            I  postSingleUpdate device: camera id 0 status STATUS_PRESENT
2026-02-25 11:40:13.765  8003-8126  CameraManagerGlobal     com.trainingvalidator.poc            I  postSingleUpdate device: camera id 1 status STATUS_PRESENT
2026-02-25 11:40:13.765  8003-8126  CameraManagerGlobal     com.trainingvalidator.poc            I  postSingleUpdate device: camera id 2 status STATUS_PRESENT
2026-02-25 11:40:13.765  8003-8126  CameraManagerGlobal     com.trainingvalidator.poc            I  postSingleUpdate device: camera id 3 status STATUS_PRESENT
2026-02-25 11:40:13.767  8003-8126  CameraPresencePrvdr     com.trainingvalidator.poc            I  Starting CameraPresenceProvider monitoring.
2026-02-25 11:40:13.767  8003-8126  CameraPresenceSrc       com.trainingvalidator.poc            I  First observer added. Starting monitoring.
2026-02-25 11:40:13.767  8003-8126  Camera2PresenceSrc      com.trainingvalidator.poc            I  Starting system availability monitoring.
2026-02-25 11:40:13.768  8003-8126  CameraManager           com.trainingvalidator.poc            I  registerAvailabilityCallback: Is device callback = false
2026-02-25 11:40:13.768  8003-8126  CameraManagerGlobal     com.trainingvalidator.poc            I  postSingleUpdate device: camera id 0 status STATUS_PRESENT
2026-02-25 11:40:13.768  8003-8126  CameraManagerGlobal     com.trainingvalidator.poc            I  postSingleUpdate device: camera id 1 status STATUS_PRESENT
2026-02-25 11:40:13.768  8003-8126  CameraManagerGlobal     com.trainingvalidator.poc            I  postSingleUpdate device: camera id 2 status STATUS_PRESENT
2026-02-25 11:40:13.768  8003-8126  CameraManagerGlobal     com.trainingvalidator.poc            I  postSingleUpdate device: camera id 3 status STATUS_PRESENT
2026-02-25 11:40:13.768  8003-8132  Camera2PresenceSrc      com.trainingvalidator.poc            D  System onCameraAvailable: 0
2026-02-25 11:40:13.768  8003-8132  Camera2PresenceSrc      com.trainingvalidator.poc            D  System onCameraAvailable: 1
2026-02-25 11:40:13.768  8003-8132  Camera2PresenceSrc      com.trainingvalidator.poc            D  System onCameraAvailable: 2
2026-02-25 11:40:13.768  8003-8134  Camera2PresenceSrc      com.trainingvalidator.poc            D  System onCameraAvailable: 3
2026-02-25 11:40:13.769  8003-8132  Camera2PresenceSrc      com.trainingvalidator.poc            D  [FetchData] Refreshed camera list: CameraIdentifier{cameraIds=0}, CameraIdentifier{cameraIds=1}, CameraIdentifier{cameraIds=2}, CameraIdentifier{cameraIds=3}
2026-02-25 11:40:13.769  8003-8132  Camera2PresenceSrc      com.trainingvalidator.poc            D  [FetchData] Refreshed camera list: CameraIdentifier{cameraIds=0}, CameraIdentifier{cameraIds=1}, CameraIdentifier{cameraIds=2}, CameraIdentifier{cameraIds=3}
2026-02-25 11:40:13.769  8003-8132  Camera2PresenceSrc      com.trainingvalidator.poc            D  [FetchData] Refreshed camera list: CameraIdentifier{cameraIds=0}, CameraIdentifier{cameraIds=1}, CameraIdentifier{cameraIds=2}, CameraIdentifier{cameraIds=3}
2026-02-25 11:40:13.770  8003-8132  Camera2PresenceSrc      com.trainingvalidator.poc            D  [FetchData] Refreshed camera list: CameraIdentifier{cameraIds=0}, CameraIdentifier{cameraIds=1}, CameraIdentifier{cameraIds=2}, CameraIdentifier{cameraIds=3}
2026-02-25 11:40:13.770  8003-8126  CameraValidator         com.trainingvalidator.poc            D  Verifying camera lens facing on b0q, lensFacingInteger: null
2026-02-25 11:40:13.770  1687-1851  SurfaceFlinger          surfaceflinger                       D  [input] setFocusedWindow: 6d8a445 com.trainingvalidator.poc/com.trainingvalidator.poc.ui.debug.DebugActivity
2026-02-25 11:40:13.770  2338-5970  InputDispatcher         system_server                        D  Once focus requested (0): 6d8a445 com.trainingvalidator.poc/com.trainingvalidator.poc.ui.debug.DebugActivity
2026-02-25 11:40:13.770  2338-5970  InputDispatcher         system_server                        D  Focus request (0): 6d8a445 com.trainingvalidator.poc/com.trainingvalidator.poc.ui.debug.DebugActivity but waiting because NO_WINDOW
2026-02-25 11:40:13.771  8003-8134  Camera2PresenceSrc      com.trainingvalidator.poc            D  [FetchData] Refreshed camera list: CameraIdentifier{cameraIds=0}, CameraIdentifier{cameraIds=1}, CameraIdentifier{cameraIds=2}, CameraIdentifier{cameraIds=3}
2026-02-25 11:40:13.772  8003-8003  VRI[DebugA...y]@b461fc5 com.trainingvalidator.poc            D  reportNextDraw android.view.ViewRootImpl.performTraversals:5443 android.view.ViewRootImpl.doTraversal:3924 android.view.ViewRootImpl$TraversalRunnable.run:12903 android.view.Choreographer$CallbackRecord.run:1901 android.view.Choreographer$CallbackRecord.run:1910 
2026-02-25 11:40:13.772  2338-5971  SurfaceComposerClient   system_server                        D  setCornerRadius ## 6d8a445 com.trainingvalidator.poc/com.trainingvalidator.poc.ui.debug.DebugActivity#124452 cornerRadius=0.000000
2026-02-25 11:40:13.773  8003-8003  VRI[DebugA...y]@b461fc5 com.trainingvalidator.poc            D  Setup new sync=wmsSync-VRI[DebugActivity]@b461fc5#4
2026-02-25 11:40:13.773  8003-8003  VRI[DebugA...y]@b461fc5 com.trainingvalidator.poc            I  Creating new active sync group VRI[DebugActivity]@b461fc5#5
2026-02-25 11:40:13.774  8003-8003  VRI[DebugA...y]@b461fc5 com.trainingvalidator.poc            D  registerCallbacksForSync syncBuffer=false
2026-02-25 11:40:13.773  2338-5971  SurfaceComposerClient   system_server                        D  setCornerRadius ## 6d8a445 com.trainingvalidator.poc/com.trainingvalidator.poc.ui.debug.DebugActivity#124452 cornerRadius=0.000000
2026-02-25 11:40:13.774  2338-5971  BLASTSyncEngine         system_server                        D  SyncGroup 10777:  Unfinished container: ActivityRecord{206527974 u0 com.trainingvalidator.poc/.ui.debug.DebugActivity t2136} mSyncState=2
2026-02-25 11:40:13.777  2338-2427  InsetsSourceProvider    system_server                        D  updateVisibility: serverVisible=true, clientVisible=false, source=InsetsSource: {9e20001 mType=navigationBars mFrame=[0,2181][1080,2316] mVisible=false mFlags= mSideHint=BOTTOM mBoundingRects=null}, controlTarget=Window{6d8a445 u0 com.trainingvalidator.poc/com.trainingvalidator.poc.ui.debug.DebugActivity}, from=com.android.server.wm.InsetsSourceProvider.setClientVisible:8 com.android.server.wm.InsetsSourceProvider.updateClientVisibility:20 com.android.server.wm.InsetsStateController.onRequestedVisibleTypesChanged:44 com.android.server.wm.InsetsStateController$$ExternalSyntheticLambda1.run:172 com.android.server.wm.WindowAnimator$$ExternalSyntheticLambda2.onTransactionCommitted:26 android.view.SurfaceControl$Transaction$$ExternalSyntheticLambda4.run:0 android.os.Handler.handleCallback:995 android.os.Handler.dispatchMessage:103 android.os.Looper.loopOnce:273 android.os.Looper.loop:363 
2026-02-25 11:40:13.777  2338-2427  InsetsSourceProvider    system_server                        D  updateVisibility: serverVisible=true, clientVisible=false, source=InsetsSource: {a59b0000 mType=statusBars mFrame=[0,0][1080,75] mVisible=false mFlags= mSideHint=TOP mBoundingRects=null}, controlTarget=Window{6d8a445 u0 com.trainingvalidator.poc/com.trainingvalidator.poc.ui.debug.DebugActivity}, from=com.android.server.wm.InsetsSourceProvider.setClientVisible:8 com.android.server.wm.InsetsSourceProvider.updateClientVisibility:20 com.android.server.wm.InsetsStateController.onRequestedVisibleTypesChanged:44 com.android.server.wm.InsetsStateController$$ExternalSyntheticLambda1.run:172 com.android.server.wm.WindowAnimator$$ExternalSyntheticLambda2.onTransactionCommitted:26 android.view.SurfaceControl$Transaction$$ExternalSyntheticLambda4.run:0 android.os.Handler.handleCallback:995 android.os.Handler.dispatchMessage:103 android.os.Looper.loopOnce:273 android.os.Looper.loop:363 
2026-02-25 11:40:13.778  1687-1687  SurfaceFlinger          surfaceflinger                       D  Display 4630947232161729154 HWC layers:
