2026-07-16 17:40:24.446 23566-23566 ImeTracker              com.movit.androidApp                 I  system_server:675f3af4: onCancelled at PHASE_CLIENT_ON_CONTROLS_CHANGED
2026-07-16 17:40:24.882 23566-23566 VRI[MovitMainActivity]  com.movit.androidApp                 D  visibilityChanged oldVisibility=true newVisibility=false
2026-07-16 17:40:24.935 23566-23566 AutofillManager         com.movit.androidApp                 I  onInvisibleForAutofill(): expiringResponse
2026-07-16 17:40:30.420 23764-23764 nativeloader            com.movit.androidApp                 D  Load libframework-connectivity-tiramisu-jni.so using APEX ns com_android_tethering for caller /apex/com.android.tethering/javalib/framework-connectivity-t.jar: ok
2026-07-16 17:40:30.489 23764-23764 nativeloader            com.movit.androidApp                 D  Load /data/user/0/com.movit.androidApp/code_cache/startup_agents/69b40b6c-agent.so using system ns (caller=<unknown>): ok
2026-07-16 17:40:30.482 23764-23764 re-initialized>         com.movit.androidApp                 W  type=1400 audit(0.0:511): avc:  granted  { execute } for  path="/data/data/com.movit.androidApp/code_cache/startup_agents/69b40b6c-agent.so" dev="dm-6" ino=1261607 scontext=u:r:untrusted_app_34:s0:c231,c256,c512,c768 tcontext=u:object_r:app_data_file:s0:c231,c256,c512,c768 tclass=file app=com.movit.androidApp
2026-07-16 17:40:30.501 23764-23764 ovit.androidApp         com.movit.androidApp                 W  hiddenapi: DexFile /data/data/com.movit.androidApp/code_cache/.studio/instruments-cbb5ff5f.jar is in boot class path but is not in a known location
2026-07-16 17:40:30.812 23764-23764 ovit.androidApp         com.movit.androidApp                 W  Redefining intrinsic method java.lang.Thread java.lang.Thread.currentThread(). This may cause the unexpected use of the original definition of java.lang.Thread java.lang.Thread.currentThread()in methods that have already been compiled.
2026-07-16 17:40:30.813 23764-23764 ovit.androidApp         com.movit.androidApp                 W  Redefining intrinsic method boolean java.lang.Thread.interrupted(). This may cause the unexpected use of the original definition of boolean java.lang.Thread.interrupted()in methods that have already been compiled.
---------------------------- PROCESS STARTED (23764) for package com.movit.androidApp ----------------------------
2026-07-16 17:40:30.863 23764-23764 ApplicationLoaders      com.movit.androidApp                 D  Returning zygote-cached class loader: /system_ext/framework/androidx.window.extensions.jar
2026-07-16 17:40:30.863 23764-23764 ApplicationLoaders      com.movit.androidApp                 D  Returning zygote-cached class loader: /system_ext/framework/androidx.window.sidecar.jar
2026-07-16 17:40:31.754 23764-23764 nativeloader            com.movit.androidApp                 D  Configuring clns-9 for other apk /data/app/~~tcWzdMmVY49c78cL26sNgQ==/com.movit.androidApp-18jmgct6H-FOkXcg7EfbBQ==/base.apk. target_sdk_version=36, uses_libraries=, library_path=/data/app/~~tcWzdMmVY49c78cL26sNgQ==/com.movit.androidApp-18jmgct6H-FOkXcg7EfbBQ==/lib/x86_64:/data/app/~~tcWzdMmVY49c78cL26sNgQ==/com.movit.androidApp-18jmgct6H-FOkXcg7EfbBQ==/base.apk!/lib/x86_64, permitted_path=/data:/mnt/expand:/data/user/0/com.movit.androidApp
2026-07-16 17:40:31.771 23764-23764 GraphicsEnvironment     com.movit.androidApp                 V  Currently set values for:
2026-07-16 17:40:31.771 23764-23764 GraphicsEnvironment     com.movit.androidApp                 V    angle_gl_driver_selection_pkgs=[]
2026-07-16 17:40:31.772 23764-23764 GraphicsEnvironment     com.movit.androidApp                 V    angle_gl_driver_selection_values=[]
2026-07-16 17:40:31.772 23764-23764 GraphicsEnvironment     com.movit.androidApp                 V  com.movit.androidApp is not listed in per-application setting
2026-07-16 17:40:31.772 23764-23764 GraphicsEnvironment     com.movit.androidApp                 V  No special selections for ANGLE, returning default driver choice
2026-07-16 17:40:31.776 23764-23764 GraphicsEnvironment     com.movit.androidApp                 V  Neither updatable production driver nor prerelease driver is supported.
2026-07-16 17:40:31.929 23764-23764 WM-WrkMgrInitializer    com.movit.androidApp                 D  Initializing WorkManager with default configuration.
2026-07-16 17:40:32.026 23764-23764 WM-PackageManagerHelper com.movit.androidApp                 D  Skipping component enablement for androidx.work.impl.background.systemjob.SystemJobService
2026-07-16 17:40:32.026 23764-23764 WM-Schedulers           com.movit.androidApp                 D  Created SystemJobScheduler and enabled SystemJobService
2026-07-16 17:40:32.098 23764-23779 WM-ForceStopRunnable    com.movit.androidApp                 D  The default process name was not specified.
2026-07-16 17:40:32.100 23764-23779 WM-ForceStopRunnable    com.movit.androidApp                 D  Performing cleanup operations.
2026-07-16 17:40:32.149 23764-23779 WM-ForceStopRunnable    com.movit.androidApp                 D  Application was force-stopped, rescheduling.
2026-07-16 17:40:32.181 23764-23779 WM-SystemJobScheduler   com.movit.androidApp                 D  Scheduling work ID a99f2493-66b9-4628-8d86-533550d14384Job ID 27
2026-07-16 17:40:32.224 23764-23783 DisplayManager          com.movit.androidApp                 I  Choreographer implicitly registered for the refresh rate.
2026-07-16 17:40:32.262 23764-23786 WM-GreedyScheduler      com.movit.androidApp                 D  Cancelling work ID a99f2493-66b9-4628-8d86-533550d14384
2026-07-16 17:40:32.270 23764-23764 DesktopExperienceFlags  com.movit.androidApp                 D  Toggle override initialized to: false
2026-07-16 17:40:32.282 23764-23786 WM-SystemJobScheduler   com.movit.androidApp                 D  Scheduling work ID a99f2493-66b9-4628-8d86-533550d14384Job ID 29
2026-07-16 17:40:32.302 23764-23786 JobInfo                 com.movit.androidApp                 W  Requested important-while-foreground flag for job30 is ignored and takes no effect
2026-07-16 17:40:32.302 23764-23786 WM-SystemJobScheduler   com.movit.androidApp                 D  Scheduling work ID 09ab6c6a-ecd8-45a5-ab05-85b8b71b55a8Job ID 30
2026-07-16 17:40:32.309 23764-23783 GFXSTREAM               com.movit.androidApp                 I  [eglDisplay.cpp(297)] Opening libGLESv1_CM_emulation.so
2026-07-16 17:40:32.311 23764-23783 GFXSTREAM               com.movit.androidApp                 I  [eglDisplay.cpp(297)] Opening libGLESv2_emulation.so
2026-07-16 17:40:32.314 23764-23783 libc                    com.movit.androidApp                 W  Access denied finding property "vendor.mesa.virtgpu.kumquat"
2026-07-16 17:40:32.318 23764-23786 WM-GreedyScheduler      com.movit.androidApp                 D  Starting tracking for 09ab6c6a-ecd8-45a5-ab05-85b8b71b55a8
2026-07-16 17:40:32.322 23764-23783 HWUI                    com.movit.androidApp                 W  Failed to choose config with EGL_SWAP_BEHAVIOR_PRESERVED, retrying without...
2026-07-16 17:40:32.322 23764-23783 HWUI                    com.movit.androidApp                 W  Failed to initialize 101010-2 format, error = EGL_SUCCESS
2026-07-16 17:40:32.360 23764-23786 WM-ConstraintTracker    com.movit.androidApp                 D  NetworkStateTracker24: initial state = NetworkState(isConnected=true, isValidated=true, isMetered=false, isNotRoaming=true)
2026-07-16 17:40:32.360 23764-23786 WM-NetworkStateTracker  com.movit.androidApp                 D  Registering network callback
2026-07-16 17:40:32.373 23764-23786 WM-PackageManagerHelper com.movit.androidApp                 D  Skipping component enablement for androidx.work.impl.background.systemalarm.RescheduleReceiver
2026-07-16 17:40:32.376 23764-23787 WM-NetworkStateTracker  com.movit.androidApp                 D  Network capabilities changed: [ Transports: WIFI Capabilities: NOT_METERED&INTERNET&NOT_RESTRICTED&TRUSTED&NOT_VPN&VALIDATED&NOT_ROAMING&FOREGROUND&NOT_CONGESTED&NOT_SUSPENDED&NOT_VCN_MANAGED&NOT_BANDWIDTH_CONSTRAINED LinkUpBandwidth>=12000Kbps LinkDnBandwidth>=30000Kbps TransportInfo: <SSID: <unknown ssid>, BSSID: 02:00:00:00:00:00, MAC: 02:00:00:00:00:00, IP: /10.0.2.16, Security type: 0, Supplicant state: COMPLETED, Wi-Fi standard: legacy, RSSI: -50, Link speed: 1Mbps, Tx Link speed: 1Mbps, Max Supported Tx Link speed: 11Mbps, Calculated Tx : 0Mbps, Rx Link speed: 2Mbps, Max Supported Rx Link speed: 11Mbps, Calculated Rx : 0Mbps, Frequency: 2447MHz, Net ID: -1, Metered hint: false, score: 100, isUsable: true, CarrierMerged: false, SubscriptionId: -1, IsPrimary: -1, Trusted: true, Restricted: false, Ephemeral: false, OEM paid: false, OEM private: false, OSU AP: false, FQDN: <none>, Provider friendly name: <none>, Requesting package name: <none><none>MLO Information: , Is TID-To-Link negotiation supported by the AP: false, AP MLD Address: <none>, AP MLO Link Id: <none>, AP MLO Affiliated links: <none>, Vendor Data: <none>> SignalStrength: -50 UnderlyingNetworks: Null]
2026-07-16 17:40:32.378 23764-23786 WM-GreedyScheduler      com.movit.androidApp                 D  Constraints met: Scheduling work ID WorkGenerationalId(workSpecId=09ab6c6a-ecd8-45a5-ab05-85b8b71b55a8, generation=0)
2026-07-16 17:40:32.392 23764-23781 WM-Processor            com.movit.androidApp                 D  Processor: processing WorkGenerationalId(workSpecId=09ab6c6a-ecd8-45a5-ab05-85b8b71b55a8, generation=0)
2026-07-16 17:40:32.907 23764-23764 AnalyticsStorage        com.movit.androidApp                 D  Analytics storage initialized: /data/user/0/com.movit.androidApp/files/analytics/pending
2026-07-16 17:40:32.921 23764-23764 CompatChangeReporter    com.movit.androidApp                 D  Compat change id reported: 377864165; UID 10231; state: ENABLED
2026-07-16 17:40:33.025 23764-23764 HWUI                    com.movit.androidApp                 W  Unknown dataspace 0
2026-07-16 17:40:33.039 23764-23764 InsetsController        com.movit.androidApp                 D  Setting requestedVisibleTypes to 501 (was 503)
2026-07-16 17:40:33.061 23764-23798 libc                    com.movit.androidApp                 W  Access denied finding property "vendor.mesa.virtgpu.kumquat"
2026-07-16 17:40:33.063 23764-23764 WM-WorkerWrapper        com.movit.androidApp                 D  Starting work for com.movit.core.data.sync.MovitBackgroundSyncWorker
2026-07-16 17:40:33.071 23764-23794 System.err              com.movit.androidApp                 W  SLF4J(W): No SLF4J providers were found.
2026-07-16 17:40:33.071 23764-23794 System.err              com.movit.androidApp                 W  SLF4J(W): Defaulting to no-operation (NOP) logger implementation
2026-07-16 17:40:33.071 23764-23794 System.err              com.movit.androidApp                 W  SLF4J(W): See https://www.slf4j.org/codes.html#noProviders for further details.
2026-07-16 17:40:33.074 23764-23764 WindowOnBackDispatcher  com.movit.androidApp                 D  setTopOnBackInvokedCallback (unwrapped): android.app.Activity$$ExternalSyntheticLambda0@5d70a8
2026-07-16 17:40:33.579 23764-23769 ovit.androidApp         com.movit.androidApp                 I  Compiler allocated 5250KB to compile void android.view.ViewRootImpl.performTraversals(long)
2026-07-16 17:40:33.646 23764-23764 ovit.androidApp         com.movit.androidApp                 I  hiddenapi: Accessing hidden method Landroid/os/SystemProperties;->addChangeCallback(Ljava/lang/Runnable;)V (runtime_flags=0, domain=platform, api=unsupported) from Landroidx/compose/ui/platform/AndroidComposeView$Companion; (domain=app, TargetSdkVersion=36) using reflection: allowed
2026-07-16 17:40:33.948 23764-23764 VRI[MovitMainActivity]  com.movit.androidApp                 D  WindowInsets changed: 1344x2992 statusBars:[0,151,0,0] navigationBars:[0,0,0,144] mandatorySystemGestures:[0,187,0,144] 
2026-07-16 17:40:34.039 23764-23764 WindowOnBackDispatcher  com.movit.androidApp                 D  setTopOnBackInvokedCallback (unwrapped): androidx.navigationevent.OnBackInvokedInput$createOnBackAnimationCallback$1@852b9a3
2026-07-16 17:40:34.044 23764-23800 AnalyticsStorage        com.movit.androidApp                 D  Analytics storage initialized: /data/user/0/com.movit.androidApp/files/analytics/pending
2026-07-16 17:40:35.032 23764-23764 HWUI                    com.movit.androidApp                 I  Using FreeType backend (prop=Auto)
2026-07-16 17:40:35.188 23764-23764 Surface                 com.movit.androidApp                 I  Creating surface for consumer unnamed-23764-0 with slotExpansion=1 for 64 slots
2026-07-16 17:40:35.204 23764-23764 Surface                 com.movit.androidApp                 I  Creating surface for consumer VRI[MovitMainActivity]#0(BLAST Consumer)0 with slotExpansion=1 for 64 slots
2026-07-16 17:40:35.208 23764-23764 nativeloader            com.movit.androidApp                 D  Load libstats_jni.so using APEX ns com_android_os_statsd for caller /apex/com.android.os.statsd/javalib/framework-statsd.jar: ok
2026-07-16 17:40:35.210 23764-23764 VRI[MovitMainActivity]  com.movit.androidApp                 D  WindowInsets changed: navigationBars:null 
2026-07-16 17:40:35.376 23764-23764 WM-SystemJobService     com.movit.androidApp                 D  onStartJob for WorkGenerationalId(workSpecId=09ab6c6a-ecd8-45a5-ab05-85b8b71b55a8, generation=0)
2026-07-16 17:40:35.381 23764-23780 WM-Processor            com.movit.androidApp                 D  Work WorkGenerationalId(workSpecId=09ab6c6a-ecd8-45a5-ab05-85b8b71b55a8, generation=0) is already enqueued for processing
2026-07-16 17:40:35.383 23764-23780 WM-WorkerWrapper        com.movit.androidApp                 I  Worker result SUCCESS for Work [ id=09ab6c6a-ecd8-45a5-ab05-85b8b71b55a8, tags={ com.movit.core.data.sync.MovitBackgroundSyncWorker } ]
2026-07-16 17:40:35.391 23764-23801 HWUI                    com.movit.androidApp                 I  Davey! duration=2325ms; Flags=1, FrameTimelineVsyncId=3381794, IntendedVsync=12783360596125, Vsync=12783377262791, InputEventId=0, HandleInputStart=12783386131094, AnimationStart=12783386343794, PerformTraversalsStart=12783386458994, DrawStart=12785618767894, FrameDeadline=12783377262791, FrameStartTime=12783386117394, FrameInterval=16666666, WorkloadTarget=16666666, AnimationTime=12783377262791, SyncQueued=12785650417594, SyncStart=12785650947094, IssueDrawCommandsStart=12785651017894, SwapBuffers=12785683226094, FrameCompleted=12785686804094, DequeueBufferDuration=25700, QueueBufferDuration=372500, GpuCompleted=12785686691494, SwapBuffersCompleted=12785686804094, DisplayPresentTime=0, CommandSubmissionCompleted=12785683226094, 
2026-07-16 17:40:35.412 23764-23764 Choreographer           com.movit.androidApp                 I  Skipped 129 frames!  The application may be doing too much work on its main thread.
2026-07-16 17:40:35.434 23764-23764 WM-Processor            com.movit.androidApp                 D  Processor 09ab6c6a-ecd8-45a5-ab05-85b8b71b55a8 executed; reschedule = false
2026-07-16 17:40:35.435 23764-23764 WM-GreedyScheduler      com.movit.androidApp                 D  Stopping tracking for WorkGenerationalId(workSpecId=09ab6c6a-ecd8-45a5-ab05-85b8b71b55a8, generation=0)
2026-07-16 17:40:35.440 23764-23780 WM-GreedyScheduler      com.movit.androidApp                 D  Cancelling work ID 09ab6c6a-ecd8-45a5-ab05-85b8b71b55a8
2026-07-16 17:40:35.440 23764-23764 WM-SystemJobService     com.movit.androidApp                 D  09ab6c6a-ecd8-45a5-ab05-85b8b71b55a8 executed on JobScheduler
2026-07-16 17:40:35.457 23764-23780 WM-NetworkStateTracker  com.movit.androidApp                 D  Unregistering network callback
2026-07-16 17:40:35.457 23764-23776 HWUI                    com.movit.androidApp                 I  Davey! duration=2186ms; Flags=0, FrameTimelineVsyncId=3381809, IntendedVsync=12783560596117, Vsync=12785710596031, InputEventId=0, HandleInputStart=12785726412994, AnimationStart=12785726436994, PerformTraversalsStart=12785736192094, DrawStart=12785736535094, FrameDeadline=12785710596031, FrameStartTime=12785725907994, FrameInterval=16666666, WorkloadTarget=16666666, AnimationTime=12785710596031, SyncQueued=12785742909994, SyncStart=12785743009594, IssueDrawCommandsStart=12785743653694, SwapBuffers=12785744557894, FrameCompleted=12785746850994, DequeueBufferDuration=109300, QueueBufferDuration=222900, GpuCompleted=12785746630494, SwapBuffersCompleted=12785746850994, DisplayPresentTime=0, CommandSubmissionCompleted=12785744557894, 
2026-07-16 17:40:35.496 23764-23764 WM-SystemJobService     com.movit.androidApp                 D  onStopJob for WorkGenerationalId(workSpecId=09ab6c6a-ecd8-45a5-ab05-85b8b71b55a8, generation=0)
2026-07-16 17:40:35.509 23764-23764 InsetsController        com.movit.androidApp                 D  hide(ime())
2026-07-16 17:40:35.510 23764-23764 ImeTracker              com.movit.androidApp                 I  com.movit.androidApp:413ab27b: onCancelled at PHASE_CLIENT_ALREADY_HIDDEN
2026-07-16 17:40:35.867 23764-23764 InteractionJankMonitor  com.movit.androidApp                 W  Initializing without READ_DEVICE_CONFIG permission. enabled=false, interval=1, missedFrameThreshold=3, frameTimeThreshold=64, package=com.movit.androidApp
2026-07-16 17:40:37.172 23764-23764 InsetsController        com.movit.androidApp                 D  show(ime())
2026-07-16 17:40:37.173 23764-23764 ImeTracker              com.movit.androidApp                 I  com.movit.androidApp:bbaa0941: onRequestShow at ORIGIN_CLIENT reason SHOW_SOFT_INPUT_BY_INSETS_API fromUser false userId 0 displayId 0
2026-07-16 17:40:37.176 23764-23764 InsetsController        com.movit.androidApp                 D  Setting requestedVisibleTypes to 509 (was 501)
2026-07-16 17:40:37.222 23764-23764 AssistStructure         com.movit.androidApp                 I  Flattened final assist data: 944 bytes, containing 1 windows, 5 views
2026-07-16 17:40:37.253 23764-23764 ImeTracker              com.movit.androidApp                 I  com.movit.androidApp:e585f455: onRequestShow at ORIGIN_CLIENT reason SHOW_SOFT_INPUT fromUser false userId 0 displayId 0
2026-07-16 17:40:37.253 23764-23764 InsetsController        com.movit.androidApp                 D  show(ime())
2026-07-16 17:40:37.253 23764-23764 ImeTracker              com.movit.androidApp                 I  com.movit.androidApp:e585f455: onCancelled at PHASE_CLIENT_REPORT_REQUESTED_VISIBLE_TYPES
2026-07-16 17:40:37.253 23764-23764 RemoteInpu...ectionImpl com.movit.androidApp                 W  requestCursorUpdates on inactive InputConnection
2026-07-16 17:40:37.257 23764-23764 Autofill Status         com.movit.androidApp                 D  Autofill popup isn't shown because autofill is not available.
                                                                                                    
                                                                                                    Did you set up autofill?
                                                                                                    1. Go to Settings > System > Languages&input > Advanced > Autofill Service
                                                                                                    2. Pick a service
                                                                                                    
                                                                                                    Did you add an account?
                                                                                                    1. Go to Settings > System > Languages&input > Advanced
                                                                                                    2. Click on the settings icon next to the Autofill Service
                                                                                                    3. Add your account
2026-07-16 17:40:37.383 23764-23764 VRI[MovitMainActivity]  com.movit.androidApp                 D  WindowInsets changed: navigationBars:[0,0,0,144] 
2026-07-16 17:40:37.522 23764-23764 InsetsController        com.movit.androidApp                 D  show(ime())
2026-07-16 17:40:37.522 23764-23764 ImeTracker              com.movit.androidApp                 I  com.movit.androidApp:a7ab946: onRequestShow at ORIGIN_CLIENT reason SHOW_SOFT_INPUT_BY_INSETS_API fromUser false userId 0 displayId 0
2026-07-16 17:40:37.522 23764-23764 ImeTracker              com.movit.androidApp                 I  com.movit.androidApp:a7ab946: onCancelled at PHASE_CLIENT_APPLY_ANIMATION
2026-07-16 17:40:37.530 23764-23764 ImeTracker              com.movit.androidApp                 I  com.movit.androidApp:c2cffd3: onRequestShow at ORIGIN_CLIENT reason SHOW_SOFT_INPUT fromUser false userId 0 displayId 0
2026-07-16 17:40:37.531 23764-23764 InsetsController        com.movit.androidApp                 D  show(ime())
2026-07-16 17:40:37.531 23764-23764 ImeTracker              com.movit.androidApp                 I  com.movit.androidApp:c2cffd3: onCancelled at PHASE_CLIENT_APPLY_ANIMATION
2026-07-16 17:40:37.684 23764-23764 ImeTracker              com.movit.androidApp                 I  com.movit.androidApp:bbaa0941: onShown
2026-07-16 17:40:37.795 23764-23812 ProfileInstaller        com.movit.androidApp                 D  Installing profile for com.movit.androidApp
2026-07-16 17:40:40.444 23764-23770 ovit.androidApp         com.movit.androidApp                 I  Background concurrent mark compact GC freed 6887KB AllocSpace bytes, 18(864KB) LOS objects, 49% free, 7644KB/14MB, paused 1.659ms,11.488ms total 41.499ms
2026-07-16 17:40:48.889 23764-23764 AssistStructure         com.movit.androidApp                 I  Flattened final assist data: 968 bytes, containing 1 windows, 5 views
2026-07-16 17:40:48.924 23764-23764 InsetsController        com.movit.androidApp                 D  show(ime())
2026-07-16 17:40:48.924 23764-23764 ImeTracker              com.movit.androidApp                 I  com.movit.androidApp:dc227023: onRequestShow at ORIGIN_CLIENT reason SHOW_SOFT_INPUT_BY_INSETS_API fromUser false userId 0 displayId 0
2026-07-16 17:40:48.924 23764-23764 ImeTracker              com.movit.androidApp                 I  com.movit.androidApp:dc227023: onCancelled at PHASE_CLIENT_APPLY_ANIMATION
2026-07-16 17:40:48.972 23764-23764 Autofill Status         com.movit.androidApp                 D  Autofill popup isn't shown because autofill is not available.
                                                                                                    
                                                                                                    Did you set up autofill?
                                                                                                    1. Go to Settings > System > Languages&input > Advanced > Autofill Service
                                                                                                    2. Pick a service
                                                                                                    
                                                                                                    Did you add an account?
                                                                                                    1. Go to Settings > System > Languages&input > Advanced
                                                                                                    2. Click on the settings icon next to the Autofill Service
                                                                                                    3. Add your account
2026-07-16 17:40:48.972 23764-23764 ImeTracker              com.movit.androidApp                 I  com.movit.androidApp:1d683ee2: onRequestShow at ORIGIN_CLIENT reason SHOW_SOFT_INPUT fromUser false userId 0 displayId 0
2026-07-16 17:40:48.973 23764-23764 InsetsController        com.movit.androidApp                 D  show(ime())
2026-07-16 17:40:48.973 23764-23764 ImeTracker              com.movit.androidApp                 I  com.movit.androidApp:1d683ee2: onCancelled at PHASE_CLIENT_APPLY_ANIMATION
2026-07-16 17:40:57.566 23764-23796 AnalyticsStorage        com.movit.androidApp                 D  Analytics storage initialized: /data/user/0/com.movit.androidApp/files/analytics/pending
2026-07-16 17:40:57.667 23764-23764 InsetsController        com.movit.androidApp                 D  hide(ime())
2026-07-16 17:40:57.667 23764-23764 ImeTracker              com.movit.androidApp                 I  com.movit.androidApp:a3c1e7a: onRequestHide at ORIGIN_CLIENT reason HIDE_SOFT_INPUT_BY_INSETS_API fromUser false userId 0 displayId 0
2026-07-16 17:40:57.667 23764-23764 InsetsController        com.movit.androidApp                 D  Setting requestedVisibleTypes to 501 (was 509)
2026-07-16 17:40:57.738 23764-23764 ImeTracker              com.movit.androidApp                 I  com.movit.androidApp:2a7d0a5: onCancelled at PHASE_CLIENT_ON_CONTROLS_CHANGED
2026-07-16 17:40:57.749 23764-23764 VRI[MovitMainActivity]  com.movit.androidApp                 D  WindowInsets changed: navigationBars:null 
2026-07-16 17:40:59.147 23764-23770 ovit.androidApp         com.movit.androidApp                 I  Background young concurrent mark compact GC freed 4641KB AllocSpace bytes, 6(384KB) LOS objects, 29% free, 10MB/14MB, paused 1.469ms,13.034ms total 62.996ms
2026-07-16 17:40:59.260 23764-23770 ovit.androidApp         com.movit.androidApp                 I  Background concurrent mark compact GC freed 5376KB AllocSpace bytes, 0(0B) LOS objects, 49% free, 21MB/42MB, paused 1.134ms,12.480ms total 36.597ms
2026-07-16 17:40:59.653 23764-23770 ovit.androidApp         com.movit.androidApp                 I  Background young concurrent mark compact GC freed 1776KB AllocSpace bytes, 1(4992KB) LOS objects, 46% free, 22MB/42MB, paused 3.245ms,11.493ms total 30.192ms
2026-07-16 17:41:01.576 23764-23770 ovit.androidApp         com.movit.androidApp                 I  Background concurrent mark compact GC freed 10MB AllocSpace bytes, 67(13MB) LOS objects, 50% free, 20MB/41MB, paused 1.432ms,21.861ms total 69.672ms
2026-07-16 17:41:02.250 23764-23770 ovit.androidApp         com.movit.androidApp                 I  Background young concurrent mark compact GC freed 9744KB AllocSpace bytes, 50(5776KB) LOS objects, 38% free, 25MB/41MB, paused 1.554ms,21.794ms total 62.079ms
2026-07-16 17:41:02.667 23764-23770 ovit.androidApp         com.movit.androidApp                 I  Background concurrent mark compact GC freed 6112KB AllocSpace bytes, 33(5280KB) LOS objects, 39% free, 37MB/61MB, paused 2.182ms,26.545ms total 112.888ms
2026-07-16 17:41:02.855 23764-23770 ovit.androidApp         com.movit.androidApp                 I  Background young concurrent mark compact GC freed 400KB AllocSpace bytes, 3(2496KB) LOS objects, 13% free, 52MB/61MB, paused 1.266ms,14.550ms total 25.815ms
2026-07-16 17:41:03.006 23764-23770 ovit.androidApp         com.movit.androidApp                 I  Background concurrent mark compact GC freed 224KB AllocSpace bytes, 27(22MB) LOS objects, 36% free, 42MB/66MB, paused 1.549ms,24.943ms total 65.365ms
2026-07-16 17:41:03.265 23764-23770 ovit.androidApp         com.movit.androidApp                 I  Background young concurrent mark compact GC freed 448KB AllocSpace bytes, 7(5872KB) LOS objects, 10% free, 59MB/66MB, paused 1.292ms,33.413ms total 43.168ms
2026-07-16 17:41:03.387 23764-23770 ovit.androidApp         com.movit.androidApp                 I  Background concurrent mark compact GC freed 192KB AllocSpace bytes, 31(25MB) LOS objects, 35% free, 42MB/66MB, paused 2.516ms,23.365ms total 69.743ms
2026-07-16 17:41:03.641 23764-23770 ovit.androidApp         com.movit.androidApp                 I  Background young concurrent mark compact GC freed 480KB AllocSpace bytes, 7(5840KB) LOS objects, 10% free, 60MB/66MB, paused 2.283ms,14.539ms total 29.623ms
2026-07-16 17:41:03.769 23764-23770 ovit.androidApp         com.movit.androidApp                 I  Background concurrent mark compact GC freed 224KB AllocSpace bytes, 33(26MB) LOS objects, 36% free, 42MB/66MB, paused 2.946ms,25.458ms total 74.675ms
2026-07-16 17:41:04.005 23764-23770 ovit.androidApp         com.movit.androidApp                 I  Background young concurrent mark compact GC freed 480KB AllocSpace bytes, 7(5872KB) LOS objects, 10% free, 59MB/66MB, paused 2.333ms,15.157ms total 27.351ms
2026-07-16 17:41:04.120 23764-23770 ovit.androidApp         com.movit.androidApp                 I  Background concurrent mark compact GC freed 192KB AllocSpace bytes, 32(26MB) LOS objects, 36% free, 42MB/66MB, paused 1.143ms,24.186ms total 67.535ms
2026-07-16 17:41:04.259 23764-23796 SQLiteConnection        com.movit.androidApp                 I  Long db operation: /data/user/0/com.movit.androidApp/databases/movit_local.db
