2026-06-14 15:29:52.644 10820-10820 SurfaceComposerClient   com.trainingvalidator.poc            D  setCornerRadius ## 95170a4 SurfaceView[com.trainingvalidator.poc/com.movit.MovitMainActivity]@0#4464 cornerRadius=0.000000
2026-06-14 15:29:52.645 10820-10820 SurfaceView             com.trainingvalidator.poc            I  156332196 surfaceDestroyed
2026-06-14 15:29:52.645 10820-10820 SV[1563321...nActivity] com.trainingvalidator.poc            I  surfaceDestroyed callback.size 1 #2 android.view.SurfaceView{95170a4 V.E...... ........ 0,0-1440,1080}
2026-06-14 15:29:52.645 10820-10820 SurfaceViewImpl         com.trainingvalidator.poc            D  Surface destroyed.
2026-06-14 15:29:52.645 10820-10820 SurfaceViewImpl         com.trainingvalidator.poc            D  Surface closed androidx.camera.core.SurfaceRequest@d8611c8
2026-06-14 15:29:52.645 10820-10820 DeferrableSurface       com.trainingvalidator.poc            D  surface closed,  useCount=2 closed=true androidx.camera.core.SurfaceRequest$2@430b261
2026-06-14 15:29:52.645 10820-10820 SV[1563321...nActivity] com.trainingvalidator.poc            I  updateSurface: mVisible = false mSurface.isValid() = true
2026-06-14 15:29:52.646 10820-10820 SV[1563321...nActivity] com.trainingvalidator.poc            I  releaseSurfaces: viewRoot = VRI[MovitMainActivity]@26ecbe8
2026-06-14 15:29:52.646 10820-10820 SurfaceView             com.trainingvalidator.poc            V  Layout: x=-133 y=250 w=1440 h=1080, frame=Rect(0, 0 - 1440, 1080)
2026-06-14 15:29:52.646 10820-10820 SurfaceView             com.trainingvalidator.poc            I  156332196 Detaching SV
2026-06-14 15:29:52.646 10820-10820 SurfaceView             com.trainingvalidator.poc            I  156332196 Changes: creating=false format=false size=false visible=false alpha=false hint=false left=false top=false z=false attached=false lifecycleStrategy=false
2026-06-14 15:29:52.646 10820-10820 SV[1563321...nActivity] com.trainingvalidator.poc            I  onDetachedFromWindow: tryReleaseSurfaces()
2026-06-14 15:29:52.646 10820-10820 SV[1563321...nActivity] com.trainingvalidator.poc            I  releaseSurfaces: viewRoot = VRI[MovitMainActivity]@26ecbe8
2026-06-14 15:29:52.660 10820-10820 DeferrableSurface       com.trainingvalidator.poc            D  surface closed,  useCount=0 closed=true androidx.camera.core.processing.SurfaceEdge$SettableSurface@bd52ce5
2026-06-14 15:29:52.660 10820-10820 DeferrableSurface       com.trainingvalidator.poc            D  Surface terminated[total_surfaces=2, used_surfaces=2](androidx.camera.core.processing.SurfaceEdge$SettableSurface@bd52ce5}
2026-06-14 15:29:52.660 10820-10985 Camera2CameraImpl       com.trainingvalidator.poc            D  {Camera@2f972ab[id=1]} Use case androidx.camera.core.ImageAnalysis-5684674a-1ee6-4156-8ccb-c707ddd2db29224962428 INACTIVE
2026-06-14 15:29:52.660 10820-10820 DeferrableSurface       com.trainingvalidator.poc            D  use count-1,  useCount=1 closed=true androidx.camera.core.SurfaceRequest$2@430b261
2026-06-14 15:29:52.660 10820-10820 DeferrableSurface       com.trainingvalidator.poc            D  surface closed,  useCount=1 closed=true androidx.camera.core.impl.ImmediateSurface@f844c99
2026-06-14 15:29:52.661 10820-10985 UseCaseAttachState      com.trainingvalidator.poc            D  Active and attached use case: [androidx.camera.core.Preview-9e4b81b9-dcca-484b-91ab-347091f9759f152866415] for camera: 1
2026-06-14 15:29:52.661 10820-10820 VRI[MovitM...y]@26ecbe8 com.trainingvalidator.poc            I  registerCallbackForPendingTransactions
2026-06-14 15:29:52.666 10820-10985 CaptureSession          com.trainingvalidator.poc            D  Attempting to submit CaptureRequest after setting
2026-06-14 15:29:52.666 10820-10985 CaptureSession          com.trainingvalidator.poc            D  Issuing request for session.
2026-06-14 15:29:52.666 10820-10985 Camera2Cap...estBuilder com.trainingvalidator.poc            D  createCaptureRequest
2026-06-14 15:29:52.668 10820-10985 Camera2Cap...estBuilder com.trainingvalidator.poc            D  applyAeFpsRange: expectedFrameRateRange = [0, 0]
2026-06-14 15:29:52.668 10820-10985 Camera2Cap...estBuilder com.trainingvalidator.poc            D  applyVideoStabilization: mode = null
2026-06-14 15:29:52.673 10820-10869 SurfaceView             com.trainingvalidator.poc            D  126485302 windowPositionLost, frameNr = 783
2026-06-14 15:29:52.674 10820-10880 VRI[MovitM...y]@26ecbe8 com.trainingvalidator.poc            I  mWNT: t=0xb400006f59f682d0 mBlastBufferQueue=0xb400007199f752c0 fn= 783 HdrRenderState mRenderHdrSdrRatio=1.0 caller= android.view.ViewRootImpl$10.onFrameDraw:6536 android.view.ViewRootImpl$4.onFrameDraw:2489 android.view.ThreadedRenderer$1.onFrameDraw:718 
2026-06-14 15:29:52.674 10820-10985 Camera2CameraImpl       com.trainingvalidator.poc            D  {Camera@2f972ab[id=1]} Use cases [androidx.camera.core.Preview-9e4b81b9-dcca-484b-91ab-347091f9759f152866415, androidx.camera.core.ImageAnalysis-5684674a-1ee6-4156-8ccb-c707ddd2db29224962428] now DETACHED for camera
2026-06-14 15:29:52.674 10820-10985 UseCaseAttachState      com.trainingvalidator.poc            D  All use case: [] for camera: 1
2026-06-14 15:29:52.675 10820-10985 Camera2CameraImpl       com.trainingvalidator.poc            D  {Camera@2f972ab[id=1]} Resetting Capture Session
2026-06-14 15:29:52.675 10820-10985 SyncCaptureSessionImpl  com.trainingvalidator.poc            D  [androidx.camera.camera2.internal.SynchronizedCaptureSessionImpl@7093970] Session call close()
2026-06-14 15:29:52.675 10820-10985 Camera2CameraImpl       com.trainingvalidator.poc            D  {Camera@2f972ab[id=1]} Releasing session in state OPENED
2026-06-14 15:29:52.675 10820-10985 Camera2CameraControlImp com.trainingvalidator.poc            D  setActive: isActive = false
2026-06-14 15:29:52.675 10820-10985 UseCaseAttachState      com.trainingvalidator.poc            D  Active and attached use case: [] for camera: 1
2026-06-14 15:29:52.676 10820-10985 UseCaseAttachState      com.trainingvalidator.poc            D  Active and attached use case: [] for camera: 1
2026-06-14 15:29:52.676 10820-10820 TrainingPipeline        com.trainingvalidator.poc            I  milestone | report ready id=96d32854-c614-4052-b878-6c1feebd5434
2026-06-14 15:29:52.676 10820-10985 VideoUsageControl       com.trainingvalidator.poc            D  resetDirectly: mVideoUsage reset!
2026-06-14 15:29:52.676 10820-10985 Camera2CameraImpl       com.trainingvalidator.poc            D  {Camera@2f972ab[id=1]} Closing camera.
2026-06-14 15:29:52.676 10820-10985 Camera2CameraImpl       com.trainingvalidator.poc            D  {Camera@2f972ab[id=1]} Transitioning camera internal state: OPENED --> CLOSING
2026-06-14 15:29:52.677 10820-10985 CameraStateRegistry     com.trainingvalidator.poc            D  Recalculating open cameras:
                                                                                                    Camera                                       State                 
                                                                                                    -------------------------------------------------------------------
                                                                                                    Camera@2923033[id=0]                         UNKNOWN               
                                                                                                    Camera@2f972ab[id=1]                         CLOSING               
                                                                                                    Camera@4211152[id=2]                         UNKNOWN               
                                                                                                    Camera@ba3d34c[id=3]                         UNKNOWN               
                                                                                                    -------------------------------------------------------------------
                                                                                                    Open count: 1 (Max allowed: 1)
2026-06-14 15:29:52.677 10820-10985 CameraStateMachine      com.trainingvalidator.poc            D  New public camera state CameraState{type=CLOSING, error=null} from CLOSING and null
2026-06-14 15:29:52.677 10820-10985 CameraStateMachine      com.trainingvalidator.poc            D  Publishing new public camera state CameraState{type=CLOSING, error=null}
2026-06-14 15:29:52.677 10820-10985 Camera2CameraImpl       com.trainingvalidator.poc            D  {Camera@2f972ab[id=1]} Resetting Capture Session
2026-06-14 15:29:52.677 10820-10985 Camera2CameraImpl       com.trainingvalidator.poc            D  {Camera@2f972ab[id=1]} Skipping Capture Session state check due to current camera state: CLOSING and previous session status: false
2026-06-14 15:29:52.677 10820-10985 Camera2CameraImpl       com.trainingvalidator.poc            D  {Camera@2f972ab[id=1]} Releasing session in state CLOSING
2026-06-14 15:29:52.677 10820-10985 SyncCaptureSessionImpl  com.trainingvalidator.poc            D  [androidx.camera.camera2.internal.SynchronizedCaptureSessionImpl@7093970] Session call super.close()
2026-06-14 15:29:52.678 10820-10985 UseCaseAttachState      com.trainingvalidator.poc            D  Active and attached use case: [] for camera: 1
2026-06-14 15:29:52.678 10820-10985 CaptureSession          com.trainingvalidator.poc            D  onSessionFinished()
2026-06-14 15:29:52.678 10820-10985 Camera2CameraImpl       com.trainingvalidator.poc            D  {Camera@2f972ab[id=1]} closing camera
2026-06-14 15:29:52.700 10820-11648 BufferQueueProducer     com.trainingvalidator.poc            E  [95170a4 SurfaceView[com.trainingvalidator.poc/com.movit.MovitMainActivity]@0#1(BLAST Consumer)1](id:2a4400000003,api:4,p:2215,c:10820) cancelBuffer: BufferQueue has been abandoned
2026-06-14 15:29:52.701 10820-11648 BufferQueueProducer     com.trainingvalidator.poc            E  [95170a4 SurfaceView[com.trainingvalidator.poc/com.movit.MovitMainActivity]@0#1(BLAST Consumer)1](id:2a4400000003,api:4,p:2215,c:10820) cancelBuffer: BufferQueue has been abandoned
2026-06-14 15:29:52.704 10820-11648 BufferQueueProducer     com.trainingvalidator.poc            E  [95170a4 SurfaceView[com.trainingvalidator.poc/com.movit.MovitMainActivity]@0#1(BLAST Consumer)1](id:2a4400000003,api:4,p:2215,c:10820) cancelBuffer: BufferQueue has been abandoned
2026-06-14 15:29:52.706 10820-11648 BufferQueueProducer     com.trainingvalidator.poc            E  [95170a4 SurfaceView[com.trainingvalidator.poc/com.movit.MovitMainActivity]@0#1(BLAST Consumer)1](id:2a4400000003,api:4,p:2215,c:10820) cancelBuffer: BufferQueue has been abandoned
2026-06-14 15:29:52.706 10820-11648 BufferQueueProducer     com.trainingvalidator.poc            E  [95170a4 SurfaceView[com.trainingvalidator.poc/com.movit.MovitMainActivity]@0#1(BLAST Consumer)1](id:2a4400000003,api:4,p:2215,c:10820) cancelBuffer: BufferQueue has been abandoned
2026-06-14 15:29:52.707 10820-11697 BufferQueueProducer     com.trainingvalidator.poc            E  [95170a4 SurfaceView[com.trainingvalidator.poc/com.movit.MovitMainActivity]@0#1(BLAST Consumer)1](id:2a4400000003,api:4,p:2215,c:10820) cancelBuffer: BufferQueue has been abandoned
2026-06-14 15:29:52.711 10820-11648 CameraManagerGlobal     com.trainingvalidator.poc            I  Camera 1 facing CAMERA_FACING_FRONT state now CAMERA_STATE_IDLE for client com.trainingvalidator.poc API Level 2 User Id 0Device Id 0
2026-06-14 15:29:52.765 10820-10820 BLASTBufferQueue_Java   com.trainingvalidator.poc            I  update, w= 1080 h= 2316 mName = VRI[MovitMainActivity]@26ecbe8 mNativeObject= 0xb400007199f752c0 sc.mNativeObject= 0xb400007189f62010 format= -3 caller= android.view.ViewRootImpl.updateBlastSurfaceIfNeeded:3574 android.view.ViewRootImpl.relayoutWindow:11685 android.view.ViewRootImpl.performTraversals:4804 android.view.ViewRootImpl.doTraversal:3924 android.view.ViewRootImpl$TraversalRunnable.run:12903 android.view.Choreographer$CallbackRecord.run:1901 
2026-06-14 15:29:52.765 10820-10820 VRI[MovitM...y]@26ecbe8 com.trainingvalidator.poc            I  Relayout returned: old=(0,0,1080,2316) new=(0,0,1080,2316) relayoutAsync=true req=(1080,2316)0 dur=0 res=0x0 s={true 0xb4000071a9f827b0} ch=false seqId=0
2026-06-14 15:29:52.765 10820-10820 VRI[MovitM...y]@26ecbe8 com.trainingvalidator.poc            I  registerCallbackForPendingTransactions
2026-06-14 15:29:52.785 10820-10820 StreamStateObserver     com.trainingvalidator.poc            D  Update Preview stream state to IDLE
2026-06-14 15:29:52.786 10820-10879 VRI[MovitM...y]@26ecbe8 com.trainingvalidator.poc            I  mWNT: t=0xb400006f59f86950 mBlastBufferQueue=0xb400007199f752c0 fn= 785 HdrRenderState mRenderHdrSdrRatio=1.0 caller= android.view.ViewRootImpl$10.onFrameDraw:6536 android.view.ViewRootImpl$4.onFrameDraw:2489 android.view.ThreadedRenderer$1.onFrameDraw:718 
2026-06-14 15:29:52.824 10820-11648 CameraManagerGlobal     com.trainingvalidator.poc            I  postSingleUpdate device: camera id 1 status STATUS_PRESENT
2026-06-14 15:29:52.824 10820-11648 CameraManagerGlobal     com.trainingvalidator.poc            I  postSingleUpdate device: camera id 1 status STATUS_PRESENT
2026-06-14 15:29:52.825 10820-11648 CameraManagerGlobal     com.trainingvalidator.poc            I  postSingleUpdate device: camera id 1 status STATUS_PRESENT
2026-06-14 15:29:52.825 10820-11648 CameraManagerGlobal     com.trainingvalidator.poc            I  postSingleUpdate device: camera id 1 status STATUS_PRESENT
2026-06-14 15:29:52.825 10820-10989 Camera2PresenceSrc      com.trainingvalidator.poc            D  System onCameraAvailable: 1
2026-06-14 15:29:52.825 10820-11648 CameraManagerGlobal     com.trainingvalidator.poc            I  postSingleUpdate device: camera id 1 status STATUS_PRESENT
2026-06-14 15:29:52.826 10820-10989 Camera2PresenceSrc      com.trainingvalidator.poc            D  [FetchData] Refreshed camera list: CameraIdentifier{cameraIds=0}, CameraIdentifier{cameraIds=1}, CameraIdentifier{cameraIds=2}, CameraIdentifier{cameraIds=3}
2026-06-14 15:29:52.827 10820-11648 CameraManagerGlobal     com.trainingvalidator.poc            I  Camera 1 facing CAMERA_FACING_FRONT state now CAMERA_STATE_CLOSED for client com.trainingvalidator.poc API Level 2 User Id 0Device Id 0
2026-06-14 15:29:52.827 10820-10992 DeferrableSurface       com.trainingvalidator.poc            D  use count-1,  useCount=0 closed=true androidx.camera.core.SurfaceRequest$2@430b261
2026-06-14 15:29:52.827 10820-10992 DeferrableSurface       com.trainingvalidator.poc            D  Surface no longer in use[total_surfaces=2, used_surfaces=1](androidx.camera.core.SurfaceRequest$2@430b261}
2026-06-14 15:29:52.827 10820-10992 DeferrableSurface       com.trainingvalidator.poc            D  Surface terminated[total_surfaces=1, used_surfaces=1](androidx.camera.core.SurfaceRequest$2@430b261}
2026-06-14 15:29:52.827 10820-10992 DeferrableSurface       com.trainingvalidator.poc            D  use count-1,  useCount=0 closed=true androidx.camera.core.impl.ImmediateSurface@f844c99
2026-06-14 15:29:52.827 10820-10992 DeferrableSurface       com.trainingvalidator.poc            D  Surface no longer in use[total_surfaces=1, used_surfaces=0](androidx.camera.core.impl.ImmediateSurface@f844c99}
2026-06-14 15:29:52.827 10820-10992 DeferrableSurface       com.trainingvalidator.poc            D  Surface terminated[total_surfaces=0, used_surfaces=0](androidx.camera.core.impl.ImmediateSurface@f844c99}
2026-06-14 15:29:52.828 10820-10992 Camera2CameraImpl       com.trainingvalidator.poc            D  {Camera@2f972ab[id=1]} CameraDevice.onClosed()
2026-06-14 15:29:52.828 10820-10992 Camera2CameraImpl       com.trainingvalidator.poc            D  {Camera@2f972ab[id=1]} Transitioning camera internal state: CLOSING --> INITIALIZED
2026-06-14 15:29:52.828 10820-10992 CameraStateRegistry     com.trainingvalidator.poc            D  Recalculating open cameras:
                                                                                                    Camera                                       State                 
                                                                                                    -------------------------------------------------------------------
                                                                                                    Camera@2923033[id=0]                         UNKNOWN               
                                                                                                    Camera@2f972ab[id=1]                         CLOSED                
                                                                                                    Camera@4211152[id=2]                         UNKNOWN               
                                                                                                    Camera@ba3d34c[id=3]                         UNKNOWN               
                                                                                                    -------------------------------------------------------------------
                                                                                                    Open count: 0 (Max allowed: 1)
2026-06-14 15:29:52.828 10820-10992 CameraStateMachine      com.trainingvalidator.poc            D  New public camera state CameraState{type=CLOSED, error=null} from CLOSED and null
2026-06-14 15:29:52.828 10820-10992 CameraStateMachine      com.trainingvalidator.poc            D  Publishing new public camera state CameraState{type=CLOSED, error=null}
2026-06-14 15:29:52.828 10820-10992 SyncCaptureSessionImpl  com.trainingvalidator.poc            D  [androidx.camera.camera2.internal.SynchronizedCaptureSessionImpl@7093970] onClosed()
2026-06-14 15:29:52.850 10820-10820 SurfaceViewImpl         com.trainingvalidator.poc            D  Safe to release surface.
2026-06-14 15:29:53.119 10820-10820 TrainingPipeline        com.trainingvalidator.poc            I  milestone | report ready id=96d32854-c614-4052-b878-6c1feebd5434
