---------------------------- PROCESS STARTED (10820) for package com.trainingvalidator.poc ----------------------------
2026-06-14 15:28:41.218 10820-10820 nativeloader            com.trainingvalidator.poc            D  Load libframework-connectivity-tiramisu-jni.so using APEX ns com_android_tethering for caller /apex/com.android.tethering/javalib/framework-connectivity-t.jar: ok
2026-06-14 15:28:41.222 10820-10820 ActivityThread          com.trainingvalidator.poc            D  setConscryptValidator
2026-06-14 15:28:41.222 10820-10820 ActivityThread          com.trainingvalidator.poc            D  setConscryptValidator - put
2026-06-14 15:28:41.233 10820-10820 nativeloader            com.trainingvalidator.poc            D  Load /data/user/0/com.trainingvalidator.poc/code_cache/startup_agents/69b40b6c-agent.so using system ns (caller=<unknown>): ok
2026-06-14 15:28:41.237 10820-10820 ngvalidator.poc         com.trainingvalidator.poc            W  hiddenapi: DexFile /data/data/com.trainingvalidator.poc/code_cache/.studio/instruments-cbb5ff5f.jar is in boot class path but is not in a known location
2026-06-14 15:28:41.305 10820-10820 ngvalidator.poc         com.trainingvalidator.poc            W  Redefining intrinsic method java.lang.Thread java.lang.Thread.currentThread(). This may cause the unexpected use of the original definition of java.lang.Thread java.lang.Thread.currentThread()in methods that have already been compiled.
2026-06-14 15:28:41.305 10820-10820 ngvalidator.poc         com.trainingvalidator.poc            W  Redefining intrinsic method boolean java.lang.Thread.interrupted(). This may cause the unexpected use of the original definition of boolean java.lang.Thread.interrupted()in methods that have already been compiled.
2026-06-14 15:28:41.320 10820-10820 ApplicationLoaders      com.trainingvalidator.poc            D  Returning zygote-cached class loader: /system_ext/framework/androidx.window.extensions.jar
2026-06-14 15:28:41.320 10820-10820 ApplicationLoaders      com.trainingvalidator.poc            D  Returning zygote-cached class loader: /system_ext/framework/androidx.window.sidecar.jar
2026-06-14 15:28:41.879 10820-10820 nativeloader            com.trainingvalidator.poc            D  Configuring clns-9 for other apk /data/app/~~c9dTgcHYluf8oUAHc_1VMw==/com.trainingvalidator.poc-HIWgSleajQxW1nXdyakvuQ==/base.apk. target_sdk_version=36, uses_libraries=, library_path=/data/app/~~c9dTgcHYluf8oUAHc_1VMw==/com.trainingvalidator.poc-HIWgSleajQxW1nXdyakvuQ==/lib/arm64:/data/app/~~c9dTgcHYluf8oUAHc_1VMw==/com.trainingvalidator.poc-HIWgSleajQxW1nXdyakvuQ==/base.apk!/lib/arm64-v8a, permitted_path=/data:/mnt/expand:/data/user/0/com.trainingvalidator.poc
2026-06-14 15:28:41.886 10820-10820 GraphicsEnvironment     com.trainingvalidator.poc            V  Currently set values for:
2026-06-14 15:28:41.886 10820-10820 GraphicsEnvironment     com.trainingvalidator.poc            V    angle_gl_driver_selection_pkgs=[]
2026-06-14 15:28:41.886 10820-10820 GraphicsEnvironment     com.trainingvalidator.poc            V    angle_gl_driver_selection_values=[]
2026-06-14 15:28:41.886 10820-10820 GraphicsEnvironment     com.trainingvalidator.poc            V  com.trainingvalidator.poc is not listed in per-application setting
2026-06-14 15:28:41.886 10820-10820 GraphicsEnvironment     com.trainingvalidator.poc            V  ANGLE allowlist from config: 
2026-06-14 15:28:41.886 10820-10820 GraphicsEnvironment     com.trainingvalidator.poc            V  com.trainingvalidator.poc is not listed in ANGLE allowlist or settings, returning default
2026-06-14 15:28:41.886 10820-10820 GraphicsEnvironment     com.trainingvalidator.poc            V  App is not on the allowlist for updatable production driver.
2026-06-14 15:28:41.940 10820-10820 WM-WrkMgrInitializer    com.trainingvalidator.poc            D  Initializing WorkManager with default configuration.
2026-06-14 15:28:41.956 10820-10820 WM-PackageManagerHelper com.trainingvalidator.poc            D  Skipping component enablement for androidx.work.impl.background.systemjob.SystemJobService
2026-06-14 15:28:41.956 10820-10820 WM-Schedulers           com.trainingvalidator.poc            D  Created SystemJobScheduler and enabled SystemJobService
2026-06-14 15:28:41.963 10820-10858 WM-ForceStopRunnable    com.trainingvalidator.poc            D  The default process name was not specified.
2026-06-14 15:28:41.964 10820-10858 WM-ForceStopRunnable    com.trainingvalidator.poc            D  Performing cleanup operations.
2026-06-14 15:28:41.973 10820-10858 ashmem                  com.trainingvalidator.poc            E  Pinning is deprecated since Android Q. Please use trim or other methods.
2026-06-14 15:28:41.991 10820-10858 WM-ForceStopRunnable    com.trainingvalidator.poc            D  Application was force-stopped, rescheduling.
2026-06-14 15:28:42.007 10820-10858 WM-SystemJobScheduler   com.trainingvalidator.poc            D  Scheduling work ID 62641268-315c-4caf-b766-9fe224afb5ffJob ID 4
2026-06-14 15:28:42.033 10820-10868 WM-PackageManagerHelper com.trainingvalidator.poc            D  Skipping component enablement for androidx.work.impl.background.systemalarm.RescheduleReceiver
2026-06-14 15:28:42.055 10820-10820 nativeloader            com.trainingvalidator.poc            D  Load /data/app/~~c9dTgcHYluf8oUAHc_1VMw==/com.trainingvalidator.poc-HIWgSleajQxW1nXdyakvuQ==/base.apk!/lib/arm64-v8a/libtensorflowlite_jni.so using class loader ns clns-9 (caller=/data/app/~~c9dTgcHYluf8oUAHc_1VMw==/com.trainingvalidator.poc-HIWgSleajQxW1nXdyakvuQ==/base.apk!classes35.dex): ok
2026-06-14 15:28:42.056 10820-10820 TensorFlowLite          com.trainingvalidator.poc            I  Loaded native library: tensorflowlite_jni
2026-06-14 15:28:42.056 10820-10820 nativeloader            com.trainingvalidator.poc            D  Load libtensorflowlite_jni_gms_client.so using class loader ns clns-9 (caller=/data/app/~~c9dTgcHYluf8oUAHc_1VMw==/com.trainingvalidator.poc-HIWgSleajQxW1nXdyakvuQ==/base.apk!classes35.dex): dlopen failed: library "libtensorflowlite_jni_gms_client.so" not found
2026-06-14 15:28:42.056 10820-10820 TensorFlowLite          com.trainingvalidator.poc            I  Didn't load native library: tensorflowlite_jni_gms_client
2026-06-14 15:28:42.057 10820-10820 tflite                  com.trainingvalidator.poc            I  Initialized TensorFlow Lite runtime.
2026-06-14 15:28:42.057 10820-10820 libc                    com.trainingvalidator.poc            W  Access denied finding property "ro.mediatek.platform"
2026-06-14 15:28:42.062 10820-10820 tflite                  com.trainingvalidator.poc            I  Created TensorFlow Lite XNNPACK delegate for CPU.
2026-06-14 15:28:42.062 10820-10820 tflite                  com.trainingvalidator.poc            I  Replacing 4 out of 4 node(s) with delegate (TfLiteXNNPackDelegate) node, yielding 1 partitions for subgraph 0.
2026-06-14 15:28:42.063 10820-10820 PostureMlpClassifier    com.trainingvalidator.poc            I  Model loaded successfully (15188 bytes)
2026-06-14 15:28:42.075 10820-10820 SettingsManager         com.trainingvalidator.poc            D  Settings loaded successfully: v2.0.0
2026-06-14 15:28:42.075 10820-10820 SettingsManager         com.trainingvalidator.poc            D    Hysteresis: 5.0°
2026-06-14 15:28:42.076 10820-10820 SettingsManager         com.trainingvalidator.poc            D    Boundary Buffer: 3.0°
2026-06-14 15:28:42.076 10820-10820 SettingsManager         com.trainingvalidator.poc            D    Smoothing Window: 3
2026-06-14 15:28:42.076 10820-10820 SettingsManager         com.trainingvalidator.poc            D    Smoothing Settings:
2026-06-14 15:28:42.076 10820-10820 SettingsManager         com.trainingvalidator.poc            D      Preset: custom
2026-06-14 15:28:42.076 10820-10820 SettingsManager         com.trainingvalidator.poc            D      Use Legacy EMA: false
2026-06-14 15:28:42.076 10820-10820 SettingsManager         com.trainingvalidator.poc            D      MinCutoff: 1.0
2026-06-14 15:28:42.076 10820-10820 SettingsManager         com.trainingvalidator.poc            D      Beta: 1.5
2026-06-14 15:28:42.076 10820-10820 SettingsManager         com.trainingvalidator.poc            D      Legacy Alpha: 1.0
2026-06-14 15:28:42.080 10820-10820 ActivityThread          com.trainingvalidator.poc            D  com.trainingvalidator.poc will use render engine as VK
2026-06-14 15:28:42.080 10820-10820 HWUI                    com.trainingvalidator.poc            D  HWUI - treat SMPTE_170M as sRGB
2026-06-14 15:28:42.086 10820-10869 DisplayManager          com.trainingvalidator.poc            I  Choreographer implicitly registered for the refresh rate.
2026-06-14 15:28:42.097 10820-10869 HWUI                    com.trainingvalidator.poc            D  CacheManager constructor. deviceInfo=(1080, 1920)
2026-06-14 15:28:42.098 10820-10869 AdrenoGLES-0            com.trainingvalidator.poc            I  QUALCOMM build                   : 0c393b63cf, I94e2bd5684
                                                                                                    Build Date                       : 05/02/25
                                                                                                    OpenGL ES Shader Compiler Version: EV031.36.08.33
                                                                                                    Local Branch                     : 
                                                                                                    Remote Branch                    : refs/tags/AU_LINUX_ANDROID_LA.VENDOR.1.0.R1.11.00.00.816.269
                                                                                                    Remote Branch                    : NONE
                                                                                                    Reconstruct Branch               : NOTHING
2026-06-14 15:28:42.098 10820-10869 AdrenoGLES-0            com.trainingvalidator.poc            I  Build Config                     : S P 12.1.1 AArch64
2026-06-14 15:28:42.098 10820-10869 AdrenoGLES-0            com.trainingvalidator.poc            I  Driver Path                      : /vendor/lib64/egl/libGLESv2_adreno.so
2026-06-14 15:28:42.098 10820-10869 AdrenoGLES-0            com.trainingvalidator.poc            I  Driver Version                   : 0615.98
2026-06-14 15:28:42.116 10820-10869 AdrenoGLES-0            com.trainingvalidator.poc            I  PFP: 0x01730181, ME: 0x00000000
2026-06-14 15:28:42.123 10820-10869 Adreno-AppProfiles      com.trainingvalidator.poc            W  Could not find QSPM HAL service. Skipping adreno profile processing.
2026-06-14 15:28:42.125 10820-10820 ConnectivityManager     com.trainingvalidator.poc            D  StackLog: [android.net.ConnectivityManager.sendRequestForNetwork(ConnectivityManager.java:4744)] [android.net.ConnectivityManager.sendRequestForNetwork(ConnectivityManager.java:4912)] [android.net.ConnectivityManager.registerNetworkCallback(ConnectivityManager.java:5329)] [android.net.ConnectivityManager.registerNetworkCallback(ConnectivityManager.java:5299)] [com.movit.core.data.outbox.OutboxConnectivityReplay_androidKt.registerOutboxConnectivityReplay(OutboxConnectivityReplay.android.kt:48)] [com.movit.host.MovitDataInstall.install(MovitDataInstall.kt:198)] [com.movit.host.MovitShellHostKt.attachMovitShellHost(MovitShellHost.kt:39)] [com.movit.MovitMainActivity.onCreate(MovitMainActivity.kt:18)] [android.app.Activity.performCreate(Activity.java:9519)] [android.app.Activity.performCreate(Activity.java:9488)] [android.app.Instrumentation.callActivityOnCreate(Instrumentation.java:1524)] [android.app.ActivityThread.performLaunchActivity(ActivityThread.java:4692)] [android.app.ActivityThread.handleLaunchActivity(ActivityThread.java:4941)] [android.app.servertransaction.LaunchActivityItem.execute(LaunchActivityItem.java:222)] [android.app.servertransaction.TransactionExecutor.executeNonLifecycleItem(TransactionExecutor.java:133)] [android.app.servertransaction.TransactionExecutor.executeTransactionItems(TransactionExecutor.java:103)] [android.app.servertransaction.TransactionExecutor.execute(TransactionExecutor.java:80)] [android.app.ActivityThread$H.handleMessage(ActivityThread.java:3150)]
2026-06-14 15:28:42.135 10820-10873 AnalyticsStorage        com.trainingvalidator.poc            D  Analytics storage initialized: /data/user/0/com.trainingvalidator.poc/files/analytics/pending
2026-06-14 15:28:42.138 10820-10820 CompatChangeReporter    com.trainingvalidator.poc            D  Compat change id reported: 377864165; UID 10533; state: ENABLED
2026-06-14 15:28:42.139 10820-10820 DesktopModeFlags        com.trainingvalidator.poc            D  Toggle override initialized to: OVERRIDE_UNSET
2026-06-14 15:28:42.142 10820-10820 DecorView               com.trainingvalidator.poc            I  setWindowBackground: isPopOver=false color=ff1a2428 d=android.graphics.drawable.ColorDrawable@19061a0
2026-06-14 15:28:42.165 10820-10820 ViewRootImpl            com.trainingvalidator.poc            D  desktopMode is false
2026-06-14 15:28:42.166 10820-10820 ViewRootImpl            com.trainingvalidator.poc            I  dVRR is disabled
2026-06-14 15:28:42.167 10820-10820 HardwareRenderer        com.trainingvalidator.poc            D  onDisplayChanged. displayId=0 current wxh=1080x2316 mLargest wxh=0x0
2026-06-14 15:28:42.167 10820-10820 HardwareRenderer        com.trainingvalidator.poc            D  Set largestWidth and largestHeight as logical resolution. (1080x2316)
2026-06-14 15:28:42.167 10820-10869 HWUI                    com.trainingvalidator.poc            D  setMaxSurfaceArea requested wxh=(1080,2316) requestedSurfaceArea(2501280) mMaxSurfaceArea(2073600)
2026-06-14 15:28:42.168 10820-10869 NativeCust...ncyManager com.trainingvalidator.poc            D  [NativeCFMS] BpCustomFrequencyManager::BpCustomFrequencyManager()
2026-06-14 15:28:42.174 10820-10873 System.err              com.trainingvalidator.poc            W  SLF4J(W): No SLF4J providers were found.
2026-06-14 15:28:42.174 10820-10873 System.err              com.trainingvalidator.poc            W  SLF4J(W): Defaulting to no-operation (NOP) logger implementation
2026-06-14 15:28:42.174 10820-10873 System.err              com.trainingvalidator.poc            W  SLF4J(W): See https://www.slf4j.org/codes.html#noProviders for further details.
2026-06-14 15:28:42.176 10820-10820 InputTransport          com.trainingvalidator.poc            D  Input channel constructed: '1185e69', fd=131
2026-06-14 15:28:42.177 10820-10820 InsetsController        com.trainingvalidator.poc            I  onStateChanged: host=com.trainingvalidator.poc/com.movit.MovitMainActivity, from=android.view.ViewRootImpl.onInsetsStateChanged:3026, state=InsetsState: {mDisplayFrame=Rect(0, 0 - 1080, 2316), mDisplayCutout=DisplayCutout{insets=Rect(0, 75 - 0, 0) waterfall=Insets{left=0, top=0, right=0, bottom=0} boundingRect={Bounds=[Rect(0, 0 - 0, 0), Rect(512, 0 - 568, 75), Rect(0, 0 - 0, 0), Rect(0, 0 - 0, 0)]} cutoutPathParserInfo={CutoutPathParserInfo{displayWidth=1080 displayHeight=2316 physicalDisplayWidth=1080 physicalDisplayHeight=2316 density={2.8125} cutoutSpec={M 0,0 H -10 V 26.66666666666667 H 10 V 0 H 0 Z @dp} rotation={0} scale={1.0} physicalPixelDisplaySizeRatio={1.0}}} sideOverrides={}}, mRoundedCorners=RoundedCorners{[RoundedCorner{position=TopLeft, radius=11, center=Point(11, 11)}, RoundedCorner{position=TopRight, radius=11, center=Point(1069, 11)}, RoundedCorner{position=BottomRight, radius=11, center=Point(1069, 2305)}, RoundedCorner{position=BottomLeft, radius=11, center=Point(11, 2305)}]}  mRoundedCornerFrame=Rect(0, 0 - 1080, 2316), mPrivacyIndicatorBounds=PrivacyIndicatorBounds {static bounds=Rect(956, 0 - 1080, 75) rotation=0}, mDisplayShape=DisplayShape{ spec=-311912193 displayWidth=1080 displayHeight=2316 physicalPixelDisplaySizeRatio=0.75 rotation=0 offsetX=0 offsetY=0 scale=1.0}, mSources= { InsetsSource: {a4ae0001 mType=navigationBars mFrame=[0,2181][1080,2316] mVisible=true mFlags= mSideHint=BOTTOM mBoundingRects=null}, InsetsSource: {a4ae0004 mType=systemGestures mFrame=[0,0][0,0] mVisible=true mFlags= mSideHint=NONE mBoundingRects=null}, InsetsSource: {a4ae0005 mType=mandatorySystemGestures mFrame=[0,2181][1080,2316] mVisible=true mFlags= mSideHint=BOTTOM mBoundingRects=null}, InsetsSource: {a4ae0006 mType=tappableElement mFrame=[0,2181][1080,2316] mVisible=true mFlags= mSideHint=BOTTOM mBoundingRects=null}, InsetsSource: {a4ae0024 mType=systemGestures mFrame=[0,0][0,0] mVisible=true mFlags= mSideHint=NONE mBoundingRects=null}, InsetsSource: {3 mType=ime mFrame=[0,0][0,0] mVisible=false mFlags= mSideHint=NONE mBoundingRects=null}, InsetsSource: {27 mType=displayCutout mFrame=[0,0][1080,75] mVisible=true mFlags= mSideHint=TOP mBoundingRects=null}, InsetsSource: {7ecc0000 mType=statusBars mFrame=[0,0][1080,75] mVisible=true mFlags= mSideHint=TOP mBoundingRects=null}, InsetsSource: {7ecc0005 mType=mandatorySystemGestures mFrame=[0,0][1080,109] mVisible=true mFlags= mSideHint=TOP mBoundingRects=null}, InsetsSource: {7ecc0006 mType=tappableElement mFrame=[0,0][1080,75] mVisible=true mFlags= mSideHint=TOP mBoundingRects=null} }
2026-06-14 15:28:42.178 10820-10820 VRI[MovitM...y]@26ecbe8 com.trainingvalidator.poc            I  synced displayState. AttachInfo displayState=2
2026-06-14 15:28:42.181 10820-10820 VRI[MovitM...y]@26ecbe8 com.trainingvalidator.poc            I  setView = com.android.internal.policy.DecorView@6554c2c IsHRR=false mFlingFrameRateChange=0 TM=true
2026-06-14 15:28:42.181 10820-10820 IDS_TAG                 com.trainingvalidator.poc            I  Starting IDS observe window
2026-06-14 15:28:42.181 10820-10820 IDS_TAG                 com.trainingvalidator.poc            I  Getting Shared Preference for com.trainingvalidator.poc.PoseApp@d3f92a9 uid = 10533
2026-06-14 15:28:42.185 10820-10820 IDS_TAG                 com.trainingvalidator.poc            I  App com.trainingvalidator.poc.PoseApp@d3f92a9 has not finished training
2026-06-14 15:28:42.187 10820-10820 IDS_TAG                 com.trainingvalidator.poc            I  Closing IDS observe window
2026-06-14 15:28:42.187 10820-10820 IDS_TAG                 com.trainingvalidator.poc            I  Getting Shared Preference for com.trainingvalidator.poc.PoseApp@d3f92a9 uid = 10533
2026-06-14 15:28:42.188 10820-10820 IDS_TAG                 com.trainingvalidator.poc            I  IDS count updated to 8 for com.trainingvalidator.poc.PoseApp@d3f92a9
2026-06-14 15:28:42.276 10820-10820 ngvalidator.poc         com.trainingvalidator.poc            I  hiddenapi: Accessing hidden method Landroid/os/SystemProperties;->addChangeCallback(Ljava/lang/Runnable;)V (runtime_flags=0, domain=platform, api=unsupported) from Landroidx/compose/ui/platform/AndroidComposeView$Companion; (domain=app, TargetSdkVersion=36) using reflection: allowed
2026-06-14 15:28:42.450 10820-10826 ngvalidator.poc         com.trainingvalidator.poc            I  Compiler allocated 5158KB to compile void android.view.ViewRootImpl.performTraversals()
2026-06-14 15:28:42.504 10820-10820 Configuration           com.trainingvalidator.poc            V  Updating configuration, locales updated from [en_GB,ar_EG] to [en]
2026-06-14 15:28:42.696 10820-10820 ngvalidator.poc         com.trainingvalidator.poc            E  Unable to open libpenguin.so: dlopen failed: library "libpenguin.so" not found.
2026-06-14 15:28:42.696 10820-10820 libc                    com.trainingvalidator.poc            W  Access denied finding property "vendor.display.enable_optimal_refresh_rate"
2026-06-14 15:28:42.696 10820-10820 BufferQueueProducer     com.trainingvalidator.poc            I  [](id:2a4400000000,api:0,p:0,c:10820) setDequeueTimeout:2077252342
2026-06-14 15:28:42.696 10820-10820 BLASTBufferQueue_Java   com.trainingvalidator.poc            I  new BLASTBufferQueue, mName= VRI[MovitMainActivity]@26ecbe8 mNativeObject= 0xb400007199f752c0 caller= android.view.ViewRootImpl.updateBlastSurfaceIfNeeded:3585 android.view.ViewRootImpl.relayoutWindow:11685 android.view.ViewRootImpl.performTraversals:4804 android.view.ViewRootImpl.doTraversal:3924 android.view.ViewRootImpl$TraversalRunnable.run:12903 android.view.Choreographer$CallbackRecord.run:1901 android.view.Choreographer$CallbackRecord.run:1910 android.view.Choreographer.doCallbacks:1367 android.view.Choreographer.doFrame:1292 android.view.Choreographer$FrameDisplayEventReceiver.run:1870 
2026-06-14 15:28:42.696 10820-10820 BLASTBufferQueue_Java   com.trainingvalidator.poc            I  update, w= 1080 h= 2316 mName = VRI[MovitMainActivity]@26ecbe8 mNativeObject= 0xb400007199f752c0 sc.mNativeObject= 0xb400007189f62010 format= -1 caller= android.view.ViewRootImpl.updateBlastSurfaceIfNeeded:3590 android.view.ViewRootImpl.relayoutWindow:11685 android.view.ViewRootImpl.performTraversals:4804 android.view.ViewRootImpl.doTraversal:3924 android.view.ViewRootImpl$TraversalRunnable.run:12903 android.view.Choreographer$CallbackRecord.run:1901 
2026-06-14 15:28:42.697 10820-10820 libc                    com.trainingvalidator.poc            W  Access denied finding property "vendor.display.enable_optimal_refresh_rate"
2026-06-14 15:28:42.697 10820-10820 VRI[MovitM...y]@26ecbe8 com.trainingvalidator.poc            I  Relayout returned: old=(0,0,1080,2316) new=(0,0,1080,2316) relayoutAsync=false req=(1080,2316)0 dur=5 res=0x3 s={true 0xb4000071a9f827b0} ch=true seqId=0
2026-06-14 15:28:42.697 10820-10820 VRI[MovitM...y]@26ecbe8 com.trainingvalidator.poc            I  performConfigurationChange setNightDimText nightDimLevel=0
2026-06-14 15:28:42.697 10820-10820 VRI[MovitM...y]@26ecbe8 com.trainingvalidator.poc            D  mThreadedRenderer.initialize() mSurface={isValid=true 0xb4000071a9f827b0} hwInitialized=true
2026-06-14 15:28:42.720 10820-10820 VRI[MovitM...y]@26ecbe8 com.trainingvalidator.poc            D  reportNextDraw android.view.ViewRootImpl.performTraversals:5443 android.view.ViewRootImpl.doTraversal:3924 android.view.ViewRootImpl$TraversalRunnable.run:12903 android.view.Choreographer$CallbackRecord.run:1901 android.view.Choreographer$CallbackRecord.run:1910 
2026-06-14 15:28:42.720 10820-10820 VRI[MovitM...y]@26ecbe8 com.trainingvalidator.poc            D  Setup new sync=wmsSync-VRI[MovitMainActivity]@26ecbe8#0
2026-06-14 15:28:42.720 10820-10820 VRI[MovitM...y]@26ecbe8 com.trainingvalidator.poc            I  Creating new active sync group VRI[MovitMainActivity]@26ecbe8#1
2026-06-14 15:28:42.721 10820-10820 VRI[MovitM...y]@26ecbe8 com.trainingvalidator.poc            D  registerCallbacksForSync syncBuffer=false
2026-06-14 15:28:42.733 10820-10880 VRI[MovitM...y]@26ecbe8 com.trainingvalidator.poc            D  Received frameDrawingCallback syncResult=0 frameNum=1.
2026-06-14 15:28:42.733 10820-10880 VRI[MovitM...y]@26ecbe8 com.trainingvalidator.poc            I  mWNT: t=0xb400006f59f77b50 mBlastBufferQueue=0xb400007199f752c0 fn= 1 HdrRenderState mRenderHdrSdrRatio=1.0 caller= android.view.ViewRootImpl$12.onFrameDraw:15441 android.view.ThreadedRenderer$1.onFrameDraw:718 <bottom of call stack> 
2026-06-14 15:28:42.734 10820-10880 VRI[MovitM...y]@26ecbe8 com.trainingvalidator.poc            I  Setting up sync and frameCommitCallback
2026-06-14 15:28:42.740 10820-10869 BLASTBufferQueue        com.trainingvalidator.poc            I  [VRI[MovitMainActivity]@26ecbe8#0](f:0,a:0,s:0) onFrameAvailable the first frame is available
2026-06-14 15:28:42.740 10820-10869 SurfaceComposerClient   com.trainingvalidator.poc            I  apply transaction with the first frame. layerId: 4458, bufferData(ID: 46471546142723, frameNumber: 1)
2026-06-14 15:28:42.741 10820-10869 VRI[MovitM...y]@26ecbe8 com.trainingvalidator.poc            I  Received frameCommittedCallback lastAttemptedDrawFrameNum=1 didProduceBuffer=true
2026-06-14 15:28:42.741 10820-10869 HWUI                    com.trainingvalidator.poc            D  CFMS:: SetUp Pid : 10820    Tid : 10869
2026-06-14 15:28:42.742 10820-10820 VRI[MovitM...y]@26ecbe8 com.trainingvalidator.poc            D  reportDrawFinished seqId=0
2026-06-14 15:28:42.742 10820-10869 HWUI                    com.trainingvalidator.poc            D  HWUI - treat SMPTE_170M as sRGB
2026-06-14 15:28:42.742 10820-10820 Choreographer           com.trainingvalidator.poc            I  Skipped 62 frames!  The application may be doing too much work on its main thread.
2026-06-14 15:28:42.777 10820-10820 System.out              com.trainingvalidator.poc            I  [MovitFirstFrame] screen=home state=Cached elapsedMs=12
2026-06-14 15:28:43.045 10820-10834 HWUI                    com.trainingvalidator.poc            I  Davey! duration=817ms; Flags=0, FrameTimelineVsyncId=6318825, IntendedVsync=21681047337410, Vsync=21681564183050, InputEventId=0, HandleInputStart=21681566874800, AnimationStart=21681566875477, PerformTraversalsStart=21681756965842, DrawStart=21681836524748, FrameDeadline=21681584759677, FrameStartTime=21681566644957, FrameInterval=8336220, WorkloadTarget=8333333, SyncQueued=21681855357769, SyncStart=21681855399332, IssueDrawCommandsStart=21681855503029, SwapBuffers=21681860217977, FrameCompleted=21681864805946, DequeueBufferDuration=14063, QueueBufferDuration=166927, GpuCompleted=21681864805946, SwapBuffersCompleted=21681860623759, DisplayPresentTime=0, CommandSubmissionCompleted=21681860217977, 
2026-06-14 15:28:43.075 10820-10820 InsetsSourceConsumer    com.trainingvalidator.poc            I  applyRequestedVisibilityToControl: visible=true, type=statusBars, host=com.trainingvalidator.poc/com.movit.MovitMainActivity
2026-06-14 15:28:43.075 10820-10820 InsetsSourceConsumer    com.trainingvalidator.poc            I  applyRequestedVisibilityToControl: visible=true, type=navigationBars, host=com.trainingvalidator.poc/com.movit.MovitMainActivity
2026-06-14 15:28:43.107 10820-10820 VRI[MovitM...y]@26ecbe8 com.trainingvalidator.poc            D  mThreadedRenderer.initializeIfNeeded()#2 mSurface={isValid=true 0xb4000071a9f827b0}
2026-06-14 15:28:43.107 10820-10820 InputMethodManagerUtils com.trainingvalidator.poc            D  startInputInner - Id : 0
2026-06-14 15:28:43.108 10820-10820 InputMethodManager      com.trainingvalidator.poc            I  startInputInner - IInputMethodManagerGlobalInvoker.startInputOrWindowGainedFocus
2026-06-14 15:28:43.113 10820-10820 InputMethodManager      com.trainingvalidator.poc            I  handleMessage: setImeVisibility visible=false
2026-06-14 15:28:43.113 10820-10820 InsetsController        com.trainingvalidator.poc            D  hide(ime(), fromIme=false)
2026-06-14 15:28:43.113 10820-10820 ImeTracker              com.trainingvalidator.poc            I  com.trainingvalidator.poc:883bc44e: onCancelled at PHASE_CLIENT_ALREADY_HIDDEN
2026-06-14 15:28:43.125 10820-10909 InputTransport          com.trainingvalidator.poc            D  Input channel constructed: 'ClientS', fd=158
2026-06-14 15:28:43.947 10820-10820 VRI[MovitM...y]@26ecbe8 com.trainingvalidator.poc            I  ViewPostIme pointer 0
2026-06-14 15:28:43.959 10820-10820 VRI[MovitM...y]@26ecbe8 com.trainingvalidator.poc            I  call setFrameRateCategory for touch hint category=high hint, reason=touch, vri=VRI[MovitMainActivity]@26ecbe8
2026-06-14 15:28:44.072 10820-10820 VRI[MovitM...y]@26ecbe8 com.trainingvalidator.poc            I  ViewPostIme pointer 1
2026-06-14 15:28:45.682 10820-10820 VRI[MovitM...y]@26ecbe8 com.trainingvalidator.poc            I  ViewPostIme pointer 0
2026-06-14 15:28:45.822 10820-10820 VRI[MovitM...y]@26ecbe8 com.trainingvalidator.poc            I  ViewPostIme pointer 1
2026-06-14 15:28:46.747 10820-10820 VRI[MovitM...y]@26ecbe8 com.trainingvalidator.poc            I  ViewPostIme pointer 0
2026-06-14 15:28:46.873 10820-10820 VRI[MovitM...y]@26ecbe8 com.trainingvalidator.poc            I  ViewPostIme pointer 1
2026-06-14 15:28:47.189 10820-10820 VRI[MovitM...y]@26ecbe8 com.trainingvalidator.poc            I  ViewPostIme pointer 0
2026-06-14 15:28:47.427 10820-10820 VRI[MovitM...y]@26ecbe8 com.trainingvalidator.poc            I  ViewPostIme pointer 1
2026-06-14 15:28:48.173 10820-10942 ProfileInstaller        com.trainingvalidator.poc            D  Installing profile for com.trainingvalidator.poc
2026-06-14 15:28:48.333 10820-10820 VRI[MovitM...y]@26ecbe8 com.trainingvalidator.poc            I  ViewPostIme pointer 0
2026-06-14 15:28:48.426 10820-10820 VRI[MovitM...y]@26ecbe8 com.trainingvalidator.poc            I  ViewPostIme pointer 1
2026-06-14 15:28:48.627 10820-10820 System.out              com.trainingvalidator.poc            I  [TrainingConfigCache] enter_prepare status=READY exercise="Biceps Curl" candidates=[bicebs-mo8j7gg1] resolved=bicebs-mo8j7gg1 inIndex=true onDisk=true variants=1 totalCached=10
2026-06-14 15:28:48.686 10820-10918 ConnectivityManager     com.trainingvalidator.poc            D  StackLog: [android.net.ConnectivityManager.sendRequestForNetwork(ConnectivityManager.java:4744)] [android.net.ConnectivityManager.sendRequestForNetwork(ConnectivityManager.java:4912)] [android.net.ConnectivityManager.registerNetworkCallback(ConnectivityManager.java:5329)] [android.net.ConnectivityManager.registerNetworkCallback(ConnectivityManager.java:5299)] [coil.network.RealNetworkObserver.<init>(NetworkObserver.kt:88)] [coil.network.NetworkObserverKt.NetworkObserver(NetworkObserver.kt:33)] [coil.util.SystemCallbacks.registerNetworkObserver(SystemCallbacks.kt:52)] [coil.util.SystemCallbacks.isOnline(SystemCallbacks.kt:34)] [coil.request.RequestService.updateOptionsOnWorkerThread(RequestService.kt:130)] [coil.intercept.EngineInterceptor.execute(EngineInterceptor.kt:116)] [coil.intercept.EngineInterceptor.access$execute(EngineInterceptor.kt:42)] [coil.intercept.EngineInterceptor$intercept$2.invokeSuspend(EngineInterceptor.kt:77)] [kotlin.coroutines.jvm.internal.BaseContinuationImpl.resumeWith(ContinuationImpl.kt:34)] [kotlinx.coroutines.DispatchedTask.run(DispatchedTask.kt:100)] [kotlinx.coroutines.internal.LimitedDispatcher$Worker.run(LimitedDispatcher.kt:124)] [kotlinx.coroutines.scheduling.TaskImpl.run(Tasks.kt:89)] [kotlinx.coroutines.scheduling.CoroutineScheduler.runSafely(CoroutineScheduler.kt:586)] [kotlinx.coroutines.scheduling.CoroutineScheduler$Worker.executeTask(CoroutineScheduler.kt:820)] [kotlinx.coroutines.scheduling.CoroutineScheduler$Worker.runWorker(CoroutineScheduler.kt:717)] [kotlinx.coroutines.scheduling.CoroutineScheduler$Worker.run(CoroutineScheduler.kt:704)]
2026-06-14 15:28:49.396 10820-10949 TRuntime.C...ortBackend com.trainingvalidator.poc            I  Making request to: https://firebaselogging.googleapis.com/v0cc/log/batch?format=json_proto3
2026-06-14 15:28:49.494 10820-10820 VRI[MovitM...y]@26ecbe8 com.trainingvalidator.poc            I  ViewPostIme pointer 0
2026-06-14 15:28:49.595 10820-10820 VRI[MovitM...y]@26ecbe8 com.trainingvalidator.poc            I  ViewPostIme pointer 1
2026-06-14 15:28:49.600 10820-10820 System.out              com.trainingvalidator.poc            I  [TrainingConfigCache] start_pressed status=READY exercise="Biceps Curl" candidates=[bicebs-mo8j7gg1] resolved=bicebs-mo8j7gg1 inIndex=true onDisk=true variants=1 totalCached=10
2026-06-14 15:28:49.657 10820-10820 System.out              com.trainingvalidator.poc            I  [TrainingConfigCache] start_launching status=READY exercise="Biceps Curl" candidates=[bicebs-mo8j7gg1] resolved=bicebs-mo8j7gg1 inIndex=true onDisk=true variants=1 totalCached=10 launchSlug=bicebs-mo8j7gg1
2026-06-14 15:28:49.665 10820-10820 TextToSpeech            com.trainingvalidator.poc            I  Create TextToSpeech : caller process id[10820] / name[com.trainingvalidator.poc] / target[null]
2026-06-14 15:28:49.671 10820-10820 TextToSpeech            com.trainingvalidator.poc            I  com.trainingvalidator.poc is not allowed to bind to private engine.
2026-06-14 15:28:49.673 10820-10820 TextToSpeech            com.trainingvalidator.poc            I  getHighestRankedPublicEngineName = com.google.android.tts
2026-06-14 15:28:49.675 10820-10820 TextToSpeech            com.trainingvalidator.poc            I  Sucessfully bound to com.google.android.tts
2026-06-14 15:28:49.696 10820-10820 TrainingPipeline        com.trainingvalidator.poc            I  milestone | supervisor IDLE -> SETUP_POSE
2026-06-14 15:28:49.718 10820-10820 BLASTBufferQueue_Java   com.trainingvalidator.poc            I  update, w= 1080 h= 2316 mName = VRI[MovitMainActivity]@26ecbe8 mNativeObject= 0xb400007199f752c0 sc.mNativeObject= 0xb400007189f62010 format= -1 caller= android.view.ViewRootImpl.updateBlastSurfaceIfNeeded:3574 android.view.ViewRootImpl.relayoutWindow:11685 android.view.ViewRootImpl.performTraversals:4804 android.view.ViewRootImpl.doTraversal:3924 android.view.ViewRootImpl$TraversalRunnable.run:12903 android.view.Choreographer$CallbackRecord.run:1901 
2026-06-14 15:28:49.718 10820-10820 VRI[MovitM...y]@26ecbe8 com.trainingvalidator.poc            I  Relayout returned: old=(0,0,1080,2316) new=(0,0,1080,2316) relayoutAsync=true req=(1080,2316)0 dur=0 res=0x0 s={true 0xb4000071a9f827b0} ch=false seqId=0
2026-06-14 15:28:49.718 10820-10820 VRI[MovitM...y]@26ecbe8 com.trainingvalidator.poc            I  registerCallbackForPendingTransactions
2026-06-14 15:28:49.782 10820-10879 VRI[MovitM...y]@26ecbe8 com.trainingvalidator.poc            I  mWNT: t=0xb400006f59f7d810 mBlastBufferQueue=0xb400007199f752c0 fn= 309 HdrRenderState mRenderHdrSdrRatio=1.0 caller= android.view.ViewRootImpl$10.onFrameDraw:6536 android.view.ViewRootImpl$4.onFrameDraw:2489 android.view.ThreadedRenderer$1.onFrameDraw:718 
2026-06-14 15:28:49.791 10820-10949 TRuntime.C...ortBackend com.trainingvalidator.poc            I  Status Code: 200
2026-06-14 15:28:49.800 10820-10820 nativeloader            com.trainingvalidator.poc            D  Load /data/app/~~c9dTgcHYluf8oUAHc_1VMw==/com.trainingvalidator.poc-HIWgSleajQxW1nXdyakvuQ==/base.apk!/lib/arm64-v8a/libmediapipe_tasks_jni.so using class loader ns clns-9 (caller=/data/app/~~c9dTgcHYluf8oUAHc_1VMw==/com.trainingvalidator.poc-HIWgSleajQxW1nXdyakvuQ==/base.apk!classes35.dex): ok
2026-06-14 15:28:49.813 10820-10820 native                  com.trainingvalidator.poc            I  I0000 00:00:1781440129.813838   10820 asset_manager_util.cc:61] Created global reference to asset manager.
2026-06-14 15:28:49.852 10820-10820 native                  com.trainingvalidator.poc            I  I0000 00:00:1781440129.852346   10820 resource_util_android.cc:89] Successfully loaded: pose_landmarker_full.task
2026-06-14 15:28:49.869 10820-10820 native                  com.trainingvalidator.poc            I  I0000 00:00:1781440129.869331   10820 graph.cc:502] Start running the graph, waiting for inputs.
2026-06-14 15:28:49.869 10820-10820 native                  com.trainingvalidator.poc            I  I0000 00:00:1781440129.869385   10820 gl_context_egl.cc:86] Successfully initialized EGL. Major : 1 Minor: 5
2026-06-14 15:28:49.870 10820-10974 native                  com.trainingvalidator.poc            I  I0000 00:00:1781440129.870550   10974 gl_context.cc:407] GL version: 3.2 (OpenGL ES 3.2 V@0615.98 (GIT@0c393b63cf, I94e2bd5684, 1746191168) (Date:05/02/25)), renderer: Adreno (TM) 730
2026-06-14 15:28:49.871 10820-10974 tflite                  com.trainingvalidator.poc            I  Initialized TensorFlow Lite runtime.
2026-06-14 15:28:49.874 10820-10974 tflite                  com.trainingvalidator.poc            I  Replacing 291 out of 291 node(s) with delegate (unknown) node, yielding 1 partitions for subgraph 0.
2026-06-14 15:28:49.968 10820-10974 tflite                  com.trainingvalidator.poc            I  Replacing 291 out of 291 node(s) with delegate (unknown) node, yielding 1 partitions for subgraph 0.
2026-06-14 15:28:50.064 10820-10974 tflite                  com.trainingvalidator.poc            I  Failed to load OpenCL library with dlopen: dlopen failed: library "libvndksupport.so" not found. Trying ICD loader.
2026-06-14 15:28:50.148 10820-10974 tflite                  com.trainingvalidator.poc            I  Replacing 332 out of 332 node(s) with delegate (unknown) node, yielding 1 partitions for subgraph 0.
2026-06-14 15:28:50.158 10820-10974 tflite                  com.trainingvalidator.poc            I  Replacing 332 out of 332 node(s) with delegate (unknown) node, yielding 1 partitions for subgraph 0.
2026-06-14 15:28:50.286 10820-10820 MediaPipePoseDetector   com.trainingvalidator.poc            D  Pose landmarker ready gpu=true model=pose_landmarker_full.task
2026-06-14 15:28:50.292 10820-10820 QuirkSettingsLoader     com.trainingvalidator.poc            D  QuirkSettings$MetadataHolderService is not found.
2026-06-14 15:28:50.292 10820-10820 CameraX                 com.trainingvalidator.poc            D  QuirkSettings from app metadata: null
2026-06-14 15:28:50.293 10820-10820 CameraX                 com.trainingvalidator.poc            D  QuirkSettings by default: QuirkSettings{enabledWhenDeviceHasQuirk=true, forceEnabledQuirks=[], forceDisabledQuirks=[]}
2026-06-14 15:28:50.297 10820-10985 DeviceQuirks            com.trainingvalidator.poc            D  camera2 DeviceQuirks = 
2026-06-14 15:28:50.299 10820-10985 CameraManagerGlobal     com.trainingvalidator.poc            I  Connecting to camera service
2026-06-14 15:28:50.301 10820-10985 VendorTagDescriptor     com.trainingvalidator.poc            D  addVendorDescriptor: vendor tag id 14172875900359437128 added
2026-06-14 15:28:50.304 10820-10834 CameraManagerGlobal     com.trainingvalidator.poc            I  Camera 0 facing CAMERA_FACING_BACK state now CAMERA_STATE_CLOSED for client com.trainingvalidator.poc API Level 2 User Id 0Device Id 0
2026-06-14 15:28:50.304 10820-10909 CameraManagerGlobal     com.trainingvalidator.poc            I  Camera 1 facing CAMERA_FACING_FRONT state now CAMERA_STATE_CLOSED for client com.trainingvalidator.poc API Level 2 User Id 0Device Id 0
2026-06-14 15:28:50.305 10820-10909 CameraManagerGlobal     com.trainingvalidator.poc            I  Camera 2 facing CAMERA_FACING_BACK state now CAMERA_STATE_CLOSED for client android.system API Level 2 User Id 0Device Id 0
2026-06-14 15:28:50.305 10820-10909 CameraManagerGlobal     com.trainingvalidator.poc            I  Camera 20 facing CAMERA_FACING_BACK state now CAMERA_STATE_CLOSED for client android.system API Level 2 User Id 0Device Id 0
2026-06-14 15:28:50.305 10820-10909 CameraManagerGlobal     com.trainingvalidator.poc            I  Camera 21 facing CAMERA_FACING_BACK state now CAMERA_STATE_CLOSED for client android.system API Level 2 User Id 0Device Id 0
2026-06-14 15:28:50.305 10820-10909 CameraManagerGlobal     com.trainingvalidator.poc            I  Camera 23 facing CAMERA_FACING_BACK state now CAMERA_STATE_CLOSED for client android.system API Level 2 User Id 0Device Id 0
2026-06-14 15:28:50.305 10820-10837 CameraManagerGlobal     com.trainingvalidator.poc            I  Camera 3 facing CAMERA_FACING_FRONT state now CAMERA_STATE_CLOSED for client android.system API Level 2 User Id 0Device Id 0
2026-06-14 15:28:50.309 10820-10837 CameraManagerGlobal     com.trainingvalidator.poc            I  Camera 4 facing CAMERA_FACING_FRONT state now CAMERA_STATE_CLOSED for client client.pid<1857> API Level 2 User Id 0Device Id 0
2026-06-14 15:28:50.309 10820-10837 CameraManagerGlobal     com.trainingvalidator.poc            I  Camera 52 facing CAMERA_FACING_BACK state now CAMERA_STATE_CLOSED for client android.system API Level 2 User Id 0Device Id 0
2026-06-14 15:28:50.309 10820-10837 CameraManagerGlobal     com.trainingvalidator.poc            I  Camera 54 facing CAMERA_FACING_BACK state now CAMERA_STATE_CLOSED for client android.system API Level 2 User Id 0Device Id 0
2026-06-14 15:28:50.309 10820-10837 CameraManagerGlobal     com.trainingvalidator.poc            I  Camera 56 facing CAMERA_FACING_BACK state now CAMERA_STATE_CLOSED for client android.system API Level 2 User Id 0Device Id 0
2026-06-14 15:28:50.309 10820-10837 CameraManagerGlobal     com.trainingvalidator.poc            I  Camera 58 facing CAMERA_FACING_BACK state now CAMERA_STATE_CLOSED for client android.system API Level 2 User Id 0Device Id 0
2026-06-14 15:28:50.309 10820-10837 CameraManagerGlobal     com.trainingvalidator.poc            I  Camera 90 facing CAMERA_FACING_FRONT state now CAMERA_STATE_CLOSED for client android.system API Level 2 User Id 0Device Id 0
2026-06-14 15:28:50.312 10820-10985 Camera2Cam...oordinator com.trainingvalidator.poc            D  Updated concurrent camera map: {0=[1, 3], 1=[0], 3=[0]}
2026-06-14 15:28:50.314 10820-10985 Camera2CameraFactory    com.trainingvalidator.poc            D  Updated available camera list: [] -> [0, 1, 2, 3]
2026-06-14 15:28:50.320 10820-10985 CameraRepository        com.trainingvalidator.poc            D  Added camera: 0
2026-06-14 15:28:50.325 10820-10985 CameraQuirks            com.trainingvalidator.poc            D  camera2 CameraQuirks = 
2026-06-14 15:28:50.332 10820-10985 Camera2CameraInfo       com.trainingvalidator.poc            I  Device Level: INFO_SUPPORTED_HARDWARE_LEVEL_3
2026-06-14 15:28:50.334 10820-10985 CameraManager           com.trainingvalidator.poc            I  registerAvailabilityCallback: Is device callback = false
2026-06-14 15:28:50.334 10820-10985 CameraManagerGlobal     com.trainingvalidator.poc            I  postSingleUpdate device: camera id 0 status STATUS_PRESENT
2026-06-14 15:28:50.334 10820-10985 CameraManagerGlobal     com.trainingvalidator.poc            I  postSingleUpdate device: camera id 1 status STATUS_PRESENT
2026-06-14 15:28:50.334 10820-10985 CameraManagerGlobal     com.trainingvalidator.poc            I  postSingleUpdate device: camera id 2 status STATUS_PRESENT
2026-06-14 15:28:50.334 10820-10985 CameraManagerGlobal     com.trainingvalidator.poc            I  postSingleUpdate device: camera id 3 status STATUS_PRESENT
2026-06-14 15:28:50.335 10820-10985 CameraRepository        com.trainingvalidator.poc            D  Added camera: 1
2026-06-14 15:28:50.335 10820-10985 CameraQuirks            com.trainingvalidator.poc            D  camera2 CameraQuirks = 
2026-06-14 15:28:50.336 10820-10985 Camera2CameraInfo       com.trainingvalidator.poc            I  Device Level: INFO_SUPPORTED_HARDWARE_LEVEL_FULL
2026-06-14 15:28:50.336 10820-10985 CameraManager           com.trainingvalidator.poc            I  registerAvailabilityCallback: Is device callback = false
2026-06-14 15:28:50.336 10820-10985 CameraManagerGlobal     com.trainingvalidator.poc            I  postSingleUpdate device: camera id 0 status STATUS_PRESENT
2026-06-14 15:28:50.336 10820-10985 CameraManagerGlobal     com.trainingvalidator.poc            I  postSingleUpdate device: camera id 1 status STATUS_PRESENT
2026-06-14 15:28:50.336 10820-10985 CameraManagerGlobal     com.trainingvalidator.poc            I  postSingleUpdate device: camera id 2 status STATUS_PRESENT
2026-06-14 15:28:50.336 10820-10985 CameraManagerGlobal     com.trainingvalidator.poc            I  postSingleUpdate device: camera id 3 status STATUS_PRESENT
2026-06-14 15:28:50.337 10820-10985 CameraRepository        com.trainingvalidator.poc            D  Added camera: 2
2026-06-14 15:28:50.337 10820-10985 CameraQuirks            com.trainingvalidator.poc            D  camera2 CameraQuirks = 
2026-06-14 15:28:50.337 10820-10985 Camera2CameraInfo       com.trainingvalidator.poc            I  Device Level: INFO_SUPPORTED_HARDWARE_LEVEL_LIMITED
2026-06-14 15:28:50.338 10820-10985 CameraManager           com.trainingvalidator.poc            I  registerAvailabilityCallback: Is device callback = false
2026-06-14 15:28:50.338 10820-10985 CameraManagerGlobal     com.trainingvalidator.poc            I  postSingleUpdate device: camera id 0 status STATUS_PRESENT
2026-06-14 15:28:50.338 10820-10985 CameraManagerGlobal     com.trainingvalidator.poc            I  postSingleUpdate device: camera id 1 status STATUS_PRESENT
2026-06-14 15:28:50.338 10820-10985 CameraManagerGlobal     com.trainingvalidator.poc            I  postSingleUpdate device: camera id 2 status STATUS_PRESENT
2026-06-14 15:28:50.338 10820-10985 CameraManagerGlobal     com.trainingvalidator.poc            I  postSingleUpdate device: camera id 3 status STATUS_PRESENT
2026-06-14 15:28:50.338 10820-10985 CameraRepository        com.trainingvalidator.poc            D  Added camera: 3
2026-06-14 15:28:50.338 10820-10985 CameraQuirks            com.trainingvalidator.poc            D  camera2 CameraQuirks = 
2026-06-14 15:28:50.339 10820-10985 Camera2CameraInfo       com.trainingvalidator.poc            I  Device Level: INFO_SUPPORTED_HARDWARE_LEVEL_FULL
2026-06-14 15:28:50.339 10820-10985 CameraManager           com.trainingvalidator.poc            I  registerAvailabilityCallback: Is device callback = false
2026-06-14 15:28:50.339 10820-10985 CameraManagerGlobal     com.trainingvalidator.poc            I  postSingleUpdate device: camera id 0 status STATUS_PRESENT
2026-06-14 15:28:50.339 10820-10985 CameraManagerGlobal     com.trainingvalidator.poc            I  postSingleUpdate device: camera id 1 status STATUS_PRESENT
2026-06-14 15:28:50.339 10820-10985 CameraManagerGlobal     com.trainingvalidator.poc            I  postSingleUpdate device: camera id 2 status STATUS_PRESENT
2026-06-14 15:28:50.339 10820-10985 CameraManagerGlobal     com.trainingvalidator.poc            I  postSingleUpdate device: camera id 3 status STATUS_PRESENT
2026-06-14 15:28:50.340 10820-10985 CameraPresencePrvdr     com.trainingvalidator.poc            I  Starting CameraPresenceProvider monitoring.
2026-06-14 15:28:50.340 10820-10985 CameraPresenceSrc       com.trainingvalidator.poc            I  First observer added. Starting monitoring.
2026-06-14 15:28:50.340 10820-10985 Camera2PresenceSrc      com.trainingvalidator.poc            I  Starting system availability monitoring.
2026-06-14 15:28:50.340 10820-10985 CameraManager           com.trainingvalidator.poc            I  registerAvailabilityCallback: Is device callback = false
2026-06-14 15:28:50.341 10820-10985 CameraManagerGlobal     com.trainingvalidator.poc            I  postSingleUpdate device: camera id 0 status STATUS_PRESENT
2026-06-14 15:28:50.341 10820-10985 CameraManagerGlobal     com.trainingvalidator.poc            I  postSingleUpdate device: camera id 1 status STATUS_PRESENT
2026-06-14 15:28:50.341 10820-10990 Camera2PresenceSrc      com.trainingvalidator.poc            D  System onCameraAvailable: 0
2026-06-14 15:28:50.341 10820-10985 CameraManagerGlobal     com.trainingvalidator.poc            I  postSingleUpdate device: camera id 2 status STATUS_PRESENT
2026-06-14 15:28:50.341 10820-10992 Camera2PresenceSrc      com.trainingvalidator.poc            D  System onCameraAvailable: 1
2026-06-14 15:28:50.341 10820-10985 CameraManagerGlobal     com.trainingvalidator.poc            I  postSingleUpdate device: camera id 3 status STATUS_PRESENT
2026-06-14 15:28:50.341 10820-10989 Camera2PresenceSrc      com.trainingvalidator.poc            D  System onCameraAvailable: 2
2026-06-14 15:28:50.341 10820-10992 Camera2PresenceSrc      com.trainingvalidator.poc            D  System onCameraAvailable: 3
2026-06-14 15:28:50.341 10820-10989 Camera2PresenceSrc      com.trainingvalidator.poc            D  [FetchData] Refreshed camera list: CameraIdentifier{cameraIds=0}, CameraIdentifier{cameraIds=1}, CameraIdentifier{cameraIds=2}, CameraIdentifier{cameraIds=3}
2026-06-14 15:28:50.341 10820-10992 Camera2PresenceSrc      com.trainingvalidator.poc            D  [FetchData] Refreshed camera list: CameraIdentifier{cameraIds=0}, CameraIdentifier{cameraIds=1}, CameraIdentifier{cameraIds=2}, CameraIdentifier{cameraIds=3}
2026-06-14 15:28:50.341 10820-10985 CameraValidator         com.trainingvalidator.poc            D  Verifying camera lens facing on b0q, lensFacingInteger: null
2026-06-14 15:28:50.341 10820-10989 Camera2PresenceSrc      com.trainingvalidator.poc            D  [FetchData] Refreshed camera list: CameraIdentifier{cameraIds=0}, CameraIdentifier{cameraIds=1}, CameraIdentifier{cameraIds=2}, CameraIdentifier{cameraIds=3}
2026-06-14 15:28:50.341 10820-10992 Camera2PresenceSrc      com.trainingvalidator.poc            D  [FetchData] Refreshed camera list: CameraIdentifier{cameraIds=0}, CameraIdentifier{cameraIds=1}, CameraIdentifier{cameraIds=2}, CameraIdentifier{cameraIds=3}
2026-06-14 15:28:50.341 10820-10989 Camera2PresenceSrc      com.trainingvalidator.poc            D  [FetchData] Refreshed camera list: CameraIdentifier{cameraIds=0}, CameraIdentifier{cameraIds=1}, CameraIdentifier{cameraIds=2}, CameraIdentifier{cameraIds=3}
2026-06-14 15:28:50.347 10820-10820 DeviceQuirks            com.trainingvalidator.poc            D  core DeviceQuirks = SurfaceOrderQuirk | LargeJpegImageQuirk
2026-06-14 15:28:50.350 10820-10820 ResolvedFeatureGroup    com.trainingvalidator.poc            D  resolveFeatureGroup: sessionConfig = androidx.camera.core.LegacySessionConfig@590447b, lensFacing = 0
2026-06-14 15:28:50.350 10820-10820 CameraUseCaseAdapter    com.trainingvalidator.poc            D  addUseCases: appUseCasesToAdd = [Preview:androidx.camera.core.Preview-9e4b81b9-dcca-484b-91ab-347091f9759f, ImageAnalysis:androidx.camera.core.ImageAnalysis-5684674a-1ee6-4156-8ccb-c707ddd2db29], featureGroup = null
2026-06-14 15:28:50.356 10820-10820 UseCase                 com.trainingvalidator.poc            D  applyFeaturesToConfig: mFeatureGroup = null, this = Preview:androidx.camera.core.Preview-9e4b81b9-dcca-484b-91ab-347091f9759f
