2026-06-14 15:28:50.358 10820-10820 SupportedO...sCollector com.trainingvalidator.poc            D  useCaseConfig = androidx.camera.core.impl.PreviewConfig@56cd298, candidateSizes = [3648x2736, 2736x2736, 3648x2048, 3648x1640, 1920x1440, 2400x1080, 2320x1080, 1920x1080, 1920x824, 1440x1080, 1088x1088, 1280x720, 960x720, 720x480, 640x480, 640x360, 352x288, 320x240, 176x144]
2026-06-14 15:28:50.359 10820-10820 UseCase                 com.trainingvalidator.poc            D  applyFeaturesToConfig: mFeatureGroup = null, this = ImageAnalysis:androidx.camera.core.ImageAnalysis-5684674a-1ee6-4156-8ccb-c707ddd2db29
2026-06-14 15:28:50.359 10820-10820 SupportedO...sCollector com.trainingvalidator.poc            D  useCaseConfig = androidx.camera.core.impl.ImageAnalysisConfig@ea88044, candidateSizes = [3648x2736, 2736x2736, 3648x2048, 3648x1640, 1920x1440, 2400x1080, 2320x1080, 1920x1080, 1920x824, 1440x1080, 1088x1088, 1280x720, 960x720, 720x480, 640x480, 640x360, 352x288, 320x240, 176x144]
2026-06-14 15:28:50.361 10820-10820 DynamicRangeResolver    com.trainingvalidator.poc            D  Resolved dynamic range for use case androidx.camera.core.Preview-9e4b81b9-dcca-484b-91ab-347091f9759f to no compatible HDR dynamic ranges.
                                                                                                    DynamicRange@7299a62{encoding=UNSPECIFIED, bitDepth=0}
                                                                                                    ->
                                                                                                    DynamicRange@d6b852d{encoding=SDR, bitDepth=8}
2026-06-14 15:28:50.361 10820-10820 SupportedS...ombination com.trainingvalidator.poc            D  resolvedDynamicRanges = {androidx.camera.core.impl.PreviewConfig@56cd298=DynamicRange@d6b852d{encoding=SDR, bitDepth=8}, androidx.camera.core.impl.ImageAnalysisConfig@ea88044=DynamicRange@d6b852d{encoding=SDR, bitDepth=8}}
2026-06-14 15:28:50.361 10820-10820 SupportedS...ombination com.trainingvalidator.poc            D  getSuggestedStreamSpecifications: isPreviewStabilizationOn = false, mIsPreviewStabilizationSupported = false, isFeatureComboInvocation = false
2026-06-14 15:28:50.361 10820-10820 SupportedS...ombination com.trainingvalidator.poc            D  resolveSpecsByCheckingMethod: checkingMethod = WITHOUT_FEATURE_COMBO
2026-06-14 15:28:50.361 10820-10820 SupportedS...ombination com.trainingvalidator.poc            D  resolveSpecsBySettings: featureSettings = FeatureSettings{getCameraMode=0, hasVideoCapture=false, getRequiredMaxBitDepth=8, isPreviewStabilizationOn=false, isUltraHdrOn=false, isHighSpeedOn=false, isFeatureComboInvocation=false, requiresFeatureComboQuery=false, getTargetFpsRange=[0, 0], isStrictFpsRequired=false}
2026-06-14 15:28:50.363 10820-10820 CameraQuirks            com.trainingvalidator.poc            D  camera2 CameraQuirks = 
2026-06-14 15:28:50.363 10820-10820 CameraQuirks            com.trainingvalidator.poc            D  camera2 CameraQuirks = 
2026-06-14 15:28:50.364 10820-10820 SupportedS...ombination com.trainingvalidator.poc            D  resolveSpecsBySettings: bestSizesAndFps = BestSizesAndMaxFpsForConfigs{bestSizes=[1440x1080, 320x240], bestSizesForStreamUseCase=null, maxFpsForBestSizes=30, maxFpsForStreamUseCase=2147483647, maxFpsForAllSizes=2147483647}
2026-06-14 15:28:50.365 10820-10820 UseCase                 com.trainingvalidator.poc            D  applyFeaturesToConfig: mFeatureGroup = null, this = Preview:androidx.camera.core.Preview-9e4b81b9-dcca-484b-91ab-347091f9759f
2026-06-14 15:28:50.365 10820-10820 Preview                 com.trainingvalidator.poc            D  onSuggestedStreamSpecUpdated: primaryStreamSpec = StreamSpec{resolution=1440x1080, originalConfiguredResolution=1440x1080, dynamicRange=DynamicRange@d6b852d{encoding=SDR, bitDepth=8}, sessionType=0, expectedFrameRateRange=[0, 0], implementationOptions=androidx.camera.camera2.impl.Camera2ImplConfig@f4593dc, zslDisabled=false}, secondaryStreamSpec null
2026-06-14 15:28:50.366 10820-10820 DeferrableSurface       com.trainingvalidator.poc            D  Surface created[total_surfaces=1, used_surfaces=0](androidx.camera.core.processing.SurfaceEdge$SettableSurface@bd52ce5}
2026-06-14 15:28:50.366 10820-10820 DeferrableSurface       com.trainingvalidator.poc            D  Surface created[total_surfaces=2, used_surfaces=0](androidx.camera.core.SurfaceRequest$2@430b261}
2026-06-14 15:28:50.367 10820-10820 DeferrableSurface       com.trainingvalidator.poc            D  New surface in use[total_surfaces=2, used_surfaces=1](androidx.camera.core.SurfaceRequest$2@430b261}
2026-06-14 15:28:50.367 10820-10820 DeferrableSurface       com.trainingvalidator.poc            D  use count+1, useCount=1 androidx.camera.core.SurfaceRequest$2@430b261
2026-06-14 15:28:50.368 10820-10820 UseCase                 com.trainingvalidator.poc            D  applyFeaturesToConfig: mFeatureGroup = null, this = ImageAnalysis:androidx.camera.core.ImageAnalysis-5684674a-1ee6-4156-8ccb-c707ddd2db29
2026-06-14 15:28:50.368 10820-10820 ImageAnalysis           com.trainingvalidator.poc            D  onSuggestedStreamSpecUpdated: primaryStreamSpec = StreamSpec{resolution=320x240, originalConfiguredResolution=320x240, dynamicRange=DynamicRange@d6b852d{encoding=SDR, bitDepth=8}, sessionType=0, expectedFrameRateRange=[0, 0], implementationOptions=androidx.camera.camera2.impl.Camera2ImplConfig@9716012, zslDisabled=false}, secondaryStreamSpec null
2026-06-14 15:28:50.369 10820-10820 libc                    com.trainingvalidator.poc            W  Access denied finding property "vendor.display.enable_optimal_refresh_rate"
2026-06-14 15:28:50.369 10820-10820 libc                    com.trainingvalidator.poc            W  Access denied finding property "vendor.display.enable_optimal_refresh_rate"
2026-06-14 15:28:50.370 10820-10820 libc                    com.trainingvalidator.poc            W  Access denied finding property "vendor.display.enable_optimal_refresh_rate"
2026-06-14 15:28:50.370 10820-10820 libc                    com.trainingvalidator.poc            W  Access denied finding property "vendor.display.enable_optimal_refresh_rate"
2026-06-14 15:28:50.370 10820-10820 DeferrableSurface       com.trainingvalidator.poc            D  Surface created[total_surfaces=3, used_surfaces=1](androidx.camera.core.impl.ImmediateSurface@f844c99}
2026-06-14 15:28:50.370 10820-10990 Camera2CameraImpl       com.trainingvalidator.poc            D  {Camera@2f972ab[id=1]} Use case androidx.camera.core.Preview-9e4b81b9-dcca-484b-91ab-347091f9759f152866415 ACTIVE
2026-06-14 15:28:50.371 10820-10990 UseCaseAttachState      com.trainingvalidator.poc            D  Active and attached use case: [] for camera: 1
2026-06-14 15:28:50.371 10820-10820 CameraXFrameSource      com.trainingvalidator.poc            D  Supported FPS ranges: [10,10], [7,15], [15,15], [24,24], [7,30], [30,30]; applied: [10,10]
2026-06-14 15:28:50.371 10820-10820 CameraXFrameSource      com.trainingvalidator.poc            D  Camera bound: front=true fps=[10,10] zoom=[min=1.0, max=8.0] res=preview=1440x1080, analysis=320x240
2026-06-14 15:28:50.371 10820-10990 Camera2CameraImpl       com.trainingvalidator.poc            D  {Camera@2f972ab[id=1]} Use case androidx.camera.core.ImageAnalysis-5684674a-1ee6-4156-8ccb-c707ddd2db29224962428 ACTIVE
2026-06-14 15:28:50.371 10820-10820 TrainingPipeline        com.trainingvalidator.poc            I  milestone | camera bound
2026-06-14 15:28:50.371 10820-10990 UseCaseAttachState      com.trainingvalidator.poc            D  Active and attached use case: [] for camera: 1
2026-06-14 15:28:50.372 10820-10820 CameraXFrameSource      com.trainingvalidator.poc            D  Skipping duplicate bind for front=true
2026-06-14 15:28:50.372 10820-10820 PreviewView             com.trainingvalidator.poc            D  Surface requested by Preview.
2026-06-14 15:28:50.372 10820-10820 DeviceQuirks            com.trainingvalidator.poc            D  view DeviceQuirks = 
2026-06-14 15:28:50.372 10820-10990 Camera2CameraImpl       com.trainingvalidator.poc            D  {Camera@2f972ab[id=1]} Use cases [androidx.camera.core.Preview-9e4b81b9-dcca-484b-91ab-347091f9759f152866415, androidx.camera.core.ImageAnalysis-5684674a-1ee6-4156-8ccb-c707ddd2db29224962428] now ATTACHED
2026-06-14 15:28:50.372 10820-10990 Camera2CameraControlImp com.trainingvalidator.poc            D  setActive: isActive = true
2026-06-14 15:28:50.372 10820-10990 UseCaseAttachState      com.trainingvalidator.poc            D  All use case: [androidx.camera.core.Preview-9e4b81b9-dcca-484b-91ab-347091f9759f152866415, androidx.camera.core.ImageAnalysis-5684674a-1ee6-4156-8ccb-c707ddd2db29224962428] for camera: 1
2026-06-14 15:28:50.373 10820-10990 UseCaseAttachState      com.trainingvalidator.poc            D  Active and attached use case: [androidx.camera.core.Preview-9e4b81b9-dcca-484b-91ab-347091f9759f152866415, androidx.camera.core.ImageAnalysis-5684674a-1ee6-4156-8ccb-c707ddd2db29224962428] for camera: 1
2026-06-14 15:28:50.373 10820-10820 SV[1563321...nActivity] com.trainingvalidator.poc            I  onWindowVisibilityChanged(0) true android.view.SurfaceView{95170a4 V.E...... ......I. 0,0-0,0} of VRI[MovitMainActivity]@26ecbe8
2026-06-14 15:28:50.373 10820-10820 SurfaceView             com.trainingvalidator.poc            D  156332196 updateSurface: has no frame
2026-06-14 15:28:50.373 10820-10990 Camera2CameraImpl       com.trainingvalidator.poc            D  {Camera@2f972ab[id=1]} Resetting Capture Session
2026-06-14 15:28:50.373 10820-10990 Camera2CameraImpl       com.trainingvalidator.poc            D  {Camera@2f972ab[id=1]} Skipping Capture Session state check due to current camera state: INITIALIZED and previous session status: false
2026-06-14 15:28:50.373 10820-10990 Camera2CameraImpl       com.trainingvalidator.poc            D  {Camera@2f972ab[id=1]} Releasing session in state INITIALIZED
2026-06-14 15:28:50.374 10820-10990 Camera2CameraImpl       com.trainingvalidator.poc            D  {Camera@2f972ab[id=1]} Attempting to force open the camera.
2026-06-14 15:28:50.374 10820-10990 CameraStateRegistry     com.trainingvalidator.poc            D  tryOpenCamera(Camera@2f972ab[id=1]) [Available Cameras: 1, Already Open: false (Previous state: null)] --> SUCCESS
2026-06-14 15:28:50.374 10820-10820 PreviewView             com.trainingvalidator.poc            D  Preview transformation info updated. TransformationInfo{getCropRect=Rect(0, 0 - 1440, 1080), getRotationDegrees=270, getTargetRotation=0, hasCameraTransform=true, getSensorToBufferTransform=Matrix{[0.39473686, 0.0, -0.0][0.0, 0.39473686, -0.0][0.0, 0.0, 1.0]}, isMirroring=true}
2026-06-14 15:28:50.374 10820-10820 PreviewTransform        com.trainingvalidator.poc            D  Transformation info set: TransformationInfo{getCropRect=Rect(0, 0 - 1440, 1080), getRotationDegrees=270, getTargetRotation=0, hasCameraTransform=true, getSensorToBufferTransform=Matrix{[0.39473686, 0.0, -0.0][0.0, 0.39473686, -0.0][0.0, 0.0, 1.0]}, isMirroring=true} 1440x1080 true
2026-06-14 15:28:50.374 10820-10990 CameraStateRegistry     com.trainingvalidator.poc            D  Recalculating open cameras:
                                                                                                    Camera                                       State                 
                                                                                                    -------------------------------------------------------------------
                                                                                                    Camera@2923033[id=0]                         UNKNOWN               
                                                                                                    Camera@2f972ab[id=1]                         OPENING               
                                                                                                    Camera@4211152[id=2]                         UNKNOWN               
                                                                                                    Camera@ba3d34c[id=3]                         UNKNOWN               
                                                                                                    -------------------------------------------------------------------
                                                                                                    Open count: 1 (Max allowed: 1)
2026-06-14 15:28:50.374 10820-10990 Camera2CameraImpl       com.trainingvalidator.poc            D  {Camera@2f972ab[id=1]} Opening camera.
2026-06-14 15:28:50.374 10820-10990 Camera2CameraImpl       com.trainingvalidator.poc            D  {Camera@2f972ab[id=1]} Transitioning camera internal state: INITIALIZED --> OPENING
2026-06-14 15:28:50.374 10820-10990 CameraStateMachine      com.trainingvalidator.poc            D  New public camera state CameraState{type=OPENING, error=null} from OPENING and null
2026-06-14 15:28:50.374 10820-10990 CameraStateMachine      com.trainingvalidator.poc            D  Publishing new public camera state CameraState{type=OPENING, error=null}
2026-06-14 15:28:50.374 10820-10990 UseCaseAttachState      com.trainingvalidator.poc            D  All use case: [androidx.camera.core.Preview-9e4b81b9-dcca-484b-91ab-347091f9759f152866415, androidx.camera.core.ImageAnalysis-5684674a-1ee6-4156-8ccb-c707ddd2db29224962428] for camera: 1
2026-06-14 15:28:50.378 10820-10987 CameraManagerGlobal     com.trainingvalidator.poc            I  Camera 1 facing CAMERA_FACING_FRONT state now CAMERA_STATE_OPENING for client com.trainingvalidator.poc API Level 2 User Id 0Device Id 0
2026-06-14 15:28:50.379 10820-10987 CameraManagerGlobal     com.trainingvalidator.poc            I  postSingleUpdate device: camera id 1 status STATUS_NOT_AVAILABLE
2026-06-14 15:28:50.379 10820-10987 CameraManagerGlobal     com.trainingvalidator.poc            I  postSingleUpdate device: camera id 1 status STATUS_NOT_AVAILABLE
2026-06-14 15:28:50.379 10820-10987 CameraManagerGlobal     com.trainingvalidator.poc            I  postSingleUpdate device: camera id 1 status STATUS_NOT_AVAILABLE
2026-06-14 15:28:50.379 10820-10987 CameraManagerGlobal     com.trainingvalidator.poc            I  postSingleUpdate device: camera id 1 status STATUS_NOT_AVAILABLE
2026-06-14 15:28:50.379 10820-10987 CameraManagerGlobal     com.trainingvalidator.poc            I  postSingleUpdate device: camera id 1 status STATUS_NOT_AVAILABLE
2026-06-14 15:28:50.380 10820-10985 Camera2PresenceSrc      com.trainingvalidator.poc            D  System onCameraUnavailable: 1
2026-06-14 15:28:50.380 10820-10985 Camera2PresenceSrc      com.trainingvalidator.poc            D  [FetchData] Refreshed camera list: CameraIdentifier{cameraIds=0}, CameraIdentifier{cameraIds=1}, CameraIdentifier{cameraIds=2}, CameraIdentifier{cameraIds=3}
2026-06-14 15:28:50.387 10820-10987 CameraManagerGlobal     com.trainingvalidator.poc            I  Camera 1 facing CAMERA_FACING_FRONT state now CAMERA_STATE_OPEN for client com.trainingvalidator.poc API Level 2 User Id 0Device Id 0
2026-06-14 15:28:50.389 10820-10820 BLASTBufferQueue_Java   com.trainingvalidator.poc            I  update, w= 1080 h= 2316 mName = VRI[MovitMainActivity]@26ecbe8 mNativeObject= 0xb400007199f752c0 sc.mNativeObject= 0xb400007189f62010 format= -3 caller= android.view.ViewRootImpl.updateBlastSurfaceIfNeeded:3574 android.view.ViewRootImpl.relayoutWindow:11685 android.view.ViewRootImpl.performTraversals:4804 android.view.ViewRootImpl.doTraversal:3924 android.view.ViewRootImpl$TraversalRunnable.run:12903 android.view.Choreographer$CallbackRecord.run:1901 
2026-06-14 15:28:50.389 10820-10820 VRI[MovitM...y]@26ecbe8 com.trainingvalidator.poc            I  Relayout returned: old=(0,0,1080,2316) new=(0,0,1080,2316) relayoutAsync=true req=(1080,2316)0 dur=2 res=0x0 s={true 0xb4000071a9f827b0} ch=false seqId=0
2026-06-14 15:28:50.395 10820-10820 SurfaceView             com.trainingvalidator.poc            D  156332196 updateSurface: has no frame
2026-06-14 15:28:50.395 10820-10820 VRI[MovitM...y]@26ecbe8 com.trainingvalidator.poc            I  registerCallbackForPendingTransactions
2026-06-14 15:28:50.396 10820-10990 Camera2CameraImpl       com.trainingvalidator.poc            D  {Camera@2f972ab[id=1]} Use case androidx.camera.core.Preview-9e4b81b9-dcca-484b-91ab-347091f9759f152866415 ACTIVE
2026-06-14 15:28:50.396 10820-10820 SurfaceView             com.trainingvalidator.poc            D  156332196 updateSurface: has no frame
2026-06-14 15:28:50.397 10820-10990 UseCaseAttachState      com.trainingvalidator.poc            D  Active and attached use case: [androidx.camera.core.Preview-9e4b81b9-dcca-484b-91ab-347091f9759f152866415, androidx.camera.core.ImageAnalysis-5684674a-1ee6-4156-8ccb-c707ddd2db29224962428] for camera: 1
2026-06-14 15:28:50.399 10820-10880 VRI[MovitM...y]@26ecbe8 com.trainingvalidator.poc            I  mWNT: t=0xb400006f59f9e190 mBlastBufferQueue=0xb400007199f752c0 fn= 311 HdrRenderState mRenderHdrSdrRatio=1.0 caller= android.view.ViewRootImpl$10.onFrameDraw:6536 android.view.ViewRootImpl$4.onFrameDraw:2489 android.view.ThreadedRenderer$1.onFrameDraw:718 
2026-06-14 15:28:50.400 10820-10820 SurfaceViewImpl         com.trainingvalidator.poc            D  Wait for new Surface creation.
2026-06-14 15:28:50.400 10820-10820 SurfaceView             com.trainingvalidator.poc            D  185756390 setFixedSize -1x-1 -> 1440x1080
2026-06-14 15:28:50.402 10820-10990 Camera2CameraImpl       com.trainingvalidator.poc            D  {Camera@2f972ab[id=1]} Use case androidx.camera.core.ImageAnalysis-5684674a-1ee6-4156-8ccb-c707ddd2db29224962428 ACTIVE
2026-06-14 15:28:50.402 10820-10820 SurfaceView             com.trainingvalidator.poc            I  156332196 Changes: creating=true format=true size=true visible=true alpha=false hint=false left=true top=true z=false attached=true lifecycleStrategy=false
2026-06-14 15:28:50.403 10820-10990 UseCaseAttachState      com.trainingvalidator.poc            D  Active and attached use case: [androidx.camera.core.Preview-9e4b81b9-dcca-484b-91ab-347091f9759f152866415, androidx.camera.core.ImageAnalysis-5684674a-1ee6-4156-8ccb-c707ddd2db29224962428] for camera: 1
2026-06-14 15:28:50.404 10820-10820 libc                    com.trainingvalidator.poc            W  Access denied finding property "vendor.display.enable_optimal_refresh_rate"
2026-06-14 15:28:50.404 10820-10820 BufferQueueProducer     com.trainingvalidator.poc            I  [](id:2a4400000003,api:0,p:131072,c:10820) setDequeueTimeout:2077252342
2026-06-14 15:28:50.407 10820-10820 BLASTBufferQueue_Java   com.trainingvalidator.poc            I  new BLASTBufferQueue, mName= 95170a4 SurfaceView[com.trainingvalidator.poc/com.movit.MovitMainActivity]@0 mNativeObject= 0xb40000719a0d88e0 caller= android.view.SurfaceView.createBlastSurfaceControls:1781 android.view.SurfaceView.updateSurface:1450 android.view.SurfaceView.lambda$new$0:280 android.view.SurfaceView.$r8$lambda$NfZyM_TG8F8lqzaOVZ7noREFjzU:0 android.view.SurfaceView$$ExternalSyntheticLambda1.onPreDraw:0 android.view.ViewTreeObserver.dispatchOnPreDraw:1229 android.view.ViewRootImpl.performTraversals:5448 android.view.ViewRootImpl.doTraversal:3924 android.view.ViewRootImpl$TraversalRunnable.run:12903 android.view.Choreographer$CallbackRecord.run:1901 
2026-06-14 15:28:50.407 10820-10820 BLASTBufferQueue_Java   com.trainingvalidator.poc            I  update, w= 1440 h= 1080 mName = 95170a4 SurfaceView[com.trainingvalidator.poc/com.movit.MovitMainActivity]@0 mNativeObject= 0xb40000719a0d88e0 sc.mNativeObject= 0xb400007189f5e350 format= 4 caller= android.view.SurfaceView.createBlastSurfaceControls:1782 android.view.SurfaceView.updateSurface:1450 android.view.SurfaceView.lambda$new$0:280 android.view.SurfaceView.$r8$lambda$NfZyM_TG8F8lqzaOVZ7noREFjzU:0 android.view.SurfaceView$$ExternalSyntheticLambda1.onPreDraw:0 android.view.ViewTreeObserver.dispatchOnPreDraw:1229 
2026-06-14 15:28:50.408 10820-10820 SurfaceView             com.trainingvalidator.poc            I  156332196 Cur surface: Surface(name=null mNativeObject=0)/@0x3d8a47d
2026-06-14 15:28:50.408 10820-10820 SurfaceComposerClient   com.trainingvalidator.poc            D  setCornerRadius ## 95170a4 SurfaceView[com.trainingvalidator.poc/com.movit.MovitMainActivity]@0#4464 cornerRadius=0.000000
2026-06-14 15:28:50.408 10820-10990 UseCaseAttachState      com.trainingvalidator.poc            D  Active and attached use case: [androidx.camera.core.Preview-9e4b81b9-dcca-484b-91ab-347091f9759f152866415, androidx.camera.core.ImageAnalysis-5684674a-1ee6-4156-8ccb-c707ddd2db29224962428] for camera: 1
2026-06-14 15:28:50.408 10820-10820 SV[1563321...nActivity] com.trainingvalidator.poc            I  pST: sr = Rect(0, 250 - 1440, 1330) sw = 1440 sh = 1080
2026-06-14 15:28:50.408 10820-10820 SurfaceView             com.trainingvalidator.poc            D  156332196 performSurfaceTransaction RenderWorker position = [0, 250, 1440, 1330] surfaceSize = 1440x1080
2026-06-14 15:28:50.408 10820-10820 libc                    com.trainingvalidator.poc            W  Access denied finding property "vendor.display.enable_optimal_refresh_rate"
2026-06-14 15:28:50.408 10820-10820 SV[1563321...nActivity] com.trainingvalidator.poc            I  updateSurface: mVisible = true mSurface.isValid() = true
2026-06-14 15:28:50.408 10820-10820 SV[1563321...nActivity] com.trainingvalidator.poc            I  updateSurface: mSurfaceCreated = false surfaceChanged = true visibleChanged = true
2026-06-14 15:28:50.408 10820-10820 SurfaceView             com.trainingvalidator.poc            I  156332196 visibleChanged -- surfaceCreated
2026-06-14 15:28:50.408 10820-10820 SV[1563321...nActivity] com.trainingvalidator.poc            I  surfaceCreated 1 #8 android.view.SurfaceView{95170a4 V.E...... ......I. 0,0-1440,1080}
2026-06-14 15:28:50.408 10820-10820 SurfaceViewImpl         com.trainingvalidator.poc            D  Surface created.
2026-06-14 15:28:50.408 10820-10820 SurfaceView             com.trainingvalidator.poc            I  156332196 surfaceChanged -- format=4 w=1440 h=1080
2026-06-14 15:28:50.408 10820-10820 SV[1563321...nActivity] com.trainingvalidator.poc            I  surfaceChanged (1440,1080) 1 #8 android.view.SurfaceView{95170a4 V.E...... ......I. 0,0-1440,1080}
2026-06-14 15:28:50.408 10820-10820 SurfaceViewImpl         com.trainingvalidator.poc            D  Surface changed. Size: 1440x1080
2026-06-14 15:28:50.408 10820-10820 SurfaceViewImpl         com.trainingvalidator.poc            D  Surface set on Preview.
2026-06-14 15:28:50.409 10820-10820 SurfaceView             com.trainingvalidator.poc            I  156332196 surfaceRedrawNeeded
2026-06-14 15:28:50.409 10820-10820 SurfaceView             com.trainingvalidator.poc            I  156332196 finishedDrawing
2026-06-14 15:28:50.410 10820-10820 SurfaceView             com.trainingvalidator.poc            V  Layout: x=0 y=250 w=1440 h=1080, frame=Rect(0, 0 - 1440, 1080)
2026-06-14 15:28:50.410 10820-10820 VRI[MovitM...y]@26ecbe8 com.trainingvalidator.poc            I  registerCallbackForPendingTransactions
2026-06-14 15:28:50.410 10820-10820 SurfaceView             com.trainingvalidator.poc            I  156332196 Changes: creating=false format=false size=false visible=false alpha=false hint=false left=true top=false z=false attached=true lifecycleStrategy=false
2026-06-14 15:28:50.411 10820-10820 SurfaceView             com.trainingvalidator.poc            I  156332196 Cur surface: Surface(name=null mNativeObject=-5476376658698852960)/@0x3d8a47d
2026-06-14 15:28:50.411 10820-10820 SurfaceComposerClient   com.trainingvalidator.poc            D  setCornerRadius ## 95170a4 SurfaceView[com.trainingvalidator.poc/com.movit.MovitMainActivity]@0#4464 cornerRadius=0.000000
2026-06-14 15:28:50.411 10820-10820 SV[1563321...nActivity] com.trainingvalidator.poc            I  updateSurface: mVisible = true mSurface.isValid() = true
2026-06-14 15:28:50.411 10820-10820 SV[1563321...nActivity] com.trainingvalidator.poc            I  updateSurface: mSurfaceCreated = true surfaceChanged = false visibleChanged = false
2026-06-14 15:28:50.411 10820-10820 SurfaceView             com.trainingvalidator.poc            V  Layout: x=-133 y=250 w=1440 h=1080, frame=Rect(0, 0 - 1440, 1080)
2026-06-14 15:28:50.412 10820-10990 Camera2CameraImpl       com.trainingvalidator.poc            D  {Camera@2f972ab[id=1]} CameraDevice.onOpened()
2026-06-14 15:28:50.412 10820-10990 Camera2CameraImpl       com.trainingvalidator.poc            D  {Camera@2f972ab[id=1]} Transitioning camera internal state: OPENING --> OPENED
2026-06-14 15:28:50.413 10820-10990 CameraStateRegistry     com.trainingvalidator.poc            D  Recalculating open cameras:
                                                                                                    Camera                                       State                 
                                                                                                    -------------------------------------------------------------------
                                                                                                    Camera@2923033[id=0]                         UNKNOWN               
                                                                                                    Camera@2f972ab[id=1]                         OPEN                  
                                                                                                    Camera@4211152[id=2]                         UNKNOWN               
                                                                                                    Camera@ba3d34c[id=3]                         UNKNOWN               
                                                                                                    -------------------------------------------------------------------
                                                                                                    Open count: 1 (Max allowed: 1)
2026-06-14 15:28:50.413 10820-10990 CameraStateMachine      com.trainingvalidator.poc            D  New public camera state CameraState{type=OPEN, error=null} from OPEN and null
2026-06-14 15:28:50.414 10820-10990 CameraStateMachine      com.trainingvalidator.poc            D  Publishing new public camera state CameraState{type=OPEN, error=null}
2026-06-14 15:28:50.415 10820-10990 UseCaseAttachState      com.trainingvalidator.poc            D  All use case: [androidx.camera.core.Preview-9e4b81b9-dcca-484b-91ab-347091f9759f152866415, androidx.camera.core.ImageAnalysis-5684674a-1ee6-4156-8ccb-c707ddd2db29224962428] for camera: 1
2026-06-14 15:28:50.415 10820-10987 TextToSpeech            com.trainingvalidator.poc            I  Connected to TTS engine
2026-06-14 15:28:50.415 10820-10990 StreamUseCaseUtil       com.trainingvalidator.poc            D  populateSurfaceToStreamUseCaseMapping() - streamUseCaseMap = {}
2026-06-14 15:28:50.415 10820-10869 SurfaceView             com.trainingvalidator.poc            D  156332196 updateSurfacePosition RenderWorker, frameNr = 312, position = [-134, 250, 1214, 2047] surfaceSize = 1440x1080
2026-06-14 15:28:50.415 10820-10869 SV[1563321...nActivity] com.trainingvalidator.poc            I  uSP: rtp = Rect(-134, 250 - 1214, 2047) rtsw = 1440 rtsh = 1080
2026-06-14 15:28:50.415 10820-10869 SV[1563321...nActivity] com.trainingvalidator.poc            I  onSSPAndSRT: pl = -134 pt = 250 sx = 0.9361111 sy = 1.6638889
2026-06-14 15:28:50.416 10820-10869 SV[1563321...nActivity] com.trainingvalidator.poc            I  aOrMT: VRI[MovitMainActivity]@26ecbe8 t = android.view.SurfaceControl$Transaction@8105aca fN = 312 android.view.SurfaceView.-$$Nest$mapplyOrMergeTransaction:0 android.view.SurfaceView$SurfaceViewPositionUpdateListener.positionChanged:1932 android.graphics.RenderNode$CompositePositionUpdateListener.positionChanged:401 
2026-06-14 15:28:50.416 10820-10869 VRI[MovitM...y]@26ecbe8 com.trainingvalidator.poc            I  mWNT: t=0xb400006f5a007f90 mBlastBufferQueue=0xb400007199f752c0 fn= 312 HdrRenderState mRenderHdrSdrRatio=1.0 caller= android.view.SurfaceView.applyOrMergeTransaction:1863 android.view.SurfaceView.-$$Nest$mapplyOrMergeTransaction:0 android.view.SurfaceView$SurfaceViewPositionUpdateListener.positionChanged:1932 
2026-06-14 15:28:50.416 10820-10879 VRI[MovitM...y]@26ecbe8 com.trainingvalidator.poc            I  mWNT: t=0xb400006f5a008690 mBlastBufferQueue=0xb400007199f752c0 fn= 312 HdrRenderState mRenderHdrSdrRatio=1.0 caller= android.view.ViewRootImpl$10.onFrameDraw:6536 android.view.ViewRootImpl$4.onFrameDraw:2489 android.view.ThreadedRenderer$1.onFrameDraw:718 
2026-06-14 15:28:50.417 10820-10820 VRI[MovitM...y]@26ecbe8 com.trainingvalidator.poc            I  mWNT: t=0xb400006f59f72050 mBlastBufferQueue=0xb400007199f752c0 fn= 0 HdrRenderState mRenderHdrSdrRatio=1.0 caller= android.view.ViewRootImpl.performTraversals:5557 android.view.ViewRootImpl.doTraversal:3924 android.view.ViewRootImpl$TraversalRunnable.run:12903 
2026-06-14 15:28:50.421 10820-10990 UseCaseAttachState      com.trainingvalidator.poc            D  Active and attached use case: [androidx.camera.core.Preview-9e4b81b9-dcca-484b-91ab-347091f9759f152866415, androidx.camera.core.ImageAnalysis-5684674a-1ee6-4156-8ccb-c707ddd2db29224962428] for camera: 1
2026-06-14 15:28:50.423 10820-10990 SyncCaptureSessionBase  com.trainingvalidator.poc            D  [androidx.camera.camera2.internal.SynchronizedCaptureSessionImpl@7093970] getSurface done with results: [Surface(name=null mNativeObject=-5476376658698852960)/@0x3d8a47d, Surface(name=null mNativeObject=-5476376658699602800)/@0xcc51fb3]
2026-06-14 15:28:50.423 10820-10990 CaptureSession          com.trainingvalidator.poc            D  Opening capture session.
2026-06-14 15:28:50.425 10820-10990 Camera2Cap...estBuilder com.trainingvalidator.poc            D  template type = 1
2026-06-14 15:28:50.429 10820-10990 Camera2Cap...estBuilder com.trainingvalidator.poc            D  applyAeFpsRange: expectedFrameRateRange = [0, 0]
2026-06-14 15:28:50.429 10820-10990 SyncCaptureSessionImpl  com.trainingvalidator.poc            D  [androidx.camera.camera2.internal.SynchronizedCaptureSessionImpl@7093970] start openCaptureSession
2026-06-14 15:28:50.430 10820-10990 DeferrableSurface       com.trainingvalidator.poc            D  use count+1, useCount=2 androidx.camera.core.SurfaceRequest$2@430b261
2026-06-14 15:28:50.430 10820-10990 DeferrableSurface       com.trainingvalidator.poc            D  New surface in use[total_surfaces=3, used_surfaces=2](androidx.camera.core.impl.ImmediateSurface@f844c99}
2026-06-14 15:28:50.430 10820-10990 DeferrableSurface       com.trainingvalidator.poc            D  use count+1, useCount=1 androidx.camera.core.impl.ImmediateSurface@f844c99
2026-06-14 15:28:50.630 10820-11005 TextToSpeech            com.trainingvalidator.poc            I  Setting up the connection to TTS engine...
2026-06-14 15:28:50.786 10820-11002 ngvalidator.poc         com.trainingvalidator.poc            W  Long monitor contention with owner CameraX-core_camera_2 (10990) at boolean android.hardware.camera2.impl.CameraDeviceImpl.configureStreamsChecked(android.hardware.camera2.params.InputConfiguration, java.util.List, int, android.hardware.camera2.CaptureRequest, long)(CameraDeviceImpl.java:745) waiters=0 in void android.hardware.camera2.impl.CameraDeviceImpl$6.run() for 355ms
2026-06-14 15:28:50.786 10820-10990 UseCaseAttachState      com.trainingvalidator.poc            D  Active and attached use case: [androidx.camera.core.Preview-9e4b81b9-dcca-484b-91ab-347091f9759f152866415, androidx.camera.core.ImageAnalysis-5684674a-1ee6-4156-8ccb-c707ddd2db29224962428] for camera: 1
2026-06-14 15:28:50.787 10820-10990 SyncCaptureSessionImpl  com.trainingvalidator.poc            D  [androidx.camera.camera2.internal.SynchronizedCaptureSessionImpl@7093970] Session onConfigured()
2026-06-14 15:28:50.787 10820-10990 CaptureSession          com.trainingvalidator.poc            D  Attempting to send capture request onConfigured
2026-06-14 15:28:50.787 10820-10990 CaptureSession          com.trainingvalidator.poc            D  Issuing request for session.
2026-06-14 15:28:50.787 10820-10990 Camera2Cap...estBuilder com.trainingvalidator.poc            D  createCaptureRequest
2026-06-14 15:28:50.788 10820-10990 Camera2Cap...estBuilder com.trainingvalidator.poc            D  applyAeFpsRange: expectedFrameRateRange = [0, 0]
2026-06-14 15:28:50.788 10820-10990 Camera2Cap...estBuilder com.trainingvalidator.poc            D  applyVideoStabilization: mode = null
2026-06-14 15:28:50.790 10820-10990 CaptureSession          com.trainingvalidator.poc            D  CameraCaptureSession.onConfigured() mState=OPENED
2026-06-14 15:28:50.790 10820-10990 CaptureSession          com.trainingvalidator.poc            D  CameraCaptureSession.onReady() OPENED
2026-06-14 15:28:50.794 10820-10833 CameraManagerGlobal     com.trainingvalidator.poc            I  Camera 1 facing CAMERA_FACING_FRONT state now CAMERA_STATE_ACTIVE for client com.trainingvalidator.poc API Level 2 User Id 0Device Id 0
2026-06-14 15:28:50.936 10820-10992 StreamStateObserver     com.trainingvalidator.poc            D  Update Preview stream state to STREAMING
2026-06-14 15:28:50.939 10820-10987 BLASTBufferQueue        com.trainingvalidator.poc            I  [95170a4 SurfaceView[com.trainingvalidator.poc/com.movit.MovitMainActivity]@0#1](f:0,a:0,s:0) onFrameAvailable the first frame is available
2026-06-14 15:28:50.939 10820-10987 SurfaceComposerClient   com.trainingvalidator.poc            I  apply transaction with the first frame. layerId: 4465, bufferData(ID: 46471546142729, frameNumber: 1)
2026-06-14 15:28:50.944 10820-11075 nativeloader            com.trainingvalidator.poc            D  Load /data/app/~~c9dTgcHYluf8oUAHc_1VMw==/com.trainingvalidator.poc-HIWgSleajQxW1nXdyakvuQ==/base.apk!/lib/arm64-v8a/libimage_processing_util_jni.so using class loader ns clns-9 (caller=/data/app/~~c9dTgcHYluf8oUAHc_1VMw==/com.trainingvalidator.poc-HIWgSleajQxW1nXdyakvuQ==/base.apk): ok
2026-06-14 15:28:50.944 10820-11075 ngvalidator.poc         com.trainingvalidator.poc            I  hiddenapi: Accessing hidden field Landroid/graphics/Bitmap;->mNativePtr:J (runtime_flags=0, domain=platform, api=unsupported) from Landroidx/camera/core/ImageProcessingUtil; (domain=app, TargetSdkVersion=36) using JNI: allowed
2026-06-14 15:28:50.998 10820-10969 native                  com.trainingvalidator.poc            W  W0000 00:00:1781440130.998057   10969 landmark_projection_calculator.cc:81] Using NORM_RECT without IMAGE_DIMENSIONS is only supported for the square ROI. Provide IMAGE_DIMENSIONS or use PROJECTION_MATRIX.
2026-06-14 15:28:50.998 10820-10969 native                  com.trainingvalidator.poc            I  I0000 00:00:1781440130.998446   10969 jni_util.cc:43] GetEnv: not attached
2026-06-14 15:28:51.008 10820-10918 TrainingPipeline        com.trainingvalidator.poc            I  window=2s | cam=1fps(skipThrottle=0 target=10 ae=[10,10] analysis=320x240) | pose=1fps(body=1 nopose=0 inferMs=63 busySkip=0) | vm=in 1 proc=1 | engine=state=SETUP_POSE phase=IDLE reps=0/12 score=100 drop=0 | supervisor=drop=0
2026-06-14 15:28:51.163 10820-10968 native                  com.trainingvalidator.poc            I  I0000 00:00:1781440131.163207   10968 jni_util.cc:43] GetEnv: not attached
2026-06-14 15:28:51.264 10820-10964 native                  com.trainingvalidator.poc            I  I0000 00:00:1781440131.264332   10964 jni_util.cc:43] GetEnv: not attached
2026-06-14 15:28:51.354 10820-10820 VRI[MovitM...y]@26ecbe8 com.trainingvalidator.poc            I  handleResized, frames=ClientWindowFrames{frame=[0,0][1080,2316] display=[0,0][1080,2316] parentFrame=[0,0][0,0]} displayId=0 dragResizing=false compatScale=1.0 frameChanged=false attachedFrameChanged=false configChanged=false displayChanged=false compatScaleChanged=false dragResizingChanged=false
2026-06-14 15:28:51.372 10820-10985 UseCaseAttachState      com.trainingvalidator.poc            D  Active and attached use case: [androidx.camera.core.Preview-9e4b81b9-dcca-484b-91ab-347091f9759f152866415, androidx.camera.core.ImageAnalysis-5684674a-1ee6-4156-8ccb-c707ddd2db29224962428] for camera: 1
2026-06-14 15:28:51.373 10820-10985 CaptureSession          com.trainingvalidator.poc            D  Attempting to submit CaptureRequest after setting
2026-06-14 15:28:51.373 10820-10985 CaptureSession          com.trainingvalidator.poc            D  Issuing request for session.
2026-06-14 15:28:51.373 10820-10985 Camera2Cap...estBuilder com.trainingvalidator.poc            D  createCaptureRequest
2026-06-14 15:28:51.374 10820-10985 Camera2Cap...estBuilder com.trainingvalidator.poc            D  applyAeFpsRange: expectedFrameRateRange = [0, 0]
2026-06-14 15:28:51.374 10820-10985 Camera2Cap...estBuilder com.trainingvalidator.poc            D  applyVideoStabilization: mode = null
2026-06-14 15:28:51.872 10820-10966 native                  com.trainingvalidator.poc            I  I0000 00:00:1781440131.872262   10966 jni_util.cc:43] GetEnv: not attached
2026-06-14 15:28:52.284 10820-10971 native                  com.trainingvalidator.poc            I  I0000 00:00:1781440132.284129   10971 jni_util.cc:43] GetEnv: not attached
2026-06-14 15:28:52.572 10820-10967 native                  com.trainingvalidator.poc            I  I0000 00:00:1781440132.572589   10967 jni_util.cc:43] GetEnv: not attached
2026-06-14 15:28:52.658 10820-10820 VRI[MovitM...y]@26ecbe8 com.trainingvalidator.poc            I  call setFrameRateCategory for touch hint category=no preference, reason=boost timeout, vri=VRI[MovitMainActivity]@26ecbe8
2026-06-14 15:28:52.980 10820-10970 native                  com.trainingvalidator.poc            I  I0000 00:00:1781440132.980617   10970 jni_util.cc:43] GetEnv: not attached
2026-06-14 15:28:52.989 10820-10877 TrainingPipeline        com.trainingvalidator.poc            I  window=2s | cam=13fps(skipThrottle=6 target=10 ae=[10,10] analysis=320x240) | pose=13fps(body=13 nopose=0 inferMs=36 busySkip=0) | vm=in 13 proc=13 | engine=state=SETUP_POSE phase=IDLE reps=0/12 score=100 drop=0 | supervisor=drop=0
2026-06-14 15:28:53.854 10820-10820 InsetsSourceConsumer    com.trainingvalidator.poc            I  applyRequestedVisibilityToControl: visible=true, type=statusBars, host=com.trainingvalidator.poc/com.movit.MovitMainActivity
2026-06-14 15:28:54.895 10820-10820 TrainingPipeline        com.trainingvalidator.poc            I  milestone | supervisor SETUP_POSE -> COUNTDOWN
2026-06-14 15:28:55.167 10820-10877 TrainingPipeline        com.trainingvalidator.poc            I  window=2s | cam=14fps(skipThrottle=8 target=10 ae=[10,10] analysis=320x240) | pose=14fps(body=14 nopose=0 inferMs=41 busySkip=0) | vm=in 14 proc=14 | engine=state=COUNTDOWN phase=IDLE reps=0/12 score=100 drop=0 | supervisor=drop=0
2026-06-14 15:28:57.196 10820-10877 TrainingPipeline        com.trainingvalidator.poc            I  window=2s | cam=12fps(skipThrottle=8 target=10 ae=[10,10] analysis=320x240) | pose=12fps(body=12 nopose=0 inferMs=43 busySkip=0) | vm=in 12 proc=12 | engine=state=COUNTDOWN phase=IDLE reps=0/12 score=100 drop=0 | supervisor=drop=0
2026-06-14 15:28:58.879 10820-10965 native                  com.trainingvalidator.poc            I  I0000 00:00:1781440138.879570   10965 jni_util.cc:43] GetEnv: not attached
2026-06-14 15:28:59.198 10820-10877 TrainingPipeline        com.trainingvalidator.poc            I  window=2s | cam=15fps(skipThrottle=5 target=10 ae=[10,10] analysis=320x240) | pose=15fps(body=15 nopose=0 inferMs=45 busySkip=0) | vm=in 15 proc=15 | engine=state=COUNTDOWN phase=IDLE reps=0/12 score=100 drop=0 | supervisor=drop=0
2026-06-14 15:28:59.417 10820-10820 TrainingPipeline        com.trainingvalidator.poc            I  milestone | supervisor COUNTDOWN -> TRAINING
2026-06-14 15:28:59.434 10820-10820 SensorManager           com.trainingvalidator.poc            D  registerListener :: 91, gravity  Non-wakeup, 20000, 0, 
2026-06-14 15:29:01.203 10820-10877 TrainingPipeline        com.trainingvalidator.poc            I  window=2s | cam=13fps(skipThrottle=7 target=10 ae=[10,10] analysis=320x240) | pose=13fps(body=13 nopose=0 inferMs=43 busySkip=0) | vm=in 13 proc=13 | engine=state=TRAINING phase=START reps=0/12 score=100 drop=0 | supervisor=drop=0
2026-06-14 15:29:03.307 10820-10918 TrainingPipeline        com.trainingvalidator.poc            I  window=2s | cam=13fps(skipThrottle=8 target=10 ae=[10,10] analysis=320x240) | pose=13fps(body=13 nopose=0 inferMs=44 busySkip=0) | vm=in 13 proc=13 | engine=state=TRAINING phase=BOTTOM reps=0/12 score=95 drop=0 | supervisor=drop=0
2026-06-14 15:29:05.374 10820-10877 TrainingPipeline        com.trainingvalidator.poc            I  window=2s | cam=14fps(skipThrottle=7 target=10 ae=[10,10] analysis=320x240) | pose=14fps(body=14 nopose=0 inferMs=43 busySkip=0) | vm=in 14 proc=14 | engine=state=TRAINING phase=START reps=1/12 score=100 drop=0 | supervisor=drop=0
2026-06-14 15:29:07.482 10820-10918 TrainingPipeline        com.trainingvalidator.poc            I  window=2s | cam=13fps(skipThrottle=8 target=10 ae=[10,10] analysis=320x240) | pose=13fps(body=13 nopose=0 inferMs=38 busySkip=0) | vm=in 13 proc=13 | engine=state=TRAINING phase=START reps=1/12 score=100 drop=0 | supervisor=drop=0
2026-06-14 15:29:09.486 10820-10918 TrainingPipeline        com.trainingvalidator.poc            I  window=2s | cam=13fps(skipThrottle=7 target=10 ae=[10,10] analysis=320x240) | pose=13fps(body=13 nopose=0 inferMs=44 busySkip=0) | vm=in 13 proc=13 | engine=state=TRAINING phase=START reps=1/12 score=100 drop=0 | supervisor=drop=0
2026-06-14 15:29:11.487 10820-10918 TrainingPipeline        com.trainingvalidator.poc            I  window=2s | cam=14fps(skipThrottle=6 target=10 ae=[10,10] analysis=320x240) | pose=14fps(body=14 nopose=0 inferMs=42 busySkip=0) | vm=in 14 proc=14 | engine=state=TRAINING phase=BOTTOM reps=1/12 score=95 drop=0 | supervisor=drop=0
2026-06-14 15:29:13.690 10820-10918 TrainingPipeline        com.trainingvalidator.poc            I  window=2s | cam=14fps(skipThrottle=8 target=10 ae=[10,10] analysis=320x240) | pose=14fps(body=14 nopose=0 inferMs=46 busySkip=0) | vm=in 14 proc=14 | engine=state=TRAINING phase=START reps=2/12 score=100 drop=0 | supervisor=drop=0
2026-06-14 15:29:15.795 10820-10877 TrainingPipeline        com.trainingvalidator.poc            I  window=2s | cam=15fps(skipThrottle=6 target=10 ae=[10,10] analysis=320x240) | pose=15fps(body=15 nopose=0 inferMs=44 busySkip=0) | vm=in 15 proc=15 | engine=state=TRAINING phase=BOTTOM reps=2/12 score=95 drop=0 | supervisor=drop=0
2026-06-14 15:29:17.885 10820-10877 TrainingPipeline        com.trainingvalidator.poc            I  window=2s | cam=12fps(skipThrottle=9 target=10 ae=[10,10] analysis=320x240) | pose=12fps(body=12 nopose=0 inferMs=41 busySkip=0) | vm=in 12 proc=12 | engine=state=TRAINING phase=START reps=3/12 score=100 drop=0 | supervisor=drop=0
2026-06-14 15:29:20.096 10820-10877 TrainingPipeline        com.trainingvalidator.poc            I  window=2s | cam=15fps(skipThrottle=7 target=10 ae=[10,10] analysis=320x240) | pose=15fps(body=15 nopose=0 inferMs=45 busySkip=0) | vm=in 15 proc=15 | engine=state=TRAINING phase=BOTTOM reps=3/12 score=95 drop=0 | supervisor=drop=0
2026-06-14 15:29:22.184 10820-10877 TrainingPipeline        com.trainingvalidator.poc            I  window=2s | cam=14fps(skipThrottle=7 target=10 ae=[10,10] analysis=320x240) | pose=14fps(body=14 nopose=0 inferMs=43 busySkip=0) | vm=in 14 proc=14 | engine=state=TRAINING phase=START reps=4/12 score=100 drop=0 | supervisor=drop=0
2026-06-14 15:29:24.281 10820-10918 TrainingPipeline        com.trainingvalidator.poc            I  window=2s | cam=15fps(skipThrottle=6 target=10 ae=[10,10] analysis=320x240) | pose=15fps(body=15 nopose=0 inferMs=43 busySkip=0) | vm=in 15 proc=15 | engine=state=TRAINING phase=BOTTOM reps=4/12 score=95 drop=0 | supervisor=drop=0
2026-06-14 15:29:26.381 10820-10918 TrainingPipeline        com.trainingvalidator.poc            I  window=2s | cam=13fps(skipThrottle=8 target=10 ae=[10,10] analysis=320x240) | pose=13fps(body=13 nopose=0 inferMs=42 busySkip=0) | vm=in 13 proc=13 | engine=state=TRAINING phase=START reps=5/12 score=100 drop=0 | supervisor=drop=0
2026-06-14 15:29:28.383 10820-10918 TrainingPipeline        com.trainingvalidator.poc            I  window=2s | cam=15fps(skipThrottle=5 target=10 ae=[10,10] analysis=320x240) | pose=15fps(body=15 nopose=0 inferMs=44 busySkip=0) | vm=in 15 proc=15 | engine=state=TRAINING phase=BOTTOM reps=5/12 score=95 drop=0 | supervisor=drop=0
2026-06-14 15:29:30.473 10820-10918 TrainingPipeline        com.trainingvalidator.poc            I  window=2s | cam=14fps(skipThrottle=7 target=10 ae=[10,10] analysis=320x240) | pose=14fps(body=14 nopose=0 inferMs=45 busySkip=0) | vm=in 14 proc=14 | engine=state=TRAINING phase=DOWN reps=6/12 score=95 drop=0 | supervisor=drop=0
2026-06-14 15:29:32.581 10820-10918 TrainingPipeline        com.trainingvalidator.poc            I  window=2s | cam=15fps(skipThrottle=6 target=10 ae=[10,10] analysis=320x240) | pose=15fps(body=15 nopose=0 inferMs=43 busySkip=0) | vm=in 15 proc=15 | engine=state=TRAINING phase=START reps=7/12 score=100 drop=0 | supervisor=drop=0
2026-06-14 15:29:34.678 10820-10873 TrainingPipeline        com.trainingvalidator.poc            I  window=2s | cam=13fps(skipThrottle=8 target=10 ae=[10,10] analysis=320x240) | pose=13fps(body=13 nopose=0 inferMs=44 busySkip=0) | vm=in 13 proc=13 | engine=state=TRAINING phase=BOTTOM reps=7/12 score=95 drop=0 | supervisor=drop=0
2026-06-14 15:29:36.783 10820-10873 TrainingPipeline        com.trainingvalidator.poc            I  window=2s | cam=14fps(skipThrottle=7 target=10 ae=[10,10] analysis=320x240) | pose=14fps(body=14 nopose=0 inferMs=43 busySkip=0) | vm=in 14 proc=14 | engine=state=TRAINING phase=START reps=8/12 score=100 drop=0 | supervisor=drop=0
2026-06-14 15:29:38.777 10820-10873 TrainingPipeline        com.trainingvalidator.poc            I  window=2s | cam=13fps(skipThrottle=7 target=10 ae=[10,10] analysis=320x240) | pose=13fps(body=13 nopose=0 inferMs=44 busySkip=0) | vm=in 13 proc=13 | engine=state=TRAINING phase=BOTTOM reps=8/12 score=95 drop=0 | supervisor=drop=0
2026-06-14 15:29:40.870 10820-10873 TrainingPipeline        com.trainingvalidator.poc            I  window=2s | cam=14fps(skipThrottle=7 target=10 ae=[10,10] analysis=320x240) | pose=14fps(body=14 nopose=0 inferMs=42 busySkip=0) | vm=in 14 proc=14 | engine=state=TRAINING phase=START reps=9/12 score=100 drop=0 | supervisor=drop=0
2026-06-14 15:29:42.872 10820-10877 TrainingPipeline        com.trainingvalidator.poc            I  window=2s | cam=14fps(skipThrottle=6 target=10 ae=[10,10] analysis=320x240) | pose=14fps(body=14 nopose=0 inferMs=43 busySkip=0) | vm=in 14 proc=14 | engine=state=TRAINING phase=BOTTOM reps=9/12 score=97 drop=0 | supervisor=drop=0
2026-06-14 15:29:44.877 10820-10877 TrainingPipeline        com.trainingvalidator.poc            I  window=2s | cam=13fps(skipThrottle=7 target=10 ae=[10,10] analysis=320x240) | pose=13fps(body=13 nopose=0 inferMs=44 busySkip=0) | vm=in 13 proc=13 | engine=state=TRAINING phase=START reps=10/12 score=100 drop=0 | supervisor=drop=0
2026-06-14 15:29:46.974 10820-10918 TrainingPipeline        com.trainingvalidator.poc            I  window=2s | cam=13fps(skipThrottle=8 target=10 ae=[10,10] analysis=320x240) | pose=13fps(body=13 nopose=0 inferMs=43 busySkip=0) | vm=in 13 proc=13 | engine=state=TRAINING phase=BOTTOM reps=10/12 score=95 drop=0 | supervisor=drop=0
2026-06-14 15:29:49.074 10820-10918 TrainingPipeline        com.trainingvalidator.poc            I  window=2s | cam=14fps(skipThrottle=7 target=10 ae=[10,10] analysis=320x240) | pose=14fps(body=14 nopose=0 inferMs=46 busySkip=0) | vm=in 14 proc=14 | engine=state=TRAINING phase=START reps=11/12 score=100 drop=0 | supervisor=drop=0
2026-06-14 15:29:51.170 10820-10873 TrainingPipeline        com.trainingvalidator.poc            I  window=2s | cam=13fps(skipThrottle=8 target=10 ae=[10,10] analysis=320x240) | pose=13fps(body=13 nopose=0 inferMs=43 busySkip=0) | vm=in 13 proc=13 | engine=state=TRAINING phase=BOTTOM reps=11/12 score=95 drop=0 | supervisor=drop=0
2026-06-14 15:29:52.260 10820-10828 ngvalidator.poc         com.trainingvalidator.poc            I  Background young concurrent mark compact GC freed 8166KB AllocSpace bytes, 58(16MB) LOS objects, 69% free, 10MB/34MB, paused 323us,6.097ms total 46.951ms
2026-06-14 15:29:52.620 10820-10820 TrainingPipeline        com.trainingvalidator.poc            I  milestone | supervisor TRAINING -> COMPLETED
2026-06-14 15:29:52.623 10820-10820 SensorManager           com.trainingvalidator.poc            D  unregisterListener
2026-06-14 15:29:52.644 10820-10820 SV[1563321...nActivity] com.trainingvalidator.poc            I  onWindowVisibilityChanged(8) false android.view.SurfaceView{95170a4 V.E...... ........ 0,0-1440,1080} of VRI[MovitMainActivity]@26ecbe8
2026-06-14 15:29:52.644 10820-10820 SurfaceView             com.trainingvalidator.poc            I  156332196 Changes: creating=false format=false size=false visible=true alpha=false hint=false left=false top=false z=false attached=true lifecycleStrategy=false
2026-06-14 15:29:52.644 10820-10820 SurfaceView             com.trainingvalidator.poc            I  156332196 Cur surface: Surface(name=null mNativeObject=-5476376658698852960)/@0x3d8a47d
