2026-01-10 12:23:40.046  1684-1684  SurfaceFlinger          surfaceflinger                       I  RequestedLayer [3c5f9b9 com.trainingvalidator.poc/co[...]lidator.poc.ui.TrainingActivity#7984] hidden!! flag  from(1) --> to(0)
2026-01-10 12:23:40.046  1684-1684  SurfaceFlinger          surfaceflinger                       I  RequestedLayer [ActivityRecord{231700623 u0 com.trai[...]poc/.ui.TrainingActivity t3408}#7979] hidden!! flag  from(1) --> to(0)
2026-01-10 12:23:40.046  1684-1684  SurfaceFlinger          surfaceflinger                       E  alpha changed 1.000 -> 0.000 - ActivityRecord{231700623 u0 com.trainingvalidator.poc/.ui.TrainingActivity t3408}#7979
2026-01-10 12:23:40.046  1684-1684  SurfaceFlinger          surfaceflinger                       I  RequestedLayer [com.trainingvalidator.poc/com.traini[...].poc.ui.TrainingActivity$_15296#7985] hidden!! flag  from(1) --> to(0)
2026-01-10 12:23:40.046  1684-1684  SurfaceFlinger          surfaceflinger                       I  RequestedLayer [Transition Root: ActivityRecord{2317[...]poc/.ui.TrainingActivity t3408}#7988] hidden!! flag  from(1) --> to(0)
2026-01-10 12:23:40.046  1684-1684  SurfaceFlinger          surfaceflinger                       E  alpha changed 1.000 -> 0.000 - DimTransitionLayer for Surface(name=ActivityRecord{231700623 u0 com.trainingvalidator.poc/.ui.TrainingActivity t3408})/@0xf3250c8#7989
2026-01-10 12:23:40.046  1684-1684  SurfaceFlinger          surfaceflinger                       E  alpha changed 0.000 -> 1.000 - ActivityRecord{231700623 u0 com.trainingvalidator.poc/.ui.TrainingActivity t3408}#7979
2026-01-10 12:23:40.046  1684-1684  SurfaceFlinger          surfaceflinger                       I  [LayerHierarchy{RequestedLayerState{ActivityRecord{231700623 u0 com.trainingvalidator.poc/.ui.TrainingActivity t3408}#7979 parentId=7988 z=5} 1 children}] reparent to LayerHierarchy{RequestedLayerState{Transition Root: ActivityRecord{231700623 u0 com.trainingvalidator.poc/.ui.TrainingActivity t3408}#7988 parentId=7907 z=3} 1 children}
2026-01-10 12:23:40.046  1684-1684  SurfaceFlinger          surfaceflinger                       I  [LayerHierarchy{RequestedLayerState{ActivityRecord{41831063 u0 com.trainingvalidator.poc/.ui.ExerciseDetailActivity t3408}#7922 parentId=7988 z=2} 2 children}] reparent to LayerHierarchy{RequestedLayerState{Transition Root: ActivityRecord{231700623 u0 com.trainingvalidator.poc/.ui.TrainingActivity t3408}#7988 parentId=7907 z=3} 2 children}
2026-01-10 12:23:40.046  1684-1684  SurfaceFlinger          surfaceflinger                       I  [Transition Root: ActivityRecord{231700623 u0 com.trainingvalidator.poc/.ui.TrainingActivity t3408}#7988] attach to parent LayerHierarchy{RequestedLayerState{Task=3408#7907 parentId=10 z=10} 4 children}
2026-01-10 12:23:40.046  1684-1684  SurfaceFlinger          surfaceflinger                       I  [DimTransitionLayer for Surface(name=ActivityRecord{231700623 u0 com.trainingvalidator.poc/.ui.TrainingActivity t3408})/@0xf3250c8#7989] attach to parent LayerHierarchy{RequestedLayerState{Transition Root: ActivityRecord{231700623 u0 com.trainingvalidator.poc/.ui.TrainingActivity t3408}#7988 parentId=7907 z=3} 3 children}
2026-01-10 12:23:40.052  1684-1793  SurfaceFlinger          surfaceflinger                       I  id=7990 createSurf, flag=84000, 28e0569 ActivityRecordInputSink com.trainingvalidator.poc/.ui.TrainingActivity#7990
2026-01-10 12:23:40.053  2324-6105  InputDispatcher         system_server                        D  Focus entered window (0): 3c5f9b9 com.trainingvalidator.poc/com.trainingvalidator.poc.ui.TrainingActivity
2026-01-10 12:23:40.054  1684-1684  SurfaceFlinger          surfaceflinger                       I  [28e0569 ActivityRecordInputSink com.trainingvalidator.poc/.ui.TrainingActivity#7990] attach to parent LayerHierarchy{RequestedLayerState{ActivityRecord{231700623 u0 com.trainingvalidator.poc/.ui.TrainingActivity t3408}#7979 parentId=7988 z=5} 3 children}
2026-01-10 12:23:40.062  1684-1684  SurfaceFlinger          surfaceflinger                       E  alpha changed 0.000 -> 0.011 - DimTransitionLayer for Surface(name=ActivityRecord{231700623 u0 com.trainingvalidator.poc/.ui.TrainingActivity t3408})/@0xf3250c8#7989
2026-01-10 12:23:40.065  1684-1684  SurfaceFlinger          surfaceflinger                       D  Display 4630947232161729154 HWC layers:
                                                                                                           CLIENT |           65695819760175 | 00002102 | RGBA_8888    |   17.0    0.0 1080.0 2316.0 |    0    0 1080 2316 | com.trainingvalidator.poc/com.traini[...]i.ExerciseDetailActivity$_15296#7960 (80)
                                                                                                      SOLID_COLOR |                        0 | 00000000 | N/A          |    0.0    0.0    0.0    0.0 |    0    0 1080 2316 | DimTransitionLayer for Surface(name=[...]ningActivity t3408})/@0xf3250c8#7989 (0)
                                                                                                           DEVICE |           65695819760198 | 00002102 | RGBA_8888    |    0.0    0.0   55.0 2316.0 | 1025    0 1080 2316 | com.trainingvalidator.poc/com.traini[...].poc.ui.TrainingActivity$_15296#7985 (1)
                                                                                                           DEVICE |           13937168879913 | 00002100 | RGBA_8888    |    0.0    0.0 1080.0   75.0 |    0    0 1080   75 | StatusBar$_3245#102 (21498)
                                                                                                           DEVICE |           13937168879918 | 00002100 | RGBA_8888    |    0.0    0.0 1080.0  135.0 |    0 2181 1080 2316 | NavigationBar0$_3245#98 (17795)
                                                                                                    
2026-01-10 12:23:40.078  2324-3324  SurfaceComposerClient   system_server                        D  setCornerRadius ## 3c5f9b9 com.trainingvalidator.poc/com.trainingvalidator.poc.ui.TrainingActivity#7984 cornerRadius=0.000000
2026-01-10 12:23:40.078  2324-3324  SurfaceComposerClient   system_server                        D  setCornerRadius ## 3c5f9b9 com.trainingvalidator.poc/com.trainingvalidator.poc.ui.TrainingActivity#7984 cornerRadius=0.000000
2026-01-10 12:23:40.078 15296-15296 InsetsController        com.trainingvalidator.poc            I  onStateChanged: host=com.trainingvalidator.poc/com.trainingvalidator.poc.ui.TrainingActivity, from=android.view.ViewRootImpl.onInsetsStateChanged:3026, state=InsetsState: {mDisplayFrame=Rect(0, 0 - 1080, 2316), mDisplayCutout=DisplayCutout{insets=Rect(0, 75 - 0, 0) waterfall=Insets{left=0, top=0, right=0, bottom=0} boundingRect={Bounds=[Rect(0, 0 - 0, 0), Rect(512, 0 - 568, 75), Rect(0, 0 - 0, 0), Rect(0, 0 - 0, 0)]} cutoutPathParserInfo={CutoutPathParserInfo{displayWidth=1080 displayHeight=2316 physicalDisplayWidth=1080 physicalDisplayHeight=2316 density={2.8125} cutoutSpec={M 0,0 H -10 V 26.66666666666667 H 10 V 0 H 0 Z @dp} rotation={0} scale={1.0} physicalPixelDisplaySizeRatio={1.0}}} sideOverrides={}}, mRoundedCorners=RoundedCorners{[RoundedCorner{position=TopLeft, radius=11, center=Point(11, 11)}, RoundedCorner{position=TopRight, radius=11, center=Point(1069, 11)}, RoundedCorner{position=BottomRight, radius=11, center=Point(1069, 2305)}, RoundedCorner{position=BottomLeft, radius=11, center=Point(11, 2305)}]}  mRoundedCornerFrame=Rect(0, 0 - 1080, 2316), mPrivacyIndicatorBounds=PrivacyIndicatorBounds {static bounds=Rect(956, 0 - 1080, 75) rotation=0}, mDisplayShape=DisplayShape{ spec=-311912193 displayWidth=1080 displayHeight=2316 physicalPixelDisplaySizeRatio=0.75 rotation=0 offsetX=0 offsetY=0 scale=1.0}, mSources= { InsetsSource: {dab30001 mType=navigationBars mFrame=[0,2181][1080,2316] mVisible=true mFlags= mSideHint=BOTTOM mBoundingRects=null}, InsetsSource: {dab30004 mType=systemGestures mFrame=[0,0][0,0] mVisible=true mFlags= mSideHint=NONE mBoundingRects=null}, InsetsSource: {dab30005 mType=mandatorySystemGestures mFrame=[0,2181][1080,2316] mVisible=true mFlags= mSideHint=BOTTOM mBoundingRects=null}, InsetsSource: {dab30006 mType=tappableElement mFrame=[0,2181][1080,2316] mVisible=true mFlags= mSideHint=BOTTOM mBoundingRects=null}, InsetsSource: {dab30024 mType=systemGestures mFrame=[0,0][0,0] mVisible=true mFlags= mSideHint=NONE mBoundingRects=null}, InsetsSource: {3 mType=ime mFrame=[0,0][0,0] mVisible=false mFlags= mSideHint=NONE mBoundingRects=null}, InsetsSource: {27 mType=displayCutout mFrame=[0,0][1080,75] mVisible=true mFlags= mSideHint=TOP mBoundingRects=null}, InsetsSource: {5b190000 mType=statusBars mFrame=[0,0][1080,75] mVisible=true mFlags= mSideHint=TOP mBoundingRects=null}, InsetsSource: {5b190005 mType=mandatorySystemGestures mFrame=[0,0][1080,109] mVisible=true mFlags= mSideHint=TOP mBoundingRects=null}, InsetsSource: {5b190006 mType=tappableElement mFrame=[0,0][1080,75] mVisible=true mFlags= mSideHint=TOP mBoundingRects=null} }
2026-01-10 12:23:40.080 15296-15296 InsetsController        com.trainingvalidator.poc            I  controlAnimationUncheckedInner: Added types=statusBars navigationBars, animType=1, host=com.trainingvalidator.poc/com.trainingvalidator.poc.ui.TrainingActivity, from=android.view.InsetsController.controlAnimationUnchecked:1608 android.view.InsetsController.applyAnimation:2416 android.view.InsetsController.applyAnimation:2343 
2026-01-10 12:23:40.080  2324-2433  SurfaceComposerClient   system_server                        D  setCornerRadius ## 3c5f9b9 com.trainingvalidator.poc/com.trainingvalidator.poc.ui.TrainingActivity#7984 cornerRadius=0.000000
2026-01-10 12:23:40.082 15296-15296 InsetsController        com.trainingvalidator.poc            I  onStateChanged: host=com.trainingvalidator.poc/com.trainingvalidator.poc.ui.TrainingActivity, from=android.view.ViewRootImpl.onInsetsStateChanged:3026, state=InsetsState: {mDisplayFrame=Rect(0, 0 - 1080, 2316), mDisplayCutout=DisplayCutout{insets=Rect(0, 75 - 0, 0) waterfall=Insets{left=0, top=0, right=0, bottom=0} boundingRect={Bounds=[Rect(0, 0 - 0, 0), Rect(512, 0 - 568, 75), Rect(0, 0 - 0, 0), Rect(0, 0 - 0, 0)]} cutoutPathParserInfo={CutoutPathParserInfo{displayWidth=1080 displayHeight=2316 physicalDisplayWidth=1080 physicalDisplayHeight=2316 density={2.8125} cutoutSpec={M 0,0 H -10 V 26.66666666666667 H 10 V 0 H 0 Z @dp} rotation={0} scale={1.0} physicalPixelDisplaySizeRatio={1.0}}} sideOverrides={}}, mRoundedCorners=RoundedCorners{[RoundedCorner{position=TopLeft, radius=11, center=Point(11, 11)}, RoundedCorner{position=TopRight, radius=11, center=Point(1069, 11)}, RoundedCorner{position=BottomRight, radius=11, center=Point(1069, 2305)}, RoundedCorner{position=BottomLeft, radius=11, center=Point(11, 2305)}]}  mRoundedCornerFrame=Rect(0, 0 - 1080, 2316), mPrivacyIndicatorBounds=PrivacyIndicatorBounds {static bounds=Rect(956, 0 - 1080, 75) rotation=0}, mDisplayShape=DisplayShape{ spec=-311912193 displayWidth=1080 displayHeight=2316 physicalPixelDisplaySizeRatio=0.75 rotation=0 offsetX=0 offsetY=0 scale=1.0}, mSources= { InsetsSource: {dab30001 mType=navigationBars mFrame=[0,2181][1080,2316] mVisible=false mFlags= mSideHint=BOTTOM mBoundingRects=null}, InsetsSource: {dab30004 mType=systemGestures mFrame=[0,0][0,0] mVisible=true mFlags= mSideHint=NONE mBoundingRects=null}, InsetsSource: {dab30005 mType=mandatorySystemGestures mFrame=[0,2181][1080,2316] mVisible=true mFlags= mSideHint=BOTTOM mBoundingRects=null}, InsetsSource: {dab30006 mType=tappableElement mFrame=[0,2181][1080,2316] mVisible=true mFlags= mSideHint=BOTTOM mBoundingRects=null}, InsetsSource: {dab30024 mType=systemGestures mFrame=[0,0][0,0] mVisible=true mFlags= mSideHint=NONE mBoundingRects=null}, InsetsSource: {3 mType=ime mFrame=[0,0][0,0] mVisible=false mFlags= mSideHint=NONE mBoundingRects=null}, InsetsSource: {27 mType=displayCutout mFrame=[0,0][1080,75] mVisible=true mFlags= mSideHint=TOP mBoundingRects=null}, InsetsSource: {5b190000 mType=statusBars mFrame=[0,0][1080,75] mVisible=false mFlags= mSideHint=TOP mBoundingRects=null}, InsetsSource: {5b190005 mType=mandatorySystemGestures mFrame=[0,0][1080,109] mVisible=true mFlags= mSideHint=TOP mBoundingRects=null}, InsetsSource: {5b190006 mType=tappableElement mFrame=[0,0][1080,75] mVisible=true mFlags= mSideHint=TOP mBoundingRects=null} }
2026-01-10 12:23:40.082 15296-15296 VRI[Traini...y]@b4ccac1 com.trainingvalidator.poc            I  handleResized, frames=ClientWindowFrames{frame=[0,0][1080,2316] display=[0,0][1080,2316] parentFrame=[0,0][0,0]} displayId=0 dragResizing=false compatScale=1.0 frameChanged=false attachedFrameChanged=false configChanged=false displayChanged=false compatScaleChanged=false dragResizingChanged=false
2026-01-10 12:23:40.082 15296-15296 VRI[Traini...y]@b4ccac1 com.trainingvalidator.poc            I  handleResized mSyncSeqId = 0
2026-01-10 12:23:40.082 15296-15296 VRI[Traini...y]@b4ccac1 com.trainingvalidator.poc            D  reportNextDraw android.view.ViewRootImpl.handleResized:2983 android.view.ViewRootImpl.-$$Nest$mhandleResized:0 android.view.ViewRootImpl$W.resized:14082 android.app.servertransaction.WindowStateResizeItem.execute:93 android.app.servertransaction.WindowStateTransactionItem.execute:62 
2026-01-10 12:23:40.086 15296-15296 VRI[Traini...y]@b4ccac1 com.trainingvalidator.poc            D  mThreadedRenderer.initializeIfNeeded()#2 mSurface={isValid=true 0xb4000078886267f0}
2026-01-10 12:23:40.093 15296-15296 VRI[Traini...y]@b4ccac1 com.trainingvalidator.poc            D  Setup new sync=wmsSync-VRI[TrainingActivity]@b4ccac1#12
2026-01-10 12:23:40.093 15296-15296 VRI[Traini...y]@b4ccac1 com.trainingvalidator.poc            I  Creating new active sync group VRI[TrainingActivity]@b4ccac1#13
2026-01-10 12:23:40.093 15296-15296 VRI[Traini...y]@b4ccac1 com.trainingvalidator.poc            D  registerCallbacksForSync syncBuffer=false
2026-01-10 12:23:40.094 15296-15363 VRI[Traini...y]@b4ccac1 com.trainingvalidator.poc            D  Received frameDrawingCallback syncResult=0 frameNum=3.
2026-01-10 12:23:40.094 15296-15363 VRI[Traini...y]@b4ccac1 com.trainingvalidator.poc            I  Setting up sync and frameCommitCallback
2026-01-10 12:23:40.100 15296-15341 VRI[Traini...y]@b4ccac1 com.trainingvalidator.poc            I  Received frameCommittedCallback lastAttemptedDrawFrameNum=3 didProduceBuffer=true
2026-01-10 12:23:40.100 15296-15296 VRI[Traini...y]@b4ccac1 com.trainingvalidator.poc            D  reportDrawFinished seqId=0
2026-01-10 12:23:40.102  2324-3324  InsetsSourceProvider    system_server                        D  updateControlForTarget: control=InsetsSourceControl: {3 mType=ime mSurfacePosition=Point(0, 75) mInsetsHint=Insets{left=0, top=0, right=0, bottom=852}}, target=Window{3c5f9b9 u0 com.trainingvalidator.poc/com.trainingvalidator.poc.ui.TrainingActivity}, from=com.android.server.wm.ImeInsetsSourceProvider.updateControlForTarget:17 com.android.server.wm.InsetsStateController.onControlTargetChanged:83 com.android.server.wm.DisplayContent.updateImeControlTarget:21 com.android.server.wm.DisplayContent.updateImeInputAndControlTarget:156 com.android.server.wm.WindowManagerService$LocalService.updateInputMethodTargetWindow:64 
2026-01-10 12:23:40.102  2324-2433  SurfaceComposerClient   system_server                        D  setCornerRadius ## 3c5f9b9 com.trainingvalidator.poc/com.trainingvalidator.poc.ui.TrainingActivity#7984 cornerRadius=0.000000
2026-01-10 12:23:40.102  2324-6105  WindowManager           system_server                        D  finishDrawingWindow: Window{3c5f9b9 u0 com.trainingvalidator.poc/com.trainingvalidator.poc.ui.TrainingActivity} mDrawState=HAS_DRAWN seqId=0
2026-01-10 12:23:40.103  2324-2433  SurfaceComposerClient   system_server                        D  setCornerRadius ## 3c5f9b9 com.trainingvalidator.poc/com.trainingvalidator.poc.ui.TrainingActivity#7984 cornerRadius=0.000000
2026-01-10 12:23:40.103  2324-2433  SurfaceComposerClient   system_server                        D  setCornerRadius ## 3c5f9b9 com.trainingvalidator.poc/com.trainingvalidator.poc.ui.TrainingActivity#7984 cornerRadius=0.000000
2026-01-10 12:23:40.112  1684-1684  SurfaceFlinger          surfaceflinger                       I  [LayerHierarchy{RequestedLayerState{ImeContainer#15 parentId=7979 relativeParentId=7984 z=1} 1 children}] reparent to LayerHierarchy{RequestedLayerState{ActivityRecord{231700623 u0 com.trainingvalidator.poc/.ui.TrainingActivity t3408}#7979 parentId=7988 z=5} 4 children}
2026-01-10 12:23:40.112  1684-1684  SurfaceFlinger          surfaceflinger                       I  [LayerHierarchy{RequestedLayerState{ImeContainer#15 parentId=7979 relativeParentId=7984 z=1} 1 children}] RelativeParent to LayerHierarchy{RequestedLayerState{3c5f9b9 com.trainingvalidator.poc/com.trainingvalidator.poc.ui.TrainingActivity#7984 parentId=7979} 2 children}
2026-01-10 12:23:40.175  2324-2991  MdnieScena...rolService system_server                        D   packageName : com.trainingvalidator.poc    className : com.trainingvalidator.poc.ui.TrainingActivity
2026-01-10 12:23:40.390  1684-1684  SurfaceFlinger          surfaceflinger                       D  Display 4630947232161729154 HWC layers:
                                                                                                           CLIENT |           65695819760175 | 00002102 | RGBA_8888    |  333.0    0.0 1080.0 2316.0 |    0    0 1080 2316 | com.trainingvalidator.poc/com.traini[...]i.ExerciseDetailActivity$_15296#7960 (80)
                                                                                                      SOLID_COLOR |                        0 | 00000000 | N/A          |    0.0    0.0    0.0    0.0 |    0    0 1080 2316 | DimTransitionLayer for Surface(name=[...]ningActivity t3408})/@0xf3250c8#7989 (0)
                                                                                                           DEVICE |           65695819760198 | 00002102 | RGBA_8888    |    0.0    0.0 1065.0 2316.0 |   15    0 1080 2316 | com.trainingvalidator.poc/com.traini[...].poc.ui.TrainingActivity$_15296#7985 (37)
                                                                                                           DEVICE |           13937168879918 | 00002100 | RGBA_8888    |    0.0    0.0 1080.0    1.0 |    0 2315 1080 2316 | NavigationBar0$_3245#98 (17795)
                                                                                                    
2026-01-10 12:23:40.406  1684-1684  SurfaceFlinger          surfaceflinger                       D  Display 4630947232161729154 HWC layers:
                                                                                                           CLIENT |           65695819760175 | 00002102 | RGBA_8888    |  334.0    0.0 1080.0 2316.0 |    0    0 1080 2316 | com.trainingvalidator.poc/com.traini[...]i.ExerciseDetailActivity$_15296#7960 (80)
                                                                                                      SOLID_COLOR |                        0 | 00000000 | N/A          |    0.0    0.0    0.0    0.0 |    0    0 1080 2316 | DimTransitionLayer for Surface(name=[...]ningActivity t3408})/@0xf3250c8#7989 (0)
                                                                                                           DEVICE |           65695819760196 | 00002102 | RGBA_8888    |    0.0    0.0 1069.0 2316.0 |   11    0 1080 2316 | com.trainingvalidator.poc/com.traini[...].poc.ui.TrainingActivity$_15296#7985 (38)
                                                                                                    
2026-01-10 12:23:40.432 15296-15296 InsetsController        com.trainingvalidator.poc            I  cancelAnimation: types=statusBars navigationBars, animType=1, host=com.trainingvalidator.poc/com.trainingvalidator.poc.ui.TrainingActivity, from=android.view.InsetsController.notifyFinished:2006 android.view.InsetsAnimationThreadControlRunner$1.lambda$notifyFinished$0:82 android.view.InsetsAnimationThreadControlRunner$1.$r8$lambda$cDFF0h4Ncq-8EXdGszv69jrUu7c:0 
2026-01-10 12:23:40.498  1684-1684  SurfaceFlinger          surfaceflinger                       D  Display 4630947232161729154 HWC layers:
                                                                                                           DEVICE |           65695819760196 | 00002102 | RGBA_8888    |    0.0    0.0 1080.0 2316.0 |    0    0 1080 2316 | com.trainingvalidator.poc/com.traini[...].poc.ui.TrainingActivity$_15296#7985 (38)
                                                                                                    
2026-01-10 12:23:40.500  2324-3324  WindowManager           system_server                        V  Finish Transition: TransitionRecord{4547bee id=705 type=OPEN flags=0x0 c=[
                                                                                                       ChangeInfo{ebb0957 container=ActivityRecord{41831063 u0 com.trainingvalidator.poc/.ui.ExerciseDetailActivity t3408} flags=0x0}
                                                                                                       ChangeInfo{51068fa container=Task{a3ef653 #3408 type=standard A=10396:com.trainingvalidator.poc} flags=0x0}
                                                                                                       ChangeInfo{3550eab container=DefaultTaskDisplayArea_d0@172927852 flags=0x0}
                                                                                                       ChangeInfo{8f18908 container=Display{#0 state=ON size=1080x2316 ROTATION_0} flags=0x0}
                                                                                                       ChangeInfo{ac7f8a1 container=ActivityRecord{231700623 u0 com.trainingvalidator.poc/.ui.TrainingActivity t3408} flags=0x0}
                                                                                                    ]
                                                                                                    }, caller=com.android.server.wm.WindowOrganizerController.finishTransitionInner:31 com.android.server.wm.WindowOrganizerController.finishAllTransitions:60 android.window.IWindowOrganizerController$Stub.onTransact:283 
2026-01-10 12:23:40.501  2324-3324  PersonaActivityHelper   system_server                        D  token.toString()  Token{5ac171c ActivityRecord{231700623 u0 com.trainingvalidator.poc/.ui.TrainingActivity t3408}}
2026-01-10 12:23:40.502  2324-3324  ChangeTran...Controller system_server                        D  onTransitionFinished: TransitionRecord{4547bee id=705 type=OPEN flags=0x0 c=[
                                                                                                       ChangeInfo{ebb0957 container=ActivityRecord{41831063 u0 com.trainingvalidator.poc/.ui.ExerciseDetailActivity t3408} flags=0x0}
                                                                                                       ChangeInfo{51068fa container=Task{a3ef653 #3408 type=standard A=10396:com.trainingvalidator.poc} flags=0x0}
                                                                                                       ChangeInfo{3550eab container=DefaultTaskDisplayArea_d0@172927852 flags=0x0}
                                                                                                       ChangeInfo{8f18908 container=Display{#0 state=ON size=1080x2316 ROTATION_0} flags=0x0}
                                                                                                       ChangeInfo{ac7f8a1 container=ActivityRecord{231700623 u0 com.trainingvalidator.poc/.ui.TrainingActivity t3408} flags=0x0}
                                                                                                    ]
                                                                                                    }
2026-01-10 12:23:40.504  1684-1684  SurfaceFlinger          surfaceflinger                       I  [LayerHierarchy{RequestedLayerState{ActivityRecord{231700623 u0 com.trainingvalidator.poc/.ui.TrainingActivity t3408}#7979 parentId=7907 z=3} 4 children}] reparent to LayerHierarchy{RequestedLayerState{Task=3408#7907 parentId=10 z=10} 3 children}
2026-01-10 12:23:40.504  1684-1684  SurfaceFlinger          surfaceflinger                       I  [LayerHierarchy{RequestedLayerState{DimTransitionLayer for Surface(name=ActivityRecord{231700623 u0 com.trainingvalidator.poc/.ui.TrainingActivity t3408})/@0xf3250c8#7989 z=-1} no children}] reparent to OffscreenRoot
2026-01-10 12:23:40.504  1684-1684  SurfaceFlinger          surfaceflinger                       I  [LayerHierarchy{RequestedLayerState{DimTransitionLayer for Surface(name=ActivityRecord{231700623 u0 com.trainingvalidator.poc/.ui.TrainingActivity t3408})/@0xf3250c8#7989 z=-1} no children}] RelativeParent to null
2026-01-10 12:23:40.504  1684-1684  SurfaceFlinger          surfaceflinger                       I  [LayerHierarchy{RequestedLayerState{Transition Root: ActivityRecord{231700623 u0 com.trainingvalidator.poc/.ui.TrainingActivity t3408}#7988 z=3} no children}] reparent to OffscreenRoot
2026-01-10 12:23:40.504  1684-1684  SurfaceFlinger          surfaceflinger                       I  [LayerHierarchy{RequestedLayerState{Transition Root: ActivityRecord{231700623 u0 com.trainingvalidator.poc/.ui.TrainingActivity t3408}#7988 z=3} no children}] RelativeParent to null
2026-01-10 12:23:40.505  1684-1684  SurfaceFlinger          surfaceflinger                       I  id=7989 Removed DimTransitionLayer for Surface(name=ActivityRecord{231700623 u0 com.trainingvalidator.poc/.ui.TrainingActivity t3408})/@0xf3250c8#7989 (162)
2026-01-10 12:23:40.505  1684-1684  SurfaceFlinger          surfaceflinger                       I  id=7988 Removed Transition Root: ActivityRecord{231700623 u0 com.trainingvalidator.poc/.ui.TrainingActivity t3408}#7988 (162)
2026-01-10 12:23:40.509  2324-3324  SurfaceComposerClient   system_server                        D  setCornerRadius ## 3c5f9b9 com.trainingvalidator.poc/com.trainingvalidator.poc.ui.TrainingActivity#7984 cornerRadius=0.000000
2026-01-10 12:23:40.510  2324-3324  SurfaceComposerClient   system_server                        D  setCornerRadius ## 3c5f9b9 com.trainingvalidator.poc/com.trainingvalidator.poc.ui.TrainingActivity#7984 cornerRadius=0.000000
2026-01-10 12:23:40.512  1684-1684  SurfaceFlinger          surfaceflinger                       I  destroyed DimTransitionLayer for Surface(name=ActivityRecord{231700623 u0 com.trainingvalidator.poc/.ui.TrainingActivity t3408})/@0xf3250c8#7989 form LifecycleManager
2026-01-10 12:23:40.512  1684-1684  SurfaceFlinger          surfaceflinger                       I  destroyed Transition Root: ActivityRecord{231700623 u0 com.trainingvalidator.poc/.ui.TrainingActivity t3408}#7988 form LifecycleManager
2026-01-10 12:23:40.512  1684-1684  SurfaceFlinger          surfaceflinger                       I  id=7989 onLayerDestroyed from LayerHierarchyBuilder(RequestedLayerState{DimTransitionLayer for Surface(name=ActivityRecord{231700623 u0 com.trainingvalidator.poc/.ui.TrainingActivity t3408})/@0xf3250c8#7989 !handle z=-1})
2026-01-10 12:23:40.512  1684-1684  SurfaceFlinger          surfaceflinger                       I  id=7988 onLayerDestroyed from LayerHierarchyBuilder(RequestedLayerState{Transition Root: ActivityRecord{231700623 u0 com.trainingvalidator.poc/.ui.TrainingActivity t3408}#7988 !handle z=3})
2026-01-10 12:23:40.513  1684-1684  Layer                   surfaceflinger                       I  id=7989 Destroyed DimTransitionLayer for Surface(name=ActivityRecord{231700623 u0 com.trainingvalidator.poc/.ui.TrainingActivity t3408})/@0xf3250c8#7989
2026-01-10 12:23:40.513  1684-1684  Layer                   surfaceflinger                       I  id=7988 Destroyed Transition Root: ActivityRecord{231700623 u0 com.trainingvalidator.poc/.ui.TrainingActivity t3408}#7988
2026-01-10 12:23:40.516  2324-2433  SurfaceComposerClient   system_server                        D  setCornerRadius ## 3c5f9b9 com.trainingvalidator.poc/com.trainingvalidator.poc.ui.TrainingActivity#7984 cornerRadius=0.000000
2026-01-10 12:23:42.639 15296-15296 VRI[Traini...y]@b4ccac1 com.trainingvalidator.poc            I  ViewPostIme pointer 0
2026-01-10 12:23:42.639 15296-15296 VRI[Traini...y]@b4ccac1 com.trainingvalidator.poc            I  call setFrameRateCategory for touch hint category=high hint, reason=touch, vri=VRI[TrainingActivity]@b4ccac1
2026-01-10 12:23:42.647  1684-1684  SurfaceFlinger          surfaceflinger                       I  [com.trainingvalidator.poc/com.trainingvalidator.poc.ui.TrainingActivity$_15296#7985] setFrameRateCategory: HighHint
2026-01-10 12:23:42.763 15296-15296 VRI[Traini...y]@b4ccac1 com.trainingvalidator.poc            I  ViewPostIme pointer 1
2026-01-10 12:23:42.773 15296-15296 TrainingActivity        com.trainingvalidator.poc            D  Video training started
2026-01-10 12:23:45.779 15296-15296 VRI[Traini...y]@b4ccac1 com.trainingvalidator.poc            I  call setFrameRateCategory for touch hint category=no preference, reason=boost timeout, vri=VRI[TrainingActivity]@b4ccac1
2026-01-10 12:23:45.785  1684-1684  SurfaceFlinger          surfaceflinger                       I  [com.trainingvalidator.poc/com.trainingvalidator.poc.ui.TrainingActivity$_15296#7985] setFrameRateCategory: NoPreference
2026-01-10 12:24:05.213  1684-1890  SurfaceFlinger          surfaceflinger                       I  Capture layer list: 	 com.trainingvalidator.poc/com.trainingvalidator.poc.ui.TrainingActivity$_15296#7985(seamlessTransition:0)
2026-01-10 12:24:05.215  1684-1802  RenderEngine            surfaceflinger                       D  [SEC_SF_EFFECTS] drawLayersInternal,1483, Rendering layer com.trainingvalidator.poc/com.trainingvalidator.poc.ui.TrainingActivity$_15296#7985 at index 1
