2026-01-10 12:23:39.772  2324-4659  WindowManager           system_server                        V  Collecting in transition 705: ActivityRecord{231700623 u0 com.trainingvalidator.poc/.ui.TrainingActivity, caller=com.android.server.wm.TransitionController.collect:7 com.android.server.wm.ActivityStarter.startActivityUnchecked:98 com.android.server.wm.ActivityStarter.executeRequest:3651 com.android.server.wm.ActivityStarter.execute:1752 com.android.server.wm.ActivityTaskManagerService.startActivityAsUser:95 
2026-01-10 12:23:39.773  2324-4659  ActivityTaskManager     system_server                        D  DesktopModeLaunchParamsModifier: task=null activity=ActivityRecord{231700623 u0 com.trainingvalidator.poc/.ui.TrainingActivity t-1} task null, skipping
2026-01-10 12:23:39.773  2324-4659  ActivityTaskManager     system_server                        D  TaskLaunchParamsModifier:task=null activity=ActivityRecord{231700623 u0 com.trainingvalidator.poc/.ui.TrainingActivity t-1} display-area-from-source=DefaultTaskDisplayArea_d0@172927852 display-id=0 task-display-area-windowing-mode=1 suggested-display-area=DefaultTaskDisplayArea_d0@172927852
2026-01-10 12:23:39.773  2324-4659  ActivityTaskManager     system_server                        D  DesktopModeLaunchParamsModifier: task=Task{a3ef653 #3408 type=standard A=10396:com.trainingvalidator.poc} activity=ActivityRecord{231700623 u0 com.trainingvalidator.poc/.ui.TrainingActivity t-1} non-desktop, skipping
2026-01-10 12:23:39.773  2324-4659  ActivityTaskManager     system_server                        D  TaskLaunchParamsModifier:task=Task{a3ef653 #3408 type=standard A=10396:com.trainingvalidator.poc} activity=ActivityRecord{231700623 u0 com.trainingvalidator.poc/.ui.TrainingActivity t-1} display-area-from-source=DefaultTaskDisplayArea_d0@172927852 display-id=0 task-display-area-windowing-mode=1 suggested-display-area=DefaultTaskDisplayArea_d0@172927852 inherit-from-source=fullscreen non-freeform-task-display-area display-area=DefaultTaskDisplayArea_d0@172927852 activity-requested-portrait freeform-size-mismatch=Rect(81, 549 - 999, 1707)
2026-01-10 12:23:39.773  2324-4659  ActivityTaskManager     system_server                        D  DesktopModeLaunchParamsModifier: task=Task{a3ef653 #3408 type=standard A=10396:com.trainingvalidator.poc} activity=ActivityRecord{231700623 u0 com.trainingvalidator.poc/.ui.TrainingActivity t-1} non-desktop, skipping
2026-01-10 12:23:39.773  2324-4659  ActivityTaskManager     system_server                        D  TaskLaunchParamsModifier:task=Task{a3ef653 #3408 type=standard A=10396:com.trainingvalidator.poc} activity=ActivityRecord{231700623 u0 com.trainingvalidator.poc/.ui.TrainingActivity t-1} display-area-from-source=DefaultTaskDisplayArea_d0@172927852 display-id=0 task-display-area-windowing-mode=1 suggested-display-area=DefaultTaskDisplayArea_d0@172927852 inherit-from-source=fullscreen non-freeform-task-display-area display-area=DefaultTaskDisplayArea_d0@172927852 activity-requested-portrait freeform-size-mismatch=Rect(81, 549 - 999, 1707)
2026-01-10 12:23:39.775  1684-1793  SurfaceFlinger          surfaceflinger                       I  id=7979 createSurf, flag=84004, ActivityRecord{231700623 u0 com.trainingvalidator.poc/.ui.TrainingActivity t3408}#7979
2026-01-10 12:23:39.779  1684-1684  SurfaceFlinger          surfaceflinger                       I  [ActivityRecord{231700623 u0 com.trainingvalidator.poc/.ui.TrainingActivity t3408}#7979] attach to parent LayerHierarchy{RequestedLayerState{Task=3408#7907 parentId=10 z=10} 5 children}
2026-01-10 12:23:39.780  2324-4659  WindowManager           system_server                        V  Collecting in transition 705: ActivityRecord{231700623 u0 com.trainingvalidator.poc/.ui.TrainingActivity t3408}, caller=com.android.server.wm.Transition.collectExistenceChange:40 com.android.server.wm.ActivityStarter.handleStartResult:761 com.android.server.wm.ActivityStarter.startActivityUnchecked:124 com.android.server.wm.ActivityStarter.executeRequest:3651 com.android.server.wm.ActivityStarter.execute:1752 
2026-01-10 12:23:39.780  2324-4659  WindowManager           system_server                        V  Requesting StartTransition: TransitionRecord{4547bee id=705 type=OPEN flags=0x0 c=[
                                                                                                       ChangeInfo{51068fa container=Task{a3ef653 #3408 type=standard A=10396:com.trainingvalidator.poc} flags=0x0}
                                                                                                       ChangeInfo{3550eab container=DefaultTaskDisplayArea_d0@172927852 flags=0x0}
                                                                                                       ChangeInfo{8f18908 container=Display{#0 state=ON size=1080x2316 ROTATION_0} flags=0x0}
                                                                                                       ChangeInfo{ac7f8a1 container=ActivityRecord{231700623 u0 com.trainingvalidator.poc/.ui.TrainingActivity t3408} flags=0x0}
                                                                                                    ]
                                                                                                    }, caller=com.android.server.wm.ActivityStarter.handleStartResult:982 com.android.server.wm.ActivityStarter.startActivityUnchecked:124 com.android.server.wm.ActivityStarter.executeRequest:3651 com.android.server.wm.ActivityStarter.execute:1752 com.android.server.wm.ActivityTaskManagerService.startActivityAsUser:95 
2026-01-10 12:23:39.781  2324-4659  ActivityTaskManager     system_server                        I  START u0 {xflg=0x4 cmp=com.trainingvalidator.poc/.ui.TrainingActivity (has extras)} with LAUNCH_MULTIPLE from uid 10396 (sr=41831063) (BAL_ALLOW_VISIBLE_WINDOW) result code=0
2026-01-10 12:23:39.781  3245-3349  WindowManagerShell      com.android.systemui                 V  Transition requested (#705): android.os.BinderProxy@c66cfe5 TransitionRequestInfo { type = OPEN, triggerTask = TaskInfo{userId=0 taskId=3408 effectiveUid=10396 displayId=0 isRunning=true baseIntent=Intent { act=android.intent.action.MAIN cat=[android.intent.category.LAUNCHER] flg=0x10000000 cmp=com.trainingvalidator.poc/.ui.ExerciseListActivity } baseActivity=ComponentInfo{com.trainingvalidator.poc/com.trainingvalidator.poc.ui.ExerciseListActivity} topActivity=ComponentInfo{com.trainingvalidator.poc/com.trainingvalidator.poc.ui.TrainingActivity} origActivity=null realActivity=ComponentInfo{com.trainingvalidator.poc/com.trainingvalidator.poc.ui.ExerciseListActivity} numActivities=3 lastActiveTime=69784891 supportsMultiWindow=true resizeMode=1 isResizeable=true minWidth=-1 minHeight=-1 maxWidth=-1 maxHeight=-1 defaultMinSize=220 desktopDefaultMinSize=304 token=WCT{android.window.IWindowContainerToken$Stub$Proxy@b3c7aba} topActivityType=1 pictureInPictureParams=null shouldDockBigOverlays=false launchIntoPipHostTaskId=-1 lastParentTaskIdBeforePip=-1 displayCutoutSafeInsets=Rect(0, 0 - 0, 0) topActivityInfo=ActivityInfo{c011d6b com.trainingvalidator.poc.ui.TrainingActivity} launchCookies=[] positionInParent=Point(0, 0) parentTaskId=-1 isFocused=true isVisible=true isVisibleRequested=true isTopActivityNoDisplay=false isSleeping=false locusId=null displayAreaFeatureId=1 isTopActivityTransparent=false isActivityStackTransparent=false lastNonFullscreenBounds=Rect(81, 549 - 999, 1707) capturedLink=null capturedLinkTimestamp=0 requestedVisibleTypes=-9 topActivityRequestOpenInBrowserEducationTimestamp=0 appCompatTaskInfo=AppCompatTaskInfo { topActivityInSizeCompat=false eligibleForLetterboxEducation= false isLetterboxEducationEnabled= false isLetterboxDoubleTapEnabled= false eligibleForUserAspectRatioButton= false topActivityBoundsLetterboxed= false isFromLetterboxDoubleTap= false topActivityLetterboxVerticalPosition= -1 topActivityLetterboxHorizontalPosition= -1 topActivityLetterboxWidth=-1 topActivityLetterboxHeight=-1 topActivityAppBounds=Rect(0, 0 - 1080, 2316) isUserFullscreenOverrideEnabled=false isSystemFullscreenOverrideEnabled=false hasMinAspectRatioOverride=false topActivityLetterboxBounds=null cameraCompatTaskInfo=CameraCompatTaskInfo { freeformCameraCompatMode=inactive} topActivityBounds=null topActivityInDisplayCompat=false singleTapFromLetterbox=false} topActivityMainWindowFrame=null originallySupportedMultiWindow=true hasWallpaper=false rootAffinity=10396:com.trainingvalidator.poc isTopTaskInStage=false CoverLauncherWidgetTask=false LaunchedFromAppsCoverLauncherTask=false LaunchedFromMultistarCoverLauncherTask=false isAllowedSeamlessRotation=false isTopTransparentActivity=false isAliasManaged=false hasConfigChanged=false snappingGuideBounds=null isAiKeyRemoveAppTask=false lastDesktopWindowingBounds=null lastExternalDesktopWindowingBounds=null safeCutoutInsets=null}, pipChange = null, remoteTransition = null, displayChange = null, flags = 0, debugId = 705 }
2026-01-10 12:23:39.793  2324-4659  WindowManager           system_server                        V  Collecting in transition 705: ActivityRecord{231700623 u0 com.trainingvalidator.poc/.ui.TrainingActivity t3408}, caller=com.android.server.wm.TransitionController.collect:7 com.android.server.wm.ActivityRecord.setVisibility:132 com.android.server.wm.ActivityRecord.makeVisibleIfNeeded:36 com.android.server.wm.EnsureActivitiesVisibleHelper.process:538 com.android.server.wm.TaskFragment.updateActivityVisibilities:12 
2026-01-10 12:23:39.793  2324-4659  WindowManager           system_server                        D  rotationForOrientation, orientationSource=ActivityRecord{231700623 u0 com.trainingvalidator.poc/.ui.TrainingActivity t3408}
2026-01-10 12:23:39.794  2324-4659  WindowManager           system_server                        V  Collecting in transition 705: ActivityRecord{231700623 u0 com.trainingvalidator.poc/.ui.TrainingActivity t3408}, caller=com.android.server.wm.TransitionController.collect:7 com.android.server.wm.ActivityRecord.setVisibility:132 com.android.server.wm.ActivityTaskSupervisor.realStartActivityLocked:203 com.android.server.wm.ActivityTaskSupervisor.startSpecificActivity:27 com.android.server.wm.TaskFragment.resumeTopActivity:2089 
2026-01-10 12:23:39.795  2324-4659  InputDispatcher         system_server                        D  Focused application(0): ActivityRecord{231700623 u0 com.trainingvalidator.poc/.ui.TrainingActivity t3408}
2026-01-10 12:23:39.799  2324-4659  ActivityTaskManager     system_server                        D  scheduleTopResumedActivityChanged, onTop=true, r=ActivityRecord{231700623 u0 com.trainingvalidator.poc/.ui.TrainingActivity t3408}, caller=com.android.server.wm.ActivityTaskSupervisor.scheduleTopResumedActivityStateIfNeeded:18 com.android.server.wm.ActivityTaskSupervisor.updateTopResumedActivityIfNeeded:54 com.android.server.wm.TaskFragment.setResumedActivity:30 com.android.server.wm.ActivityRecord.setState:100 com.android.server.wm.ActivityTaskSupervisor.realStartActivityLocked:477 com.android.server.wm.ActivityTaskSupervisor.startSpecificActivity:27 
2026-01-10 12:23:39.799  2324-4659  WindowManagerServiceExt system_server                        D  updateTaskbarTargetIfNeeded: cn=ComponentInfo{com.trainingvalidator.poc/com.trainingvalidator.poc.ui.TrainingActivity} occludesParent=true isInSplitScreenMode=false
2026-01-10 12:23:39.800  2324-4659  BLASTSyncEngine         system_server                        D  SyncGroup 705:  Unfinished container: ActivityRecord{231700623 u0 com.trainingvalidator.poc/.ui.TrainingActivity t3408} mSyncState=2
2026-01-10 12:23:39.818 15296-15296 TrainingActivity        com.trainingvalidator.poc            I  Smoothing: One Euro (minCutoff=3.0, beta=0.05)
2026-01-10 12:23:39.824  2324-2433  BLASTSyncEngine         system_server                        D  SyncGroup 705:  Unfinished container: ActivityRecord{231700623 u0 com.trainingvalidator.poc/.ui.TrainingActivity t3408} mSyncState=2
2026-01-10 12:23:39.826  3650-3650  HoneySpace...rViewModel com.sec.android.app.launcher         I  cocktailHostRepository.edgePanelOperation NoteResumeComponent(componentName=ComponentInfo{com.trainingvalidator.poc/com.trainingvalidator.poc.ui.TrainingActivity})
2026-01-10 12:23:39.826  3650-3650  HoneySpace...ivityUtils com.sec.android.app.launcher         I  HomePackage : com.sec.android.app.launcher, resumePackageName : com.trainingvalidator.poc, className : com.trainingvalidator.poc.ui.TrainingActivity
2026-01-10 12:23:39.876 15296-15296 TrainingActivity        com.trainingvalidator.poc            D  Report system initialized with session: 0a91f3d2-1ba2-4a35-a103-5fa34cee1c51
2026-01-10 12:23:39.879 15296-15296 TrainingActivity        com.trainingvalidator.poc            D  Setting up VIDEO mode with URI: content://media/picker/0/com.android.providers.media.photopicker/media/1000175733
2026-01-10 12:23:39.899  2324-2433  BLASTSyncEngine         system_server                        D  SyncGroup 705:  Unfinished container: ActivityRecord{231700623 u0 com.trainingvalidator.poc/.ui.TrainingActivity t3408} mSyncState=2
2026-01-10 12:23:39.905  2324-3323  BLASTSyncEngine         system_server                        D  SyncGroup 705:  Unfinished container: ActivityRecord{231700623 u0 com.trainingvalidator.poc/.ui.TrainingActivity t3408} mSyncState=2
2026-01-10 12:23:39.905  5892-5961  [AirCmd]_A...chDetector com...ng.android.service.aircommand  I  onTaskStackChanged : componentName - ComponentInfo{com.trainingvalidator.poc/com.trainingvalidator.poc.ui.TrainingActivity}
2026-01-10 12:23:39.974 15296-15296 InsetsController        com.trainingvalidator.poc            I  setRequestedVisibleTypes: visible=false, mask=statusBars navigationBars captionBar, host=com.trainingvalidator.poc/com.trainingvalidator.poc.ui.TrainingActivity, from=android.view.InsetsController.controlAnimationUnchecked:1604 android.view.InsetsController.applyAnimation:2416 android.view.InsetsController.applyAnimation:2343 android.view.InsetsController.hide:1540 android.view.InsetsController.hide:1450 android.view.PendingInsetsController$HideRequest.replay:277 android.view.PendingInsetsController.replayAndAttach:192 android.view.ViewRootImpl.setView:1948 android.view.WindowManagerGlobal.addView:604 android.view.WindowManagerImpl.addView:158 
2026-01-10 12:23:39.976  2324-3323  WindowManager           system_server                        D  prepareSync <SYNC_STATE_WAITING_FOR_DRAW>, mPrepareSyncSeqId=0, win=Window{3c5f9b9 u0 com.trainingvalidator.poc/com.trainingvalidator.poc.ui.TrainingActivity}
2026-01-10 12:23:39.976  1684-3736  SurfaceFlinger          surfaceflinger                       I  id=7984 createSurf, flag=84004, 3c5f9b9 com.trainingvalidator.poc/com.trainingvalidator.poc.ui.TrainingActivity#7984
2026-01-10 12:23:39.979  1684-1684  SurfaceFlinger          surfaceflinger                       I  [3c5f9b9 com.trainingvalidator.poc/com.trainingvalidator.poc.ui.TrainingActivity#7984] attach to parent LayerHierarchy{RequestedLayerState{ActivityRecord{231700623 u0 com.trainingvalidator.poc/.ui.TrainingActivity t3408}#7979 parentId=7907} 1 children}
2026-01-10 12:23:39.980 15296-15296 InsetsController        com.trainingvalidator.poc            I  onStateChanged: host=com.trainingvalidator.poc/com.trainingvalidator.poc.ui.TrainingActivity, from=android.view.ViewRootImpl.onInsetsStateChanged:3026, state=InsetsState: {mDisplayFrame=Rect(0, 0 - 1080, 2316), mDisplayCutout=DisplayCutout{insets=Rect(0, 75 - 0, 0) waterfall=Insets{left=0, top=0, right=0, bottom=0} boundingRect={Bounds=[Rect(0, 0 - 0, 0), Rect(512, 0 - 568, 75), Rect(0, 0 - 0, 0), Rect(0, 0 - 0, 0)]} cutoutPathParserInfo={CutoutPathParserInfo{displayWidth=1080 displayHeight=2316 physicalDisplayWidth=1080 physicalDisplayHeight=2316 density={2.8125} cutoutSpec={M 0,0 H -10 V 26.66666666666667 H 10 V 0 H 0 Z @dp} rotation={0} scale={1.0} physicalPixelDisplaySizeRatio={1.0}}} sideOverrides={}}, mRoundedCorners=RoundedCorners{[RoundedCorner{position=TopLeft, radius=11, center=Point(11, 11)}, RoundedCorner{position=TopRight, radius=11, center=Point(1069, 11)}, RoundedCorner{position=BottomRight, radius=11, center=Point(1069, 2305)}, RoundedCorner{position=BottomLeft, radius=11, center=Point(11, 2305)}]}  mRoundedCornerFrame=Rect(0, 0 - 1080, 2316), mPrivacyIndicatorBounds=PrivacyIndicatorBounds {static bounds=Rect(956, 0 - 1080, 75) rotation=0}, mDisplayShape=DisplayShape{ spec=-311912193 displayWidth=1080 displayHeight=2316 physicalPixelDisplaySizeRatio=0.75 rotation=0 offsetX=0 offsetY=0 scale=1.0}, mSources= { InsetsSource: {dab30001 mType=navigationBars mFrame=[0,2181][1080,2316] mVisible=true mFlags= mSideHint=BOTTOM mBoundingRects=null}, InsetsSource: {dab30004 mType=systemGestures mFrame=[0,0][0,0] mVisible=true mFlags= mSideHint=NONE mBoundingRects=null}, InsetsSource: {dab30005 mType=mandatorySystemGestures mFrame=[0,2181][1080,2316] mVisible=true mFlags= mSideHint=BOTTOM mBoundingRects=null}, InsetsSource: {dab30006 mType=tappableElement mFrame=[0,2181][1080,2316] mVisible=true mFlags= mSideHint=BOTTOM mBoundingRects=null}, InsetsSource: {dab30024 mType=systemGestures mFrame=[0,0][0,0] mVisible=true mFlags= mSideHint=NONE mBoundingRects=null}, InsetsSource: {3 mType=ime mFrame=[0,0][0,0] mVisible=false mFlags= mSideHint=NONE mBoundingRects=null}, InsetsSource: {27 mType=displayCutout mFrame=[0,0][1080,75] mVisible=true mFlags= mSideHint=TOP mBoundingRects=null}, InsetsSource: {5b190000 mType=statusBars mFrame=[0,0][1080,75] mVisible=true mFlags= mSideHint=TOP mBoundingRects=null}, InsetsSource: {5b190005 mType=mandatorySystemGestures mFrame=[0,0][1080,109] mVisible=true mFlags= mSideHint=TOP mBoundingRects=null}, InsetsSource: {5b190006 mType=tappableElement mFrame=[0,0][1080,75] mVisible=true mFlags= mSideHint=TOP mBoundingRects=null} }
2026-01-10 12:23:39.980 15296-15296 VRI[Traini...y]@b4ccac1 com.trainingvalidator.poc            I  synced displayState. AttachInfo displayState=2
2026-01-10 12:23:39.982 15296-15296 VRI[Traini...y]@b4ccac1 com.trainingvalidator.poc            I  setView = com.android.internal.policy.DecorView@b81d69f IsHRR=false mFlingFrameRateChange=0 TM=true
2026-01-10 12:23:39.990  2324-3323  CoreBackPreview         system_server                        D  Window{3c5f9b9 u0 com.trainingvalidator.poc/com.trainingvalidator.poc.ui.TrainingActivity}: Setting back callback OnBackInvokedCallbackInfo{mCallback=android.window.IOnBackInvokedCallback$Stub$Proxy@4b693ac, mPriority=0, mIsAnimationCallback=false, mOverrideBehavior=0}
2026-01-10 12:23:39.991  2324-3323  WindowManager           system_server                        I  Relayout Window{3c5f9b9 u0 com.trainingvalidator.poc/com.trainingvalidator.poc.ui.TrainingActivity}: viewVisibility=0 req=1080x2316 ty=1 d0
2026-01-10 12:23:39.991  1684-1890  SurfaceFlinger          surfaceflinger                       I  id=7985 createSurf, flag=44004, com.trainingvalidator.poc/com.trainingvalidator.poc.ui.TrainingActivity$_15296#7985
2026-01-10 12:23:39.992  2324-3323  WindowManager           system_server                        D  makeSurface duration=1 name=com.trainingvalidator.poc/com.trainingvalidator.poc.ui.TrainingActivity$_15296
2026-01-10 12:23:39.992  2324-3323  SurfaceComposerClient   system_server                        D  setCornerRadius ## 3c5f9b9 com.trainingvalidator.poc/com.trainingvalidator.poc.ui.TrainingActivity#7984 cornerRadius=0.000000
2026-01-10 12:23:39.993  2324-3323  SurfaceComposerClient   system_server                        D  setCornerRadius ## 3c5f9b9 com.trainingvalidator.poc/com.trainingvalidator.poc.ui.TrainingActivity#7984 cornerRadius=0.000000
2026-01-10 12:23:39.993  2324-3323  BLASTSyncEngine         system_server                        D  SyncGroup 705:  Unfinished container: ActivityRecord{231700623 u0 com.trainingvalidator.poc/.ui.TrainingActivity t3408} mSyncState=2
2026-01-10 12:23:39.993  2324-3323  WindowManager           system_server                        D  Changing focus from null to Window{3c5f9b9 u0 com.trainingvalidator.poc/com.trainingvalidator.poc.ui.TrainingActivity} displayId=0 Callers=com.android.server.wm.WindowManagerService.relayoutWindow:1350 com.android.server.wm.Session.relayout:27 android.view.IWindowSession$Stub.onTransact:829 com.android.server.wm.Session.onTransact:1 
2026-01-10 12:23:39.995  2324-3323  InsetsSourceProvider    system_server                        D  updateControlForTarget: control=InsetsSourceControl: {5b190000 mType=statusBars initiallyVisible mSurfacePosition=Point(0, 0) mInsetsHint=Insets{left=0, top=75, right=0, bottom=0}}, target=Window{3c5f9b9 u0 com.trainingvalidator.poc/com.trainingvalidator.poc.ui.TrainingActivity}, from=com.android.server.wm.InsetsStateController.onControlTargetChanged:83 com.android.server.wm.InsetsPolicy.updateBarControlTarget:212 com.android.server.wm.DisplayPolicy.updateSystemBarAttributes:262 com.android.server.wm.WindowManagerService.updateFocusedWindowLocked:372 com.android.server.wm.WindowManagerService.relayoutWindow:1350 
2026-01-10 12:23:39.996  1684-1684  SurfaceFlinger          surfaceflinger                       I  [com.trainingvalidator.poc/com.trainingvalidator.poc.ui.TrainingActivity$_15296#7985] attach to parent LayerHierarchy{RequestedLayerState{3c5f9b9 com.trainingvalidator.poc/com.trainingvalidator.poc.ui.TrainingActivity#7984 parentId=7979} 1 children}
2026-01-10 12:23:39.996  2324-3323  InsetsSourceProvider    system_server                        D  updateControlForTarget: control=InsetsSourceControl: {dab30001 mType=navigationBars initiallyVisible mSurfacePosition=Point(0, 2181) mInsetsHint=Insets{left=0, top=0, right=0, bottom=135}}, target=Window{3c5f9b9 u0 com.trainingvalidator.poc/com.trainingvalidator.poc.ui.TrainingActivity}, from=com.android.server.wm.InsetsStateController.onControlTargetChanged:83 com.android.server.wm.InsetsPolicy.updateBarControlTarget:225 com.android.server.wm.DisplayPolicy.updateSystemBarAttributes:262 com.android.server.wm.WindowManagerService.updateFocusedWindowLocked:372 com.android.server.wm.WindowManagerService.relayoutWindow:1350 
2026-01-10 12:23:39.998  2324-3323  WindowManager           system_server                        D  updateSystemBarAttributes: displayId=0, focusedCanBeNavColorWin=false, win=Window{3c5f9b9 u0 com.trainingvalidator.poc/com.trainingvalidator.poc.ui.TrainingActivity}, navColorWin=Window{2d62dd u0 com.trainingvalidator.poc/com.trainingvalidator.poc.ui.ExerciseDetailActivity}, caller=com.android.server.wm.WindowManagerService.updateFocusedWindowLocked:372 com.android.server.wm.WindowManagerService.relayoutWindow:1350 com.android.server.wm.Session.relayout:27 
2026-01-10 12:23:39.998  2324-3323  SystemKeyManager        system_server                        V  updateFocusedWindow() is called, com.trainingvalidator.poc/com.trainingvalidator.poc.ui.TrainingActivity
2026-01-10 12:23:40.003 15296-15296 BLASTBufferQueue_Java   com.trainingvalidator.poc            I  new BLASTBufferQueue, mName= VRI[TrainingActivity]@b4ccac1 mNativeObject= 0xb4000078185e07a0 caller= android.view.ViewRootImpl.updateBlastSurfaceIfNeeded:3585 android.view.ViewRootImpl.relayoutWindow:11685 android.view.ViewRootImpl.performTraversals:4804 android.view.ViewRootImpl.doTraversal:3924 android.view.ViewRootImpl$TraversalRunnable.run:12903 android.view.Choreographer$CallbackRecord.run:1901 android.view.Choreographer$CallbackRecord.run:1910 android.view.Choreographer.doCallbacks:1367 android.view.Choreographer.doFrame:1292 android.view.Choreographer$FrameDisplayEventReceiver.run:1870 
2026-01-10 12:23:40.003 15296-15296 BLASTBufferQueue_Java   com.trainingvalidator.poc            I  update, w= 1080 h= 2316 mName = VRI[TrainingActivity]@b4ccac1 mNativeObject= 0xb4000078185e07a0 sc.mNativeObject= 0xb4000079c85a95d0 format= -1 caller= android.view.ViewRootImpl.updateBlastSurfaceIfNeeded:3590 android.view.ViewRootImpl.relayoutWindow:11685 android.view.ViewRootImpl.performTraversals:4804 android.view.ViewRootImpl.doTraversal:3924 android.view.ViewRootImpl$TraversalRunnable.run:12903 android.view.Choreographer$CallbackRecord.run:1901 
2026-01-10 12:23:40.004 15296-15296 VRI[Traini...y]@b4ccac1 com.trainingvalidator.poc            I  Relayout returned: old=(0,0,1080,2316) new=(0,0,1080,2316) relayoutAsync=false req=(1080,2316)0 dur=11 res=0x3 s={true 0xb4000078886267f0} ch=true seqId=0
2026-01-10 12:23:40.004 15296-15296 VRI[Traini...y]@b4ccac1 com.trainingvalidator.poc            I  performConfigurationChange setNightDimText nightDimLevel=0
2026-01-10 12:23:40.005 15296-15296 VRI[Traini...y]@b4ccac1 com.trainingvalidator.poc            D  mThreadedRenderer.initialize() mSurface={isValid=true 0xb4000078886267f0} hwInitialized=true
2026-01-10 12:23:40.007 15296-15296 VRI[Traini...y]@b4ccac1 com.trainingvalidator.poc            D  reportNextDraw android.view.ViewRootImpl.performTraversals:5443 android.view.ViewRootImpl.doTraversal:3924 android.view.ViewRootImpl$TraversalRunnable.run:12903 android.view.Choreographer$CallbackRecord.run:1901 android.view.Choreographer$CallbackRecord.run:1910 
2026-01-10 12:23:40.007 15296-15296 VRI[Traini...y]@b4ccac1 com.trainingvalidator.poc            D  Setup new sync=wmsSync-VRI[TrainingActivity]@b4ccac1#10
2026-01-10 12:23:40.007 15296-15296 VRI[Traini...y]@b4ccac1 com.trainingvalidator.poc            I  Creating new active sync group VRI[TrainingActivity]@b4ccac1#11
2026-01-10 12:23:40.007 15296-15296 VRI[Traini...y]@b4ccac1 com.trainingvalidator.poc            D  registerCallbacksForSync syncBuffer=false
2026-01-10 12:23:40.007  2324-3198  SurfaceComposerClient   system_server                        D  setCornerRadius ## 3c5f9b9 com.trainingvalidator.poc/com.trainingvalidator.poc.ui.TrainingActivity#7984 cornerRadius=0.000000
2026-01-10 12:23:40.008  2324-3198  SurfaceComposerClient   system_server                        D  setCornerRadius ## 3c5f9b9 com.trainingvalidator.poc/com.trainingvalidator.poc.ui.TrainingActivity#7984 cornerRadius=0.000000
2026-01-10 12:23:40.008  2324-3198  BLASTSyncEngine         system_server                        D  SyncGroup 705:  Unfinished container: ActivityRecord{231700623 u0 com.trainingvalidator.poc/.ui.TrainingActivity t3408} mSyncState=2
2026-01-10 12:23:40.009  2324-2433  InsetsSourceProvider    system_server                        D  updateVisibility: serverVisible=true, clientVisible=false, source=InsetsSource: {5b190000 mType=statusBars mFrame=[0,0][1080,75] mVisible=false mFlags= mSideHint=TOP mBoundingRects=null}, controlTarget=Window{3c5f9b9 u0 com.trainingvalidator.poc/com.trainingvalidator.poc.ui.TrainingActivity}, from=com.android.server.wm.InsetsSourceProvider.setClientVisible:8 com.android.server.wm.InsetsSourceProvider.updateClientVisibility:20 com.android.server.wm.InsetsStateController.onRequestedVisibleTypesChanged:44 com.android.server.wm.InsetsStateController$$ExternalSyntheticLambda1.run:172 com.android.server.wm.WindowAnimator$$ExternalSyntheticLambda2.onTransactionCommitted:26 android.view.SurfaceControl$Transaction$$ExternalSyntheticLambda4.run:0 android.os.Handler.handleCallback:995 android.os.Handler.dispatchMessage:103 android.os.Looper.loopOnce:273 android.os.Looper.loop:363 
2026-01-10 12:23:40.009  2324-2433  InsetsSourceProvider    system_server                        D  updateVisibility: serverVisible=true, clientVisible=false, source=InsetsSource: {dab30001 mType=navigationBars mFrame=[0,2181][1080,2316] mVisible=false mFlags= mSideHint=BOTTOM mBoundingRects=null}, controlTarget=Window{3c5f9b9 u0 com.trainingvalidator.poc/com.trainingvalidator.poc.ui.TrainingActivity}, from=com.android.server.wm.InsetsSourceProvider.setClientVisible:8 com.android.server.wm.InsetsSourceProvider.updateClientVisibility:20 com.android.server.wm.InsetsStateController.onRequestedVisibleTypesChanged:44 com.android.server.wm.InsetsStateController$$ExternalSyntheticLambda1.run:172 com.android.server.wm.WindowAnimator$$ExternalSyntheticLambda2.onTransactionCommitted:26 android.view.SurfaceControl$Transaction$$ExternalSyntheticLambda4.run:0 android.os.Handler.handleCallback:995 android.os.Handler.dispatchMessage:103 android.os.Looper.loopOnce:273 android.os.Looper.loop:363 
2026-01-10 12:23:40.009  2324-2433  SurfaceComposerClient   system_server                        D  setCornerRadius ## 3c5f9b9 com.trainingvalidator.poc/com.trainingvalidator.poc.ui.TrainingActivity#7984 cornerRadius=0.000000
2026-01-10 12:23:40.010  2324-2433  SurfaceComposerClient   system_server                        D  setCornerRadius ## 3c5f9b9 com.trainingvalidator.poc/com.trainingvalidator.poc.ui.TrainingActivity#7984 cornerRadius=0.000000
2026-01-10 12:23:40.010  2324-2433  BLASTSyncEngine         system_server                        D  SyncGroup 705:  Unfinished container: ActivityRecord{231700623 u0 com.trainingvalidator.poc/.ui.TrainingActivity t3408} mSyncState=2
2026-01-10 12:23:40.010  1684-1868  SurfaceFlinger          surfaceflinger                       D  [input] setFocusedWindow: 3c5f9b9 com.trainingvalidator.poc/com.trainingvalidator.poc.ui.TrainingActivity
2026-01-10 12:23:40.010  2324-3324  InputDispatcher         system_server                        D  Once focus requested (0): 3c5f9b9 com.trainingvalidator.poc/com.trainingvalidator.poc.ui.TrainingActivity
2026-01-10 12:23:40.010  2324-3324  InputDispatcher         system_server                        D  Focus request (0): 3c5f9b9 com.trainingvalidator.poc/com.trainingvalidator.poc.ui.TrainingActivity but waiting because NO_WINDOW
2026-01-10 12:23:40.012  2324-6105  SurfaceComposerClient   system_server                        D  setCornerRadius ## 3c5f9b9 com.trainingvalidator.poc/com.trainingvalidator.poc.ui.TrainingActivity#7984 cornerRadius=0.000000
2026-01-10 12:23:40.013  2324-6105  SurfaceComposerClient   system_server                        D  setCornerRadius ## 3c5f9b9 com.trainingvalidator.poc/com.trainingvalidator.poc.ui.TrainingActivity#7984 cornerRadius=0.000000
2026-01-10 12:23:40.014  2324-6105  BLASTSyncEngine         system_server                        D  SyncGroup 705:  Unfinished container: ActivityRecord{231700623 u0 com.trainingvalidator.poc/.ui.TrainingActivity t3408} mSyncState=2
2026-01-10 12:23:40.017  2324-2433  SurfaceComposerClient   system_server                        D  setCornerRadius ## 3c5f9b9 com.trainingvalidator.poc/com.trainingvalidator.poc.ui.TrainingActivity#7984 cornerRadius=0.000000
2026-01-10 12:23:40.017  2324-2433  BLASTSyncEngine         system_server                        D  SyncGroup 705:  Unfinished container: ActivityRecord{231700623 u0 com.trainingvalidator.poc/.ui.TrainingActivity t3408} mSyncState=2
2026-01-10 12:23:40.032 15296-15362 VRI[Traini...y]@b4ccac1 com.trainingvalidator.poc            D  Received frameDrawingCallback syncResult=0 frameNum=1.
2026-01-10 12:23:40.032 15296-15362 VRI[Traini...y]@b4ccac1 com.trainingvalidator.poc            I  mWNT: t=0xb400007868753d90 mBlastBufferQueue=0xb4000078185e07a0 fn= 1 HdrRenderState mRenderHdrSdrRatio=1.0 caller= android.view.ViewRootImpl$12.onFrameDraw:15441 android.view.ThreadedRenderer$1.onFrameDraw:718 <bottom of call stack> 
2026-01-10 12:23:40.032 15296-15362 VRI[Traini...y]@b4ccac1 com.trainingvalidator.poc            I  Setting up sync and frameCommitCallback
2026-01-10 12:23:40.034 15296-15341 BLASTBufferQueue        com.trainingvalidator.poc            I  [VRI[TrainingActivity]@b4ccac1#4](f:0,a:0,s:0) onFrameAvailable the first frame is available
2026-01-10 12:23:40.035 15296-15341 VRI[Traini...y]@b4ccac1 com.trainingvalidator.poc            I  Received frameCommittedCallback lastAttemptedDrawFrameNum=1 didProduceBuffer=true
2026-01-10 12:23:40.035  1684-1890  SurfaceFlinger          surfaceflinger                       I  [com.trainingvalidator.poc/com.trainingvalidator.poc.ui.TrainingActivity$_15296#7985] setTransactionState with the first frame. bufferData(ID: 65695819760198, frameNumber: 1)
2026-01-10 12:23:40.035 15296-15296 VRI[Traini...y]@b4ccac1 com.trainingvalidator.poc            D  reportDrawFinished seqId=0
2026-01-10 12:23:40.036  2324-3198  WindowManager           system_server                        D  finishDrawingWindow: Window{3c5f9b9 u0 com.trainingvalidator.poc/com.trainingvalidator.poc.ui.TrainingActivity} mDrawState=DRAW_PENDING seqId=0
2026-01-10 12:23:40.036  2324-2433  SurfaceComposerClient   system_server                        D  setCornerRadius ## 3c5f9b9 com.trainingvalidator.poc/com.trainingvalidator.poc.ui.TrainingActivity#7984 cornerRadius=0.000000
2026-01-10 12:23:40.037  2324-2433  SurfaceComposerClient   system_server                        D  setCornerRadius ## 3c5f9b9 com.trainingvalidator.poc/com.trainingvalidator.poc.ui.TrainingActivity#7984 cornerRadius=0.000000
2026-01-10 12:23:40.039  2324-2433  WindowManager           system_server                        V  performShowLocked: mDrawState=HAS_DRAWN in Window{3c5f9b9 u0 com.trainingvalidator.poc/com.trainingvalidator.poc.ui.TrainingActivity}
2026-01-10 12:23:40.039  2324-2433  ChangeTran...Controller system_server                        D  onTransactionReady: TransitionRecord{4547bee id=705 type=OPEN flags=0x0 c=[
                                                                                                       ChangeInfo{ebb0957 container=ActivityRecord{41831063 u0 com.trainingvalidator.poc/.ui.ExerciseDetailActivity t3408} flags=0x0}
                                                                                                       ChangeInfo{51068fa container=Task{a3ef653 #3408 type=standard A=10396:com.trainingvalidator.poc} flags=0x0}
                                                                                                       ChangeInfo{3550eab container=DefaultTaskDisplayArea_d0@172927852 flags=0x0}
                                                                                                       ChangeInfo{8f18908 container=Display{#0 state=ON size=1080x2316 ROTATION_0} flags=0x0}
                                                                                                       ChangeInfo{ac7f8a1 container=ActivityRecord{231700623 u0 com.trainingvalidator.poc/.ui.TrainingActivity t3408} flags=0x0}
                                                                                                    ]
                                                                                                    }
2026-01-10 12:23:40.039  2324-2433  WindowManager           system_server                        V  Start calculating TransitionInfo based on participants: {ActivityRecord{41831063 u0 com.trainingvalidator.poc/.ui.ExerciseDetailActivity t3408}, ActivityRecord{231700623 u0 com.trainingvalidator.poc/.ui.TrainingActivity t3408}}
2026-01-10 12:23:40.039  2324-2433  WindowManager           system_server                        V    Final targets: [ChangeInfo{ac7f8a1 container=ActivityRecord{231700623 u0 com.trainingvalidator.poc/.ui.TrainingActivity t3408} flags=0x0}, ChangeInfo{ebb0957 container=ActivityRecord{41831063 u0 com.trainingvalidator.poc/.ui.ExerciseDetailActivity t3408} flags=0x0}]
2026-01-10 12:23:40.039  1684-3736  SurfaceFlinger          surfaceflinger                       I  id=7988 createSurf, flag=84004, Transition Root: ActivityRecord{231700623 u0 com.trainingvalidator.poc/.ui.TrainingActivity t3408}#7988
2026-01-10 12:23:40.040  2324-2433  SurfaceControlRegistry  system_server                        I  show, t=StartTransaction_SyncId<705> sc=ActivityRecord{231700623 u0 com.trainingvalidator.poc/.ui.TrainingActivity t3408}, caller=android.view.SurfaceControl$Transaction.show:3557 com.android.server.wm.Transition.onTransactionReady:2048 com.android.server.wm.BLASTSyncEngine$SyncGroup.finishNow:240 com.android.server.wm.BLASTSyncEngine.onSurfacePlacement:263 com.android.server.wm.RootWindowContainer.performSurfacePlacementNoTrace:1083 com.android.server.wm.WindowSurfacePlacer.performSurfacePlacement:166 
2026-01-10 12:23:40.040  2324-2433  SurfaceComposerClient   system_server                        D  setCornerRadius ## ActivityRecord{231700623 u0 com.trainingvalidator.poc/.ui.TrainingActivity t3408}#7979 cornerRadius=0.000000
2026-01-10 12:23:40.041  2324-2433  WindowManager           system_server                        V  Calling onTransitionReady: {id=705 t=OPEN f=0x0 trk=1 r=[0@Point(0, 0)] c=[
                                                                                                            {m=OPEN f=FILLS_TASK|IS_ACTIVITY leash=Surface(name=ActivityRecord{231700623 u0 com.trainingvalidator.poc/.ui.TrainingActivity t3408})/@0x2c5ac44 sb=Rect(0, 0 - 0, 0) eb=Rect(0, 0 - 1080, 2316) epz=Point(1080, 2316) d=-1->0 r=-1->0:-1 bc=ff121212 component=com.trainingvalidator.poc/.ui.TrainingActivity opt={t=FROM_STYLE mUserId=0} inset=Rect(0, 0 - 0, 0) dim=true taskIdForActivity=3408},
                                                                                                            {m=TO_BACK f=FILLS_TASK|IS_ACTIVITY leash=Surface(name=ActivityRecord{41831063 u0 com.trainingvalidator.poc/.ui.ExerciseDetailActivity t3408})/@0x945a5aa sb=Rect(0, 0 - 1080, 2316) eb=Rect(0, 0 - 1080, 2316) epz=Point(1080, 2316) d=0 bc=ff121212 component=com.trainingvalidator.poc/.ui.ExerciseDetailActivity opt={t=FROM_STYLE mUserId=0} inset=Rect(0, 0 - 0, 0) taskIdForActivity=3408}
                                                                                                        ]}
2026-01-10 12:23:40.041  2324-2433  ActivityTaskManager     system_server                        I  done cause=notifyTransitionStarting drawn timestamp=40436280641397 info=TransitionInfo{b98a662 a=ActivityRecord{231700623 u0 com.trainingvalidator.poc/.ui.TrainingActivity t3408} d=true}
2026-01-10 12:23:40.041  2324-2429  ActivityTaskManager     system_server                        I  Displayed com.trainingvalidator.poc/.ui.TrainingActivity for user 0: +267ms
2026-01-10 12:23:40.042  2324-2433  SurfaceComposerClient   system_server                        D  setCornerRadius ## 3c5f9b9 com.trainingvalidator.poc/com.trainingvalidator.poc.ui.TrainingActivity#7984 cornerRadius=0.000000
2026-01-10 12:23:40.042  3245-3349  WindowManagerShell      com.android.systemui                 V  onTransitionReady (#705) android.os.BinderProxy@c66cfe5: {id=705 t=OPEN f=0x0 trk=1 r=[0@Point(0, 0)] c=[
                                                                                                            {m=OPEN f=FILLS_TASK|IS_ACTIVITY leash=Surface(name=ActivityRecord{231700623 u0 com.trainingvalidator.poc/.ui.TrainingActivity t3408})/@0xf3250c8 sb=Rect(0, 0 - 0, 0) eb=Rect(0, 0 - 1080, 2316) epz=Point(1080, 2316) d=-1->0 r=-1->0:-1 bc=ff121212 component=com.trainingvalidator.poc/.ui.TrainingActivity opt={t=FROM_STYLE mUserId=0} inset=Rect(0, 0 - 0, 0) dim=true taskIdForActivity=3408},
                                                                                                            {m=TO_BACK f=FILLS_TASK|IS_ACTIVITY leash=Surface(name=ActivityRecord{41831063 u0 com.trainingvalidator.poc/.ui.ExerciseDetailActivity t3408})/@0xfb98561 sb=Rect(0, 0 - 1080, 2316) eb=Rect(0, 0 - 1080, 2316) epz=Point(1080, 2316) d=0 bc=ff121212 component=com.trainingvalidator.poc/.ui.ExerciseDetailActivity opt={t=FROM_STYLE mUserId=0} inset=Rect(0, 0 - 0, 0) taskIdForActivity=3408}
                                                                                                        ]}
2026-01-10 12:23:40.042  2324-2433  SurfaceComposerClient   system_server                        D  setCornerRadius ## 3c5f9b9 com.trainingvalidator.poc/com.trainingvalidator.poc.ui.TrainingActivity#7984 cornerRadius=0.000000
2026-01-10 12:23:40.042  3245-3349  SurfaceControlRegistry  com.android.systemui                 I  show, t=StartTransaction_SyncId<705> sc=ActivityRecord{231700623 u0 com.trainingvalidator.poc/.ui.TrainingActivity t3408}, caller=android.view.SurfaceControl$Transaction.show:3557 com.android.wm.shell.transition.Transitions.dispatchReady:1279 com.android.wm.shell.transition.Transitions.onTransitionReady:251 com.android.wm.shell.transition.Transitions$TransitionPlayerImpl$$ExternalSyntheticLambda0.run:13 android.os.Handler.handleCallback:995 android.os.Handler.dispatchMessage:103 
2026-01-10 12:23:40.042  3245-3349  SurfaceControlRegistry  com.android.systemui                 I  show, t=FinishTransaction_SyncId<705> sc=ActivityRecord{231700623 u0 com.trainingvalidator.poc/.ui.TrainingActivity t3408}, caller=android.view.SurfaceControl$Transaction.show:3557 com.android.wm.shell.transition.Transitions.dispatchReady:1330 com.android.wm.shell.transition.Transitions.onTransitionReady:251 com.android.wm.shell.transition.Transitions$TransitionPlayerImpl$$ExternalSyntheticLambda0.run:13 android.os.Handler.handleCallback:995 android.os.Handler.dispatchMessage:103 
2026-01-10 12:23:40.042  3245-3349  SurfaceControlRegistry  com.android.systemui                 I  show, t=StartTransaction_SyncId<705> sc=Transition Root: ActivityRecord{231700623 u0 com.trainingvalidator.poc/.ui.TrainingActivity t3408}, caller=android.view.SurfaceControl$Transaction.show:3557 com.android.wm.shell.transition.Transitions.playTransition:79 com.android.wm.shell.transition.Transitions.processReadyQueue:239 com.android.wm.shell.transition.Transitions.dispatchReady:1352 com.android.wm.shell.transition.Transitions.onTransitionReady:251 com.android.wm.shell.transition.Transitions$TransitionPlayerImpl$$ExternalSyntheticLambda0.run:13 
2026-01-10 12:23:40.042  3245-3349  WindowManagerShell      com.android.systemui                 V  Transition doesn't have explicit remote, search filters for match for {id=705 t=OPEN f=0x0 trk=1 r=[0@Point(0, 0)] c=[{m=OPEN f=FILLS_TASK|IS_ACTIVITY leash=Surface(name=ActivityRecord{231700623 u0 com.trainingvalidator.poc/.ui.TrainingActivity t3408})/@0xf3250c8 sb=Rect(0, 0 - 0, 0) eb=Rect(0, 0 - 1080, 2316) epz=Point(1080, 2316) d=-1->0 r=-1->0:-1 bc=ff121212 component=com.trainingvalidator.poc/.ui.TrainingActivity opt={t=FROM_STYLE mUserId=0} inset=Rect(0, 0 - 0, 0) dim=true taskIdForActivity=3408},{m=TO_BACK f=FILLS_TASK|IS_ACTIVITY leash=Surface(name=ActivityRecord{41831063 u0 com.trainingvalidator.poc/.ui.ExerciseDetailActivity t3408})/@0xfb98561 sb=Rect(0, 0 - 1080, 2316) eb=Rect(0, 0 - 1080, 2316) epz=Point(1080, 2316) d=0 bc=ff121212 component=com.trainingvalidator.poc/.ui.ExerciseDetailActivity opt={t=FROM_STYLE mUserId=0} inset=Rect(0, 0 - 0, 0) taskIdForActivity=3408}]}
2026-01-10 12:23:40.042  2324-2429  WindowManager           system_server                        V  Sent Transition (#705) createdAt=01-10 12:23:39.772 via request=TransitionRequestInfo { type = OPEN, triggerTask = TaskInfo{userId=0 taskId=3408 effectiveUid=10396 displayId=0 isRunning=true baseIntent=Intent { act=android.intent.action.MAIN cat=[android.intent.category.LAUNCHER] flg=0x10000000 cmp=com.trainingvalidator.poc/.ui.ExerciseListActivity } baseActivity=ComponentInfo{com.trainingvalidator.poc/com.trainingvalidator.poc.ui.ExerciseListActivity} topActivity=ComponentInfo{com.trainingvalidator.poc/com.trainingvalidator.poc.ui.TrainingActivity} origActivity=null realActivity=ComponentInfo{com.trainingvalidator.poc/com.trainingvalidator.poc.ui.ExerciseListActivity} numActivities=3 lastActiveTime=69784891 supportsMultiWindow=true resizeMode=1 isResizeable=true minWidth=-1 minHeight=-1 maxWidth=-1 maxHeight=-1 defaultMinSize=220 desktopDefaultMinSize=304 token=WCT{RemoteToken{73c7177 Task{a3ef653 #3408 type=standard A=10396:com.trainingvalidator.poc}}} topActivityType=1 pictureInPictureParams=null shouldDockBigOverlays=false launchIntoPipHostTaskId=-1 lastParentTaskIdBeforePip=-1 displayCutoutSafeInsets=Rect(0, 0 - 0, 0) topActivityInfo=ActivityInfo{47ce3f3 com.trainingvalidator.poc.ui.TrainingActivity} launchCookies=[] positionInParent=Point(0, 0) parentTaskId=-1 isFocused=true isVisible=true isVisibleRequested=true isTopActivityNoDisplay=false isSleeping=false locusId=null displayAreaFeatureId=1 isTopActivityTransparent=false isActivityStackTransparent=false lastNonFullscreenBounds=Rect(81, 549 - 999, 1707) capturedLink=null capturedLinkTimestamp=0 requestedVisibleTypes=-9 topActivityRequestOpenInBrowserEducationTimestamp=0 appCompatTaskInfo=AppCompatTaskInfo { topActivityInSizeCompat=false eligibleForLetterboxEducation= false isLetterboxEducationEnabled= false isLetterboxDoubleTapEnabled= false eligibleForUserAspectRatioButton= false topActivityBoundsLetterboxed= false isFromLetterboxDoubleTap= false topActivityLetterboxVerticalPosition= -1 topActivityLetterboxHorizontalPosition= -1 topActivityLetterboxWidth=-1 topActivityLetterboxHeight=-1 topActivityAppBounds=Rect(0, 0 - 1080, 2316) isUserFullscreenOverrideEnabled=false isSystemFullscreenOverrideEnabled=false hasMinAspectRatioOverride=false topActivityLetterboxBounds=null cameraCompatTaskInfo=CameraCompatTaskInfo { freeformCameraCompatMode=inactive} topActivityBounds=null topActivityInDisplayCompat=false singleTapFromLetterbox=false} topActivityMainWindowFrame=null originallySupportedMultiWindow=true hasWallpaper=false rootAffinity=10396:com.trainingvalidator.poc isTopTaskInStage=false CoverLauncherWidgetTask=false LaunchedFromAppsCoverLauncherTask=false LaunchedFromMultistarCoverLauncherTask=false isAllowedSeamlessRotation=false isTopTransparentActivity=false isAliasManaged=false hasConfigChanged=false snappingGuideBounds=null isAiKeyRemoveAppTask=false lastDesktopWindowingBounds=null lastExternalDesktopWindowingBounds=null safeCutoutInsets=null}, pipChange = null, remoteTransition = null, displayChange = null, flags = 0, debugId = 705 }
2026-01-10 12:23:40.042  3245-3349  WindowManagerShell      com.android.systemui                 V  start default transition animation, info = {id=705 t=OPEN f=0x0 trk=1 r=[0@Point(0, 0)] c=[{m=OPEN f=FILLS_TASK|IS_ACTIVITY leash=Surface(name=ActivityRecord{231700623 u0 com.trainingvalidator.poc/.ui.TrainingActivity t3408})/@0xf3250c8 sb=Rect(0, 0 - 0, 0) eb=Rect(0, 0 - 1080, 2316) epz=Point(1080, 2316) d=-1->0 r=-1->0:-1 bc=ff121212 component=com.trainingvalidator.poc/.ui.TrainingActivity opt={t=FROM_STYLE mUserId=0} inset=Rect(0, 0 - 0, 0) dim=true taskIdForActivity=3408},{m=TO_BACK f=FILLS_TASK|IS_ACTIVITY leash=Surface(name=ActivityRecord{41831063 u0 com.trainingvalidator.poc/.ui.ExerciseDetailActivity t3408})/@0xfb98561 sb=Rect(0, 0 - 1080, 2316) eb=Rect(0, 0 - 1080, 2316) epz=Point(1080, 2316) d=0 bc=ff121212 component=com.trainingvalidator.poc/.ui.ExerciseDetailActivity opt={t=FROM_STYLE mUserId=0} inset=Rect(0, 0 - 0, 0) taskIdForActivity=3408}]}
2026-01-10 12:23:40.042  2324-2429  WindowManager           system_server                        V      info={id=705 t=OPEN f=0x0 trk=1 r=[0@Point(0, 0)] c=[
                                                                                                            {m=OPEN f=FILLS_TASK|IS_ACTIVITY leash=Surface(name=ActivityRecord{231700623 u0 com.trainingvalidator.poc/.ui.TrainingActivity t3408})/@0x2c5ac44 sb=Rect(0, 0 - 0, 0) eb=Rect(0, 0 - 1080, 2316) epz=Point(1080, 2316) d=-1->0 r=-1->0:-1 bc=ff121212 component=com.trainingvalidator.poc/.ui.TrainingActivity opt={t=FROM_STYLE mUserId=0} inset=Rect(0, 0 - 0, 0) dim=true taskIdForActivity=3408},
                                                                                                            {m=TO_BACK f=FILLS_TASK|IS_ACTIVITY leash=Surface(name=ActivityRecord{41831063 u0 com.trainingvalidator.poc/.ui.ExerciseDetailActivity t3408})/@0x945a5aa sb=Rect(0, 0 - 1080, 2316) eb=Rect(0, 0 - 1080, 2316) epz=Point(1080, 2316) d=0 bc=ff121212 component=com.trainingvalidator.poc/.ui.ExerciseDetailActivity opt={t=FROM_STYLE mUserId=0} inset=Rect(0, 0 - 0, 0) taskIdForActivity=3408}
                                                                                                        ]}
2026-01-10 12:23:40.043  3245-3349  WindowManagerShell      com.android.systemui                 V     change={m=OPEN f=FILLS_TASK|IS_ACTIVITY leash=Surface(name=ActivityRecord{231700623 u0 com.trainingvalidator.poc/.ui.TrainingActivity t3408})/@0xf3250c8 sb=Rect(0, 0 - 0, 0) eb=Rect(0, 0 - 1080, 2316) epz=Point(1080, 2316) d=-1->0 r=-1->0:-1 bc=ff121212 component=com.trainingvalidator.poc/.ui.TrainingActivity opt={t=FROM_STYLE mUserId=0} inset=Rect(0, 0 - 0, 0) dim=true taskIdForActivity=3408}
2026-01-10 12:23:40.043  1684-1793  SurfaceFlinger          surfaceflinger                       I  id=7989 createSurf, flag=20004, DimTransitionLayer for Surface(name=ActivityRecord{231700623 u0 com.trainingvalidator.poc/.ui.TrainingActivity t3408})/@0xf3250c8#7989
2026-01-10 12:23:40.044  3245-3349  SurfaceControlRegistry  com.android.systemui                 I  show, t=StartTransaction_SyncId<705> sc=DimTransitionLayer for Surface(name=ActivityRecord{231700623 u0 com.trainingvalidator.poc/.ui.TrainingActivity t3408})/@0xf3250c8, caller=android.view.SurfaceControl$Transaction.show:3557 com.android.wm.shell.transition.DefaultTransitionHandler.startAnimation:2931 com.android.wm.shell.transition.Transitions.dispatchTransition:90 com.android.wm.shell.transition.Transitions.playTransition:774 com.android.wm.shell.transition.Transitions.processReadyQueue:239 com.android.wm.shell.transition.Transitions.dispatchReady:1352 
2026-01-10 12:23:40.044  3245-3349  WindowManagerShell      com.android.systemui                 V  attach dim transition, change={m=OPEN f=FILLS_TASK|IS_ACTIVITY leash=Surface(name=ActivityRecord{231700623 u0 com.trainingvalidator.poc/.ui.TrainingActivity t3408})/@0xf3250c8 sb=Rect(0, 0 - 0, 0) eb=Rect(0, 0 - 1080, 2316) epz=Point(1080, 2316) d=-1->0 r=-1->0:-1 bc=ff121212 component=com.trainingvalidator.poc/.ui.TrainingActivity opt={t=FROM_STYLE mUserId=0} inset=Rect(0, 0 - 0, 0) dim=true taskIdForActivity=3408}
