2026-02-07 16:56:52.197 26733-26733 ViewRootIm...tActivity] com.trainingvalidator.poc            I  ViewPostIme pointer 0
2026-02-07 16:56:52.200 26733-26733 AnimatorSet             com.trainingvalidator.poc            D  mReversing is false. Don't call initChildren.
2026-02-07 16:56:52.221  1015-1015  BufferQueueProducer     surfaceflinger                       I  [com.trainingvalidator.poc/com.trainingvalidator.poc.ui.PreWorkoutActivity$_26733#69738](this:0xe3c538b8,id:-1,api:0,p:-1,c:1015) queueBuffer: fps=0.09 dur=22090.43 max=21957.30 min=133.13
2026-02-07 16:56:52.244 26733-26938 gralloc4                com.trainingvalidator.poc            I  @set_metadata: update dataspace from GM (0x00000000 -> 0x08010000)
2026-02-07 16:56:52.256 26733-26938 gralloc4                com.trainingvalidator.poc            I  @set_metadata: update dataspace from GM (0x00000000 -> 0x08010000)
2026-02-07 16:56:52.271 26733-26938 gralloc4                com.trainingvalidator.poc            I  @set_metadata: update dataspace from GM (0x00000000 -> 0x08010000)
2026-02-07 16:56:52.288 26733-26938 gralloc4                com.trainingvalidator.poc            I  @set_metadata: update dataspace from GM (0x00000000 -> 0x08010000)
2026-02-07 16:56:52.303 26733-26938 gralloc4                com.trainingvalidator.poc            I  @set_metadata: update dataspace from GM (0x00000000 -> 0x08010000)
2026-02-07 16:56:52.307 26733-26733 ViewRootIm...tActivity] com.trainingvalidator.poc            I  ViewPostIme pointer 1
2026-02-07 16:56:52.314 26733-26733 SettingsManager         com.trainingvalidator.poc            W  SettingsManager accessed before initialization - using defaults
2026-02-07 16:56:52.315  1511-1560  ChimeraSys...ntListener system_server                        I  appLaunchIntent package name is: com.trainingvalidator.poc
2026-02-07 16:56:52.318  1511-2166  WindowManager           system_server                        V  Collecting in transition 4858: ActivityRecord{f06ec03 u0 com.trainingvalidator.poc/.ui.TrainingActivity, caller=com.android.server.wm.Transition.collect:761 com.android.server.wm.TransitionController.collect:935 com.android.server.wm.ActivityStarter.startActivityUnchecked:2376 com.android.server.wm.ActivityStarter.executeRequest:1953 com.android.server.wm.ActivityStarter.execute:1093 
2026-02-07 16:56:52.318  1511-2166  ActivityTaskManager     system_server                        D  TaskLaunchParamsModifier:task=null activity=ActivityRecord{f06ec03 u0 com.trainingvalidator.poc/.ui.TrainingActivity t-1} display-area-from-source=DefaultTaskDisplayArea_d0@137624229 display-id=0 task-display-area-windowing-mode=1 suggested-display-area=DefaultTaskDisplayArea_d0@137624229
2026-02-07 16:56:52.318  1511-2166  ActivityTaskManager     system_server                        D  TaskLaunchParamsModifier:task=Task{aaf3793 #4208 type=standard A=10346:com.trainingvalidator.poc} activity=ActivityRecord{f06ec03 u0 com.trainingvalidator.poc/.ui.TrainingActivity t-1} display-area-from-source=DefaultTaskDisplayArea_d0@137624229 display-id=0 task-display-area-windowing-mode=1 suggested-display-area=DefaultTaskDisplayArea_d0@137624229 inherit-from-source=fullscreen non-freeform-task-display-area display-area=DefaultTaskDisplayArea_d0@137624229 activity-requested-portrait freeform-size-mismatch=Rect(54, 408 - 666, 1208)
2026-02-07 16:56:52.319  1015-2114  BufferQueueDebug        surfaceflinger                       E  [ActivityRecord{f06ec03 u0 com.trainingvalidator.poc/.ui.TrainingActivity t4208}#69751](this:0xe3e5d0b8,id:-1,api:0,p:-1,c:-1) id info cannot be read from 'ActivityRecord{f06ec03 u0 com.trainingvalidator.poc/.ui.TrainingActivity t4208}#69751'
2026-02-07 16:56:52.319  1015-2114  BufferQueueDebug        surfaceflinger                       I  [ActivityRecord{f06ec03 u0 com.trainingvalidator.poc/.ui.TrainingActivity t4208}#69751](this:0xe3e5d0b8,id:-1,api:0,p:-1,c:-1) BufferQueue core=(1015:/system/bin/surfaceflinger)
2026-02-07 16:56:52.319  1015-2114  SurfaceFlinger          surfaceflinger                       I  id=69751 createSurf, flag=84004, ActivityRecord{f06ec03 u0 com.trainingvalidator.poc/.ui.TrainingActivity t4208}#69751
2026-02-07 16:56:52.321  1511-2166  ActivityTaskManager     system_server                        D  scheduleTopResumedActivityChanged, onTop=false, r=ActivityRecord{ddc9c91 u0 com.trainingvalidator.poc/.ui.PreWorkoutActivity t4208}, caller=com.android.server.wm.ActivityTaskSupervisor.updateTopResumedActivityIfNeeded:2826 com.android.server.wm.TaskFragment.setResumedActivity:579 com.android.server.wm.TaskFragment.onActivityStateChanged:888 com.android.server.wm.ActivityRecord.setState:6850 com.android.server.wm.TaskFragment.startPausing:2004 com.android.server.wm.TaskFragment.startPausing:1948 
2026-02-07 16:56:52.322  1511-2166  WindowManager           system_server                        V  Collecting in transition 4858: ActivityRecord{f06ec03 u0 com.trainingvalidator.poc/.ui.TrainingActivity t4208}, caller=com.android.server.wm.Transition.collect:761 com.android.server.wm.Transition.collectExistenceChange:944 com.android.server.wm.TransitionController.collectExistenceChange:985 com.android.server.wm.ActivityStarter.handleStartResult:2557 com.android.server.wm.ActivityStarter.startActivityUnchecked:2384 
2026-02-07 16:56:52.323  1511-2166  ActivityTaskManager     system_server                        I  START u0 {cmp=com.trainingvalidator.poc/.ui.TrainingActivity (has extras)} with LAUNCH_MULTIPLE from uid 10346 (BAL_ALLOW_VISIBLE_WINDOW) result code=0
2026-02-07 16:56:52.323  1975-2036  WindowManagerShell      com.android.systemui                 V  Transition requested: android.os.BinderProxy@aec32bd TransitionRequestInfo { type = OPEN, triggerTask = TaskInfo{userId=0 taskId=4208 displayId=0 isRunning=true baseIntent=Intent { act=android.intent.action.MAIN cat=[android.intent.category.LAUNCHER] flg=0x10100000 cmp=com.trainingvalidator.poc/.ui.auth.SplashActivity } baseActivity=ComponentInfo{com.trainingvalidator.poc/com.trainingvalidator.poc.ui.main.MainContainerActivity} topActivity=ComponentInfo{com.trainingvalidator.poc/com.trainingvalidator.poc.ui.TrainingActivity} origActivity=null realActivity=ComponentInfo{com.trainingvalidator.poc/com.trainingvalidator.poc.ui.auth.SplashActivity} numActivities=3 lastActiveTime=401755372 supportsMultiWindow=true resizeMode=1 isResizeable=true minWidth=-1 minHeight=-1 maxWidth=-1 maxHeight=-1 defaultMinSize=220 token=WCT{android.window.IWindowContainerToken$Stub$Proxy@93560b2} topActivityType=1 pictureInPictureParams=null shouldDockBigOverlays=false launchIntoPipHostTaskId=-1 lastParentTaskIdBeforePip=-1 displayCutoutSafeInsets=Rect(0, 45 - 0, 0) topActivityInfo=ActivityInfo{adc9803 com.trainingvalidator.poc.ui.TrainingActivity} launchCookies=[] positionInParent=Point(0, 0) parentTaskId=-1 isFocused=true isVisible=true isVisibleRequested=true isSleeping=false topActivityInSizeCompat=false topActivityEligibleForLetterboxEducation= false topActivityLetterboxed= false isFromDoubleTap= false topActivityLetterboxVerticalPosition= -1 topActivityLetterboxHorizontalPosition= -1 topActivityLetterboxWidth=-1 topActivityLetterboxHeight=-1 locusId=null displayAreaFeatureId=1 cameraCompatControlState=hidden originallySupportedMultiWindow=true hasWallpaper=false topActivityInFixedAspectRatio=false rootAffinity=10346:com.trainingvalidator.poc topActivityInDisplayCompat=false topActivityInBoundsCompat=false topActivityBounds=null singleTapFromLetterbox=false isTopTaskInStage=false topActivityUiMode=33 CoverLauncherWidgetTask=false CoverScreenTask=false isAllowedSeamlessRotation=false isTopTransparentActivity=false hasPopOver=false}, remoteTransition = null, displayChange = null }
2026-02-07 16:56:52.324 26733-26733 AnimatorSet             com.trainingvalidator.poc            D  mReversing is false. Don't call initChildren.
2026-02-07 16:56:52.326 26733-26938 gralloc4                com.trainingvalidator.poc            I  @set_metadata: update dataspace from GM (0x00000000 -> 0x08010000)
2026-02-07 16:56:52.328  1511-1560  SGM:FgCheckThread       system_server                        D  notePauseComponent(), received pkgName: com.trainingvalidator.poc, userId: 0
2026-02-07 16:56:52.329  1511-2166  WindowManager           system_server                        V  Collecting in transition 4858: ActivityRecord{f06ec03 u0 com.trainingvalidator.poc/.ui.TrainingActivity t4208}, caller=com.android.server.wm.Transition.collect:761 com.android.server.wm.TransitionController.collect:935 com.android.server.wm.ActivityRecord.setVisibility:6387 com.android.server.wm.ActivityRecord.setVisibility:6339 com.android.server.wm.ActivityRecord.makeVisibleIfNeeded:7141 
2026-02-07 16:56:52.329  1511-2166  WindowManager           system_server                        V  Collecting in transition 4858: ActivityRecord{ddc9c91 u0 com.trainingvalidator.poc/.ui.PreWorkoutActivity t4208}, caller=com.android.server.wm.Transition.collect:761 com.android.server.wm.TransitionController.collect:935 com.android.server.wm.ActivityRecord.setVisibility:6387 com.android.server.wm.ActivityRecord.setVisibility:6339 com.android.server.wm.ActivityRecord.makeInvisible:7176 
2026-02-07 16:56:52.329  1511-2166  WindowManager           system_server                        D  prepareSync <SYNC_STATE_WAITING_FOR_DRAW>, mPrepareSyncSeqId=0, win=Window{f42faeb u0 com.trainingvalidator.poc/com.trainingvalidator.poc.ui.PreWorkoutActivity}
2026-02-07 16:56:52.329  1511-2166  WindowManager           system_server                        D  VisibleRequested updated, r=ActivityRecord{ddc9c91 u0 com.trainingvalidator.poc/.ui.PreWorkoutActivity t4208}
2026-02-07 16:56:52.329  1511-2166  WindowManager           system_server                        D  rotationForOrientation, orientationSource=ActivityRecord{f06ec03 u0 com.trainingvalidator.poc/.ui.TrainingActivity t4208}
2026-02-07 16:56:52.329  1511-2166  WindowManager           system_server                        V  Collecting in transition 4858: ActivityRecord{f06ec03 u0 com.trainingvalidator.poc/.ui.TrainingActivity t4208}, caller=com.android.server.wm.Transition.collect:761 com.android.server.wm.TransitionController.collect:935 com.android.server.wm.ActivityRecord.setVisibility:6387 com.android.server.wm.ActivityRecord.setVisibility:6339 com.android.server.wm.ActivityTaskSupervisor.realStartActivityLocked:941 
2026-02-07 16:56:52.330  1511-2166  SGM:PkgDataHelper       system_server                        D  notifyAppCreate(), pkgName: com.trainingvalidator.poc, userId: 0, sendRet: true
2026-02-07 16:56:52.330  1511-1730  SGM:FgCheckThread       system_server                        D  onLooperPrepared(), msg: MSG_APP_CREATE, pkgName: com.trainingvalidator.poc, userId: 0
2026-02-07 16:56:52.330  1511-2166  InputDispatcher         system_server                        D  Focused application(0): ActivityRecord{f06ec03 u0 com.trainingvalidator.poc/.ui.TrainingActivity t4208}
2026-02-07 16:56:52.331  1511-2166  WindowManager           system_server                        V  Changing focus from Window{f42faeb u0 com.trainingvalidator.poc/com.trainingvalidator.poc.ui.PreWorkoutActivity} to null displayId=0 Callers=com.android.server.wm.RootWindowContainer.updateFocusedWindowLocked:578 com.android.server.wm.WindowManagerService.updateFocusedWindowLocked:6833 com.android.server.wm.ActivityTaskManagerService.setLastResumedActivityUncheckLocked:6118 com.android.server.wm.ActivityTaskSupervisor.updateTopResumedActivityIfNeeded:2847 
2026-02-07 16:56:52.332  1511-2166  ActivityTaskManager     system_server                        D  scheduleTopResumedActivityChanged, onTop=true, r=ActivityRecord{f06ec03 u0 com.trainingvalidator.poc/.ui.TrainingActivity t4208}, caller=com.android.server.wm.ActivityTaskSupervisor.scheduleTopResumedActivityStateIfNeeded:2857 com.android.server.wm.ActivityTaskSupervisor.updateTopResumedActivityIfNeeded:2849 com.android.server.wm.TaskFragment.setResumedActivity:579 com.android.server.wm.TaskFragment.onActivityStateChanged:903 com.android.server.wm.ActivityRecord.setState:6850 com.android.server.wm.Task.minimalResumeActivityLocked:6192 
2026-02-07 16:56:52.332  1511-2166  WindowManager           system_server                        V  Collecting in transition 4858: ActivityRecord{f06ec03 u0 com.trainingvalidator.poc/.ui.TrainingActivity t4208}, caller=com.android.server.wm.Transition.collect:761 com.android.server.wm.TransitionController.collect:935 com.android.server.wm.ActivityRecord.setVisibility:6387 com.android.server.wm.ActivityRecord.setVisibility:6339 com.android.server.wm.ActivityRecord.completeResumeLocked:7434 
2026-02-07 16:56:52.332  1511-2166  WindowManagerServiceExt system_server                        D  notifyOccludeChangeNotice: cn=ComponentInfo{com.trainingvalidator.poc/com.trainingvalidator.poc.ui.TrainingActivity} occludesParent=true isInSplitScreenMode=false styleFloating=false caller=com.android.server.wm.ActivityRecord.completeResumeLocked:7491 com.android.server.wm.Task.minimalResumeActivityLocked:6193 com.android.server.wm.ActivityTaskSupervisor.realStartActivityLocked:1158 com.android.server.wm.ActivityTaskSupervisor.startSpecificActivity:1267 com.android.server.wm.TaskFragment.resumeTopActivity:1885 
2026-02-07 16:56:52.334  1511-2166  WindowManager           system_server                        D  SyncGroup 4858:  Unfinished container: ActivityRecord{f06ec03 u0 com.trainingvalidator.poc/.ui.TrainingActivity t4208} mSyncState=2
2026-02-07 16:56:52.337  1511-1560  SGM:FgCheckThread       system_server                        D  noteResumeComponent(), received pkgName: com.trainingvalidator.poc, userId: 0
2026-02-07 16:56:52.338  1511-1730  SGM:FgCheckThread       system_server                        D  onLooperPrepared(), msg: MSG_APP_RESUME, pkgName: com.trainingvalidator.poc, userid: 0
2026-02-07 16:56:52.338  1511-1730  SGM:FgCheckThread       system_server                        D    handleResume(). pkgName: com.trainingvalidator.poc, userId: 0, isTunableApp: null
2026-02-07 16:56:52.338  1511-1730  SGM:FgCheckThread       system_server                        D  notifyFocusInOut(). of pkg: com.trainingvalidator.poc, type: 4, isTunableApp: false, userId: 0
2026-02-07 16:56:52.340  1511-1560  GameSDK@LifeCycle       system_server                        I  noteResumeComponent(): package name  : com.trainingvalidator.poc
2026-02-07 16:56:52.341 26733-26938 gralloc4                com.trainingvalidator.poc            I  @set_metadata: update dataspace from GM (0x00000000 -> 0x08010000)
2026-02-07 16:56:52.349  1015-1015  SurfaceFlinger          surfaceflinger                       I  [f42faeb com.trainingvalidator.poc/com.trainingvalidator.poc.ui.PreWorkoutActivity#69737] FrameRatePriority: -1
2026-02-07 16:56:52.351  1015-1015  Layer                   surfaceflinger                       D  Focus: ActivityRecord{afdaec1 u0 com.trainingvalidator.poc/.ui.main.MainContainerActivity t4208}#69716 isHiddenByPolicy s.flags&layer_state_t::eLayerHidden=1
2026-02-07 16:56:52.351  1015-1015  Layer                   surfaceflinger                       D  Focus: isHiddenByPolicy parent ActivityRecord{afdaec1 u0 com.trainingvalidator.poc/.ui.main.MainContainerActivity t4208}#69716 is hidden cause not visible
2026-02-07 16:56:52.352  1511-5423  InputDispatcher         system_server                        D  Focus left window (0): f42faeb com.trainingvalidator.poc/com.trainingvalidator.poc.ui.PreWorkoutActivity
2026-02-07 16:56:52.357 26733-26938 gralloc4                com.trainingvalidator.poc            I  @set_metadata: update dataspace from GM (0x00000000 -> 0x08010000)
2026-02-07 16:56:52.374 26733-26938 gralloc4                com.trainingvalidator.poc            I  @set_metadata: update dataspace from GM (0x00000000 -> 0x08010000)
2026-02-07 16:56:52.379 26733-26733 SettingsManager         com.trainingvalidator.poc            D  Settings loaded successfully: v2.0.0
2026-02-07 16:56:52.379 26733-26733 SettingsManager         com.trainingvalidator.poc            D    Hysteresis: 5.0°
2026-02-07 16:56:52.380 26733-26733 SettingsManager         com.trainingvalidator.poc            D    Boundary Buffer: 3.0°
2026-02-07 16:56:52.380 26733-26733 SettingsManager         com.trainingvalidator.poc            D    Smoothing Window: 3
2026-02-07 16:56:52.380 26733-26733 SettingsManager         com.trainingvalidator.poc            D    Smoothing Settings:
2026-02-07 16:56:52.380 26733-26733 SettingsManager         com.trainingvalidator.poc            D      Preset: custom
2026-02-07 16:56:52.380 26733-26733 SettingsManager         com.trainingvalidator.poc            D      Use Legacy EMA: false
2026-02-07 16:56:52.380 26733-26733 SettingsManager         com.trainingvalidator.poc            D      MinCutoff: 3.0
2026-02-07 16:56:52.380 26733-26733 SettingsManager         com.trainingvalidator.poc            D      Beta: 0.05
2026-02-07 16:56:52.380 26733-26733 SettingsManager         com.trainingvalidator.poc            D      Legacy Alpha: 1.0
2026-02-07 16:56:52.381 26733-26733 LandmarkSmoother        com.trainingvalidator.poc            D  Creating smoother from settings:
2026-02-07 16:56:52.381 26733-26733 LandmarkSmoother        com.trainingvalidator.poc            D    Preset: custom
2026-02-07 16:56:52.381 26733-26733 LandmarkSmoother        com.trainingvalidator.poc            D    Use Legacy EMA: false
2026-02-07 16:56:52.381 26733-26733 LandmarkSmoother        com.trainingvalidator.poc            D    One Euro Filter - minCutoff: 3.0, beta: 0.05
2026-02-07 16:56:52.381 26733-26733 TrainingActivity        com.trainingvalidator.poc            I  Smoothing: One Euro (minCutoff=3.0, beta=0.05)
2026-02-07 16:56:52.385 26733-26733 DecorView               com.trainingvalidator.poc            I  setWindowBackground: isPopOver=false color=ff000000 d=android.graphics.drawable.ColorDrawable@9cc4a35
2026-02-07 16:56:52.392 26733-26938 gralloc4                com.trainingvalidator.poc            I  @set_metadata: update dataspace from GM (0x00000000 -> 0x08010000)
2026-02-07 16:56:52.408 26733-26938 gralloc4                com.trainingvalidator.poc            I  @set_metadata: update dataspace from GM (0x00000000 -> 0x08010000)
2026-02-07 16:56:52.426 26733-26938 gralloc4                com.trainingvalidator.poc            I  @set_metadata: update dataspace from GM (0x00000000 -> 0x08010000)
2026-02-07 16:56:52.442 26733-26938 gralloc4                com.trainingvalidator.poc            I  @set_metadata: update dataspace from GM (0x00000000 -> 0x08010000)
2026-02-07 16:56:52.457 26733-26938 gralloc4                com.trainingvalidator.poc            I  @set_metadata: update dataspace from GM (0x00000000 -> 0x08010000)
2026-02-07 16:56:52.474 26733-26938 gralloc4                com.trainingvalidator.poc            I  @set_metadata: update dataspace from GM (0x00000000 -> 0x08010000)
2026-02-07 16:56:52.490 26733-26938 gralloc4                com.trainingvalidator.poc            I  @set_metadata: update dataspace from GM (0x00000000 -> 0x08010000)
2026-02-07 16:56:52.506 26733-26938 gralloc4                com.trainingvalidator.poc            I  @set_metadata: update dataspace from GM (0x00000000 -> 0x08010000)
2026-02-07 16:56:52.523 26733-26938 gralloc4                com.trainingvalidator.poc            I  @set_metadata: update dataspace from GM (0x00000000 -> 0x08010000)
2026-02-07 16:56:52.530 26733-26733 TrainingActivity        com.trainingvalidator.poc            D  ExerciseRepository initialized successfully
2026-02-07 16:56:52.530 26733-27537 WorkoutRepository       com.trainingvalidator.poc            D  Loaded 6 workouts from cache
2026-02-07 16:56:52.530 26733-26733 TrainingActivity        com.trainingvalidator.poc            D  WorkoutRepository initialized successfully
2026-02-07 16:56:52.541 26733-26938 gralloc4                com.trainingvalidator.poc            I  @set_metadata: update dataspace from GM (0x00000000 -> 0x08010000)
2026-02-07 16:56:52.543 26733-26733 TrainingViewModel       com.trainingvalidator.poc            D  Loaded exercise from repository: forearm_rest
2026-02-07 16:56:52.552 26733-26733 PhaseStateMachine       com.trainingvalidator.poc            D  PhaseStateMachine initialized (STATE-BASED):
2026-02-07 16:56:52.552 26733-26733 PhaseStateMachine       com.trainingvalidator.poc            D    Method: UP_DOWN
2026-02-07 16:56:52.552 26733-26733 PhaseStateMachine       com.trainingvalidator.poc            D    upRange: 135.0 - 180.0
2026-02-07 16:56:52.552 26733-26733 PhaseStateMachine       com.trainingvalidator.poc            D    downRange: 0.0 - 100.0
2026-02-07 16:56:52.552 26733-26733 PhaseStateMachine       com.trainingvalidator.poc            D    Transition Zone: 100.0 - 135.0
2026-02-07 16:56:52.552 26733-26733 PhaseStateMachine       com.trainingvalidator.poc            D    Settings (configurable):
2026-02-07 16:56:52.552 26733-26733 PhaseStateMachine       com.trainingvalidator.poc            D      Hysteresis: 5.0°
2026-02-07 16:56:52.553 26733-26733 PhaseStateMachine       com.trainingvalidator.poc            D      Min Rep Interval: 1200ms
2026-02-07 16:56:52.553 26733-26733 PhaseStateMachine       com.trainingvalidator.poc            D      Min Phase Duration: 300ms
2026-02-07 16:56:52.555 26733-26938 gralloc4                com.trainingvalidator.poc            I  @set_metadata: update dataspace from GM (0x00000000 -> 0x08010000)
2026-02-07 16:56:52.557 26733-26733 TrainingEngine          com.trainingvalidator.poc            D  TrainingEngine initialized (STATE-BASED)
2026-02-07 16:56:52.557 26733-26733 TrainingEngine          com.trainingvalidator.poc            D  Exercise: Bicep Curl
2026-02-07 16:56:52.557 26733-26733 TrainingEngine          com.trainingvalidator.poc            D  Counting Method: UP_DOWN
2026-02-07 16:56:52.557 26733-26733 TrainingEngine          com.trainingvalidator.poc            D  Target Reps: 12
2026-02-07 16:56:52.557 26733-26733 TrainingEngine          com.trainingvalidator.poc            D  Tracked Joints: [right_elbow, right_shoulder]
2026-02-07 16:56:52.557 26733-26733 TrainingEngine          com.trainingvalidator.poc            D  Primary Joints: [right_elbow]
2026-02-07 16:56:52.560 26733-26733 TrainingViewModel       com.trainingvalidator.poc            D  MotionRecorder created for forearm_rest, weight: null kg
2026-02-07 16:56:52.560 26733-26733 SessionSupervisor       com.trainingvalidator.poc            D  State: IDLE → SETUP_POSE
2026-02-07 16:56:52.562 26733-26733 SessionSupervisor       com.trainingvalidator.poc            D  Exercise loaded - showing setup pose
2026-02-07 16:56:52.562 26733-26733 TrainingViewModel       com.trainingvalidator.poc            D  Loaded exercise: Bicep Curl
2026-02-07 16:56:52.571 26733-26733 FeedbackManager         com.trainingvalidator.poc            D  Mode changed: CAMERA
2026-02-07 16:56:52.572 26733-26938 gralloc4                com.trainingvalidator.poc            I  @set_metadata: update dataspace from GM (0x00000000 -> 0x08010000)
2026-02-07 16:56:52.590 26733-26938 gralloc4                com.trainingvalidator.poc            I  @set_metadata: update dataspace from GM (0x00000000 -> 0x08010000)
2026-02-07 16:56:52.599 26733-26733 TextToSpeech            com.trainingvalidator.poc            I  Sucessfully bound to com.samsung.SMT
2026-02-07 16:56:52.599 26733-26733 FeedbackManager         com.trainingvalidator.poc            D  Initialized with AudioFeedbackPlayer (cached audio support)
2026-02-07 16:56:52.599 26733-26733 TrainingViewModel       com.trainingvalidator.poc            D  Feedback initialized with audio cache support
2026-02-07 16:56:52.599 26733-26733 FeedbackManager         com.trainingvalidator.poc            D  Random messages set: 3 motivational, 4 tips
2026-02-07 16:56:52.604 26733-26733 FrameCaptureManager     com.trainingvalidator.poc            D  FrameCaptureManager initialized: /data/user/0/com.trainingvalidator.poc/files/frame_captures/8ca5dd18-63e8-4bed-9216-6d53ec56bc65
2026-02-07 16:56:52.606 26733-26733 ReportStorage           com.trainingvalidator.poc            D  Created storage directory: /data/user/0/com.trainingvalidator.poc/files/training_reports
2026-02-07 16:56:52.651 26733-27537 AnalyticsStorage        com.trainingvalidator.poc            D  Analytics storage initialized: /data/user/0/com.trainingvalidator.poc/files/analytics/pending
2026-02-07 16:56:52.707  1511-4982  ActivityTaskManager     system_server                        D  TaskLaunchParamsModifier:task=Task{aaf3793 #4208 type=standard A=10346:com.trainingvalidator.poc} activity=ActivityRecord{919f846 u0 com.google.android.permissioncontroller/com.android.permissioncontroller.permission.ui.GrantPermissionsActivity t-1} display-area-from-source=DefaultTaskDisplayArea_d0@137624229 display-id=0 task-display-area-windowing-mode=1 suggested-display-area=DefaultTaskDisplayArea_d0@137624229 inherit-from-source=fullscreen non-freeform-task-display-area display-area=DefaultTaskDisplayArea_d0@137624229 activity-requested-portrait freeform-size-mismatch=Rect(54, 408 - 666, 1208)
2026-02-07 16:56:52.716  1511-4982  ActivityTaskManager     system_server                        D  scheduleTopResumedActivityChanged, onTop=false, r=ActivityRecord{f06ec03 u0 com.trainingvalidator.poc/.ui.TrainingActivity t4208}, caller=com.android.server.wm.ActivityTaskSupervisor.updateTopResumedActivityIfNeeded:2826 com.android.server.wm.TaskFragment.setResumedActivity:579 com.android.server.wm.TaskFragment.onActivityStateChanged:888 com.android.server.wm.ActivityRecord.setState:6850 com.android.server.wm.TaskFragment.startPausing:2004 com.android.server.wm.TaskFragment.startPausing:1948 
2026-02-07 16:56:52.725  1015-2114  SurfaceFlinger          surfaceflinger                       D  [SF client] NEW(0xe9415e50) for (26733:com.trainingvalidator.poc)
2026-02-07 16:56:52.728 26733-26938 NativeCust...ncyManager com.trainingvalidator.poc            D  [NativeCFMS] BpCustomFrequencyManager::BpCustomFrequencyManager()
2026-02-07 16:56:52.729 26733-26733 InsetsController        com.trainingvalidator.poc            I  setRequestedVisibleTypes: visible=false, mask=statusBars navigationBars captionBar systemOverlays, host=com.trainingvalidator.poc/com.trainingvalidator.poc.ui.TrainingActivity, from=android.view.InsetsController.controlAnimationUnchecked:1445 android.view.InsetsController.applyAnimation:2005 android.view.InsetsController.applyAnimation:1968 android.view.InsetsController.hide:1403 android.view.InsetsController.hide:1342 android.view.PendingInsetsController$HideRequest.replay:259 android.view.PendingInsetsController.replayAndAttach:176 android.view.ViewRootImpl.setView:1700 android.view.WindowManagerGlobal.addView:580 android.view.WindowManagerImpl.addView:150 
2026-02-07 16:56:52.734  1511-2166  WindowManager           system_server                        D  prepareSync <SYNC_STATE_WAITING_FOR_DRAW>, mPrepareSyncSeqId=0, win=Window{cb46fa3 u0 com.trainingvalidator.poc/com.trainingvalidator.poc.ui.TrainingActivity}
2026-02-07 16:56:52.734  1015-2114  BufferQueueDebug        surfaceflinger                       E  [cb46fa3 com.trainingvalidator.poc/com.trainingvalidator.poc.ui.TrainingActivity#69753](this:0xe3e820b8,id:-1,api:0,p:-1,c:-1) id info cannot be read from 'cb46fa3 com.trainingvalidator.poc/com.trainingvalidator.poc.ui.TrainingActivity#69753'
2026-02-07 16:56:52.734  1015-2114  BufferQueueDebug        surfaceflinger                       I  [cb46fa3 com.trainingvalidator.poc/com.trainingvalidator.poc.ui.TrainingActivity#69753](this:0xe3e820b8,id:-1,api:0,p:-1,c:-1) BufferQueue core=(1015:/system/bin/surfaceflinger)
2026-02-07 16:56:52.735  1015-2114  SurfaceFlinger          surfaceflinger                       I  id=69753 createSurf, flag=84004, cb46fa3 com.trainingvalidator.poc/com.trainingvalidator.poc.ui.TrainingActivity#69753
2026-02-07 16:56:52.737 26733-26733 InsetsController        com.trainingvalidator.poc            I  onStateChanged: host=com.trainingvalidator.poc/com.trainingvalidator.poc.ui.TrainingActivity, from=android.view.ViewRootImpl.setView:1753, state=InsetsState: {mDisplayFrame=Rect(0, 0 - 720, 1600), mDisplayCutout=DisplayCutout{insets=Rect(0, 45 - 0, 0) waterfall=Insets{left=0, top=0, right=0, bottom=0} boundingRect={Bounds=[Rect(0, 0 - 0, 0), Rect(272, 0 - 448, 45), Rect(0, 0 - 0, 0), Rect(0, 0 - 0, 0)]} cutoutPathParserInfo={CutoutPathParserInfo{displayWidth=720 displayHeight=1600 physicalDisplayWidth=720 physicalDisplayHeight=1600 density={1.875} cutoutSpec={M 0,0 H -88 V 45 H 88 V 0 H 0 Z} rotation={0} scale={1.0} physicalPixelDisplaySizeRatio={1.0}}}}, mRoundedCorners=RoundedCorners{[RoundedCorner{position=TopLeft, radius=0, center=Point(0, 0)}, RoundedCorner{position=TopRight, radius=0, center=Point(0, 0)}, RoundedCorner{position=BottomRight, radius=0, center=Point(0, 0)}, RoundedCorner{position=BottomLeft, radius=0, center=Point(0, 0)}]}  mRoundedCornerFrame=Rect(0, 0 - 720, 1600), mPrivacyIndicatorBounds=PrivacyIndicatorBounds {static bounds=Rect(637, 0 - 720, 45) rotation=0}, mDisplayShape=DisplayShape{ spec=-311912193 displayWidth=720 displayHeight=1600 physicalPixelDisplaySizeRatio=1.0 rotation=0 offsetX=0 offsetY=0 scale=1.0}, mSources= { InsetsSource: {8ac20000 mType=statusBars mFrame=[0,0][720,45] mVisible=true mFlags=[]}, InsetsSource: {8ac20005 mType=mandatorySystemGestures mFrame=[0,0][720,68] mVisible=true mFlags=[]}, InsetsSource: {8ac20006 mType=tappableElement mFrame=[0,0][720,45] mVisible=true mFlags=[]}, InsetsSource: {9be30001 mType=navigationBars mFrame=[0,1572][720,1600] mVisible=true mFlags=[SUPPRESS_SCRIM]}, InsetsSource: {9be30004 mType=systemGestures mFrame=[0,0][56,1600] mVisible=true mFlags=[]}, InsetsSource: {9be30005 mType=mandatorySystemGestures mFrame=[0,1540][720,1600] mVisible=true mFlags=[]}, InsetsSource: {9be30006 mType=tappableElement mFrame=[0,0][0,0] mVisible=true mFlags=[]}, InsetsSource: {9be30024 mType=systemGestures mFrame=[664,0][720,1600] mVisible=true mFlags=[]}, InsetsSource: {27 mType=displayCutout mFrame=[0,0][720,45] mVisible=true mFlags=[]} }
2026-02-07 16:56:52.738 26733-26733 ViewRootIm...gActivity] com.trainingvalidator.poc            I  synced displayState. AttachInfo displayState=2
2026-02-07 16:56:52.738 26733-26733 ViewRootIm...gActivity] com.trainingvalidator.poc            I  setView = com.android.internal.policy.DecorView@3206ff7 TM=true
2026-02-07 16:56:52.745 26733-26733 AnimatorSet             com.trainingvalidator.poc            D  mReversing is false. Don't call initChildren.
2026-02-07 16:56:52.749  1511-4982  CoreBackPreview         system_server                        D  Window{cb46fa3 u0 com.trainingvalidator.poc/com.trainingvalidator.poc.ui.TrainingActivity}: Setting back callback OnBackInvokedCallbackInfo{mCallback=android.window.IOnBackInvokedCallback$Stub$Proxy@8a41715, mPriority=0, mIsAnimationCallback=false}
2026-02-07 16:56:52.777  1511-4982  WindowManager           system_server                        V  Relayout Window{cb46fa3 u0 com.trainingvalidator.poc/com.trainingvalidator.poc.ui.TrainingActivity}: viewVisibility=0 req=720x1555 ty=1 d0
2026-02-07 16:56:52.778  1015-2114  BufferQueueDebug        surfaceflinger                       E  [com.trainingvalidator.poc/com.trainingvalidator.poc.ui.TrainingActivity$_26733#69754](this:0xe3c9c0b8,id:-1,api:0,p:-1,c:-1) id info cannot be read from 'com.trainingvalidator.poc/com.trainingvalidator.poc.ui.TrainingActivity$_26733#69754'
2026-02-07 16:56:52.778  1015-2114  BufferQueueDebug        surfaceflinger                       I  [com.trainingvalidator.poc/com.trainingvalidator.poc.ui.TrainingActivity$_26733#69754](this:0xe3c9c0b8,id:-1,api:0,p:-1,c:-1) BufferQueue core=(1015:/system/bin/surfaceflinger)
2026-02-07 16:56:52.779  1015-2114  SurfaceFlinger          surfaceflinger                       I  id=69754 createSurf, flag=44004, com.trainingvalidator.poc/com.trainingvalidator.poc.ui.TrainingActivity$_26733#69754
2026-02-07 16:56:52.780  1511-4982  WindowManager           system_server                        D  makeSurface duration=2 name=com.trainingvalidator.poc/com.trainingvalidator.poc.ui.TrainingActivity$_26733
2026-02-07 16:56:52.783  1511-4982  WindowManager           system_server                        V  Changing focus from null to Window{cb46fa3 u0 com.trainingvalidator.poc/com.trainingvalidator.poc.ui.TrainingActivity} displayId=0 Callers=com.android.server.wm.RootWindowContainer.updateFocusedWindowLocked:578 com.android.server.wm.WindowManagerService.updateFocusedWindowLocked:6833 com.android.server.wm.WindowManagerService.relayoutWindow:2755 com.android.server.wm.Session.relayout:282 
2026-02-07 16:56:52.785  1511-4982  InsetsSourceProvider    system_server                        D  updateControlForTarget: control=InsetsSourceControl: {9be30001 mType=navigationBars initiallyVisible mSurfacePosition=Point(0, 1510) mInsetsHint=Insets{left=0, top=0, right=0, bottom=28}}, target=Window{cb46fa3 u0 com.trainingvalidator.poc/com.trainingvalidator.poc.ui.TrainingActivity}, from=com.android.server.wm.InsetsStateController.onControlTargetChanged:358 com.android.server.wm.InsetsStateController.onBarControlTargetChanged:327 com.android.server.wm.InsetsPolicy.updateBarControlTarget:173 com.android.server.wm.InsetsPolicy.updateSystemBars:805 com.android.server.wm.DisplayPolicy.updateSystemBarsLw:3432 
2026-02-07 16:56:52.787  1511-4982  InsetsSourceProvider    system_server                        D  updateControlForTarget: control=InsetsSourceControl: {8ac20000 mType=statusBars initiallyVisible mSurfacePosition=Point(0, 0) mInsetsHint=Insets{left=0, top=45, right=0, bottom=0}}, target=Window{cb46fa3 u0 com.trainingvalidator.poc/com.trainingvalidator.poc.ui.TrainingActivity}, from=com.android.server.wm.InsetsStateController.onControlTargetChanged:358 com.android.server.wm.InsetsStateController.onBarControlTargetChanged:324 com.android.server.wm.InsetsPolicy.updateBarControlTarget:173 com.android.server.wm.InsetsPolicy.updateSystemBars:805 com.android.server.wm.DisplayPolicy.updateSystemBarsLw:3432 
2026-02-07 16:56:52.788  1511-4982  WindowManager           system_server                        D  updateSystemBarAttributes: displayId=0, win=Window{cb46fa3 u0 com.trainingvalidator.poc/com.trainingvalidator.poc.ui.TrainingActivity}, navColorWin=Window{f42faeb u0 com.trainingvalidator.poc/com.trainingvalidator.poc.ui.PreWorkoutActivity}, focusedCanBeNavColorWin=false, behavior=2, appearance=0, statusBarAppearanceRegions=[AppearanceRegion{ bounds=[0,0][720,1600]}], requestedVisibilities=-528, from=com.android.server.wm.DisplayPolicy.focusChangedLw:2954 com.android.server.wm.DisplayContent.updateFocusedWindowLocked:4894 com.android.server.wm.RootWindowContainer.updateFocusedWindowLocked:578 
2026-02-07 16:56:52.792 26733-26733 InsetsController        com.trainingvalidator.poc            I  onStateChanged: host=com.trainingvalidator.poc/com.trainingvalidator.poc.ui.TrainingActivity, from=android.view.ViewRootImpl.relayoutWindow:10072, state=InsetsState: {mDisplayFrame=Rect(0, 0 - 720, 1600), mDisplayCutout=DisplayCutout{insets=Rect(0, 45 - 0, 0) waterfall=Insets{left=0, top=0, right=0, bottom=0} boundingRect={Bounds=[Rect(0, 0 - 0, 0), Rect(272, 0 - 448, 45), Rect(0, 0 - 0, 0), Rect(0, 0 - 0, 0)]} cutoutPathParserInfo={CutoutPathParserInfo{displayWidth=720 displayHeight=1600 physicalDisplayWidth=720 physicalDisplayHeight=1600 density={1.875} cutoutSpec={M 0,0 H -88 V 45 H 88 V 0 H 0 Z} rotation={0} scale={1.0} physicalPixelDisplaySizeRatio={1.0}}}}, mRoundedCorners=RoundedCorners{[RoundedCorner{position=TopLeft, radius=0, center=Point(0, 0)}, RoundedCorner{position=TopRight, radius=0, center=Point(0, 0)}, RoundedCorner{position=BottomRight, radius=0, center=Point(0, 0)}, RoundedCorner{position=BottomLeft, radius=0, center=Point(0, 0)}]}  mRoundedCornerFrame=Rect(0, 0 - 720, 1600), mPrivacyIndicatorBounds=PrivacyIndicatorBounds {static bounds=Rect(637, 0 - 720, 45) rotation=0}, mDisplayShape=DisplayShape{ spec=-311912193 displayWidth=720 displayHeight=1600 physicalPixelDisplaySizeRatio=1.0 rotation=0 offsetX=0 offsetY=0 scale=1.0}, mSources= { InsetsSource: {8ac20000 mType=statusBars mFrame=[0,0][720,45] mVisible=true mFlags=[]}, InsetsSource: {8ac20005 mType=mandatorySystemGestures mFrame=[0,0][720,68] mVisible=true mFlags=[]}, InsetsSource: {8ac20006 mType=tappableElement mFrame=[0,0][720,45] mVisible=true mFlags=[]}, InsetsSource: {9be30001 mType=navigationBars mFrame=[0,1572][720,1600] mVisible=true mFlags=[SUPPRESS_SCRIM]}, InsetsSource: {9be30004 mType=systemGestures mFrame=[0,0][56,1600] mVisible=true mFlags=[]}, InsetsSource: {9be30005 mType=mandatorySystemGestures mFrame=[0,1540][720,1600] mVisible=true mFlags=[]}, InsetsSource: {9be30006 mType=tappableElement mFrame=[0,0][0,0] mVisible=true mFlags=[]}, InsetsSource: {9be30024 mType=systemGestures mFrame=[664,0][720,1600] mVisible=true mFlags=[]}, InsetsSource: {3 mType=ime mFrame=[0,0][0,0] mVisible=false mFlags=[]}, InsetsSource: {27 mType=displayCutout mFrame=[0,0][720,45] mVisible=true mFlags=[]} }
2026-02-07 16:56:52.793 26733-26733 BufferQueueConsumer     com.trainingvalidator.poc            D  [](id:686d00000009,api:0,p:-1,c:26733) connect: controlledByApp=false
2026-02-07 16:56:52.794 26733-26733 BLASTBufferQueue_Java   com.trainingvalidator.poc            I  new BLASTBufferQueue, mName= ViewRootImpl@537ceb8[TrainingActivity] mNativeObject= 0xdbbc8380 sc.mNativeObject= 0xdc438260 caller= android.view.ViewRootImpl.updateBlastSurfaceIfNeeded:3028 android.view.ViewRootImpl.relayoutWindow:10131 android.view.ViewRootImpl.performTraversals:4110 android.view.ViewRootImpl.doTraversal:3288 android.view.ViewRootImpl$TraversalRunnable.run:11344 android.view.Choreographer$CallbackRecord.run:1689 android.view.Choreographer$CallbackRecord.run:1698 android.view.Choreographer.doCallbacks:1153 android.view.Choreographer.doFrame:1079 android.view.Choreographer$FrameDisplayEventReceiver.run:1646 
2026-02-07 16:56:52.794 26733-26733 BLASTBufferQueue_Java   com.trainingvalidator.poc            I  update, w= 720 h= 1555 mName = ViewRootImpl@537ceb8[TrainingActivity] mNativeObject= 0xdbbc8380 sc.mNativeObject= 0xdc438260 format= -1 caller= android.graphics.BLASTBufferQueue.<init>:89 android.view.ViewRootImpl.updateBlastSurfaceIfNeeded:3028 android.view.ViewRootImpl.relayoutWindow:10131 android.view.ViewRootImpl.performTraversals:4110 android.view.ViewRootImpl.doTraversal:3288 android.view.ViewRootImpl$TraversalRunnable.run:11344 
2026-02-07 16:56:52.795 26733-26733 ViewRootIm...gActivity] com.trainingvalidator.poc            I  Relayout returned: old=(0,45,720,1600) new=(0,45,720,1600) relayoutAsync=false req=(720,1555)0 dur=16 res=0x403 s={true 0xe3487000} ch=true seqId=0
2026-02-07 16:56:52.796 26733-26733 ViewRootIm...gActivity] com.trainingvalidator.poc            D  mThreadedRenderer.initialize() mSurface={isValid=true 0xe3487000} hwInitialized=true
2026-02-07 16:56:52.799  1511-1561  SurfaceComposerClient   system_server                        D  Transaction::apply InputWindowCommands.focusRequests timestamp=209325723537937, windowName=cb46fa3 com.trainingvalidator.poc/com.trainingvalidator.poc.ui.TrainingActivity
2026-02-07 16:56:52.802  1511-1561  InsetsSourceProvider    system_server                        D  updateVisibility: serverVisible=true, clientVisible=false, source=InsetsSource: {9be30001 mType=navigationBars mFrame=[0,1572][720,1600] mVisible=false mFlags=[SUPPRESS_SCRIM]}, controlTarget=Window{cb46fa3 u0 com.trainingvalidator.poc/com.trainingvalidator.poc.ui.TrainingActivity}, from=com.android.server.wm.InsetsSourceProvider.setClientVisible:606 com.android.server.wm.InsetsSourceProvider.updateClientVisibility:593 com.android.server.wm.InsetsStateController.onInsetsModified:275 com.android.server.wm.InsetsStateController.lambda$notifyPendingInsetsControlChanged$3:434 com.android.server.wm.InsetsStateController.$r8$lambda$8yykPRG1GyNq_J17QvL9d5xANMc:0 com.android.server.wm.InsetsStateController$$ExternalSyntheticLambda2.run:0 com.android.server.wm.WindowAnimator.executeAfterPrepareSurfacesRunnables:294 com.android.server.wm.WindowAnimator.animate:202 com.android.server.wm.WindowAnimator.lambda$new$1:99 com.android.server.wm.WindowAnimator.$r8$lambda$aHNu1uhcqxihX5NZc4McDDQPAyw:0 
2026-02-07 16:56:52.802  1511-1561  InsetsSourceProvider    system_server                        D  updateVisibility: serverVisible=true, clientVisible=false, source=InsetsSource: {8ac20000 mType=statusBars mFrame=[0,0][720,45] mVisible=false mFlags=[]}, controlTarget=Window{cb46fa3 u0 com.trainingvalidator.poc/com.trainingvalidator.poc.ui.TrainingActivity}, from=com.android.server.wm.InsetsSourceProvider.setClientVisible:606 com.android.server.wm.InsetsSourceProvider.updateClientVisibility:593 com.android.server.wm.InsetsStateController.onInsetsModified:275 com.android.server.wm.InsetsStateController.lambda$notifyPendingInsetsControlChanged$3:434 com.android.server.wm.InsetsStateController.$r8$lambda$8yykPRG1GyNq_J17QvL9d5xANMc:0 com.android.server.wm.InsetsStateController$$ExternalSyntheticLambda2.run:0 com.android.server.wm.WindowAnimator.executeAfterPrepareSurfacesRunnables:294 com.android.server.wm.WindowAnimator.animate:202 com.android.server.wm.WindowAnimator.lambda$new$1:99 com.android.server.wm.WindowAnimator.$r8$lambda$aHNu1uhcqxihX5NZc4McDDQPAyw:0 
2026-02-07 16:56:52.808 26733-26752 ViewRootIm...gActivity] com.trainingvalidator.poc            I  Resizing android.view.ViewRootImpl@6bc663a: frame = [0,45][720,1600] reportDraw = true forceLayout = false syncSeqId = -1
2026-02-07 16:56:52.809 26733-26733 ViewRootIm...gActivity] com.trainingvalidator.poc            D  reportNextDraw android.view.ViewRootImpl.performTraversals:4718 android.view.ViewRootImpl.doTraversal:3288 android.view.ViewRootImpl$TraversalRunnable.run:11344 android.view.Choreographer$CallbackRecord.run:1689 android.view.Choreographer$CallbackRecord.run:1698 
2026-02-07 16:56:52.809 26733-26733 ViewRootIm...gActivity] com.trainingvalidator.poc            I  Setup new sync=wmsSync-ViewRootImpl@537ceb8[TrainingActivity]#18
2026-02-07 16:56:52.809 26733-26733 ViewRootIm...gActivity] com.trainingvalidator.poc            I  Creating new active sync group ViewRootImpl@537ceb8[TrainingActivity]#19
2026-02-07 16:56:52.810 26733-26733 ViewRootIm...gActivity] com.trainingvalidator.poc            I  registerCallbacksForSync syncBuffer=false
2026-02-07 16:56:52.815  1015-1015  SurfaceFlinger          surfaceflinger                       I  [cb46fa3 com.trainingvalidator.poc/com.trainingvalidator.poc.ui.TrainingActivity#69753] FrameRatePriority: 1
2026-02-07 16:56:52.815  1015-1015  SurfaceFlinger          surfaceflinger                       D  Focus addInputWindowCommands timestamp=209325723537937, windowName=cb46fa3 com.trainingvalidator.poc/com.trainingvalidator.poc.ui.TrainingActivity
2026-02-07 16:56:52.816 26733-26970 ViewRootIm...gActivity] com.trainingvalidator.poc            I  Received frameDrawingCallback syncResult=0 frameNum=1.
2026-02-07 16:56:52.816 26733-26970 ViewRootIm...gActivity] com.trainingvalidator.poc            I  mWNT: t=0xda6e7ba0 mBlastBufferQueue=0xdbbc8380 fn= 1 mRenderHdrSdrRatio=1.0 caller= android.view.ViewRootImpl$8.onFrameDraw:13841 android.view.ThreadedRenderer$1.onFrameDraw:792 <bottom of call stack> 
2026-02-07 16:56:52.816  1015-1015  SurfaceFlinger          surfaceflinger                       D  Find Focus windowName=cb46fa3 com.trainingvalidator.poc/com.trainingvalidator.poc.ui.TrainingActivity, notVisible=1
2026-02-07 16:56:52.816 26733-26970 ViewRootIm...gActivity] com.trainingvalidator.poc            I  Setting up sync and frameCommitCallback
2026-02-07 16:56:52.816  1015-1015  Layer                   surfaceflinger                       D  Focus: ActivityRecord{f06ec03 u0 com.trainingvalidator.poc/.ui.TrainingActivity t4208}#69751 isHiddenByPolicy s.flags&layer_state_t::eLayerHidden=1
2026-02-07 16:56:52.816  1015-1015  Layer                   surfaceflinger                       D  Focus: isHiddenByPolicy parent ActivityRecord{f06ec03 u0 com.trainingvalidator.poc/.ui.TrainingActivity t4208}#69751 is hidden cause not visible
2026-02-07 16:56:52.817  1015-1332  SurfaceFlinger          surfaceflinger                       D  updateWinowInfo=1, setFocusedWindow timestamp=209325723537937, windowName=cb46fa3 com.trainingvalidator.poc/com.trainingvalidator.poc.ui.TrainingActivity
2026-02-07 16:56:52.818  1511-2166  InputDispatcher         system_server                        D  Focus request (0): cb46fa3 com.trainingvalidator.poc/com.trainingvalidator.poc.ui.TrainingActivity but waiting because NO_WINDOW
2026-02-07 16:56:52.826 26733-26938 BLASTBufferQueue        com.trainingvalidator.poc            D  [ViewRootImpl@537ceb8[TrainingActivity]#9](f:0,a:0) onFrameAvailable the first frame is available
2026-02-07 16:56:52.827 26733-26938 BLASTBufferQueue        com.trainingvalidator.poc            D  [ViewRootImpl@537ceb8[TrainingActivity]#9](f:0,a:1) acquireNextBufferLocked size=720x1555 mFrameNumber=1 applyTransaction=true mTimestamp=209325760853322(auto) mPendingTransactions.size=0 graphicBufferId=114817360724006 transform=0
2026-02-07 16:56:52.827 26733-26938 ViewRootIm...gActivity] com.trainingvalidator.poc            I  Received frameCommittedCallback lastAttemptedDrawFrameNum=1 didProduceBuffer=true
2026-02-07 16:56:52.828 26733-26938 OpenGLRenderer          com.trainingvalidator.poc            D  CFMS:: SetUp Pid : 26733    Tid : 26938
2026-02-07 16:56:52.828 26733-26733 ViewRootIm...gActivity] com.trainingvalidator.poc            I  reportDrawFinished seqId=0
2026-02-07 16:56:52.829  1511-4982  WindowManager           system_server                        D  finishDrawingWindow: Window{cb46fa3 u0 com.trainingvalidator.poc/com.trainingvalidator.poc.ui.TrainingActivity} mDrawState=DRAW_PENDING seqId=0
2026-02-07 16:56:52.831 26733-26938 gralloc4                com.trainingvalidator.poc            I  @set_metadata: update dataspace from GM (0x00000000 -> 0x08010000)
2026-02-07 16:56:52.846  1511-1561  PowerManagerService     system_server                        D  [api] acquire WakeLock SCREEN_BRIGHT_WAKE_LOCK        'WindowManager/displayId:0' ON_AFTER_RELEASE (uid=1000 pid=1511 ws=WorkSource{10346 com.trainingvalidator.poc} displayId=0 lock=1b6ddc0)
2026-02-07 16:56:52.855  1511-1560  SGM:FgCheckThread       system_server                        D  notePauseComponent(), received pkgName: com.trainingvalidator.poc, userId: 0
2026-02-07 16:56:52.855  1511-2166  WindowManager           system_server                        D  rotationForOrientation, orientationSource=ActivityRecord{f06ec03 u0 com.trainingvalidator.poc/.ui.TrainingActivity t4208}
2026-02-07 16:56:52.858  1511-2166  WindowManager           system_server                        V  Changing focus from Window{cb46fa3 u0 com.trainingvalidator.poc/com.trainingvalidator.poc.ui.TrainingActivity} to null displayId=0 Callers=com.android.server.wm.RootWindowContainer.updateFocusedWindowLocked:578 com.android.server.wm.WindowManagerService.updateFocusedWindowLocked:6833 com.android.server.wm.ActivityTaskManagerService.setLastResumedActivityUncheckLocked:6118 com.android.server.wm.ActivityTaskSupervisor.updateTopResumedActivityIfNeeded:2847 
2026-02-07 16:56:52.861  1511-2166  InsetsSourceProvider    system_server                        D  updateControlForTarget: control=InsetsSourceControl: {9be30001 mType=navigationBars mSurfacePosition=Point(0, 1510) mInsetsHint=Insets{left=0, top=0, right=0, bottom=28}}, target=Window{f42faeb u0 com.trainingvalidator.poc/com.trainingvalidator.poc.ui.PreWorkoutActivity}, from=com.android.server.wm.InsetsStateController.onControlTargetChanged:358 com.android.server.wm.InsetsStateController.onBarControlTargetChanged:327 com.android.server.wm.InsetsPolicy.updateBarControlTarget:173 com.android.server.wm.InsetsPolicy.updateSystemBars:805 com.android.server.wm.DisplayPolicy.updateSystemBarsLw:3432 
2026-02-07 16:56:52.863  1511-2166  InsetsSourceProvider    system_server                        D  updateControlForTarget: control=InsetsSourceControl: {8ac20000 mType=statusBars mSurfacePosition=Point(0, 0) mInsetsHint=Insets{left=0, top=45, right=0, bottom=0}}, target=Window{f42faeb u0 com.trainingvalidator.poc/com.trainingvalidator.poc.ui.PreWorkoutActivity}, from=com.android.server.wm.InsetsStateController.onControlTargetChanged:358 com.android.server.wm.InsetsStateController.onBarControlTargetChanged:324 com.android.server.wm.InsetsPolicy.updateBarControlTarget:173 com.android.server.wm.InsetsPolicy.updateSystemBars:805 com.android.server.wm.DisplayPolicy.updateSystemBarsLw:3432 
2026-02-07 16:56:52.865  1511-2166  WindowManager           system_server                        D  updateSystemBarAttributes: displayId=0, win=Window{f42faeb u0 com.trainingvalidator.poc/com.trainingvalidator.poc.ui.PreWorkoutActivity}, navColorWin=Window{f42faeb u0 com.trainingvalidator.poc/com.trainingvalidator.poc.ui.PreWorkoutActivity}, focusedCanBeNavColorWin=false, behavior=1, appearance=0, statusBarAppearanceRegions=[AppearanceRegion{ bounds=[0,0][720,1600]}], requestedVisibilities=-9, from=com.android.server.wm.DisplayPolicy.focusChangedLw:2954 com.android.server.wm.DisplayContent.updateFocusedWindowLocked:4894 com.android.server.wm.RootWindowContainer.updateFocusedWindowLocked:578 
