2026-02-07 16:57:13.297 26733-26938 gralloc4                com.trainingvalidator.poc            I  @set_metadata: update dataspace from GM (0x00000000 -> 0x08010000)
2026-02-07 16:57:13.305  1015-1015  BufferQueueProducer     surfaceflinger                       I  [com.trainingvalidator.poc/com.trainingvalidator.poc.ui.TrainingActivity$_26733#69754](this:0xe3c9c0b8,id:-1,api:0,p:-1,c:1015) queueBuffer: fps=31.56 dur=1013.78 max=67.02 min=15.53
2026-02-07 16:57:13.330 26733-26938 gralloc4                com.trainingvalidator.poc            I  @set_metadata: update dataspace from GM (0x00000000 -> 0x08010000)
2026-02-07 16:57:13.347 26733-26743 ngvalidator.poc         com.trainingvalidator.poc            I  Background concurrent copying GC freed 608KB AllocSpace bytes, 11(12MB) LOS objects, 49% free, 13MB/26MB, paused 142us,128us total 125.174ms
2026-02-07 16:57:13.361 26733-26938 gralloc4                com.trainingvalidator.poc            I  @set_metadata: update dataspace from GM (0x00000000 -> 0x08010000)
2026-02-07 16:57:13.408 26733-26938 gralloc4                com.trainingvalidator.poc            I  @set_metadata: update dataspace from GM (0x00000000 -> 0x08010000)
2026-02-07 16:57:13.414 26733-26938 gralloc4                com.trainingvalidator.poc            I  @set_metadata: update dataspace from GM (0x00000000 -> 0x08010000)
2026-02-07 16:57:13.448 26733-26938 gralloc4                com.trainingvalidator.poc            I  @set_metadata: update dataspace from GM (0x00000000 -> 0x08010000)
2026-02-07 16:57:13.500 26733-26938 gralloc4                com.trainingvalidator.poc            I  @set_metadata: update dataspace from GM (0x00000000 -> 0x08010000)
2026-02-07 16:57:13.523 26733-26733 FeedbackManager         com.trainingvalidator.poc            D  Message silenced: ممتاز! ذراعك مفرودة (repeat #0)
2026-02-07 16:57:13.562 26733-26938 gralloc4                com.trainingvalidator.poc            I  @set_metadata: update dataspace from GM (0x00000000 -> 0x08010000)
2026-02-07 16:57:13.593 26733-26938 gralloc4                com.trainingvalidator.poc            I  @set_metadata: update dataspace from GM (0x00000000 -> 0x08010000)
2026-02-07 16:57:13.664 26733-26938 gralloc4                com.trainingvalidator.poc            I  @set_metadata: update dataspace from GM (0x00000000 -> 0x08010000)
2026-02-07 16:57:13.717 26733-26938 gralloc4                com.trainingvalidator.poc            I  @set_metadata: update dataspace from GM (0x00000000 -> 0x08010000)
2026-02-07 16:57:13.782 26733-26938 gralloc4                com.trainingvalidator.poc            I  @set_metadata: update dataspace from GM (0x00000000 -> 0x08010000)
2026-02-07 16:57:13.826 26733-26938 gralloc4                com.trainingvalidator.poc            I  @set_metadata: update dataspace from GM (0x00000000 -> 0x08010000)
2026-02-07 16:57:13.880 26733-26938 gralloc4                com.trainingvalidator.poc            I  @set_metadata: update dataspace from GM (0x00000000 -> 0x08010000)
2026-02-07 16:57:13.911 26733-26743 ngvalidator.poc         com.trainingvalidator.poc            I  Background concurrent copying GC freed 626KB AllocSpace bytes, 11(12MB) LOS objects, 49% free, 13MB/26MB, paused 82us,92us total 125.528ms
2026-02-07 16:57:13.929 26733-26938 gralloc4                com.trainingvalidator.poc            I  @set_metadata: update dataspace from GM (0x00000000 -> 0x08010000)
2026-02-07 16:57:13.990 26733-26938 gralloc4                com.trainingvalidator.poc            I  @set_metadata: update dataspace from GM (0x00000000 -> 0x08010000)
2026-02-07 16:57:14.039 26733-26938 gralloc4                com.trainingvalidator.poc            I  @set_metadata: update dataspace from GM (0x00000000 -> 0x08010000)
2026-02-07 16:57:14.053  1015-1015  BufferQueueProducer     surfaceflinger                       I  [SurfaceView[com.trainingvalidator.poc/com.trainingvalidator.poc.ui.TrainingActivity]@0(BLAST)#69788](this:0xe3d9c8b8,id:-1,api:0,p:-1,c:1015) queueBuffer: fps=20.08 dur=1045.86 max=66.49 min=32.92
2026-02-07 16:57:14.087 26733-26938 gralloc4                com.trainingvalidator.poc            I  @set_metadata: update dataspace from GM (0x00000000 -> 0x08010000)
2026-02-07 16:57:14.124 26733-26938 gralloc4                com.trainingvalidator.poc            I  @set_metadata: update dataspace from GM (0x00000000 -> 0x08010000)
2026-02-07 16:57:14.152 26733-27537 PhaseStateMachine       com.trainingvalidator.poc            D  Left UP range, starting descent: 125.7270706814
2026-02-07 16:57:14.152 26733-27537 PhaseStateMachine       com.trainingvalidator.poc            D  Phase: START → DOWN
2026-02-07 16:57:14.192 26733-26938 gralloc4                com.trainingvalidator.poc            I  @set_metadata: update dataspace from GM (0x00000000 -> 0x08010000)
2026-02-07 16:57:14.224 26733-26938 gralloc4                com.trainingvalidator.poc            I  @set_metadata: update dataspace from GM (0x00000000 -> 0x08010000)
2026-02-07 16:57:14.273 26733-26938 gralloc4                com.trainingvalidator.poc            I  @set_metadata: update dataspace from GM (0x00000000 -> 0x08010000)
2026-02-07 16:57:14.288 26733-26938 gralloc4                com.trainingvalidator.poc            I  @set_metadata: update dataspace from GM (0x00000000 -> 0x08010000)
2026-02-07 16:57:14.321 26733-26938 gralloc4                com.trainingvalidator.poc            I  @set_metadata: update dataspace from GM (0x00000000 -> 0x08010000)
2026-02-07 16:57:14.335  1015-1015  BufferQueueProducer     surfaceflinger                       I  [com.trainingvalidator.poc/com.trainingvalidator.poc.ui.TrainingActivity$_26733#69754](this:0xe3c9c0b8,id:-1,api:0,p:-1,c:1015) queueBuffer: fps=22.32 dur=1030.36 max=66.58 min=16.43
2026-02-07 16:57:14.338 26733-27537 PhaseStateMachine       com.trainingvalidator.poc            D  Entered DOWN range: 95.0092723376244 (0.0-100.0)
2026-02-07 16:57:14.340 26733-27537 PhaseStateMachine       com.trainingvalidator.poc            D  Phase transition rejected - too fast (203ms < 300ms)
2026-02-07 16:57:14.346 26733-26733 FeedbackManager         com.trainingvalidator.poc            D  Message silenced: جيد، حاول الثني أكثر (repeat #1)
2026-02-07 16:57:14.380 26733-26938 gralloc4                com.trainingvalidator.poc            I  @set_metadata: update dataspace from GM (0x00000000 -> 0x08010000)
2026-02-07 16:57:14.388 26733-27537 PhaseStateMachine       com.trainingvalidator.poc            D  Entered DOWN range: 89.69288795713707 (0.0-100.0)
2026-02-07 16:57:14.388 26733-27537 PhaseStateMachine       com.trainingvalidator.poc            D  Phase transition rejected - too fast (250ms < 300ms)
2026-02-07 16:57:14.393 26733-26733 FeedbackManager         com.trainingvalidator.poc            D  Message silenced: ممتاز - الذراع ثابتة (repeat #1)
2026-02-07 16:57:14.404 26733-26938 gralloc4                com.trainingvalidator.poc            I  @set_metadata: update dataspace from GM (0x00000000 -> 0x08010000)
2026-02-07 16:57:14.419 26733-26938 gralloc4                com.trainingvalidator.poc            I  @set_metadata: update dataspace from GM (0x00000000 -> 0x08010000)
2026-02-07 16:57:14.438 26733-27537 PhaseStateMachine       com.trainingvalidator.poc            D  Entered DOWN range: 85.83354497455963 (0.0-100.0)
2026-02-07 16:57:14.439 26733-27537 PhaseStateMachine       com.trainingvalidator.poc            D  Phase: DOWN → BOTTOM
2026-02-07 16:57:14.445 26733-26743 ngvalidator.poc         com.trainingvalidator.poc            I  Background concurrent copying GC freed 576KB AllocSpace bytes, 11(12MB) LOS objects, 49% free, 13MB/26MB, paused 218us,115us total 115.910ms
2026-02-07 16:57:14.445 26733-26938 mali_config             com.trainingvalidator.poc            I  @get_buffer_dataspace_setting: update dataspace from GE (0x00000000 -> 0x08020000)
2026-02-07 16:57:14.463 26733-30972 SurfaceViewImpl         com.trainingvalidator.poc            D  PreviewView.SurfaceViewImplementation.getBitmap() succeeded
2026-02-07 16:57:14.555 26733-26733 FrameCaptureManager     com.trainingvalidator.poc            D  Captured PEAK_FRAME for rep 2: 6c0decd2
2026-02-07 16:57:14.555 26733-26733 TrainingActivity        com.trainingvalidator.poc            D  Captured peak frame for rep 2 at phase BOTTOM
2026-02-07 16:57:14.556 26733-26733 MessageOrchestrator     com.trainingvalidator.poc            D  Issue reset for state:right_elbow:PERFECT:DOWN_ZONE (gap 3335ms)
2026-02-07 16:57:14.556 26733-26733 FeedbackManager         com.trainingvalidator.poc            D  Message silenced: ممتاز! ثني مثالي (repeat #0)
2026-02-07 16:57:14.579 26733-26938 gralloc4                com.trainingvalidator.poc            I  @set_metadata: update dataspace from GM (0x00000000 -> 0x08010000)
2026-02-07 16:57:14.585 26733-26938 gralloc4                com.trainingvalidator.poc            I  @set_metadata: update dataspace from GM (0x00000000 -> 0x08010000)
2026-02-07 16:57:14.594 26733-26938 gralloc4                com.trainingvalidator.poc            I  @set_metadata: update dataspace from GM (0x00000000 -> 0x08010000)
2026-02-07 16:57:14.656 26733-26938 gralloc4                com.trainingvalidator.poc            I  @set_metadata: update dataspace from GM (0x00000000 -> 0x08010000)
2026-02-07 16:57:14.723 26733-26938 gralloc4                com.trainingvalidator.poc            I  @set_metadata: update dataspace from GM (0x00000000 -> 0x08010000)
2026-02-07 16:57:14.772 26733-26938 gralloc4                com.trainingvalidator.poc            I  @set_metadata: update dataspace from GM (0x00000000 -> 0x08010000)
2026-02-07 16:57:14.805 26733-26938 gralloc4                com.trainingvalidator.poc            I  @set_metadata: update dataspace from GM (0x00000000 -> 0x08010000)
2026-02-07 16:57:14.853 26733-26938 gralloc4                com.trainingvalidator.poc            I  @set_metadata: update dataspace from GM (0x00000000 -> 0x08010000)
2026-02-07 16:57:14.902 26733-26938 gralloc4                com.trainingvalidator.poc            I  @set_metadata: update dataspace from GM (0x00000000 -> 0x08010000)
2026-02-07 16:57:14.954 26733-26938 gralloc4                com.trainingvalidator.poc            I  @set_metadata: update dataspace from GM (0x00000000 -> 0x08010000)
2026-02-07 16:57:14.989 26733-26938 gralloc4                com.trainingvalidator.poc            I  @set_metadata: update dataspace from GM (0x00000000 -> 0x08010000)
2026-02-07 16:57:15.052 26733-26938 gralloc4                com.trainingvalidator.poc            I  @set_metadata: update dataspace from GM (0x00000000 -> 0x08010000)
2026-02-07 16:57:15.067  1015-1015  BufferQueueProducer     surfaceflinger                       I  [SurfaceView[com.trainingvalidator.poc/com.trainingvalidator.poc.ui.TrainingActivity]@0(BLAST)#69788](this:0xe3d9c8b8,id:-1,api:0,p:-1,c:1015) queueBuffer: fps=21.69 dur=1014.25 max=66.90 min=32.79
2026-02-07 16:57:15.067 26733-26743 ngvalidator.poc         com.trainingvalidator.poc            I  Background concurrent copying GC freed 600KB AllocSpace bytes, 11(12MB) LOS objects, 49% free, 13MB/26MB, paused 88us,53us total 114.833ms
2026-02-07 16:57:15.103 26733-26938 gralloc4                com.trainingvalidator.poc            I  @set_metadata: update dataspace from GM (0x00000000 -> 0x08010000)
2026-02-07 16:57:15.171 26733-26938 gralloc4                com.trainingvalidator.poc            I  @set_metadata: update dataspace from GM (0x00000000 -> 0x08010000)
2026-02-07 16:57:15.207 26733-26938 gralloc4                com.trainingvalidator.poc            I  @set_metadata: update dataspace from GM (0x00000000 -> 0x08010000)
2026-02-07 16:57:15.253 26733-26938 gralloc4                com.trainingvalidator.poc            I  @set_metadata: update dataspace from GM (0x00000000 -> 0x08010000)
2026-02-07 16:57:15.300 26733-26938 gralloc4                com.trainingvalidator.poc            I  @set_metadata: update dataspace from GM (0x00000000 -> 0x08010000)
2026-02-07 16:57:15.335 26733-26938 gralloc4                com.trainingvalidator.poc            I  @set_metadata: update dataspace from GM (0x00000000 -> 0x08010000)
2026-02-07 16:57:15.349  1015-1015  BufferQueueProducer     surfaceflinger                       I  [com.trainingvalidator.poc/com.trainingvalidator.poc.ui.TrainingActivity$_26733#69754](this:0xe3c9c0b8,id:-1,api:0,p:-1,c:1015) queueBuffer: fps=20.71 dur=1013.78 max=149.58 min=15.57
2026-02-07 16:57:15.385 26733-26938 gralloc4                com.trainingvalidator.poc            I  @set_metadata: update dataspace from GM (0x00000000 -> 0x08010000)
2026-02-07 16:57:15.440 26733-26938 gralloc4                com.trainingvalidator.poc            I  @set_metadata: update dataspace from GM (0x00000000 -> 0x08010000)
2026-02-07 16:57:15.469 26733-26938 gralloc4                com.trainingvalidator.poc            I  @set_metadata: update dataspace from GM (0x00000000 -> 0x08010000)
2026-02-07 16:57:15.517 26733-26938 gralloc4                com.trainingvalidator.poc            I  @set_metadata: update dataspace from GM (0x00000000 -> 0x08010000)
2026-02-07 16:57:15.542 26733-26733 FeedbackManager         com.trainingvalidator.poc            D  Message silenced: جيد، حاول الثني أكثر (repeat #1)
2026-02-07 16:57:15.566 26733-26938 gralloc4                com.trainingvalidator.poc            I  @set_metadata: update dataspace from GM (0x00000000 -> 0x08010000)
2026-02-07 16:57:15.595 26733-26743 ngvalidator.poc         com.trainingvalidator.poc            I  Background concurrent copying GC freed 605KB AllocSpace bytes, 11(12MB) LOS objects, 49% free, 13MB/26MB, paused 187us,75us total 120.655ms
2026-02-07 16:57:15.619 26733-26938 gralloc4                com.trainingvalidator.poc            I  @set_metadata: update dataspace from GM (0x00000000 -> 0x08010000)
2026-02-07 16:57:15.651 26733-26938 gralloc4                com.trainingvalidator.poc            I  @set_metadata: update dataspace from GM (0x00000000 -> 0x08010000)
2026-02-07 16:57:15.661 26733-27537 PhaseStateMachine       com.trainingvalidator.poc            D  Left DOWN range, ascending: 107.85620829227514
2026-02-07 16:57:15.661 26733-27537 PhaseStateMachine       com.trainingvalidator.poc            D  Phase: BOTTOM → UP
2026-02-07 16:57:15.687 26733-26938 gralloc4                com.trainingvalidator.poc            I  @set_metadata: update dataspace from GM (0x00000000 -> 0x08010000)
2026-02-07 16:57:15.755 26733-26938 gralloc4                com.trainingvalidator.poc            I  @set_metadata: update dataspace from GM (0x00000000 -> 0x08010000)
2026-02-07 16:57:15.786 26733-26938 gralloc4                com.trainingvalidator.poc            I  @set_metadata: update dataspace from GM (0x00000000 -> 0x08010000)
2026-02-07 16:57:15.832 26733-26938 gralloc4                com.trainingvalidator.poc            I  @set_metadata: update dataspace from GM (0x00000000 -> 0x08010000)
2026-02-07 16:57:15.883 26733-26938 gralloc4                com.trainingvalidator.poc            I  @set_metadata: update dataspace from GM (0x00000000 -> 0x08010000)
2026-02-07 16:57:15.933 26733-26938 gralloc4                com.trainingvalidator.poc            I  @set_metadata: update dataspace from GM (0x00000000 -> 0x08010000)
2026-02-07 16:57:15.982 26733-26938 gralloc4                com.trainingvalidator.poc            I  @set_metadata: update dataspace from GM (0x00000000 -> 0x08010000)
2026-02-07 16:57:16.003 26733-27537 PhaseStateMachine       com.trainingvalidator.poc            D  ★ Requesting REP completion - Entered UP range: 137.01859288787136
2026-02-07 16:57:16.003 26733-27537 PhaseStateMachine       com.trainingvalidator.poc            D  Phase: UP → START
2026-02-07 16:57:16.003 26733-27537 PhaseStateMachine       com.trainingvalidator.poc            D  ★ REP COMPLETED! (validated)
2026-02-07 16:57:16.009 26733-27537 RepCounter              com.trainingvalidator.poc            D  Weighted score: 100%, worst=PERFECT, dangerJoints=[]
2026-02-07 16:57:16.010 26733-27537 RepCounter              com.trainingvalidator.poc            D  Rep 2 completed. Score: 100.0, WorstState: NORMAL, Counted: true, Invalidated: false
2026-02-07 16:57:16.010 26733-26733 MessageOrchestrator     com.trainingvalidator.poc            D  Message decision: state:right_elbow:PERFECT:UP_ZONE -> AUDIO_AND_VISUAL (repeat #1)
2026-02-07 16:57:16.010 26733-26733 FeedbackManager         com.trainingvalidator.poc            D  LocalizedText has NO audio URL for ar. Text: ممتاز! ذراعك مفرودة...
2026-02-07 16:57:16.011 26733-26733 AudioFeedbackPlayer     com.trainingvalidator.poc            D  No audio URL, using TTS for: ممتاز! ذراعك مفرودة...
2026-02-07 16:57:16.011 26733-26733 AudioFeedbackPlayer     com.trainingvalidator.poc            W  TTS not ready, skipping: ممتاز! ذراعك مفرودة
2026-02-07 16:57:16.011  1511-5406  VibratorManagerService  system_server                        D  vibrate - uid: 10346, opPkg: com.trainingvalidator.poc, effect: Mono{mEffect=Composed{segments=[Step{amplitude=0.0, frequencyHz=0.0, duration=0}, Step{amplitude=-1.0, frequencyHz=0.0, duration=40}], repeat=-1, mMagnitudeType=TYPE_EXTRA}}, attrs: VibrationAttributes: Usage=UNKNOWN Audio Usage= USAGE_UNKNOWN tags= Flags=0, reason: null, token: android.os.BinderProxy@39fc5e6
2026-02-07 16:57:16.014 26733-27537 MotionRecorder          com.trainingvalidator.poc            D  Rep 2 finalized: 61 frames processed → metrics saved, frames DISCARDED
2026-02-07 16:57:16.014 26733-27537 TrainingEngine          com.trainingvalidator.poc            D  Rep 2 completed. Correct: 2/2
2026-02-07 16:57:16.017  1511-5406  VibratorManagerService  system_server                        D  vibrate - uid: 10346, opPkg: com.trainingvalidator.poc, effect: Mono{mEffect=Composed{segments=[Step{amplitude=0.0, frequencyHz=0.0, duration=0}, Step{amplitude=-1.0, frequencyHz=0.0, duration=40}], repeat=-1, mMagnitudeType=TYPE_EXTRA}}, attrs: VibrationAttributes: Usage=UNKNOWN Audio Usage= USAGE_UNKNOWN tags= Flags=0, reason: null, token: android.os.BinderProxy@39fc5e6
2026-02-07 16:57:16.023 26733-26733 FrameCaptureManager     com.trainingvalidator.poc            D  Marked rep 2 as BEST_REP (total: 2)
2026-02-07 16:57:16.030  1511-1689  VibratorManagerService  system_server                        D  Vibration 2721 finished with EndInfo{status=CANCELLED_SUPERSEDED, endedBy=CallerInfo{ attrs=VibrationAttributes: Usage=TOUCH Audio Usage= USAGE_UNKNOWN tags= Flags=0, uid=10346, displayId=0, opPkg=com.trainingvalidator.poc, reason=null}}
2026-02-07 16:57:16.030  1511-1689  VibratorManagerService  system_server                        D  Reporting vibration 2721 finished with EndInfo{status=CANCELLED_SUPERSEDED, endedBy=CallerInfo{ attrs=VibrationAttributes: Usage=TOUCH Audio Usage= USAGE_UNKNOWN tags= Flags=0, uid=10346, displayId=0, opPkg=com.trainingvalidator.poc, reason=null}}
2026-02-07 16:57:16.059 26733-26938 gralloc4                com.trainingvalidator.poc            I  @set_metadata: update dataspace from GM (0x00000000 -> 0x08010000)
2026-02-07 16:57:16.068 26733-26938 gralloc4                com.trainingvalidator.poc            I  @set_metadata: update dataspace from GM (0x00000000 -> 0x08010000)
2026-02-07 16:57:16.080  1015-1015  BufferQueueProducer     surfaceflinger                       I  [SurfaceView[com.trainingvalidator.poc/com.trainingvalidator.poc.ui.TrainingActivity]@0(BLAST)#69788](this:0xe3d9c8b8,id:-1,api:0,p:-1,c:1015) queueBuffer: fps=23.69 dur=1013.26 max=50.43 min=32.64
2026-02-07 16:57:16.092 26733-26938 gralloc4                com.trainingvalidator.poc            I  @set_metadata: update dataspace from GM (0x00000000 -> 0x08010000)
2026-02-07 16:57:16.098 26733-26938 gralloc4                com.trainingvalidator.poc            I  @set_metadata: update dataspace from GM (0x00000000 -> 0x08010000)
2026-02-07 16:57:16.113 26733-26938 gralloc4                com.trainingvalidator.poc            I  @set_metadata: update dataspace from GM (0x00000000 -> 0x08010000)
2026-02-07 16:57:16.122 26733-26743 ngvalidator.poc         com.trainingvalidator.poc            I  Background concurrent copying GC freed 610KB AllocSpace bytes, 11(12MB) LOS objects, 49% free, 13MB/26MB, paused 129us,71us total 129.109ms
2026-02-07 16:57:16.132 26733-26938 gralloc4                com.trainingvalidator.poc            I  @set_metadata: update dataspace from GM (0x00000000 -> 0x08010000)
2026-02-07 16:57:16.136 26733-26938 gralloc4                com.trainingvalidator.poc            I  @set_metadata: update dataspace from GM (0x00000000 -> 0x08010000)
2026-02-07 16:57:16.156 26733-26938 gralloc4                com.trainingvalidator.poc            I  @set_metadata: update dataspace from GM (0x00000000 -> 0x08010000)
2026-02-07 16:57:16.177 26733-26938 gralloc4                com.trainingvalidator.poc            I  @set_metadata: update dataspace from GM (0x00000000 -> 0x08010000)
2026-02-07 16:57:16.202 26733-26938 gralloc4                com.trainingvalidator.poc            I  @set_metadata: update dataspace from GM (0x00000000 -> 0x08010000)
2026-02-07 16:57:16.227 26733-26938 gralloc4                com.trainingvalidator.poc            I  @set_metadata: update dataspace from GM (0x00000000 -> 0x08010000)
2026-02-07 16:57:16.237 26733-26938 gralloc4                com.trainingvalidator.poc            I  @set_metadata: update dataspace from GM (0x00000000 -> 0x08010000)
2026-02-07 16:57:16.253 26733-26938 gralloc4                com.trainingvalidator.poc            I  @set_metadata: update dataspace from GM (0x00000000 -> 0x08010000)
2026-02-07 16:57:16.283  1015-1015  CompositionEngine       surfaceflinger                       D  Layer: com.trainingvalidator.poc/com.trainingvalidator.poc.ui.TrainingActivity$_26733#69754 had an out of bounds transparent region
2026-02-07 16:57:16.283 26733-26938 gralloc4                com.trainingvalidator.poc            I  @set_metadata: update dataspace from GM (0x00000000 -> 0x08010000)
2026-02-07 16:57:16.286  1015-1015  SurfaceFlinger          surfaceflinger                       D  Display 0 HWC layers:
                                                                                                     SOLID_COLOR |              | 0000 |  Unknown  |    0.0    0.0    0.0    0.0 |    0    0  720   45 | Letterbox - top#69757
                                                                                                         DEVICE | 0xe6836180 | 0102 | 0x0000022    |    1.0  276.0  959.0  720.0 |    0   45  720 1600 | SurfaceView[com.trainingvalidator.po[...].ui.TrainingActivity]@0(BLAST)#69788
                                                                                                         DEVICE | 0xe680cb00 | 0100 | RGBA_8888    |    0.0    0.0  720.0 1555.0 |    0   45  720 1600 | com.trainingvalidator.poc/com.traini[...]poc.ui.TrainingActivity$_26733#69754
                                                                                                         DEVICE | 0xec021b00 | 0108 | RGBA_8888    |    0.0    0.0  720.0 1600.0 |    0    0  720 1600 | $_1975#101
                                                                                                         DEVICE | 0xe6836a80 | 0140 | RGBA_8888    |    0.0    0.0  720.0   45.0 |    0    0  720   45 | ScreenDecorOverlay$_1975#69795
2026-02-07 16:57:16.288 26733-26938 gralloc4                com.trainingvalidator.poc            I  @set_metadata: update dataspace from GM (0x00000000 -> 0x08010000)
2026-02-07 16:57:16.300  1015-1015  CompositionEngine       surfaceflinger                       D  Layer: com.trainingvalidator.poc/com.trainingvalidator.poc.ui.TrainingActivity$_26733#69754 had an out of bounds transparent region
2026-02-07 16:57:16.301 26733-26938 gralloc4                com.trainingvalidator.poc            I  @set_metadata: update dataspace from GM (0x00000000 -> 0x08010000)
2026-02-07 16:57:16.329 26733-26938 gralloc4                com.trainingvalidator.poc            I  @set_metadata: update dataspace from GM (0x00000000 -> 0x08010000)
2026-02-07 16:57:16.415 26733-26938 gralloc4                com.trainingvalidator.poc            I  @set_metadata: update dataspace from GM (0x00000000 -> 0x08010000)
2026-02-07 16:57:16.420 26733-26733 FeedbackManager         com.trainingvalidator.poc            D  Message silenced: ممتاز - الذراع ثابتة (repeat #1)
2026-02-07 16:57:16.429  1015-1015  BufferQueueProducer     surfaceflinger                       I  [com.trainingvalidator.poc/com.trainingvalidator.poc.ui.TrainingActivity$_26733#69754](this:0xe3c9c0b8,id:-1,api:0,p:-1,c:1015) queueBuffer: fps=29.63 dur=1080.07 max=83.02 min=15.53
2026-02-07 16:57:16.446 26733-26938 gralloc4                com.trainingvalidator.poc            I  @set_metadata: update dataspace from GM (0x00000000 -> 0x08010000)
2026-02-07 16:57:16.497 26733-26938 gralloc4                com.trainingvalidator.poc            I  @set_metadata: update dataspace from GM (0x00000000 -> 0x08010000)
2026-02-07 16:57:16.548 26733-26938 gralloc4                com.trainingvalidator.poc            I  @set_metadata: update dataspace from GM (0x00000000 -> 0x08010000)
2026-02-07 16:57:16.555 26733-26938 gralloc4                com.trainingvalidator.poc            I  @set_metadata: update dataspace from GM (0x00000000 -> 0x08010000)
2026-02-07 16:57:16.586 26733-26938 gralloc4                com.trainingvalidator.poc            I  @set_metadata: update dataspace from GM (0x00000000 -> 0x08010000)
2026-02-07 16:57:16.628 26733-26938 gralloc4                com.trainingvalidator.poc            I  @set_metadata: update dataspace from GM (0x00000000 -> 0x08010000)
2026-02-07 16:57:16.673 26733-26743 ngvalidator.poc         com.trainingvalidator.poc            I  Background concurrent copying GC freed 627KB AllocSpace bytes, 11(12MB) LOS objects, 49% free, 13MB/26MB, paused 202us,106us total 123.878ms
2026-02-07 16:57:16.682 26733-26938 gralloc4                com.trainingvalidator.poc            I  @set_metadata: update dataspace from GM (0x00000000 -> 0x08010000)
2026-02-07 16:57:16.732 26733-26938 gralloc4                com.trainingvalidator.poc            I  @set_metadata: update dataspace from GM (0x00000000 -> 0x08010000)
2026-02-07 16:57:16.799 26733-26938 gralloc4                com.trainingvalidator.poc            I  @set_metadata: update dataspace from GM (0x00000000 -> 0x08010000)
2026-02-07 16:57:16.834 26733-26938 gralloc4                com.trainingvalidator.poc            I  @set_metadata: update dataspace from GM (0x00000000 -> 0x08010000)
2026-02-07 16:57:16.889 26733-26938 gralloc4                com.trainingvalidator.poc            I  @set_metadata: update dataspace from GM (0x00000000 -> 0x08010000)
2026-02-07 16:57:16.911 26733-27537 PhaseStateMachine       com.trainingvalidator.poc            D  Left UP range, starting descent: 127.35630243771921
2026-02-07 16:57:16.911 26733-27537 PhaseStateMachine       com.trainingvalidator.poc            D  Phase: START → DOWN
2026-02-07 16:57:16.951 26733-26938 gralloc4                com.trainingvalidator.poc            I  @set_metadata: update dataspace from GM (0x00000000 -> 0x08010000)
2026-02-07 16:57:16.997 26733-26938 gralloc4                com.trainingvalidator.poc            I  @set_metadata: update dataspace from GM (0x00000000 -> 0x08010000)
2026-02-07 16:57:17.039 26733-26938 gralloc4                com.trainingvalidator.poc            I  @set_metadata: update dataspace from GM (0x00000000 -> 0x08010000)
2026-02-07 16:57:17.056 26733-26938 gralloc4                com.trainingvalidator.poc            I  @set_metadata: update dataspace from GM (0x00000000 -> 0x08010000)
2026-02-07 16:57:17.094  1015-1015  BufferQueueProducer     surfaceflinger                       I  [SurfaceView[com.trainingvalidator.poc/com.trainingvalidator.poc.ui.TrainingActivity]@0(BLAST)#69788](this:0xe3d9c8b8,id:-1,api:0,p:-1,c:1015) queueBuffer: fps=19.72 dur=1013.95 max=66.87 min=48.81
2026-02-07 16:57:17.097 26733-26938 gralloc4                com.trainingvalidator.poc            I  @set_metadata: update dataspace from GM (0x00000000 -> 0x08010000)
2026-02-07 16:57:17.118 26733-27537 PhaseStateMachine       com.trainingvalidator.poc            D  Entered DOWN range: 99.14625109020183 (0.0-100.0)
2026-02-07 16:57:17.120 26733-27537 PhaseStateMachine       com.trainingvalidator.poc            D  Phase transition rejected - too fast (204ms < 300ms)
2026-02-07 16:57:17.150 26733-26938 gralloc4                com.trainingvalidator.poc            I  @set_metadata: update dataspace from GM (0x00000000 -> 0x08010000)
2026-02-07 16:57:17.174 26733-27537 PhaseStateMachine       com.trainingvalidator.poc            D  Entered DOWN range: 94.21988513836959 (0.0-100.0)
2026-02-07 16:57:17.174 26733-27537 PhaseStateMachine       com.trainingvalidator.poc            D  Phase transition rejected - too fast (258ms < 300ms)
2026-02-07 16:57:17.178 26733-26733 MessageOrchestrator     com.trainingvalidator.poc            D  Preempting state:right_elbow:PERFECT:UP_ZONE (20) with state:right_elbow:NORMAL:DOWN_ZONE (30)
2026-02-07 16:57:17.178 26733-26733 FeedbackManager         com.trainingvalidator.poc            D  Message silenced: جيد، حاول الثني أكثر (repeat #1)
2026-02-07 16:57:17.196 26733-26938 gralloc4                com.trainingvalidator.poc            I  @set_metadata: update dataspace from GM (0x00000000 -> 0x08010000)
2026-02-07 16:57:17.216 26733-27537 PhaseStateMachine       com.trainingvalidator.poc            D  Entered DOWN range: 90.61505800066526 (0.0-100.0)
2026-02-07 16:57:17.216 26733-27537 PhaseStateMachine       com.trainingvalidator.poc            D  Phase: DOWN → BOTTOM
2026-02-07 16:57:17.219 26733-26938 mali_config             com.trainingvalidator.poc            I  @get_buffer_dataspace_setting: update dataspace from GE (0x00000000 -> 0x08020000)
2026-02-07 16:57:17.230 26733-30973 SurfaceViewImpl         com.trainingvalidator.poc            D  PreviewView.SurfaceViewImplementation.getBitmap() succeeded
2026-02-07 16:57:17.330 26733-26733 FrameCaptureManager     com.trainingvalidator.poc            D  Captured PEAK_FRAME for rep 3: b8f5086e
2026-02-07 16:57:17.330 26733-26733 TrainingActivity        com.trainingvalidator.poc            D  Captured peak frame for rep 3 at phase BOTTOM
2026-02-07 16:57:17.349 26733-26938 gralloc4                com.trainingvalidator.poc            I  @set_metadata: update dataspace from GM (0x00000000 -> 0x08010000)
2026-02-07 16:57:17.353 26733-26733 FeedbackManager         com.trainingvalidator.poc            D  Message silenced: ممتاز! ثني مثالي (repeat #0)
2026-02-07 16:57:17.357 26733-26938 gralloc4                com.trainingvalidator.poc            I  @set_metadata: update dataspace from GM (0x00000000 -> 0x08010000)
2026-02-07 16:57:17.371 26733-26938 gralloc4                com.trainingvalidator.poc            I  @set_metadata: update dataspace from GM (0x00000000 -> 0x08010000)
2026-02-07 16:57:17.445 26733-26938 gralloc4                com.trainingvalidator.poc            I  @set_metadata: update dataspace from GM (0x00000000 -> 0x08010000)
2026-02-07 16:57:17.459  1015-1015  BufferQueueProducer     surfaceflinger                       I  [com.trainingvalidator.poc/com.trainingvalidator.poc.ui.TrainingActivity$_26733#69754](this:0xe3c9c0b8,id:-1,api:0,p:-1,c:1015) queueBuffer: fps=21.35 dur=1030.46 max=149.50 min=16.39
2026-02-07 16:57:17.515 26733-26938 gralloc4                com.trainingvalidator.poc            I  @set_metadata: update dataspace from GM (0x00000000 -> 0x08010000)
2026-02-07 16:57:17.541 26733-26938 gralloc4                com.trainingvalidator.poc            I  @set_metadata: update dataspace from GM (0x00000000 -> 0x08010000)
2026-02-07 16:57:17.603 26733-26938 gralloc4                com.trainingvalidator.poc            I  @set_metadata: update dataspace from GM (0x00000000 -> 0x08010000)
2026-02-07 16:57:17.642 26733-26938 gralloc4                com.trainingvalidator.poc            I  @set_metadata: update dataspace from GM (0x00000000 -> 0x08010000)
2026-02-07 16:57:17.710 26733-26938 gralloc4                com.trainingvalidator.poc            I  @set_metadata: update dataspace from GM (0x00000000 -> 0x08010000)
2026-02-07 16:57:17.762 26733-26938 gralloc4                com.trainingvalidator.poc            I  @set_metadata: update dataspace from GM (0x00000000 -> 0x08010000)
2026-02-07 16:57:17.812 26733-26938 gralloc4                com.trainingvalidator.poc            I  @set_metadata: update dataspace from GM (0x00000000 -> 0x08010000)
2026-02-07 16:57:17.831 26733-26743 ngvalidator.poc         com.trainingvalidator.poc            I  Background concurrent copying GC freed 605KB AllocSpace bytes, 10(11MB) LOS objects, 49% free, 13MB/26MB, paused 127us,49us total 107.849ms
2026-02-07 16:57:17.843 26733-26938 gralloc4                com.trainingvalidator.poc            I  @set_metadata: update dataspace from GM (0x00000000 -> 0x08010000)
2026-02-07 16:57:17.895 26733-26938 gralloc4                com.trainingvalidator.poc            I  @set_metadata: update dataspace from GM (0x00000000 -> 0x08010000)
2026-02-07 16:57:17.944 26733-26938 gralloc4                com.trainingvalidator.poc            I  @set_metadata: update dataspace from GM (0x00000000 -> 0x08010000)
2026-02-07 16:57:17.999 26733-26938 gralloc4                com.trainingvalidator.poc            I  @set_metadata: update dataspace from GM (0x00000000 -> 0x08010000)
2026-02-07 16:57:18.063 26733-26938 gralloc4                com.trainingvalidator.poc            I  @set_metadata: update dataspace from GM (0x00000000 -> 0x08010000)
2026-02-07 16:57:18.096 26733-26938 gralloc4                com.trainingvalidator.poc            I  @set_metadata: update dataspace from GM (0x00000000 -> 0x08010000)
2026-02-07 16:57:18.107  1015-1015  BufferQueueProducer     surfaceflinger                       I  [SurfaceView[com.trainingvalidator.poc/com.trainingvalidator.poc.ui.TrainingActivity]@0(BLAST)#69788](this:0xe3d9c8b8,id:-1,api:0,p:-1,c:1015) queueBuffer: fps=19.73 dur=1013.51 max=66.89 min=33.15
2026-02-07 16:57:18.143 26733-26938 gralloc4                com.trainingvalidator.poc            I  @set_metadata: update dataspace from GM (0x00000000 -> 0x08010000)
2026-02-07 16:57:18.213 26733-26938 gralloc4                com.trainingvalidator.poc            I  @set_metadata: update dataspace from GM (0x00000000 -> 0x08010000)
2026-02-07 16:57:18.255 26733-26938 gralloc4                com.trainingvalidator.poc            I  @set_metadata: update dataspace from GM (0x00000000 -> 0x08010000)
2026-02-07 16:57:18.313 26733-26938 gralloc4                com.trainingvalidator.poc            I  @set_metadata: update dataspace from GM (0x00000000 -> 0x08010000)
2026-02-07 16:57:18.361 26733-26938 gralloc4                com.trainingvalidator.poc            I  @set_metadata: update dataspace from GM (0x00000000 -> 0x08010000)
2026-02-07 16:57:18.371 26733-26938 gralloc4                com.trainingvalidator.poc            I  @set_metadata: update dataspace from GM (0x00000000 -> 0x08010000)
2026-02-07 16:57:18.387 26733-26743 ngvalidator.poc         com.trainingvalidator.poc            I  Background concurrent copying GC freed 592KB AllocSpace bytes, 11(12MB) LOS objects, 49% free, 13MB/26MB, paused 136us,76us total 115.452ms
2026-02-07 16:57:18.428 26733-26938 gralloc4                com.trainingvalidator.poc            I  @set_metadata: update dataspace from GM (0x00000000 -> 0x08010000)
2026-02-07 16:57:18.448 26733-26733 MessageOrchestrator     com.trainingvalidator.poc            D  Max repeats (1) reached for state:right_shoulder:PERFECT:UP_ZONE - going silent
2026-02-07 16:57:18.448 26733-26733 FeedbackManager         com.trainingvalidator.poc            D  Message silenced: ممتاز - الذراع ثابتة (repeat #1)
2026-02-07 16:57:18.473 26733-26938 gralloc4                com.trainingvalidator.poc            I  @set_metadata: update dataspace from GM (0x00000000 -> 0x08010000)
2026-02-07 16:57:18.490  1015-1015  BufferQueueProducer     surfaceflinger                       I  [com.trainingvalidator.poc/com.trainingvalidator.poc.ui.TrainingActivity$_26733#69754](this:0xe3c9c0b8,id:-1,api:0,p:-1,c:1015) queueBuffer: fps=20.38 dur=1030.35 max=66.44 min=16.55
2026-02-07 16:57:18.525 26733-26938 gralloc4                com.trainingvalidator.poc            I  @set_metadata: update dataspace from GM (0x00000000 -> 0x08010000)
2026-02-07 16:57:18.531 26733-26733 FeedbackManager         com.trainingvalidator.poc            D  Message silenced: جيد، حاول الثني أكثر (repeat #1)
2026-02-07 16:57:18.557 26733-26938 gralloc4                com.trainingvalidator.poc            I  @set_metadata: update dataspace from GM (0x00000000 -> 0x08010000)
2026-02-07 16:57:18.614 26733-26938 gralloc4                com.trainingvalidator.poc            I  @set_metadata: update dataspace from GM (0x00000000 -> 0x08010000)
2026-02-07 16:57:18.624 26733-27537 PhaseStateMachine       com.trainingvalidator.poc            D  Left DOWN range, ascending: 107.6246429673123
2026-02-07 16:57:18.624 26733-27537 PhaseStateMachine       com.trainingvalidator.poc            D  Phase: BOTTOM → UP
2026-02-07 16:57:18.663 26733-26938 gralloc4                com.trainingvalidator.poc            I  @set_metadata: update dataspace from GM (0x00000000 -> 0x08010000)
2026-02-07 16:57:18.709 26733-26938 gralloc4                com.trainingvalidator.poc            I  @set_metadata: update dataspace from GM (0x00000000 -> 0x08010000)
2026-02-07 16:57:18.765 26733-26938 gralloc4                com.trainingvalidator.poc            I  @set_metadata: update dataspace from GM (0x00000000 -> 0x08010000)
2026-02-07 16:57:18.800 26733-26938 gralloc4                com.trainingvalidator.poc            I  @set_metadata: update dataspace from GM (0x00000000 -> 0x08010000)
2026-02-07 16:57:18.820 26733-26938 gralloc4                com.trainingvalidator.poc            I  @set_metadata: update dataspace from GM (0x00000000 -> 0x08010000)
2026-02-07 16:57:18.875 26733-26938 gralloc4                com.trainingvalidator.poc            I  @set_metadata: update dataspace from GM (0x00000000 -> 0x08010000)
2026-02-07 16:57:18.925 26733-26938 gralloc4                com.trainingvalidator.poc            I  @set_metadata: update dataspace from GM (0x00000000 -> 0x08010000)
2026-02-07 16:57:18.954 26733-26743 ngvalidator.poc         com.trainingvalidator.poc            I  Background concurrent copying GC freed 592KB AllocSpace bytes, 11(12MB) LOS objects, 49% free, 13MB/26MB, paused 116us,186us total 116.714ms
2026-02-07 16:57:18.958 26733-26938 gralloc4                com.trainingvalidator.poc            I  @set_metadata: update dataspace from GM (0x00000000 -> 0x08010000)
2026-02-07 16:57:18.990 26733-27537 PhaseStateMachine       com.trainingvalidator.poc            D  ★ Requesting REP completion - Entered UP range: 135.28287152296477
2026-02-07 16:57:18.990 26733-27537 PhaseStateMachine       com.trainingvalidator.poc            D  Phase: UP → START
2026-02-07 16:57:18.990 26733-27537 PhaseStateMachine       com.trainingvalidator.poc            D  ★ REP COMPLETED! (validated)
2026-02-07 16:57:18.993 26733-27537 RepCounter              com.trainingvalidator.poc            D  Weighted score: 100%, worst=PERFECT, dangerJoints=[]
2026-02-07 16:57:18.994 26733-27537 RepCounter              com.trainingvalidator.poc            D  Rep 3 completed. Score: 100.0, WorstState: NORMAL, Counted: true, Invalidated: false
2026-02-07 16:57:18.997 26733-27537 MotionRecorder          com.trainingvalidator.poc            D  Rep 3 finalized: 57 frames processed → metrics saved, frames DISCARDED
2026-02-07 16:57:18.997 26733-27537 TrainingEngine          com.trainingvalidator.poc            D  Rep 3 completed. Correct: 3/3
2026-02-07 16:57:18.999 26733-26733 MessageOrchestrator     com.trainingvalidator.poc            D  Message decision: streak:3 -> AUDIO_AND_VISUAL (repeat #1)
2026-02-07 16:57:18.999 26733-26733 FeedbackManager         com.trainingvalidator.poc            D  LocalizedText has NO audio URL for ar. Text: جيد!...
2026-02-07 16:57:18.999 26733-26733 AudioFeedbackPlayer     com.trainingvalidator.poc            D  No audio URL, using TTS for: جيد!...
2026-02-07 16:57:18.999 26733-26733 AudioFeedbackPlayer     com.trainingvalidator.poc            W  TTS not ready, skipping: جيد!
2026-02-07 16:57:19.000  1511-5406  VibratorManagerService  system_server                        D  vibrate - uid: 10346, opPkg: com.trainingvalidator.poc, effect: Mono{mEffect=Composed{segments=[Step{amplitude=0.0, frequencyHz=0.0, duration=0}, Step{amplitude=-1.0, frequencyHz=0.0, duration=40}], repeat=-1, mMagnitudeType=TYPE_EXTRA}}, attrs: VibrationAttributes: Usage=UNKNOWN Audio Usage= USAGE_UNKNOWN tags= Flags=0, reason: null, token: android.os.BinderProxy@39fc5e6
2026-02-07 16:57:19.002  1511-5406  VibratorManagerService  system_server                        D  vibrate - uid: 10346, opPkg: com.trainingvalidator.poc, effect: Mono{mEffect=Composed{segments=[Step{amplitude=0.0, frequencyHz=0.0, duration=0}, Step{amplitude=-1.0, frequencyHz=0.0, duration=40}], repeat=-1, mMagnitudeType=TYPE_EXTRA}}, attrs: VibrationAttributes: Usage=UNKNOWN Audio Usage= USAGE_UNKNOWN tags= Flags=0, reason: null, token: android.os.BinderProxy@39fc5e6
2026-02-07 16:57:19.003 26733-26733 AudioFeedbackPlayer     com.trainingvalidator.poc            D  Skipping playback (cooldown): 3
2026-02-07 16:57:19.005  1511-1689  VibratorManagerService  system_server                        D  Vibration 2723 finished with EndInfo{status=CANCELLED_SUPERSEDED, endedBy=CallerInfo{ attrs=VibrationAttributes: Usage=TOUCH Audio Usage= USAGE_UNKNOWN tags= Flags=0, uid=10346, displayId=0, opPkg=com.trainingvalidator.poc, reason=null}}
2026-02-07 16:57:19.005  1511-1689  VibratorManagerService  system_server                        D  Reporting vibration 2723 finished with EndInfo{status=CANCELLED_SUPERSEDED, endedBy=CallerInfo{ attrs=VibrationAttributes: Usage=TOUCH Audio Usage= USAGE_UNKNOWN tags= Flags=0, uid=10346, displayId=0, opPkg=com.trainingvalidator.poc, reason=null}}
2026-02-07 16:57:19.006 26733-26733 FrameCaptureManager     com.trainingvalidator.poc            D  Marked rep 3 as BEST_REP (total: 3)
2026-02-07 16:57:19.027 26733-26938 gralloc4                com.trainingvalidator.poc            I  @set_metadata: update dataspace from GM (0x00000000 -> 0x08010000)
2026-02-07 16:57:19.033 26733-26733 FeedbackManager         com.trainingvalidator.poc            D  Message silenced: ممتاز! ذراعك مفرودة (repeat #1)
2026-02-07 16:57:19.039 26733-26938 gralloc4                com.trainingvalidator.poc            I  @set_metadata: update dataspace from GM (0x00000000 -> 0x08010000)
2026-02-07 16:57:19.054 26733-26938 gralloc4                com.trainingvalidator.poc            I  @set_metadata: update dataspace from GM (0x00000000 -> 0x08010000)
2026-02-07 16:57:19.059 26733-26938 gralloc4                com.trainingvalidator.poc            I  @set_metadata: update dataspace from GM (0x00000000 -> 0x08010000)
2026-02-07 16:57:19.076 26733-26938 gralloc4                com.trainingvalidator.poc            I  @set_metadata: update dataspace from GM (0x00000000 -> 0x08010000)
2026-02-07 16:57:19.106 26733-26938 gralloc4                com.trainingvalidator.poc            I  @set_metadata: update dataspace from GM (0x00000000 -> 0x08010000)
2026-02-07 16:57:19.111 26733-26938 gralloc4                com.trainingvalidator.poc            I  @set_metadata: update dataspace from GM (0x00000000 -> 0x08010000)
2026-02-07 16:57:19.134 26733-26938 gralloc4                com.trainingvalidator.poc            I  @set_metadata: update dataspace from GM (0x00000000 -> 0x08010000)
2026-02-07 16:57:19.145 26733-26938 gralloc4                com.trainingvalidator.poc            I  @set_metadata: update dataspace from GM (0x00000000 -> 0x08010000)
2026-02-07 16:57:19.154  1015-1015  BufferQueueProducer     surfaceflinger                       I  [SurfaceView[com.trainingvalidator.poc/com.trainingvalidator.poc.ui.TrainingActivity]@0(BLAST)#69788](this:0xe3d9c8b8,id:-1,api:0,p:-1,c:1015) queueBuffer: fps=20.06 dur=1046.99 max=66.71 min=32.87
2026-02-07 16:57:19.175 26733-26938 gralloc4                com.trainingvalidator.poc            I  @set_metadata: update dataspace from GM (0x00000000 -> 0x08010000)
2026-02-07 16:57:19.207 26733-26938 gralloc4                com.trainingvalidator.poc            I  @set_metadata: update dataspace from GM (0x00000000 -> 0x08010000)
2026-02-07 16:57:19.214 26733-26938 gralloc4                com.trainingvalidator.poc            I  @set_metadata: update dataspace from GM (0x00000000 -> 0x08010000)
2026-02-07 16:57:19.238 26733-26938 gralloc4                com.trainingvalidator.poc            I  @set_metadata: update dataspace from GM (0x00000000 -> 0x08010000)
2026-02-07 16:57:19.243 26733-26938 gralloc4                com.trainingvalidator.poc            I  @set_metadata: update dataspace from GM (0x00000000 -> 0x08010000)
2026-02-07 16:57:19.275 26733-26938 gralloc4                com.trainingvalidator.poc            I  @set_metadata: update dataspace from GM (0x00000000 -> 0x08010000)
2026-02-07 16:57:19.284 26733-26938 gralloc4                com.trainingvalidator.poc            I  @set_metadata: update dataspace from GM (0x00000000 -> 0x08010000)
2026-02-07 16:57:19.294 26733-26938 gralloc4                com.trainingvalidator.poc            I  @set_metadata: update dataspace from GM (0x00000000 -> 0x08010000)
2026-02-07 16:57:19.357 26733-26938 gralloc4                com.trainingvalidator.poc            I  @set_metadata: update dataspace from GM (0x00000000 -> 0x08010000)
2026-02-07 16:57:19.384 26733-26938 gralloc4                com.trainingvalidator.poc            I  @set_metadata: update dataspace from GM (0x00000000 -> 0x08010000)
2026-02-07 16:57:19.406 26733-26938 gralloc4                com.trainingvalidator.poc            I  @set_metadata: update dataspace from GM (0x00000000 -> 0x08010000)
2026-02-07 16:57:19.451 26733-26938 gralloc4                com.trainingvalidator.poc            I  @set_metadata: update dataspace from GM (0x00000000 -> 0x08010000)
2026-02-07 16:57:19.490 26733-26938 gralloc4                com.trainingvalidator.poc            I  @set_metadata: update dataspace from GM (0x00000000 -> 0x08010000)
2026-02-07 16:57:19.503  1015-1015  BufferQueueProducer     surfaceflinger                       I  [com.trainingvalidator.poc/com.trainingvalidator.poc.ui.TrainingActivity$_26733#69754](this:0xe3c9c0b8,id:-1,api:0,p:-1,c:1015) queueBuffer: fps=32.55 dur=1013.70 max=66.70 min=16.13
2026-02-07 16:57:19.533 26733-26938 gralloc4                com.trainingvalidator.poc            I  @set_metadata: update dataspace from GM (0x00000000 -> 0x08010000)
2026-02-07 16:57:19.544 26733-26743 ngvalidator.poc         com.trainingvalidator.poc            I  Background concurrent copying GC freed 652KB AllocSpace bytes, 11(12MB) LOS objects, 49% free, 13MB/26MB, paused 503us,67us total 132.726ms
2026-02-07 16:57:19.588 26733-26938 gralloc4                com.trainingvalidator.poc            I  @set_metadata: update dataspace from GM (0x00000000 -> 0x08010000)
2026-02-07 16:57:19.644 26733-26938 gralloc4                com.trainingvalidator.poc            I  @set_metadata: update dataspace from GM (0x00000000 -> 0x08010000)
2026-02-07 16:57:19.670 26733-26938 gralloc4                com.trainingvalidator.poc            I  @set_metadata: update dataspace from GM (0x00000000 -> 0x08010000)
2026-02-07 16:57:19.727 26733-26938 gralloc4                com.trainingvalidator.poc            I  @set_metadata: update dataspace from GM (0x00000000 -> 0x08010000)
2026-02-07 16:57:19.772 26733-26938 gralloc4                com.trainingvalidator.poc            I  @set_metadata: update dataspace from GM (0x00000000 -> 0x08010000)
2026-02-07 16:57:19.821 26733-26938 gralloc4                com.trainingvalidator.poc            I  @set_metadata: update dataspace from GM (0x00000000 -> 0x08010000)
2026-02-07 16:57:19.865 26733-26938 gralloc4                com.trainingvalidator.poc            I  @set_metadata: update dataspace from GM (0x00000000 -> 0x08010000)
2026-02-07 16:57:19.892 26733-27537 PhaseStateMachine       com.trainingvalidator.poc            D  Left UP range, starting descent: 129.29242589937647
2026-02-07 16:57:19.892 26733-27537 PhaseStateMachine       com.trainingvalidator.poc            D  Phase: START → DOWN
2026-02-07 16:57:19.919 26733-26938 gralloc4                com.trainingvalidator.poc            I  @set_metadata: update dataspace from GM (0x00000000 -> 0x08010000)
2026-02-07 16:57:19.971 26733-26938 gralloc4                com.trainingvalidator.poc            I  @set_metadata: update dataspace from GM (0x00000000 -> 0x08010000)
2026-02-07 16:57:20.022 26733-26938 gralloc4                com.trainingvalidator.poc            I  @set_metadata: update dataspace from GM (0x00000000 -> 0x08010000)
2026-02-07 16:57:20.052 26733-26743 ngvalidator.poc         com.trainingvalidator.poc            I  Background concurrent copying GC freed 593KB AllocSpace bytes, 11(12MB) LOS objects, 49% free, 13MB/26MB, paused 179us,89us total 119.615ms
2026-02-07 16:57:20.088 26733-26938 gralloc4                com.trainingvalidator.poc            I  @set_metadata: update dataspace from GM (0x00000000 -> 0x08010000)
2026-02-07 16:57:20.121 26733-26938 gralloc4                com.trainingvalidator.poc            I  @set_metadata: update dataspace from GM (0x00000000 -> 0x08010000)
2026-02-07 16:57:20.138 26733-27537 PhaseStateMachine       com.trainingvalidator.poc            D  Entered DOWN range: 98.76507144468773 (0.0-100.0)
