2026-02-07 16:57:01.225  1015-1015  CompositionEngine       surfaceflinger                       D  Layer: com.trainingvalidator.poc/com.trainingvalidator.poc.ui.TrainingActivity$_26733#69754 had an out of bounds transparent region
2026-02-07 16:57:01.242  1015-1015  CompositionEngine       surfaceflinger                       D  Layer: com.trainingvalidator.poc/com.trainingvalidator.poc.ui.TrainingActivity$_26733#69754 had an out of bounds transparent region
2026-02-07 16:57:01.259  1015-1015  CompositionEngine       surfaceflinger                       D  Layer: com.trainingvalidator.poc/com.trainingvalidator.poc.ui.TrainingActivity$_26733#69754 had an out of bounds transparent region
2026-02-07 16:57:01.275  1015-1015  CompositionEngine       surfaceflinger                       D  Layer: com.trainingvalidator.poc/com.trainingvalidator.poc.ui.TrainingActivity$_26733#69754 had an out of bounds transparent region
2026-02-07 16:57:01.292  1015-1015  CompositionEngine       surfaceflinger                       D  Layer: com.trainingvalidator.poc/com.trainingvalidator.poc.ui.TrainingActivity$_26733#69754 had an out of bounds transparent region
2026-02-07 16:57:01.309  1015-1015  CompositionEngine       surfaceflinger                       D  Layer: com.trainingvalidator.poc/com.trainingvalidator.poc.ui.TrainingActivity$_26733#69754 had an out of bounds transparent region
2026-02-07 16:57:01.325  1015-1015  CompositionEngine       surfaceflinger                       D  Layer: com.trainingvalidator.poc/com.trainingvalidator.poc.ui.TrainingActivity$_26733#69754 had an out of bounds transparent region
2026-02-07 16:57:01.341  1015-1015  CompositionEngine       surfaceflinger                       D  Layer: com.trainingvalidator.poc/com.trainingvalidator.poc.ui.TrainingActivity$_26733#69754 had an out of bounds transparent region
2026-02-07 16:57:01.358  1015-1015  CompositionEngine       surfaceflinger                       D  Layer: com.trainingvalidator.poc/com.trainingvalidator.poc.ui.TrainingActivity$_26733#69754 had an out of bounds transparent region
2026-02-07 16:57:01.375  1015-1015  CompositionEngine       surfaceflinger                       D  Layer: com.trainingvalidator.poc/com.trainingvalidator.poc.ui.TrainingActivity$_26733#69754 had an out of bounds transparent region
2026-02-07 16:57:01.377  1015-1015  SurfaceFlinger          surfaceflinger                       D  Display 0 HWC layers:
                                                                                                     SOLID_COLOR |              | 0000 |  Unknown  |    0.0    0.0    0.0    0.0 |    0    0  720   45 | Letterbox - top#69757
                                                                                                         DEVICE | 0xec021800 | 0102 | 0x0000022    |    1.0  276.0  959.0  720.0 |    0   45  720 1600 | SurfaceView[com.trainingvalidator.po[...].ui.TrainingActivity]@0(BLAST)#69788
                                                                                                         DEVICE | 0xe680cb00 | 0100 | RGBA_8888    |    0.0    0.0  720.0 1555.0 |    0   45  720 1600 | com.trainingvalidator.poc/com.traini[...]poc.ui.TrainingActivity$_26733#69754
                                                                                                         DEVICE | 0xec021b00 | 0108 | RGBA_8888    |    0.0    0.0  720.0 1600.0 |    0    0  720 1600 | $_1975#101
                                                                                                         DEVICE | 0xe6836a80 | 0140 | RGBA_8888    |    0.0    0.0  720.0   45.0 |    0    0  720   45 | ScreenDecorOverlay$_1975#69795
2026-02-07 16:57:01.425 26733-26733 InsetsController        com.trainingvalidator.poc            I  cancelAnimation: types=statusBars, animType=1, host=com.trainingvalidator.poc/com.trainingvalidator.poc.ui.TrainingActivity, from=android.view.InsetsController.notifyFinished:1748 android.view.InsetsAnimationThreadControlRunner$1.lambda$notifyFinished$0:85 android.view.InsetsAnimationThreadControlRunner$1.$r8$lambda$RAf1SfIREsj9-wH5FOigMy6eLkM:0 
2026-02-07 16:57:01.726 26733-27537 PoseLandmarkerHelper    com.trainingvalidator.poc            D  PoseLandmarker initialized successfully with GPU=true, Model=Full (Balanced)
2026-02-07 16:57:01.727 26733-26733 TrainingActivity        com.trainingvalidator.poc            D  Pose detection ready
2026-02-07 16:57:01.755  1015-1015  BufferQueueProducer     surfaceflinger                       I  [SurfaceView[com.trainingvalidator.poc/com.trainingvalidator.poc.ui.TrainingActivity]@0(BLAST)#69788](this:0xe3d9c8b8,id:-1,api:0,p:-1,c:1015) queueBuffer: fps=21.35 dur=1030.22 max=66.42 min=17.28
2026-02-07 16:57:01.782 26733-30806 TransportR...EventStore com.trainingvalidator.poc            D  Storing event with priority=DEFAULT, name=COREML_ON_DEVICE_SOLUTIONS for destination cct
2026-02-07 16:57:01.788 26733-30806 TransportR...oScheduler com.trainingvalidator.poc            D  Scheduling upload for context TransportContext(cct, DEFAULT, MSRodHRwczovL2ZpcmViYXNlbG9nZ2luZy5nb29nbGVhcGlzLmNvbS92MGNjL2xvZy9iYXRjaD9mb3JtYXQ9anNvbl9wcm90bzNc) with jobId=898246501 in 30000ms(Backend next call timestamp 0). Attempt 1
2026-02-07 16:57:01.789 26733-30806 Compatibil...geReporter com.trainingvalidator.poc            D  Compat change id reported: 194532703; UID 10346; state: ENABLED
2026-02-07 16:57:01.789 26733-30806 Compatibil...geReporter com.trainingvalidator.poc            D  Compat change id reported: 253665015; UID 10346; state: ENABLED
2026-02-07 16:57:01.898 26733-30827 native                  com.trainingvalidator.poc            W  W0000 00:00:1770476221.898422   30827 landmark_projection_calculator.cc:81] Using NORM_RECT without IMAGE_DIMENSIONS is only supported for the square ROI. Provide IMAGE_DIMENSIONS or use PROJECTION_MATRIX.
2026-02-07 16:57:01.899 26733-30830 native                  com.trainingvalidator.poc            I  I0000 00:00:1770476221.899336   30830 jni_util.cc:43] GetEnv: not attached
2026-02-07 16:57:01.949 26733-30832 native                  com.trainingvalidator.poc            I  I0000 00:00:1770476221.949687   30832 jni_util.cc:43] GetEnv: not attached
2026-02-07 16:57:01.997 26733-30831 native                  com.trainingvalidator.poc            I  I0000 00:00:1770476221.997190   30831 jni_util.cc:43] GetEnv: not attached
2026-02-07 16:57:02.044 26733-26938 gralloc4                com.trainingvalidator.poc            I  @set_metadata: update dataspace from GM (0x00000000 -> 0x08010000)
2026-02-07 16:57:02.048 26733-26938 gralloc4                com.trainingvalidator.poc            I  @set_metadata: update dataspace from GM (0x00000000 -> 0x08010000)
2026-02-07 16:57:02.054  1015-1015  BufferQueueProducer     surfaceflinger                       I  [com.trainingvalidator.poc/com.trainingvalidator.poc.ui.TrainingActivity$_26733#69754](this:0xe3c9c0b8,id:-1,api:0,p:-1,c:1015) queueBuffer: fps=0.64 dur=4670.45 max=4321.28 min=17.11
2026-02-07 16:57:02.070 26733-26938 gralloc4                com.trainingvalidator.poc            I  @set_metadata: update dataspace from GM (0x00000000 -> 0x08010000)
2026-02-07 16:57:02.085 26733-26938 gralloc4                com.trainingvalidator.poc            I  @set_metadata: update dataspace from GM (0x00000000 -> 0x08010000)
2026-02-07 16:57:02.150 26733-30826 native                  com.trainingvalidator.poc            I  I0000 00:00:1770476222.150352   30826 jni_util.cc:43] GetEnv: not attached
2026-02-07 16:57:02.166 26733-26938 gralloc4                com.trainingvalidator.poc            I  @set_metadata: update dataspace from GM (0x00000000 -> 0x08010000)
2026-02-07 16:57:02.179 26733-26938 gralloc4                com.trainingvalidator.poc            I  @set_metadata: update dataspace from GM (0x00000000 -> 0x08010000)
2026-02-07 16:57:02.229 26733-26938 gralloc4                com.trainingvalidator.poc            I  @set_metadata: update dataspace from GM (0x00000000 -> 0x08010000)
2026-02-07 16:57:02.281 26733-26938 gralloc4                com.trainingvalidator.poc            I  @set_metadata: update dataspace from GM (0x00000000 -> 0x08010000)
2026-02-07 16:57:02.286 26733-30825 native                  com.trainingvalidator.poc            I  I0000 00:00:1770476222.286113   30825 jni_util.cc:43] GetEnv: not attached
2026-02-07 16:57:02.332 26733-26938 gralloc4                com.trainingvalidator.poc            I  @set_metadata: update dataspace from GM (0x00000000 -> 0x08010000)
2026-02-07 16:57:02.360 26733-26733 SessionSupervisor       com.trainingvalidator.poc            D  State: SETUP_POSE → COUNTDOWN
2026-02-07 16:57:02.361 26733-26733 SessionSupervisor       com.trainingvalidator.poc            D  Pose confirmed - starting countdown
2026-02-07 16:57:02.361 26733-26733 CountdownController     com.trainingvalidator.poc            D  Starting countdown from 3
2026-02-07 16:57:02.370 26733-26733 CountdownController     com.trainingvalidator.poc            D  Countdown tick: 3
2026-02-07 16:57:02.377 26733-26733 AudioFeedbackPlayer     com.trainingvalidator.poc            D  No audio URL, using TTS for: 3...
2026-02-07 16:57:02.377 26733-26733 AudioFeedbackPlayer     com.trainingvalidator.poc            W  TTS not ready, skipping: 3
2026-02-07 16:57:02.389 26733-26938 gralloc4                com.trainingvalidator.poc            I  @set_metadata: update dataspace from GM (0x00000000 -> 0x08010000)
2026-02-07 16:57:02.407 26733-26938 gralloc4                com.trainingvalidator.poc            I  @set_metadata: update dataspace from GM (0x00000000 -> 0x08010000)
2026-02-07 16:57:02.414 26733-26938 gralloc4                com.trainingvalidator.poc            I  @set_metadata: update dataspace from GM (0x00000000 -> 0x08010000)
2026-02-07 16:57:02.422 26733-26938 gralloc4                com.trainingvalidator.poc            I  @set_metadata: update dataspace from GM (0x00000000 -> 0x08010000)
2026-02-07 16:57:02.425 26733-30828 native                  com.trainingvalidator.poc            I  I0000 00:00:1770476222.425545   30828 jni_util.cc:43] GetEnv: not attached
2026-02-07 16:57:02.439 26733-26938 gralloc4                com.trainingvalidator.poc            I  @set_metadata: update dataspace from GM (0x00000000 -> 0x08010000)
2026-02-07 16:57:02.457 26733-26938 gralloc4                com.trainingvalidator.poc            I  @set_metadata: update dataspace from GM (0x00000000 -> 0x08010000)
2026-02-07 16:57:02.474 26733-26938 gralloc4                com.trainingvalidator.poc            I  @set_metadata: update dataspace from GM (0x00000000 -> 0x08010000)
2026-02-07 16:57:02.489 26733-26938 gralloc4                com.trainingvalidator.poc            I  @set_metadata: update dataspace from GM (0x00000000 -> 0x08010000)
2026-02-07 16:57:02.511 26733-26938 gralloc4                com.trainingvalidator.poc            I  @set_metadata: update dataspace from GM (0x00000000 -> 0x08010000)
2026-02-07 16:57:02.523 26733-26938 gralloc4                com.trainingvalidator.poc            I  @set_metadata: update dataspace from GM (0x00000000 -> 0x08010000)
2026-02-07 16:57:02.538 26733-26938 gralloc4                com.trainingvalidator.poc            I  @set_metadata: update dataspace from GM (0x00000000 -> 0x08010000)
2026-02-07 16:57:02.557 26733-26938 gralloc4                com.trainingvalidator.poc            I  @set_metadata: update dataspace from GM (0x00000000 -> 0x08010000)
2026-02-07 16:57:02.573 26733-26938 gralloc4                com.trainingvalidator.poc            I  @set_metadata: update dataspace from GM (0x00000000 -> 0x08010000)
2026-02-07 16:57:02.615 26733-26938 gralloc4                com.trainingvalidator.poc            I  @set_metadata: update dataspace from GM (0x00000000 -> 0x08010000)
2026-02-07 16:57:02.623 26733-26938 gralloc4                com.trainingvalidator.poc            I  @set_metadata: update dataspace from GM (0x00000000 -> 0x08010000)
2026-02-07 16:57:02.628 26733-26938 gralloc4                com.trainingvalidator.poc            I  @set_metadata: update dataspace from GM (0x00000000 -> 0x08010000)
2026-02-07 16:57:02.645 26733-26938 gralloc4                com.trainingvalidator.poc            I  @set_metadata: update dataspace from GM (0x00000000 -> 0x08010000)
2026-02-07 16:57:02.661 26733-26938 gralloc4                com.trainingvalidator.poc            I  @set_metadata: update dataspace from GM (0x00000000 -> 0x08010000)
2026-02-07 16:57:02.664 26733-30827 native                  com.trainingvalidator.poc            I  I0000 00:00:1770476222.663957   30827 jni_util.cc:43] GetEnv: not attached
2026-02-07 16:57:02.676 26733-26938 gralloc4                com.trainingvalidator.poc            I  @set_metadata: update dataspace from GM (0x00000000 -> 0x08010000)
2026-02-07 16:57:02.691 26733-26938 gralloc4                com.trainingvalidator.poc            I  @set_metadata: update dataspace from GM (0x00000000 -> 0x08010000)
2026-02-07 16:57:02.713 26733-26938 gralloc4                com.trainingvalidator.poc            I  @set_metadata: update dataspace from GM (0x00000000 -> 0x08010000)
2026-02-07 16:57:02.722 26733-26938 gralloc4                com.trainingvalidator.poc            I  @set_metadata: update dataspace from GM (0x00000000 -> 0x08010000)
2026-02-07 16:57:02.747 26733-26938 gralloc4                com.trainingvalidator.poc            I  @set_metadata: update dataspace from GM (0x00000000 -> 0x08010000)
2026-02-07 16:57:02.755 26733-26938 gralloc4                com.trainingvalidator.poc            I  @set_metadata: update dataspace from GM (0x00000000 -> 0x08010000)
2026-02-07 16:57:02.769  1015-1015  BufferQueueProducer     surfaceflinger                       I  [SurfaceView[com.trainingvalidator.poc/com.trainingvalidator.poc.ui.TrainingActivity]@0(BLAST)#69788](this:0xe3d9c8b8,id:-1,api:0,p:-1,c:1015) queueBuffer: fps=23.67 dur=1013.87 max=50.01 min=32.99
2026-02-07 16:57:02.774 26733-26938 gralloc4                com.trainingvalidator.poc            I  @set_metadata: update dataspace from GM (0x00000000 -> 0x08010000)
2026-02-07 16:57:02.792 26733-26938 gralloc4                com.trainingvalidator.poc            I  @set_metadata: update dataspace from GM (0x00000000 -> 0x08010000)
2026-02-07 16:57:02.803 26733-30829 native                  com.trainingvalidator.poc            I  I0000 00:00:1770476222.802913   30829 jni_util.cc:43] GetEnv: not attached
2026-02-07 16:57:02.809 26733-26938 gralloc4                com.trainingvalidator.poc            I  @set_metadata: update dataspace from GM (0x00000000 -> 0x08010000)
2026-02-07 16:57:02.825 26733-26938 gralloc4                com.trainingvalidator.poc            I  @set_metadata: update dataspace from GM (0x00000000 -> 0x08010000)
2026-02-07 16:57:02.838 26733-26743 ngvalidator.poc         com.trainingvalidator.poc            I  Background concurrent copying GC freed 584KB AllocSpace bytes, 10(11MB) LOS objects, 49% free, 13MB/26MB, paused 296us,70us total 117.583ms
2026-02-07 16:57:02.843 26733-26938 gralloc4                com.trainingvalidator.poc            I  @set_metadata: update dataspace from GM (0x00000000 -> 0x08010000)
2026-02-07 16:57:02.856 26733-26938 gralloc4                com.trainingvalidator.poc            I  @set_metadata: update dataspace from GM (0x00000000 -> 0x08010000)
2026-02-07 16:57:02.874 26733-26938 gralloc4                com.trainingvalidator.poc            I  @set_metadata: update dataspace from GM (0x00000000 -> 0x08010000)
2026-02-07 16:57:02.889 26733-26938 gralloc4                com.trainingvalidator.poc            I  @set_metadata: update dataspace from GM (0x00000000 -> 0x08010000)
2026-02-07 16:57:02.907 26733-26938 gralloc4                com.trainingvalidator.poc            I  @set_metadata: update dataspace from GM (0x00000000 -> 0x08010000)
2026-02-07 16:57:02.924 26733-26938 gralloc4                com.trainingvalidator.poc            I  @set_metadata: update dataspace from GM (0x00000000 -> 0x08010000)
2026-02-07 16:57:02.939 26733-26938 gralloc4                com.trainingvalidator.poc            I  @set_metadata: update dataspace from GM (0x00000000 -> 0x08010000)
2026-02-07 16:57:02.954 26733-26938 gralloc4                com.trainingvalidator.poc            I  @set_metadata: update dataspace from GM (0x00000000 -> 0x08010000)
2026-02-07 16:57:02.976 26733-26938 gralloc4                com.trainingvalidator.poc            I  @set_metadata: update dataspace from GM (0x00000000 -> 0x08010000)
2026-02-07 16:57:02.994 26733-26938 gralloc4                com.trainingvalidator.poc            I  @set_metadata: update dataspace from GM (0x00000000 -> 0x08010000)
2026-02-07 16:57:03.007 26733-26938 gralloc4                com.trainingvalidator.poc            I  @set_metadata: update dataspace from GM (0x00000000 -> 0x08010000)
2026-02-07 16:57:03.022 26733-26938 gralloc4                com.trainingvalidator.poc            I  @set_metadata: update dataspace from GM (0x00000000 -> 0x08010000)
2026-02-07 16:57:03.040 26733-26938 gralloc4                com.trainingvalidator.poc            I  @set_metadata: update dataspace from GM (0x00000000 -> 0x08010000)
2026-02-07 16:57:03.054 26733-26938 gralloc4                com.trainingvalidator.poc            I  @set_metadata: update dataspace from GM (0x00000000 -> 0x08010000)
2026-02-07 16:57:03.068  1015-1015  BufferQueueProducer     surfaceflinger                       I  [com.trainingvalidator.poc/com.trainingvalidator.poc.ui.TrainingActivity$_26733#69754](this:0xe3c9c0b8,id:-1,api:0,p:-1,c:1015) queueBuffer: fps=48.34 dur=1013.73 max=66.70 min=15.94
2026-02-07 16:57:03.074 26733-26938 gralloc4                com.trainingvalidator.poc            I  @set_metadata: update dataspace from GM (0x00000000 -> 0x08010000)
2026-02-07 16:57:03.089 26733-26938 gralloc4                com.trainingvalidator.poc            I  @set_metadata: update dataspace from GM (0x00000000 -> 0x08010000)
2026-02-07 16:57:03.105 26733-26938 gralloc4                com.trainingvalidator.poc            I  @set_metadata: update dataspace from GM (0x00000000 -> 0x08010000)
2026-02-07 16:57:03.126 26733-26938 gralloc4                com.trainingvalidator.poc            I  @set_metadata: update dataspace from GM (0x00000000 -> 0x08010000)
2026-02-07 16:57:03.139 26733-26938 gralloc4                com.trainingvalidator.poc            I  @set_metadata: update dataspace from GM (0x00000000 -> 0x08010000)
2026-02-07 16:57:03.154 26733-26938 gralloc4                com.trainingvalidator.poc            I  @set_metadata: update dataspace from GM (0x00000000 -> 0x08010000)
2026-02-07 16:57:03.170 26733-26938 gralloc4                com.trainingvalidator.poc            I  @set_metadata: update dataspace from GM (0x00000000 -> 0x08010000)
2026-02-07 16:57:03.187 26733-26938 gralloc4                com.trainingvalidator.poc            I  @set_metadata: update dataspace from GM (0x00000000 -> 0x08010000)
2026-02-07 16:57:03.262 26733-26938 gralloc4                com.trainingvalidator.poc            I  @set_metadata: update dataspace from GM (0x00000000 -> 0x08010000)
2026-02-07 16:57:03.289 26733-26938 gralloc4                com.trainingvalidator.poc            I  @set_metadata: update dataspace from GM (0x00000000 -> 0x08010000)
2026-02-07 16:57:03.347 26733-26938 gralloc4                com.trainingvalidator.poc            I  @set_metadata: update dataspace from GM (0x00000000 -> 0x08010000)
2026-02-07 16:57:03.355 26733-26938 gralloc4                com.trainingvalidator.poc            I  @set_metadata: update dataspace from GM (0x00000000 -> 0x08010000)
2026-02-07 16:57:03.370 26733-26733 CountdownController     com.trainingvalidator.poc            D  Countdown tick: 2
2026-02-07 16:57:03.371 26733-26733 AudioFeedbackPlayer     com.trainingvalidator.poc            D  No audio URL, using TTS for: 2...
2026-02-07 16:57:03.371 26733-26733 AudioFeedbackPlayer     com.trainingvalidator.poc            W  TTS not ready, skipping: 2
2026-02-07 16:57:03.394 26733-26938 gralloc4                com.trainingvalidator.poc            I  @set_metadata: update dataspace from GM (0x00000000 -> 0x08010000)
2026-02-07 16:57:03.404 26733-26938 gralloc4                com.trainingvalidator.poc            I  @set_metadata: update dataspace from GM (0x00000000 -> 0x08010000)
2026-02-07 16:57:03.420 26733-26938 gralloc4                com.trainingvalidator.poc            I  @set_metadata: update dataspace from GM (0x00000000 -> 0x08010000)
2026-02-07 16:57:03.438 26733-26938 gralloc4                com.trainingvalidator.poc            I  @set_metadata: update dataspace from GM (0x00000000 -> 0x08010000)
2026-02-07 16:57:03.456 26733-26938 gralloc4                com.trainingvalidator.poc            I  @set_metadata: update dataspace from GM (0x00000000 -> 0x08010000)
2026-02-07 16:57:03.474 26733-26938 gralloc4                com.trainingvalidator.poc            I  @set_metadata: update dataspace from GM (0x00000000 -> 0x08010000)
2026-02-07 16:57:03.487 26733-26938 gralloc4                com.trainingvalidator.poc            I  @set_metadata: update dataspace from GM (0x00000000 -> 0x08010000)
2026-02-07 16:57:03.504 26733-26938 gralloc4                com.trainingvalidator.poc            I  @set_metadata: update dataspace from GM (0x00000000 -> 0x08010000)
2026-02-07 16:57:03.525 26733-26938 gralloc4                com.trainingvalidator.poc            I  @set_metadata: update dataspace from GM (0x00000000 -> 0x08010000)
2026-02-07 16:57:03.540 26733-26938 gralloc4                com.trainingvalidator.poc            I  @set_metadata: update dataspace from GM (0x00000000 -> 0x08010000)
2026-02-07 16:57:03.562 26733-26938 gralloc4                com.trainingvalidator.poc            I  @set_metadata: update dataspace from GM (0x00000000 -> 0x08010000)
2026-02-07 16:57:03.569 26733-26938 gralloc4                com.trainingvalidator.poc            I  @set_metadata: update dataspace from GM (0x00000000 -> 0x08010000)
2026-02-07 16:57:03.588 26733-26938 gralloc4                com.trainingvalidator.poc            I  @set_metadata: update dataspace from GM (0x00000000 -> 0x08010000)
2026-02-07 16:57:03.604 26733-26938 gralloc4                com.trainingvalidator.poc            I  @set_metadata: update dataspace from GM (0x00000000 -> 0x08010000)
2026-02-07 16:57:03.628 26733-26938 gralloc4                com.trainingvalidator.poc            I  @set_metadata: update dataspace from GM (0x00000000 -> 0x08010000)
2026-02-07 16:57:03.637 26733-26938 gralloc4                com.trainingvalidator.poc            I  @set_metadata: update dataspace from GM (0x00000000 -> 0x08010000)
2026-02-07 16:57:03.656 26733-26938 gralloc4                com.trainingvalidator.poc            I  @set_metadata: update dataspace from GM (0x00000000 -> 0x08010000)
2026-02-07 16:57:03.669 26733-26938 gralloc4                com.trainingvalidator.poc            I  @set_metadata: update dataspace from GM (0x00000000 -> 0x08010000)
2026-02-07 16:57:03.691 26733-26938 gralloc4                com.trainingvalidator.poc            I  @set_metadata: update dataspace from GM (0x00000000 -> 0x08010000)
2026-02-07 16:57:03.702 26733-26938 gralloc4                com.trainingvalidator.poc            I  @set_metadata: update dataspace from GM (0x00000000 -> 0x08010000)
2026-02-07 16:57:03.718 26733-26938 gralloc4                com.trainingvalidator.poc            I  @set_metadata: update dataspace from GM (0x00000000 -> 0x08010000)
2026-02-07 16:57:03.742 26733-26938 gralloc4                com.trainingvalidator.poc            I  @set_metadata: update dataspace from GM (0x00000000 -> 0x08010000)
2026-02-07 16:57:03.758 26733-26938 gralloc4                com.trainingvalidator.poc            I  @set_metadata: update dataspace from GM (0x00000000 -> 0x08010000)
2026-02-07 16:57:03.768 26733-26938 gralloc4                com.trainingvalidator.poc            I  @set_metadata: update dataspace from GM (0x00000000 -> 0x08010000)
2026-02-07 16:57:03.782  1015-1015  BufferQueueProducer     surfaceflinger                       I  [SurfaceView[com.trainingvalidator.poc/com.trainingvalidator.poc.ui.TrainingActivity]@0(BLAST)#69788](this:0xe3d9c8b8,id:-1,api:0,p:-1,c:1015) queueBuffer: fps=22.69 dur=1013.51 max=50.56 min=32.81
2026-02-07 16:57:03.788 26733-26938 gralloc4                com.trainingvalidator.poc            I  @set_metadata: update dataspace from GM (0x00000000 -> 0x08010000)
2026-02-07 16:57:03.812 26733-26938 gralloc4                com.trainingvalidator.poc            I  @set_metadata: update dataspace from GM (0x00000000 -> 0x08010000)
2026-02-07 16:57:03.825 26733-26938 gralloc4                com.trainingvalidator.poc            I  @set_metadata: update dataspace from GM (0x00000000 -> 0x08010000)
2026-02-07 16:57:03.840 26733-26938 gralloc4                com.trainingvalidator.poc            I  @set_metadata: update dataspace from GM (0x00000000 -> 0x08010000)
2026-02-07 16:57:03.857 26733-26938 gralloc4                com.trainingvalidator.poc            I  @set_metadata: update dataspace from GM (0x00000000 -> 0x08010000)
2026-02-07 16:57:03.873 26733-26938 gralloc4                com.trainingvalidator.poc            I  @set_metadata: update dataspace from GM (0x00000000 -> 0x08010000)
2026-02-07 16:57:03.886 26733-26938 gralloc4                com.trainingvalidator.poc            I  @set_metadata: update dataspace from GM (0x00000000 -> 0x08010000)
2026-02-07 16:57:03.910 26733-26938 gralloc4                com.trainingvalidator.poc            I  @set_metadata: update dataspace from GM (0x00000000 -> 0x08010000)
2026-02-07 16:57:03.921 26733-26938 gralloc4                com.trainingvalidator.poc            I  @set_metadata: update dataspace from GM (0x00000000 -> 0x08010000)
2026-02-07 16:57:03.935 26733-26938 gralloc4                com.trainingvalidator.poc            I  @set_metadata: update dataspace from GM (0x00000000 -> 0x08010000)
2026-02-07 16:57:03.952 26733-26938 gralloc4                com.trainingvalidator.poc            I  @set_metadata: update dataspace from GM (0x00000000 -> 0x08010000)
2026-02-07 16:57:03.969 26733-26938 gralloc4                com.trainingvalidator.poc            I  @set_metadata: update dataspace from GM (0x00000000 -> 0x08010000)
2026-02-07 16:57:03.986 26733-26938 gralloc4                com.trainingvalidator.poc            I  @set_metadata: update dataspace from GM (0x00000000 -> 0x08010000)
2026-02-07 16:57:04.003 26733-26938 gralloc4                com.trainingvalidator.poc            I  @set_metadata: update dataspace from GM (0x00000000 -> 0x08010000)
2026-02-07 16:57:04.019 26733-26938 gralloc4                com.trainingvalidator.poc            I  @set_metadata: update dataspace from GM (0x00000000 -> 0x08010000)
2026-02-07 16:57:04.036 26733-26938 gralloc4                com.trainingvalidator.poc            I  @set_metadata: update dataspace from GM (0x00000000 -> 0x08010000)
2026-02-07 16:57:04.056 26733-26938 gralloc4                com.trainingvalidator.poc            I  @set_metadata: update dataspace from GM (0x00000000 -> 0x08010000)
2026-02-07 16:57:04.070 26733-26938 gralloc4                com.trainingvalidator.poc            I  @set_metadata: update dataspace from GM (0x00000000 -> 0x08010000)
2026-02-07 16:57:04.082  1015-1015  BufferQueueProducer     surfaceflinger                       I  [com.trainingvalidator.poc/com.trainingvalidator.poc.ui.TrainingActivity$_26733#69754](this:0xe3c9c0b8,id:-1,api:0,p:-1,c:1015) queueBuffer: fps=54.26 dur=1013.71 max=49.79 min=15.55
2026-02-07 16:57:04.089 26733-26938 gralloc4                com.trainingvalidator.poc            I  @set_metadata: update dataspace from GM (0x00000000 -> 0x08010000)
2026-02-07 16:57:04.100 26733-26938 gralloc4                com.trainingvalidator.poc            I  @set_metadata: update dataspace from GM (0x00000000 -> 0x08010000)
2026-02-07 16:57:04.122 26733-26938 gralloc4                com.trainingvalidator.poc            I  @set_metadata: update dataspace from GM (0x00000000 -> 0x08010000)
2026-02-07 16:57:04.135 26733-26938 gralloc4                com.trainingvalidator.poc            I  @set_metadata: update dataspace from GM (0x00000000 -> 0x08010000)
2026-02-07 16:57:04.152 26733-26938 gralloc4                com.trainingvalidator.poc            I  @set_metadata: update dataspace from GM (0x00000000 -> 0x08010000)
2026-02-07 16:57:04.168 26733-26938 gralloc4                com.trainingvalidator.poc            I  @set_metadata: update dataspace from GM (0x00000000 -> 0x08010000)
2026-02-07 16:57:04.186 26733-26938 gralloc4                com.trainingvalidator.poc            I  @set_metadata: update dataspace from GM (0x00000000 -> 0x08010000)
2026-02-07 16:57:04.203 26733-26938 gralloc4                com.trainingvalidator.poc            I  @set_metadata: update dataspace from GM (0x00000000 -> 0x08010000)
2026-02-07 16:57:04.254 26733-26938 gralloc4                com.trainingvalidator.poc            I  @set_metadata: update dataspace from GM (0x00000000 -> 0x08010000)
2026-02-07 16:57:04.284 26733-26938 gralloc4                com.trainingvalidator.poc            I  @set_metadata: update dataspace from GM (0x00000000 -> 0x08010000)
2026-02-07 16:57:04.360 26733-26938 gralloc4                com.trainingvalidator.poc            I  @set_metadata: update dataspace from GM (0x00000000 -> 0x08010000)
2026-02-07 16:57:04.385 26733-26733 CountdownController     com.trainingvalidator.poc            D  Countdown tick: 1
2026-02-07 16:57:04.386 26733-26733 AudioFeedbackPlayer     com.trainingvalidator.poc            D  No audio URL, using TTS for: 1...
2026-02-07 16:57:04.386 26733-26733 AudioFeedbackPlayer     com.trainingvalidator.poc            W  TTS not ready, skipping: 1
2026-02-07 16:57:04.390 26733-26938 gralloc4                com.trainingvalidator.poc            I  @set_metadata: update dataspace from GM (0x00000000 -> 0x08010000)
2026-02-07 16:57:04.409 26733-26938 gralloc4                com.trainingvalidator.poc            I  @set_metadata: update dataspace from GM (0x00000000 -> 0x08010000)
2026-02-07 16:57:04.423 26733-26938 gralloc4                com.trainingvalidator.poc            I  @set_metadata: update dataspace from GM (0x00000000 -> 0x08010000)
2026-02-07 16:57:04.441 26733-26938 gralloc4                com.trainingvalidator.poc            I  @set_metadata: update dataspace from GM (0x00000000 -> 0x08010000)
2026-02-07 16:57:04.450 26733-26938 gralloc4                com.trainingvalidator.poc            I  @set_metadata: update dataspace from GM (0x00000000 -> 0x08010000)
2026-02-07 16:57:04.478 26733-26938 gralloc4                com.trainingvalidator.poc            I  @set_metadata: update dataspace from GM (0x00000000 -> 0x08010000)
2026-02-07 16:57:04.490 26733-26938 gralloc4                com.trainingvalidator.poc            I  @set_metadata: update dataspace from GM (0x00000000 -> 0x08010000)
2026-02-07 16:57:04.507 26733-26938 gralloc4                com.trainingvalidator.poc            I  @set_metadata: update dataspace from GM (0x00000000 -> 0x08010000)
2026-02-07 16:57:04.521 26733-26938 gralloc4                com.trainingvalidator.poc            I  @set_metadata: update dataspace from GM (0x00000000 -> 0x08010000)
2026-02-07 16:57:04.534 26733-26938 gralloc4                com.trainingvalidator.poc            I  @set_metadata: update dataspace from GM (0x00000000 -> 0x08010000)
2026-02-07 16:57:04.552 26733-26938 gralloc4                com.trainingvalidator.poc            I  @set_metadata: update dataspace from GM (0x00000000 -> 0x08010000)
2026-02-07 16:57:04.572 26733-26938 gralloc4                com.trainingvalidator.poc            I  @set_metadata: update dataspace from GM (0x00000000 -> 0x08010000)
2026-02-07 16:57:04.589 26733-26938 gralloc4                com.trainingvalidator.poc            I  @set_metadata: update dataspace from GM (0x00000000 -> 0x08010000)
2026-02-07 16:57:04.603 26733-26938 gralloc4                com.trainingvalidator.poc            I  @set_metadata: update dataspace from GM (0x00000000 -> 0x08010000)
2026-02-07 16:57:04.619 26733-26938 gralloc4                com.trainingvalidator.poc            I  @set_metadata: update dataspace from GM (0x00000000 -> 0x08010000)
2026-02-07 16:57:04.637 26733-26938 gralloc4                com.trainingvalidator.poc            I  @set_metadata: update dataspace from GM (0x00000000 -> 0x08010000)
2026-02-07 16:57:04.651 26733-26938 gralloc4                com.trainingvalidator.poc            I  @set_metadata: update dataspace from GM (0x00000000 -> 0x08010000)
2026-02-07 16:57:04.666 26733-26938 gralloc4                com.trainingvalidator.poc            I  @set_metadata: update dataspace from GM (0x00000000 -> 0x08010000)
2026-02-07 16:57:04.685 26733-26938 gralloc4                com.trainingvalidator.poc            I  @set_metadata: update dataspace from GM (0x00000000 -> 0x08010000)
2026-02-07 16:57:04.700 26733-26938 gralloc4                com.trainingvalidator.poc            I  @set_metadata: update dataspace from GM (0x00000000 -> 0x08010000)
2026-02-07 16:57:04.723 26733-26938 gralloc4                com.trainingvalidator.poc            I  @set_metadata: update dataspace from GM (0x00000000 -> 0x08010000)
2026-02-07 16:57:04.737 26733-26938 gralloc4                com.trainingvalidator.poc            I  @set_metadata: update dataspace from GM (0x00000000 -> 0x08010000)
2026-02-07 16:57:04.756 26733-26938 gralloc4                com.trainingvalidator.poc            I  @set_metadata: update dataspace from GM (0x00000000 -> 0x08010000)
2026-02-07 16:57:04.768 26733-26938 gralloc4                com.trainingvalidator.poc            I  @set_metadata: update dataspace from GM (0x00000000 -> 0x08010000)
2026-02-07 16:57:04.796  1015-1015  BufferQueueProducer     surfaceflinger                       I  [SurfaceView[com.trainingvalidator.poc/com.trainingvalidator.poc.ui.TrainingActivity]@0(BLAST)#69788](this:0xe3d9c8b8,id:-1,api:0,p:-1,c:1015) queueBuffer: fps=19.72 dur=1013.98 max=66.64 min=33.08
2026-02-07 16:57:04.797 26733-26938 gralloc4                com.trainingvalidator.poc            I  @set_metadata: update dataspace from GM (0x00000000 -> 0x08010000)
2026-02-07 16:57:04.802 26733-26938 gralloc4                com.trainingvalidator.poc            I  @set_metadata: update dataspace from GM (0x00000000 -> 0x08010000)
2026-02-07 16:57:04.817 26733-26938 gralloc4                com.trainingvalidator.poc            I  @set_metadata: update dataspace from GM (0x00000000 -> 0x08010000)
2026-02-07 16:57:04.833 26733-26938 gralloc4                com.trainingvalidator.poc            I  @set_metadata: update dataspace from GM (0x00000000 -> 0x08010000)
2026-02-07 16:57:04.855 26733-26938 gralloc4                com.trainingvalidator.poc            I  @set_metadata: update dataspace from GM (0x00000000 -> 0x08010000)
2026-02-07 16:57:04.869 26733-26938 gralloc4                com.trainingvalidator.poc            I  @set_metadata: update dataspace from GM (0x00000000 -> 0x08010000)
2026-02-07 16:57:04.884 26733-26938 gralloc4                com.trainingvalidator.poc            I  @set_metadata: update dataspace from GM (0x00000000 -> 0x08010000)
2026-02-07 16:57:04.902 26733-26938 gralloc4                com.trainingvalidator.poc            I  @set_metadata: update dataspace from GM (0x00000000 -> 0x08010000)
2026-02-07 16:57:04.918 26733-26938 gralloc4                com.trainingvalidator.poc            I  @set_metadata: update dataspace from GM (0x00000000 -> 0x08010000)
2026-02-07 16:57:04.932 26733-26938 gralloc4                com.trainingvalidator.poc            I  @set_metadata: update dataspace from GM (0x00000000 -> 0x08010000)
2026-02-07 16:57:04.948 26733-26938 gralloc4                com.trainingvalidator.poc            I  @set_metadata: update dataspace from GM (0x00000000 -> 0x08010000)
2026-02-07 16:57:04.966 26733-26938 gralloc4                com.trainingvalidator.poc            I  @set_metadata: update dataspace from GM (0x00000000 -> 0x08010000)
2026-02-07 16:57:04.982 26733-26938 gralloc4                com.trainingvalidator.poc            I  @set_metadata: update dataspace from GM (0x00000000 -> 0x08010000)
2026-02-07 16:57:04.998 26733-26938 gralloc4                com.trainingvalidator.poc            I  @set_metadata: update dataspace from GM (0x00000000 -> 0x08010000)
2026-02-07 16:57:05.016 26733-26938 gralloc4                com.trainingvalidator.poc            I  @set_metadata: update dataspace from GM (0x00000000 -> 0x08010000)
2026-02-07 16:57:05.033 26733-26938 gralloc4                com.trainingvalidator.poc            I  @set_metadata: update dataspace from GM (0x00000000 -> 0x08010000)
2026-02-07 16:57:05.049 26733-26938 gralloc4                com.trainingvalidator.poc            I  @set_metadata: update dataspace from GM (0x00000000 -> 0x08010000)
2026-02-07 16:57:05.067 26733-26938 gralloc4                com.trainingvalidator.poc            I  @set_metadata: update dataspace from GM (0x00000000 -> 0x08010000)
2026-02-07 16:57:05.082 26733-26938 gralloc4                com.trainingvalidator.poc            I  @set_metadata: update dataspace from GM (0x00000000 -> 0x08010000)
2026-02-07 16:57:05.096  1015-1015  BufferQueueProducer     surfaceflinger                       I  [com.trainingvalidator.poc/com.trainingvalidator.poc.ui.TrainingActivity$_26733#69754](this:0xe3c9c0b8,id:-1,api:0,p:-1,c:1015) queueBuffer: fps=52.27 dur=1013.88 max=66.43 min=15.48
2026-02-07 16:57:05.098 26733-26938 gralloc4                com.trainingvalidator.poc            I  @set_metadata: update dataspace from GM (0x00000000 -> 0x08010000)
2026-02-07 16:57:05.119 26733-26938 gralloc4                com.trainingvalidator.poc            I  @set_metadata: update dataspace from GM (0x00000000 -> 0x08010000)
2026-02-07 16:57:05.136 26733-26938 gralloc4                com.trainingvalidator.poc            I  @set_metadata: update dataspace from GM (0x00000000 -> 0x08010000)
2026-02-07 16:57:05.153 26733-26938 gralloc4                com.trainingvalidator.poc            I  @set_metadata: update dataspace from GM (0x00000000 -> 0x08010000)
2026-02-07 16:57:05.171 26733-26938 gralloc4                com.trainingvalidator.poc            I  @set_metadata: update dataspace from GM (0x00000000 -> 0x08010000)
2026-02-07 16:57:05.184 26733-26938 gralloc4                com.trainingvalidator.poc            I  @set_metadata: update dataspace from GM (0x00000000 -> 0x08010000)
2026-02-07 16:57:05.205 26733-26938 gralloc4                com.trainingvalidator.poc            I  @set_metadata: update dataspace from GM (0x00000000 -> 0x08010000)
2026-02-07 16:57:05.274 26733-26938 gralloc4                com.trainingvalidator.poc            I  @set_metadata: update dataspace from GM (0x00000000 -> 0x08010000)
2026-02-07 16:57:05.323 26733-26938 gralloc4                com.trainingvalidator.poc            I  @set_metadata: update dataspace from GM (0x00000000 -> 0x08010000)
2026-02-07 16:57:05.363 26733-26733 CountdownController     com.trainingvalidator.poc            D  Countdown finished!
2026-02-07 16:57:05.374 26733-26733 AudioFeedbackPlayer     com.trainingvalidator.poc            D  No audio URL, using TTS for: ابدأ!...
2026-02-07 16:57:05.374 26733-26733 AudioFeedbackPlayer     com.trainingvalidator.poc            W  TTS not ready, skipping: ابدأ!
2026-02-07 16:57:05.375 26733-26938 gralloc4                com.trainingvalidator.poc            I  @set_metadata: update dataspace from GM (0x00000000 -> 0x08010000)
2026-02-07 16:57:05.388 26733-26938 gralloc4                com.trainingvalidator.poc            I  @set_metadata: update dataspace from GM (0x00000000 -> 0x08010000)
2026-02-07 16:57:05.405 26733-26938 gralloc4                com.trainingvalidator.poc            I  @set_metadata: update dataspace from GM (0x00000000 -> 0x08010000)
2026-02-07 16:57:05.422 26733-26938 gralloc4                com.trainingvalidator.poc            I  @set_metadata: update dataspace from GM (0x00000000 -> 0x08010000)
2026-02-07 16:57:05.427 26733-26743 ngvalidator.poc         com.trainingvalidator.poc            I  Background concurrent copying GC freed 542KB AllocSpace bytes, 10(11MB) LOS objects, 49% free, 13MB/26MB, paused 65us,84us total 139.120ms
2026-02-07 16:57:05.431 26733-26938 gralloc4                com.trainingvalidator.poc            I  @set_metadata: update dataspace from GM (0x00000000 -> 0x08010000)
2026-02-07 16:57:05.447 26733-26938 gralloc4                com.trainingvalidator.poc            I  @set_metadata: update dataspace from GM (0x00000000 -> 0x08010000)
2026-02-07 16:57:05.467 26733-26938 gralloc4                com.trainingvalidator.poc            I  @set_metadata: update dataspace from GM (0x00000000 -> 0x08010000)
2026-02-07 16:57:05.482 26733-26938 gralloc4                com.trainingvalidator.poc            I  @set_metadata: update dataspace from GM (0x00000000 -> 0x08010000)
2026-02-07 16:57:05.499 26733-26938 gralloc4                com.trainingvalidator.poc            I  @set_metadata: update dataspace from GM (0x00000000 -> 0x08010000)
2026-02-07 16:57:05.519 26733-26938 gralloc4                com.trainingvalidator.poc            I  @set_metadata: update dataspace from GM (0x00000000 -> 0x08010000)
2026-02-07 16:57:05.531 26733-26938 gralloc4                com.trainingvalidator.poc            I  @set_metadata: update dataspace from GM (0x00000000 -> 0x08010000)
2026-02-07 16:57:05.547 26733-26938 gralloc4                com.trainingvalidator.poc            I  @set_metadata: update dataspace from GM (0x00000000 -> 0x08010000)
2026-02-07 16:57:05.567 26733-26938 gralloc4                com.trainingvalidator.poc            I  @set_metadata: update dataspace from GM (0x00000000 -> 0x08010000)
2026-02-07 16:57:05.584 26733-26938 gralloc4                com.trainingvalidator.poc            I  @set_metadata: update dataspace from GM (0x00000000 -> 0x08010000)
2026-02-07 16:57:05.602 26733-26938 gralloc4                com.trainingvalidator.poc            I  @set_metadata: update dataspace from GM (0x00000000 -> 0x08010000)
2026-02-07 16:57:05.614 26733-26938 gralloc4                com.trainingvalidator.poc            I  @set_metadata: update dataspace from GM (0x00000000 -> 0x08010000)
2026-02-07 16:57:05.633 26733-26938 gralloc4                com.trainingvalidator.poc            I  @set_metadata: update dataspace from GM (0x00000000 -> 0x08010000)
2026-02-07 16:57:05.648 26733-26938 gralloc4                com.trainingvalidator.poc            I  @set_metadata: update dataspace from GM (0x00000000 -> 0x08010000)
2026-02-07 16:57:05.665 26733-26938 gralloc4                com.trainingvalidator.poc            I  @set_metadata: update dataspace from GM (0x00000000 -> 0x08010000)
2026-02-07 16:57:05.685 26733-26938 gralloc4                com.trainingvalidator.poc            I  @set_metadata: update dataspace from GM (0x00000000 -> 0x08010000)
2026-02-07 16:57:05.698 26733-26938 gralloc4                com.trainingvalidator.poc            I  @set_metadata: update dataspace from GM (0x00000000 -> 0x08010000)
2026-02-07 16:57:05.730 26733-26938 gralloc4                com.trainingvalidator.poc            I  @set_metadata: update dataspace from GM (0x00000000 -> 0x08010000)
2026-02-07 16:57:05.796 26733-26938 gralloc4                com.trainingvalidator.poc            I  @set_metadata: update dataspace from GM (0x00000000 -> 0x08010000)
2026-02-07 16:57:05.832 26733-26938 gralloc4                com.trainingvalidator.poc            I  @set_metadata: update dataspace from GM (0x00000000 -> 0x08010000)
2026-02-07 16:57:05.860  1015-1015  BufferQueueProducer     surfaceflinger                       I  [SurfaceView[com.trainingvalidator.poc/com.trainingvalidator.poc.ui.TrainingActivity]@0(BLAST)#69788](this:0xe3d9c8b8,id:-1,api:0,p:-1,c:1015) queueBuffer: fps=19.75 dur=1063.27 max=66.60 min=33.09
2026-02-07 16:57:05.881 26733-26938 gralloc4                com.trainingvalidator.poc            I  @set_metadata: update dataspace from GM (0x00000000 -> 0x08010000)
2026-02-07 16:57:05.930 26733-26938 gralloc4                com.trainingvalidator.poc            I  @set_metadata: update dataspace from GM (0x00000000 -> 0x08010000)
2026-02-07 16:57:05.947 26733-26938 gralloc4                com.trainingvalidator.poc            I  @set_metadata: update dataspace from GM (0x00000000 -> 0x08010000)
2026-02-07 16:57:05.964 26733-26938 gralloc4                com.trainingvalidator.poc            I  @set_metadata: update dataspace from GM (0x00000000 -> 0x08010000)
2026-02-07 16:57:05.980 26733-26938 gralloc4                com.trainingvalidator.poc            I  @set_metadata: update dataspace from GM (0x00000000 -> 0x08010000)
2026-02-07 16:57:05.996 26733-26938 gralloc4                com.trainingvalidator.poc            I  @set_metadata: update dataspace from GM (0x00000000 -> 0x08010000)
2026-02-07 16:57:06.015 26733-26938 gralloc4                com.trainingvalidator.poc            I  @set_metadata: update dataspace from GM (0x00000000 -> 0x08010000)
2026-02-07 16:57:06.032 26733-26938 gralloc4                com.trainingvalidator.poc            I  @set_metadata: update dataspace from GM (0x00000000 -> 0x08010000)
2026-02-07 16:57:06.081 26733-26938 gralloc4                com.trainingvalidator.poc            I  @set_metadata: update dataspace from GM (0x00000000 -> 0x08010000)
2026-02-07 16:57:06.130 26733-26938 gralloc4                com.trainingvalidator.poc            I  @set_metadata: update dataspace from GM (0x00000000 -> 0x08010000)
2026-02-07 16:57:06.142  1015-1015  BufferQueueProducer     surfaceflinger                       I  [com.trainingvalidator.poc/com.trainingvalidator.poc.ui.TrainingActivity$_26733#69754](this:0xe3c9c0b8,id:-1,api:0,p:-1,c:1015) queueBuffer: fps=42.04 dur=1046.65 max=66.43 min=15.56
2026-02-07 16:57:06.199 26733-26938 gralloc4                com.trainingvalidator.poc            I  @set_metadata: update dataspace from GM (0x00000000 -> 0x08010000)
2026-02-07 16:57:06.234 26733-26733 SessionSupervisor       com.trainingvalidator.poc            D  State: COUNTDOWN → TRAINING
2026-02-07 16:57:06.234 26733-26733 MessageOrchestrator     com.trainingvalidator.poc            D  All message states reset
2026-02-07 16:57:06.234 26733-26733 FeedbackManager         com.trainingvalidator.poc            D  Message states reset
2026-02-07 16:57:06.234 26733-26733 FormValidator           com.trainingvalidator.poc            D  FormValidator state reset
2026-02-07 16:57:06.234 26733-26733 VisibilityMonitor       com.trainingvalidator.poc            D  VisibilityMonitor reset
2026-02-07 16:57:06.235 26733-26733 MotionRecorder          com.trainingvalidator.poc            D  Motion recording started. Tracking 2 joints: [right_elbow, right_shoulder]
2026-02-07 16:57:06.236 26733-26733 TrainingEngine          com.trainingvalidator.poc            D  Training started (REPS mode)
2026-02-07 16:57:06.248 26733-26733 SessionSupervisor       com.trainingvalidator.poc            D  Countdown finished - starting training
2026-02-07 16:57:06.267 26733-26938 gralloc4                com.trainingvalidator.poc            I  @set_metadata: update dataspace from GM (0x00000000 -> 0x08010000)
2026-02-07 16:57:06.278  1015-1015  CompositionEngine       surfaceflinger                       D  Layer: com.trainingvalidator.poc/com.trainingvalidator.poc.ui.TrainingActivity$_26733#69754 had an out of bounds transparent region
2026-02-07 16:57:06.280 26733-26938 gralloc4                com.trainingvalidator.poc            I  @set_metadata: update dataspace from GM (0x00000000 -> 0x08010000)
2026-02-07 16:57:06.289 26733-26733 MessageOrchestrator     com.trainingvalidator.poc            D  Message decision: state:right_shoulder:PERFECT:UP_ZONE -> AUDIO_AND_VISUAL (repeat #1)
2026-02-07 16:57:06.289 26733-26733 FeedbackManager         com.trainingvalidator.poc            D  LocalizedText has NO audio URL for ar. Text: ممتاز - الذراع ثابتة...
2026-02-07 16:57:06.289 26733-26733 AudioFeedbackPlayer     com.trainingvalidator.poc            D  Skipping playback (cooldown): ممتاز - الذراع ثابتة
2026-02-07 16:57:06.293  1511-5425  VibratorManagerService  system_server                        D  vibrate - uid: 10346, opPkg: com.trainingvalidator.poc, effect: Mono{mEffect=Composed{segments=[Step{amplitude=0.0, frequencyHz=0.0, duration=0}, Step{amplitude=-1.0, frequencyHz=0.0, duration=40}], repeat=-1, mMagnitudeType=TYPE_EXTRA}}, attrs: VibrationAttributes: Usage=UNKNOWN Audio Usage= USAGE_UNKNOWN tags= Flags=0, reason: null, token: android.os.BinderProxy@39fc5e6
2026-02-07 16:57:06.328  1015-1015  CompositionEngine       surfaceflinger                       D  Layer: com.trainingvalidator.poc/com.trainingvalidator.poc.ui.TrainingActivity$_26733#69754 had an out of bounds transparent region
2026-02-07 16:57:06.503 26733-26938 gralloc4                com.trainingvalidator.poc            I  @set_metadata: update dataspace from GM (0x00000000 -> 0x08010000)
2026-02-07 16:57:06.505 26733-26938 gralloc4                com.trainingvalidator.poc            I  @set_metadata: update dataspace from GM (0x00000000 -> 0x08010000)
2026-02-07 16:57:06.508 26733-26938 gralloc4                com.trainingvalidator.poc            I  @set_metadata: update dataspace from GM (0x00000000 -> 0x08010000)
2026-02-07 16:57:06.519 26733-26938 gralloc4                com.trainingvalidator.poc            I  @set_metadata: update dataspace from GM (0x00000000 -> 0x08010000)
2026-02-07 16:57:06.541 26733-26938 gralloc4                com.trainingvalidator.poc            I  @set_metadata: update dataspace from GM (0x00000000 -> 0x08010000)
