2026-02-07 16:57:20.138 26733-27537 PhaseStateMachine       com.trainingvalidator.poc            D  Phase transition rejected - too fast (242ms < 300ms)
2026-02-07 16:57:20.142 26733-26733 MessageOrchestrator     com.trainingvalidator.poc            D  Preempting streak:3 (20) with state:right_elbow:NORMAL:DOWN_ZONE (30)
2026-02-07 16:57:20.142 26733-26733 FeedbackManager         com.trainingvalidator.poc            D  Message silenced: جيد، حاول الثني أكثر (repeat #1)
2026-02-07 16:57:20.168  1015-1015  BufferQueueProducer     surfaceflinger                       I  [SurfaceView[com.trainingvalidator.poc/com.trainingvalidator.poc.ui.TrainingActivity]@0(BLAST)#69788](this:0xe3d9c8b8,id:-1,api:0,p:-1,c:1015) queueBuffer: fps=19.73 dur=1013.65 max=66.77 min=49.27
2026-02-07 16:57:20.172 26733-26938 gralloc4                com.trainingvalidator.poc            I  @set_metadata: update dataspace from GM (0x00000000 -> 0x08010000)
2026-02-07 16:57:20.191 26733-27537 PhaseStateMachine       com.trainingvalidator.poc            D  Entered DOWN range: 93.9974155432381 (0.0-100.0)
2026-02-07 16:57:20.191 26733-27537 PhaseStateMachine       com.trainingvalidator.poc            D  Phase: DOWN → BOTTOM
2026-02-07 16:57:20.195 26733-26938 mali_config             com.trainingvalidator.poc            I  @get_buffer_dataspace_setting: update dataspace from GE (0x00000000 -> 0x08020000)
2026-02-07 16:57:20.208 26733-30974 SurfaceViewImpl         com.trainingvalidator.poc            D  PreviewView.SurfaceViewImplementation.getBitmap() succeeded
2026-02-07 16:57:20.336 26733-26733 FrameCaptureManager     com.trainingvalidator.poc            D  Captured PEAK_FRAME for rep 4: b1b1caaf
2026-02-07 16:57:20.336 26733-26733 TrainingActivity        com.trainingvalidator.poc            D  Captured peak frame for rep 4 at phase BOTTOM
2026-02-07 16:57:20.363 26733-26938 gralloc4                com.trainingvalidator.poc            I  @set_metadata: update dataspace from GM (0x00000000 -> 0x08010000)
2026-02-07 16:57:20.371 26733-26938 gralloc4                com.trainingvalidator.poc            I  @set_metadata: update dataspace from GM (0x00000000 -> 0x08010000)
2026-02-07 16:57:20.376 26733-26938 gralloc4                com.trainingvalidator.poc            I  @set_metadata: update dataspace from GM (0x00000000 -> 0x08010000)
2026-02-07 16:57:20.440 26733-26733 FeedbackManager         com.trainingvalidator.poc            D  Message silenced: ممتاز! ثني مثالي (repeat #0)
2026-02-07 16:57:20.442 26733-26733 FeedbackManager         com.trainingvalidator.poc            D  Message silenced: ممتاز - الذراع ثابتة (repeat #1)
2026-02-07 16:57:20.444 26733-26938 gralloc4                com.trainingvalidator.poc            I  @set_metadata: update dataspace from GM (0x00000000 -> 0x08010000)
2026-02-07 16:57:20.464 26733-26938 gralloc4                com.trainingvalidator.poc            I  @set_metadata: update dataspace from GM (0x00000000 -> 0x08010000)
2026-02-07 16:57:20.498 26733-26938 gralloc4                com.trainingvalidator.poc            I  @set_metadata: update dataspace from GM (0x00000000 -> 0x08010000)
2026-02-07 16:57:20.548 26733-26938 gralloc4                com.trainingvalidator.poc            I  @set_metadata: update dataspace from GM (0x00000000 -> 0x08010000)
2026-02-07 16:57:20.550  1015-1015  BufferQueueProducer     surfaceflinger                       I  [com.trainingvalidator.poc/com.trainingvalidator.poc.ui.TrainingActivity$_26733#69754](this:0xe3c9c0b8,id:-1,api:0,p:-1,c:1015) queueBuffer: fps=20.06 dur=1046.99 max=182.60 min=16.50
2026-02-07 16:57:20.599 26733-26938 gralloc4                com.trainingvalidator.poc            I  @set_metadata: update dataspace from GM (0x00000000 -> 0x08010000)
2026-02-07 16:57:20.652 26733-26938 gralloc4                com.trainingvalidator.poc            I  @set_metadata: update dataspace from GM (0x00000000 -> 0x08010000)
2026-02-07 16:57:20.703 26733-26938 gralloc4                com.trainingvalidator.poc            I  @set_metadata: update dataspace from GM (0x00000000 -> 0x08010000)
2026-02-07 16:57:20.743 26733-26743 ngvalidator.poc         com.trainingvalidator.poc            I  Background concurrent copying GC freed 623KB AllocSpace bytes, 11(12MB) LOS objects, 49% free, 13MB/26MB, paused 172us,75us total 130.998ms
2026-02-07 16:57:20.755 26733-26938 gralloc4                com.trainingvalidator.poc            I  @set_metadata: update dataspace from GM (0x00000000 -> 0x08010000)
2026-02-07 16:57:20.788 26733-26938 gralloc4                com.trainingvalidator.poc            I  @set_metadata: update dataspace from GM (0x00000000 -> 0x08010000)
2026-02-07 16:57:20.833 26733-26938 gralloc4                com.trainingvalidator.poc            I  @set_metadata: update dataspace from GM (0x00000000 -> 0x08010000)
2026-02-07 16:57:20.887 26733-26938 gralloc4                com.trainingvalidator.poc            I  @set_metadata: update dataspace from GM (0x00000000 -> 0x08010000)
2026-02-07 16:57:20.954 26733-26938 gralloc4                com.trainingvalidator.poc            I  @set_metadata: update dataspace from GM (0x00000000 -> 0x08010000)
2026-02-07 16:57:20.980 26733-26938 gralloc4                com.trainingvalidator.poc            I  @set_metadata: update dataspace from GM (0x00000000 -> 0x08010000)
2026-02-07 16:57:21.029 26733-26938 gralloc4                com.trainingvalidator.poc            I  @set_metadata: update dataspace from GM (0x00000000 -> 0x08010000)
2026-02-07 16:57:21.081 26733-26938 gralloc4                com.trainingvalidator.poc            I  @set_metadata: update dataspace from GM (0x00000000 -> 0x08010000)
2026-02-07 16:57:21.134 26733-26938 gralloc4                com.trainingvalidator.poc            I  @set_metadata: update dataspace from GM (0x00000000 -> 0x08010000)
2026-02-07 16:57:21.182  1015-1015  BufferQueueProducer     surfaceflinger                       I  [SurfaceView[com.trainingvalidator.poc/com.trainingvalidator.poc.ui.TrainingActivity]@0(BLAST)#69788](this:0xe3d9c8b8,id:-1,api:0,p:-1,c:1015) queueBuffer: fps=19.73 dur=1013.67 max=67.03 min=32.45
2026-02-07 16:57:21.183 26733-26938 gralloc4                com.trainingvalidator.poc            I  @set_metadata: update dataspace from GM (0x00000000 -> 0x08010000)
2026-02-07 16:57:21.215 26733-26938 gralloc4                com.trainingvalidator.poc            I  @set_metadata: update dataspace from GM (0x00000000 -> 0x08010000)
2026-02-07 16:57:21.245 26733-26743 ngvalidator.poc         com.trainingvalidator.poc            I  Background concurrent copying GC freed 593KB AllocSpace bytes, 11(12MB) LOS objects, 49% free, 12MB/24MB, paused 166us,74us total 100.167ms
2026-02-07 16:57:21.280 26733-26938 gralloc4                com.trainingvalidator.poc            I  @set_metadata: update dataspace from GM (0x00000000 -> 0x08010000)
2026-02-07 16:57:21.335 26733-26938 gralloc4                com.trainingvalidator.poc            I  @set_metadata: update dataspace from GM (0x00000000 -> 0x08010000)
2026-02-07 16:57:21.360 26733-26733 MessageOrchestrator     com.trainingvalidator.poc            D  Message decision: random:-434786350 -> AUDIO_AND_VISUAL (repeat #1)
2026-02-07 16:57:21.360 26733-26733 AudioFeedbackPlayer     com.trainingvalidator.poc            D  No audio URL, using TTS for: ممتاز! عضلات قوية!...
2026-02-07 16:57:21.360 26733-26733 AudioFeedbackPlayer     com.trainingvalidator.poc            W  TTS not ready, skipping: ممتاز! عضلات قوية!
2026-02-07 16:57:21.361  1511-5406  VibratorManagerService  system_server                        D  vibrate - uid: 10346, opPkg: com.trainingvalidator.poc, effect: Mono{mEffect=Composed{segments=[Step{amplitude=-1.0, frequencyHz=0.0, duration=30}], repeat=-1, mMagnitudeType=TYPE_EXTRA}}, attrs: VibrationAttributes: Usage=UNKNOWN Audio Usage= USAGE_UNKNOWN tags= Flags=0, reason: null, token: android.os.BinderProxy@39fc5e6
2026-02-07 16:57:21.363 26733-26733 FeedbackManager         com.trainingvalidator.poc            D  Random message delivered: ممتاز! عضلات قوية!
2026-02-07 16:57:21.382 26733-26938 gralloc4                com.trainingvalidator.poc            I  @set_metadata: update dataspace from GM (0x00000000 -> 0x08010000)
2026-02-07 16:57:21.388 26733-26938 gralloc4                com.trainingvalidator.poc            I  @set_metadata: update dataspace from GM (0x00000000 -> 0x08010000)
2026-02-07 16:57:21.412 26733-26733 MessageOrchestrator     com.trainingvalidator.poc            D  Preempting random:-434786350 (20) with state:right_elbow:NORMAL:DOWN_ZONE (30)
2026-02-07 16:57:21.412 26733-26733 FeedbackManager         com.trainingvalidator.poc            D  Message silenced: جيد، حاول الثني أكثر (repeat #1)
2026-02-07 16:57:21.435 26733-26938 gralloc4                com.trainingvalidator.poc            I  @set_metadata: update dataspace from GM (0x00000000 -> 0x08010000)
2026-02-07 16:57:21.480 26733-26938 gralloc4                com.trainingvalidator.poc            I  @set_metadata: update dataspace from GM (0x00000000 -> 0x08010000)
2026-02-07 16:57:21.535 26733-26938 gralloc4                com.trainingvalidator.poc            I  @set_metadata: update dataspace from GM (0x00000000 -> 0x08010000)
2026-02-07 16:57:21.583 26733-26938 gralloc4                com.trainingvalidator.poc            I  @set_metadata: update dataspace from GM (0x00000000 -> 0x08010000)
2026-02-07 16:57:21.597  1015-1015  BufferQueueProducer     surfaceflinger                       I  [com.trainingvalidator.poc/com.trainingvalidator.poc.ui.TrainingActivity$_26733#69754](this:0xe3c9c0b8,id:-1,api:0,p:-1,c:1015) queueBuffer: fps=21.01 dur=1047.00 max=66.93 min=16.42
2026-02-07 16:57:21.603 26733-27537 PhaseStateMachine       com.trainingvalidator.poc            D  Left DOWN range, ascending: 106.78653452071988
2026-02-07 16:57:21.603 26733-27537 PhaseStateMachine       com.trainingvalidator.poc            D  Phase: BOTTOM → UP
2026-02-07 16:57:21.636 26733-26938 gralloc4                com.trainingvalidator.poc            I  @set_metadata: update dataspace from GM (0x00000000 -> 0x08010000)
2026-02-07 16:57:21.684 26733-26938 gralloc4                com.trainingvalidator.poc            I  @set_metadata: update dataspace from GM (0x00000000 -> 0x08010000)
2026-02-07 16:57:21.733 26733-26938 gralloc4                com.trainingvalidator.poc            I  @set_metadata: update dataspace from GM (0x00000000 -> 0x08010000)
2026-02-07 16:57:21.758 26733-26743 ngvalidator.poc         com.trainingvalidator.poc            I  Background concurrent copying GC freed 576KB AllocSpace bytes, 10(11MB) LOS objects, 49% free, 13MB/26MB, paused 121us,71us total 116.203ms
2026-02-07 16:57:21.801 26733-26938 gralloc4                com.trainingvalidator.poc            I  @set_metadata: update dataspace from GM (0x00000000 -> 0x08010000)
2026-02-07 16:57:21.850 26733-26938 gralloc4                com.trainingvalidator.poc            I  @set_metadata: update dataspace from GM (0x00000000 -> 0x08010000)
2026-02-07 16:57:21.899 26733-26938 gralloc4                com.trainingvalidator.poc            I  @set_metadata: update dataspace from GM (0x00000000 -> 0x08010000)
2026-02-07 16:57:21.916 26733-27537 PhaseStateMachine       com.trainingvalidator.poc            D  ★ Requesting REP completion - Entered UP range: 136.43578066006938
2026-02-07 16:57:21.916 26733-27537 PhaseStateMachine       com.trainingvalidator.poc            D  Phase: UP → START
2026-02-07 16:57:21.916 26733-27537 PhaseStateMachine       com.trainingvalidator.poc            D  ★ REP COMPLETED! (validated)
2026-02-07 16:57:21.919 26733-27537 RepCounter              com.trainingvalidator.poc            D  Weighted score: 100%, worst=PERFECT, dangerJoints=[]
2026-02-07 16:57:21.919 26733-27537 RepCounter              com.trainingvalidator.poc            D  Rep 4 completed. Score: 100.0, WorstState: NORMAL, Counted: true, Invalidated: false
2026-02-07 16:57:21.921 26733-26733 FeedbackManager         com.trainingvalidator.poc            D  Message silenced: ممتاز! ذراعك مفرودة (repeat #1)
2026-02-07 16:57:21.922 26733-27537 MotionRecorder          com.trainingvalidator.poc            D  Rep 4 finalized: 56 frames processed → metrics saved, frames DISCARDED
2026-02-07 16:57:21.922 26733-27537 TrainingEngine          com.trainingvalidator.poc            D  Rep 4 completed. Correct: 4/4
2026-02-07 16:57:21.924  1511-5406  VibratorManagerService  system_server                        D  vibrate - uid: 10346, opPkg: com.trainingvalidator.poc, effect: Mono{mEffect=Composed{segments=[Step{amplitude=0.0, frequencyHz=0.0, duration=0}, Step{amplitude=-1.0, frequencyHz=0.0, duration=40}], repeat=-1, mMagnitudeType=TYPE_EXTRA}}, attrs: VibrationAttributes: Usage=UNKNOWN Audio Usage= USAGE_UNKNOWN tags= Flags=0, reason: null, token: android.os.BinderProxy@39fc5e6
2026-02-07 16:57:21.927 26733-26733 FrameCaptureManager     com.trainingvalidator.poc            D  Max best reps (3) reached, skipping
2026-02-07 16:57:21.953 26733-26938 gralloc4                com.trainingvalidator.poc            I  @set_metadata: update dataspace from GM (0x00000000 -> 0x08010000)
2026-02-07 16:57:21.958 26733-26938 gralloc4                com.trainingvalidator.poc            I  @set_metadata: update dataspace from GM (0x00000000 -> 0x08010000)
2026-02-07 16:57:21.982 26733-26938 gralloc4                com.trainingvalidator.poc            I  @set_metadata: update dataspace from GM (0x00000000 -> 0x08010000)
2026-02-07 16:57:21.993 26733-26938 gralloc4                com.trainingvalidator.poc            I  @set_metadata: update dataspace from GM (0x00000000 -> 0x08010000)
2026-02-07 16:57:22.003 26733-26938 gralloc4                com.trainingvalidator.poc            I  @set_metadata: update dataspace from GM (0x00000000 -> 0x08010000)
2026-02-07 16:57:22.020 26733-26938 gralloc4                com.trainingvalidator.poc            I  @set_metadata: update dataspace from GM (0x00000000 -> 0x08010000)
2026-02-07 16:57:22.049 26733-26938 gralloc4                com.trainingvalidator.poc            I  @set_metadata: update dataspace from GM (0x00000000 -> 0x08010000)
2026-02-07 16:57:22.059 26733-26938 gralloc4                com.trainingvalidator.poc            I  @set_metadata: update dataspace from GM (0x00000000 -> 0x08010000)
2026-02-07 16:57:22.075 26733-26938 gralloc4                com.trainingvalidator.poc            I  @set_metadata: update dataspace from GM (0x00000000 -> 0x08010000)
2026-02-07 16:57:22.096 26733-26938 gralloc4                com.trainingvalidator.poc            I  @set_metadata: update dataspace from GM (0x00000000 -> 0x08010000)
2026-02-07 16:57:22.104 26733-26938 gralloc4                com.trainingvalidator.poc            I  @set_metadata: update dataspace from GM (0x00000000 -> 0x08010000)
2026-02-07 16:57:22.118 26733-26938 gralloc4                com.trainingvalidator.poc            I  @set_metadata: update dataspace from GM (0x00000000 -> 0x08010000)
2026-02-07 16:57:22.137 26733-26938 gralloc4                com.trainingvalidator.poc            I  @set_metadata: update dataspace from GM (0x00000000 -> 0x08010000)
2026-02-07 16:57:22.161 26733-26938 gralloc4                com.trainingvalidator.poc            I  @set_metadata: update dataspace from GM (0x00000000 -> 0x08010000)
2026-02-07 16:57:22.172 26733-26938 gralloc4                com.trainingvalidator.poc            I  @set_metadata: update dataspace from GM (0x00000000 -> 0x08010000)
2026-02-07 16:57:22.184 26733-26938 gralloc4                com.trainingvalidator.poc            I  @set_metadata: update dataspace from GM (0x00000000 -> 0x08010000)
2026-02-07 16:57:22.215 26733-26938 gralloc4                com.trainingvalidator.poc            I  @set_metadata: update dataspace from GM (0x00000000 -> 0x08010000)
2026-02-07 16:57:22.218 26733-26938 gralloc4                com.trainingvalidator.poc            I  @set_metadata: update dataspace from GM (0x00000000 -> 0x08010000)
2026-02-07 16:57:22.229  1015-1015  BufferQueueProducer     surfaceflinger                       I  [SurfaceView[com.trainingvalidator.poc/com.trainingvalidator.poc.ui.TrainingActivity]@0(BLAST)#69788](this:0xe3d9c8b8,id:-1,api:0,p:-1,c:1015) queueBuffer: fps=20.06 dur=1047.03 max=66.63 min=32.96
2026-02-07 16:57:22.260 26733-26938 gralloc4                com.trainingvalidator.poc            I  @set_metadata: update dataspace from GM (0x00000000 -> 0x08010000)
2026-02-07 16:57:22.324 26733-26938 gralloc4                com.trainingvalidator.poc            I  @set_metadata: update dataspace from GM (0x00000000 -> 0x08010000)
2026-02-07 16:57:22.384 26733-26938 gralloc4                com.trainingvalidator.poc            I  @set_metadata: update dataspace from GM (0x00000000 -> 0x08010000)
2026-02-07 16:57:22.390 26733-26743 ngvalidator.poc         com.trainingvalidator.poc            I  Background concurrent copying GC freed 653KB AllocSpace bytes, 11(12MB) LOS objects, 49% free, 14MB/29MB, paused 115us,94us total 157.549ms
2026-02-07 16:57:22.391 26733-26938 gralloc4                com.trainingvalidator.poc            I  @set_metadata: update dataspace from GM (0x00000000 -> 0x08010000)
2026-02-07 16:57:22.423 26733-26938 gralloc4                com.trainingvalidator.poc            I  @set_metadata: update dataspace from GM (0x00000000 -> 0x08010000)
2026-02-07 16:57:22.434 26733-26938 gralloc4                com.trainingvalidator.poc            I  @set_metadata: update dataspace from GM (0x00000000 -> 0x08010000)
2026-02-07 16:57:22.457 26733-26938 gralloc4                com.trainingvalidator.poc            I  @set_metadata: update dataspace from GM (0x00000000 -> 0x08010000)
2026-02-07 16:57:22.477 26733-26733 FeedbackManager         com.trainingvalidator.poc            D  Message silenced: ممتاز - الذراع ثابتة (repeat #1)
2026-02-07 16:57:22.491 26733-26938 gralloc4                com.trainingvalidator.poc            I  @set_metadata: update dataspace from GM (0x00000000 -> 0x08010000)
2026-02-07 16:57:22.541 26733-26938 gralloc4                com.trainingvalidator.poc            I  @set_metadata: update dataspace from GM (0x00000000 -> 0x08010000)
2026-02-07 16:57:22.594 26733-26938 gralloc4                com.trainingvalidator.poc            I  @set_metadata: update dataspace from GM (0x00000000 -> 0x08010000)
2026-02-07 16:57:22.611  1015-1015  BufferQueueProducer     surfaceflinger                       I  [com.trainingvalidator.poc/com.trainingvalidator.poc.ui.TrainingActivity$_26733#69754](this:0xe3c9c0b8,id:-1,api:0,p:-1,c:1015) queueBuffer: fps=33.55 dur=1013.56 max=66.62 min=15.47
2026-02-07 16:57:22.650 26733-26938 gralloc4                com.trainingvalidator.poc            I  @set_metadata: update dataspace from GM (0x00000000 -> 0x08010000)
2026-02-07 16:57:22.694 26733-26938 gralloc4                com.trainingvalidator.poc            I  @set_metadata: update dataspace from GM (0x00000000 -> 0x08010000)
2026-02-07 16:57:22.742 26733-26938 gralloc4                com.trainingvalidator.poc            I  @set_metadata: update dataspace from GM (0x00000000 -> 0x08010000)
2026-02-07 16:57:22.793 26733-26938 gralloc4                com.trainingvalidator.poc            I  @set_metadata: update dataspace from GM (0x00000000 -> 0x08010000)
2026-02-07 16:57:22.850 26733-26938 gralloc4                com.trainingvalidator.poc            I  @set_metadata: update dataspace from GM (0x00000000 -> 0x08010000)
2026-02-07 16:57:22.912 26733-26938 gralloc4                com.trainingvalidator.poc            I  @set_metadata: update dataspace from GM (0x00000000 -> 0x08010000)
2026-02-07 16:57:22.932 26733-26743 ngvalidator.poc         com.trainingvalidator.poc            I  Background concurrent copying GC freed 657KB AllocSpace bytes, 12(14MB) LOS objects, 49% free, 13MB/26MB, paused 68us,141us total 128.011ms
2026-02-07 16:57:22.934 26733-27538 PhaseStateMachine       com.trainingvalidator.poc            D  Left UP range, starting descent: 125.99781612511306
2026-02-07 16:57:22.934 26733-27538 PhaseStateMachine       com.trainingvalidator.poc            D  Phase: START → DOWN
2026-02-07 16:57:22.959 26733-26938 gralloc4                com.trainingvalidator.poc            I  @set_metadata: update dataspace from GM (0x00000000 -> 0x08010000)
2026-02-07 16:57:22.997 26733-26938 gralloc4                com.trainingvalidator.poc            I  @set_metadata: update dataspace from GM (0x00000000 -> 0x08010000)
2026-02-07 16:57:23.064 26733-26938 gralloc4                com.trainingvalidator.poc            I  @set_metadata: update dataspace from GM (0x00000000 -> 0x08010000)
2026-02-07 16:57:23.091 26733-26938 gralloc4                com.trainingvalidator.poc            I  @set_metadata: update dataspace from GM (0x00000000 -> 0x08010000)
2026-02-07 16:57:23.148 26733-26938 gralloc4                com.trainingvalidator.poc            I  @set_metadata: update dataspace from GM (0x00000000 -> 0x08010000)
2026-02-07 16:57:23.169 26733-27538 PhaseStateMachine       com.trainingvalidator.poc            D  Entered DOWN range: 97.90196249613355 (0.0-100.0)
2026-02-07 16:57:23.170 26733-27538 PhaseStateMachine       com.trainingvalidator.poc            D  Phase transition rejected - too fast (258ms < 300ms)
2026-02-07 16:57:23.174 26733-26733 MessageOrchestrator     com.trainingvalidator.poc            D  Preempting random:-434786350 (20) with state:right_elbow:NORMAL:DOWN_ZONE (30)
2026-02-07 16:57:23.174 26733-26733 FeedbackManager         com.trainingvalidator.poc            D  Message silenced: جيد، حاول الثني أكثر (repeat #1)
2026-02-07 16:57:23.194 26733-26938 gralloc4                com.trainingvalidator.poc            I  @set_metadata: update dataspace from GM (0x00000000 -> 0x08010000)
2026-02-07 16:57:23.215 26733-27538 PhaseStateMachine       com.trainingvalidator.poc            D  Entered DOWN range: 93.78204473873825 (0.0-100.0)
2026-02-07 16:57:23.215 26733-27538 PhaseStateMachine       com.trainingvalidator.poc            D  Phase: DOWN → BOTTOM
2026-02-07 16:57:23.218 26733-26938 mali_config             com.trainingvalidator.poc            I  @get_buffer_dataspace_setting: update dataspace from GE (0x00000000 -> 0x08020000)
2026-02-07 16:57:23.228 26733-31002 SurfaceViewImpl         com.trainingvalidator.poc            D  PreviewView.SurfaceViewImplementation.getBitmap() succeeded
2026-02-07 16:57:23.242  1015-1015  BufferQueueProducer     surfaceflinger                       I  [SurfaceView[com.trainingvalidator.poc/com.trainingvalidator.poc.ui.TrainingActivity]@0(BLAST)#69788](this:0xe3d9c8b8,id:-1,api:0,p:-1,c:1015) queueBuffer: fps=19.73 dur=1013.65 max=66.49 min=33.15
2026-02-07 16:57:23.315 26733-26733 FrameCaptureManager     com.trainingvalidator.poc            D  Captured PEAK_FRAME for rep 5: 10c63d52
2026-02-07 16:57:23.315 26733-26733 TrainingActivity        com.trainingvalidator.poc            D  Captured peak frame for rep 5 at phase BOTTOM
2026-02-07 16:57:23.331 26733-26938 gralloc4                com.trainingvalidator.poc            I  @set_metadata: update dataspace from GM (0x00000000 -> 0x08010000)
2026-02-07 16:57:23.336 26733-26938 gralloc4                com.trainingvalidator.poc            I  @set_metadata: update dataspace from GM (0x00000000 -> 0x08010000)
2026-02-07 16:57:23.403 26733-26938 gralloc4                com.trainingvalidator.poc            I  @set_metadata: update dataspace from GM (0x00000000 -> 0x08010000)
2026-02-07 16:57:23.404 26733-26733 MessageOrchestrator     com.trainingvalidator.poc            D  Message decision: state:right_elbow:PERFECT:DOWN_ZONE -> AUDIO_AND_VISUAL (repeat #1)
2026-02-07 16:57:23.404 26733-26733 FeedbackManager         com.trainingvalidator.poc            D  LocalizedText has NO audio URL for ar. Text: ممتاز! ثني مثالي...
2026-02-07 16:57:23.405 26733-26733 AudioFeedbackPlayer     com.trainingvalidator.poc            D  No audio URL, using TTS for: ممتاز! ثني مثالي...
2026-02-07 16:57:23.405 26733-26733 AudioFeedbackPlayer     com.trainingvalidator.poc            W  TTS not ready, skipping: ممتاز! ثني مثالي
2026-02-07 16:57:23.406  1511-5406  VibratorManagerService  system_server                        D  vibrate - uid: 10346, opPkg: com.trainingvalidator.poc, effect: Mono{mEffect=Composed{segments=[Step{amplitude=0.0, frequencyHz=0.0, duration=0}, Step{amplitude=-1.0, frequencyHz=0.0, duration=40}], repeat=-1, mMagnitudeType=TYPE_EXTRA}}, attrs: VibrationAttributes: Usage=UNKNOWN Audio Usage= USAGE_UNKNOWN tags= Flags=0, reason: null, token: android.os.BinderProxy@39fc5e6
2026-02-07 16:57:23.423 26733-26938 gralloc4                com.trainingvalidator.poc            I  @set_metadata: update dataspace from GM (0x00000000 -> 0x08010000)
2026-02-07 16:57:23.476 26733-26938 gralloc4                com.trainingvalidator.poc            I  @set_metadata: update dataspace from GM (0x00000000 -> 0x08010000)
2026-02-07 16:57:23.512 26733-26938 gralloc4                com.trainingvalidator.poc            I  @set_metadata: update dataspace from GM (0x00000000 -> 0x08010000)
2026-02-07 16:57:23.561 26733-26938 gralloc4                com.trainingvalidator.poc            I  @set_metadata: update dataspace from GM (0x00000000 -> 0x08010000)
2026-02-07 16:57:23.568 26733-26743 ngvalidator.poc         com.trainingvalidator.poc            I  Background concurrent copying GC freed 620KB AllocSpace bytes, 11(12MB) LOS objects, 49% free, 13MB/26MB, paused 144us,75us total 127.005ms
2026-02-07 16:57:23.605 26733-26938 gralloc4                com.trainingvalidator.poc            I  @set_metadata: update dataspace from GM (0x00000000 -> 0x08010000)
2026-02-07 16:57:23.657 26733-26938 gralloc4                com.trainingvalidator.poc            I  @set_metadata: update dataspace from GM (0x00000000 -> 0x08010000)
2026-02-07 16:57:23.675  1015-1015  BufferQueueProducer     surfaceflinger                       I  [com.trainingvalidator.poc/com.trainingvalidator.poc.ui.TrainingActivity$_26733#69754](this:0xe3c9c0b8,id:-1,api:0,p:-1,c:1015) queueBuffer: fps=19.74 dur=1063.63 max=133.15 min=16.37
2026-02-07 16:57:23.705 26733-26938 gralloc4                com.trainingvalidator.poc            I  @set_metadata: update dataspace from GM (0x00000000 -> 0x08010000)
2026-02-07 16:57:23.755 26733-26938 gralloc4                com.trainingvalidator.poc            I  @set_metadata: update dataspace from GM (0x00000000 -> 0x08010000)
2026-02-07 16:57:23.807 26733-26938 gralloc4                com.trainingvalidator.poc            I  @set_metadata: update dataspace from GM (0x00000000 -> 0x08010000)
2026-02-07 16:57:23.856 26733-26938 gralloc4                com.trainingvalidator.poc            I  @set_metadata: update dataspace from GM (0x00000000 -> 0x08010000)
2026-02-07 16:57:23.908 26733-26938 gralloc4                com.trainingvalidator.poc            I  @set_metadata: update dataspace from GM (0x00000000 -> 0x08010000)
2026-02-07 16:57:23.959 26733-26938 gralloc4                com.trainingvalidator.poc            I  @set_metadata: update dataspace from GM (0x00000000 -> 0x08010000)
2026-02-07 16:57:24.000 26733-26938 gralloc4                com.trainingvalidator.poc            I  @set_metadata: update dataspace from GM (0x00000000 -> 0x08010000)
2026-02-07 16:57:24.022 26733-26938 gralloc4                com.trainingvalidator.poc            I  @set_metadata: update dataspace from GM (0x00000000 -> 0x08010000)
2026-02-07 16:57:24.060 26733-26938 gralloc4                com.trainingvalidator.poc            I  @set_metadata: update dataspace from GM (0x00000000 -> 0x08010000)
2026-02-07 16:57:24.113 26733-26743 ngvalidator.poc         com.trainingvalidator.poc            I  Background concurrent copying GC freed 579KB AllocSpace bytes, 11(12MB) LOS objects, 49% free, 13MB/26MB, paused 165us,75us total 131.891ms
2026-02-07 16:57:24.116 26733-26938 gralloc4                com.trainingvalidator.poc            I  @set_metadata: update dataspace from GM (0x00000000 -> 0x08010000)
2026-02-07 16:57:24.156 26733-26938 gralloc4                com.trainingvalidator.poc            I  @set_metadata: update dataspace from GM (0x00000000 -> 0x08010000)
2026-02-07 16:57:24.208 26733-26938 gralloc4                com.trainingvalidator.poc            I  @set_metadata: update dataspace from GM (0x00000000 -> 0x08010000)
2026-02-07 16:57:24.256  1015-1015  BufferQueueProducer     surfaceflinger                       I  [SurfaceView[com.trainingvalidator.poc/com.trainingvalidator.poc.ui.TrainingActivity]@0(BLAST)#69788](this:0xe3d9c8b8,id:-1,api:0,p:-1,c:1015) queueBuffer: fps=19.73 dur=1013.74 max=66.45 min=33.22
2026-02-07 16:57:24.272 26733-26938 gralloc4                com.trainingvalidator.poc            I  @set_metadata: update dataspace from GM (0x00000000 -> 0x08010000)
2026-02-07 16:57:24.304 26733-26938 gralloc4                com.trainingvalidator.poc            I  @set_metadata: update dataspace from GM (0x00000000 -> 0x08010000)
2026-02-07 16:57:24.355 26733-26938 gralloc4                com.trainingvalidator.poc            I  @set_metadata: update dataspace from GM (0x00000000 -> 0x08010000)
2026-02-07 16:57:24.391 26733-26938 gralloc4                com.trainingvalidator.poc            I  @set_metadata: update dataspace from GM (0x00000000 -> 0x08010000)
2026-02-07 16:57:24.406 26733-26938 gralloc4                com.trainingvalidator.poc            I  @set_metadata: update dataspace from GM (0x00000000 -> 0x08010000)
2026-02-07 16:57:24.454 26733-26938 gralloc4                com.trainingvalidator.poc            I  @set_metadata: update dataspace from GM (0x00000000 -> 0x08010000)
2026-02-07 16:57:24.481 26733-26733 MessageOrchestrator     com.trainingvalidator.poc            D  Preempting state:right_elbow:PERFECT:DOWN_ZONE (20) with state:right_elbow:NORMAL:DOWN_ZONE (30)
2026-02-07 16:57:24.481 26733-26733 FeedbackManager         com.trainingvalidator.poc            D  Message silenced: جيد، حاول الثني أكثر (repeat #1)
2026-02-07 16:57:24.483 26733-26733 FeedbackManager         com.trainingvalidator.poc            D  Message silenced: ممتاز - الذراع ثابتة (repeat #1)
2026-02-07 16:57:24.505 26733-26938 gralloc4                com.trainingvalidator.poc            I  @set_metadata: update dataspace from GM (0x00000000 -> 0x08010000)
2026-02-07 16:57:24.558 26733-26938 gralloc4                com.trainingvalidator.poc            I  @set_metadata: update dataspace from GM (0x00000000 -> 0x08010000)
2026-02-07 16:57:24.606 26733-26938 gralloc4                com.trainingvalidator.poc            I  @set_metadata: update dataspace from GM (0x00000000 -> 0x08010000)
2026-02-07 16:57:24.638 26733-26743 ngvalidator.poc         com.trainingvalidator.poc            I  Background concurrent copying GC freed 595KB AllocSpace bytes, 11(12MB) LOS objects, 49% free, 13MB/26MB, paused 160us,88us total 117.863ms
2026-02-07 16:57:24.641 26733-27537 PhaseStateMachine       com.trainingvalidator.poc            D  Left DOWN range, ascending: 105.47371029913108
2026-02-07 16:57:24.641 26733-27537 PhaseStateMachine       com.trainingvalidator.poc            D  Phase: BOTTOM → UP
2026-02-07 16:57:24.670 26733-26938 gralloc4                com.trainingvalidator.poc            I  @set_metadata: update dataspace from GM (0x00000000 -> 0x08010000)
2026-02-07 16:57:24.705 26733-26938 gralloc4                com.trainingvalidator.poc            I  @set_metadata: update dataspace from GM (0x00000000 -> 0x08010000)
2026-02-07 16:57:24.722  1015-1015  BufferQueueProducer     surfaceflinger                       I  [com.trainingvalidator.poc/com.trainingvalidator.poc.ui.TrainingActivity$_26733#69754](this:0xe3c9c0b8,id:-1,api:0,p:-1,c:1015) queueBuffer: fps=21.97 dur=1046.90 max=66.45 min=16.41
2026-02-07 16:57:24.757 26733-26938 gralloc4                com.trainingvalidator.poc            I  @set_metadata: update dataspace from GM (0x00000000 -> 0x08010000)
2026-02-07 16:57:24.803 26733-26938 gralloc4                com.trainingvalidator.poc            I  @set_metadata: update dataspace from GM (0x00000000 -> 0x08010000)
2026-02-07 16:57:24.874 26733-26938 gralloc4                com.trainingvalidator.poc            I  @set_metadata: update dataspace from GM (0x00000000 -> 0x08010000)
2026-02-07 16:57:24.921 26733-26938 gralloc4                com.trainingvalidator.poc            I  @set_metadata: update dataspace from GM (0x00000000 -> 0x08010000)
2026-02-07 16:57:24.975 26733-26938 gralloc4                com.trainingvalidator.poc            I  @set_metadata: update dataspace from GM (0x00000000 -> 0x08010000)
2026-02-07 16:57:25.004 26733-26938 gralloc4                com.trainingvalidator.poc            I  @set_metadata: update dataspace from GM (0x00000000 -> 0x08010000)
2026-02-07 16:57:25.044 26733-27537 PhaseStateMachine       com.trainingvalidator.poc            D  ★ Requesting REP completion - Entered UP range: 139.20952453070234
2026-02-07 16:57:25.045 26733-27537 PhaseStateMachine       com.trainingvalidator.poc            D  Phase: UP → START
2026-02-07 16:57:25.045 26733-27537 PhaseStateMachine       com.trainingvalidator.poc            D  ★ REP COMPLETED! (validated)
2026-02-07 16:57:25.047 26733-26733 FeedbackManager         com.trainingvalidator.poc            D  Message silenced: ممتاز! ذراعك مفرودة (repeat #1)
2026-02-07 16:57:25.047 26733-27537 RepCounter              com.trainingvalidator.poc            D  Weighted score: 100%, worst=PERFECT, dangerJoints=[]
2026-02-07 16:57:25.048 26733-27537 RepCounter              com.trainingvalidator.poc            D  Rep 5 completed. Score: 100.0, WorstState: NORMAL, Counted: true, Invalidated: false
2026-02-07 16:57:25.051 26733-27537 MotionRecorder          com.trainingvalidator.poc            D  Rep 5 finalized: 61 frames processed → metrics saved, frames DISCARDED
2026-02-07 16:57:25.051 26733-27537 TrainingEngine          com.trainingvalidator.poc            D  Rep 5 completed. Correct: 5/5
2026-02-07 16:57:25.057 26733-26733 FeedbackManager         com.trainingvalidator.poc            D  Message silenced: أداء رائع! (repeat #0)
2026-02-07 16:57:25.059  1511-5406  VibratorManagerService  system_server                        D  vibrate - uid: 10346, opPkg: com.trainingvalidator.poc, effect: Mono{mEffect=Composed{segments=[Step{amplitude=0.0, frequencyHz=0.0, duration=0}, Step{amplitude=-1.0, frequencyHz=0.0, duration=40}], repeat=-1, mMagnitudeType=TYPE_EXTRA}}, attrs: VibrationAttributes: Usage=UNKNOWN Audio Usage= USAGE_UNKNOWN tags= Flags=0, reason: null, token: android.os.BinderProxy@39fc5e6
2026-02-07 16:57:25.062 26733-26733 FrameCaptureManager     com.trainingvalidator.poc            D  Max best reps (3) reached, skipping
2026-02-07 16:57:25.081 26733-26938 gralloc4                com.trainingvalidator.poc            I  @set_metadata: update dataspace from GM (0x00000000 -> 0x08010000)
2026-02-07 16:57:25.087 26733-26938 gralloc4                com.trainingvalidator.poc            I  @set_metadata: update dataspace from GM (0x00000000 -> 0x08010000)
2026-02-07 16:57:25.092 26733-26938 gralloc4                com.trainingvalidator.poc            I  @set_metadata: update dataspace from GM (0x00000000 -> 0x08010000)
2026-02-07 16:57:25.124 26733-26938 gralloc4                com.trainingvalidator.poc            I  @set_metadata: update dataspace from GM (0x00000000 -> 0x08010000)
2026-02-07 16:57:25.128 26733-26938 gralloc4                com.trainingvalidator.poc            I  @set_metadata: update dataspace from GM (0x00000000 -> 0x08010000)
2026-02-07 16:57:25.142 26733-26938 gralloc4                com.trainingvalidator.poc            I  @set_metadata: update dataspace from GM (0x00000000 -> 0x08010000)
2026-02-07 16:57:25.169 26733-26938 gralloc4                com.trainingvalidator.poc            I  @set_metadata: update dataspace from GM (0x00000000 -> 0x08010000)
2026-02-07 16:57:25.182 26733-26938 gralloc4                com.trainingvalidator.poc            I  @set_metadata: update dataspace from GM (0x00000000 -> 0x08010000)
2026-02-07 16:57:25.201 26733-26938 gralloc4                com.trainingvalidator.poc            I  @set_metadata: update dataspace from GM (0x00000000 -> 0x08010000)
2026-02-07 16:57:25.203 26733-26743 ngvalidator.poc         com.trainingvalidator.poc            I  Background concurrent copying GC freed 634KB AllocSpace bytes, 11(12MB) LOS objects, 49% free, 12MB/24MB, paused 168us,78us total 120.383ms
2026-02-07 16:57:25.235 26733-26938 gralloc4                com.trainingvalidator.poc            I  @set_metadata: update dataspace from GM (0x00000000 -> 0x08010000)
2026-02-07 16:57:25.244 26733-26938 gralloc4                com.trainingvalidator.poc            I  @set_metadata: update dataspace from GM (0x00000000 -> 0x08010000)
2026-02-07 16:57:25.261 26733-26938 gralloc4                com.trainingvalidator.poc            I  @set_metadata: update dataspace from GM (0x00000000 -> 0x08010000)
2026-02-07 16:57:25.270  1015-1015  BufferQueueProducer     surfaceflinger                       I  [SurfaceView[com.trainingvalidator.poc/com.trainingvalidator.poc.ui.TrainingActivity]@0(BLAST)#69788](this:0xe3d9c8b8,id:-1,api:0,p:-1,c:1015) queueBuffer: fps=19.73 dur=1013.87 max=66.48 min=33.04
2026-02-07 16:57:25.275 26733-26938 gralloc4                com.trainingvalidator.poc            I  @set_metadata: update dataspace from GM (0x00000000 -> 0x08010000)
2026-02-07 16:57:25.302 26733-26938 gralloc4                com.trainingvalidator.poc            I  @set_metadata: update dataspace from GM (0x00000000 -> 0x08010000)
2026-02-07 16:57:25.308 26733-26938 gralloc4                com.trainingvalidator.poc            I  @set_metadata: update dataspace from GM (0x00000000 -> 0x08010000)
2026-02-07 16:57:25.332 26733-26938 gralloc4                com.trainingvalidator.poc            I  @set_metadata: update dataspace from GM (0x00000000 -> 0x08010000)
2026-02-07 16:57:25.341 26733-26938 gralloc4                com.trainingvalidator.poc            I  @set_metadata: update dataspace from GM (0x00000000 -> 0x08010000)
2026-02-07 16:57:25.384 26733-26938 gralloc4                com.trainingvalidator.poc            I  @set_metadata: update dataspace from GM (0x00000000 -> 0x08010000)
2026-02-07 16:57:25.397 26733-26938 gralloc4                com.trainingvalidator.poc            I  @set_metadata: update dataspace from GM (0x00000000 -> 0x08010000)
2026-02-07 16:57:25.451 26733-26938 gralloc4                com.trainingvalidator.poc            I  @set_metadata: update dataspace from GM (0x00000000 -> 0x08010000)
2026-02-07 16:57:25.528 26733-26938 gralloc4                com.trainingvalidator.poc            I  @set_metadata: update dataspace from GM (0x00000000 -> 0x08010000)
2026-02-07 16:57:25.553 26733-26938 gralloc4                com.trainingvalidator.poc            I  @set_metadata: update dataspace from GM (0x00000000 -> 0x08010000)
2026-02-07 16:57:25.575 26733-26938 gralloc4                com.trainingvalidator.poc            I  @set_metadata: update dataspace from GM (0x00000000 -> 0x08010000)
2026-02-07 16:57:25.607 26733-26938 gralloc4                com.trainingvalidator.poc            I  @set_metadata: update dataspace from GM (0x00000000 -> 0x08010000)
2026-02-07 16:57:25.653 26733-26938 gralloc4                com.trainingvalidator.poc            I  @set_metadata: update dataspace from GM (0x00000000 -> 0x08010000)
2026-02-07 16:57:25.687 26733-26938 gralloc4                com.trainingvalidator.poc            I  @set_metadata: update dataspace from GM (0x00000000 -> 0x08010000)
2026-02-07 16:57:25.736 26733-26938 gralloc4                com.trainingvalidator.poc            I  @set_metadata: update dataspace from GM (0x00000000 -> 0x08010000)
2026-02-07 16:57:25.752  1015-1015  BufferQueueProducer     surfaceflinger                       I  [com.trainingvalidator.poc/com.trainingvalidator.poc.ui.TrainingActivity$_26733#69754](this:0xe3c9c0b8,id:-1,api:0,p:-1,c:1015) queueBuffer: fps=32.03 dur=1030.19 max=83.34 min=15.84
2026-02-07 16:57:25.773 26733-26938 gralloc4                com.trainingvalidator.poc            I  @set_metadata: update dataspace from GM (0x00000000 -> 0x08010000)
2026-02-07 16:57:25.775 26733-26743 ngvalidator.poc         com.trainingvalidator.poc            I  Background concurrent copying GC freed 580KB AllocSpace bytes, 10(11MB) LOS objects, 49% free, 13MB/26MB, paused 135us,161us total 118.554ms
2026-02-07 16:57:25.819 26733-26938 gralloc4                com.trainingvalidator.poc            I  @set_metadata: update dataspace from GM (0x00000000 -> 0x08010000)
2026-02-07 16:57:25.882 26733-26938 gralloc4                com.trainingvalidator.poc            I  @set_metadata: update dataspace from GM (0x00000000 -> 0x08010000)
2026-02-07 16:57:25.902 26733-27538 PhaseStateMachine       com.trainingvalidator.poc            D  Left UP range, starting descent: 128.5086516542671
2026-02-07 16:57:25.902 26733-27538 PhaseStateMachine       com.trainingvalidator.poc            D  Phase: START → DOWN
2026-02-07 16:57:25.936 26733-26938 gralloc4                com.trainingvalidator.poc            I  @set_metadata: update dataspace from GM (0x00000000 -> 0x08010000)
2026-02-07 16:57:25.963 26733-26938 gralloc4                com.trainingvalidator.poc            I  @set_metadata: update dataspace from GM (0x00000000 -> 0x08010000)
2026-02-07 16:57:25.981 26733-26938 gralloc4                com.trainingvalidator.poc            I  @set_metadata: update dataspace from GM (0x00000000 -> 0x08010000)
2026-02-07 16:57:26.016 26733-26938 gralloc4                com.trainingvalidator.poc            I  @set_metadata: update dataspace from GM (0x00000000 -> 0x08010000)
2026-02-07 16:57:26.071 26733-26938 gralloc4                com.trainingvalidator.poc            I  @set_metadata: update dataspace from GM (0x00000000 -> 0x08010000)
2026-02-07 16:57:26.101 26733-26938 gralloc4                com.trainingvalidator.poc            I  @set_metadata: update dataspace from GM (0x00000000 -> 0x08010000)
2026-02-07 16:57:26.122  1511-5406  SGM:GameManager         system_server                        D  identifyForegroundApp. com.trainingvalidator.poc, mCurrentUserId: 0, callerUserId: 0
2026-02-07 16:57:26.122  1511-5406  SGM:PkgDataHelper       system_server                        D  getGamePkgData(). com.trainingvalidator.poc
2026-02-07 16:57:26.154 26733-27538 PhaseStateMachine       com.trainingvalidator.poc            D  Entered DOWN range: 98.30497470782733 (0.0-100.0)
2026-02-07 16:57:26.155 26733-27538 PhaseStateMachine       com.trainingvalidator.poc            D  Phase transition rejected - too fast (256ms < 300ms)
2026-02-07 16:57:26.161 26733-26733 FeedbackManager         com.trainingvalidator.poc            D  Message silenced: جيد، حاول الثني أكثر (repeat #1)
2026-02-07 16:57:26.183 26733-26938 gralloc4                com.trainingvalidator.poc            I  @set_metadata: update dataspace from GM (0x00000000 -> 0x08010000)
2026-02-07 16:57:26.199 26733-27538 PhaseStateMachine       com.trainingvalidator.poc            D  Entered DOWN range: 94.44638819499058 (0.0-100.0)
2026-02-07 16:57:26.199 26733-27538 PhaseStateMachine       com.trainingvalidator.poc            D  Phase: DOWN → BOTTOM
2026-02-07 16:57:26.204 26733-26938 mali_config             com.trainingvalidator.poc            I  @get_buffer_dataspace_setting: update dataspace from GE (0x00000000 -> 0x08020000)
2026-02-07 16:57:26.215 26733-31003 SurfaceViewImpl         com.trainingvalidator.poc            D  PreviewView.SurfaceViewImplementation.getBitmap() succeeded
2026-02-07 16:57:26.294 26733-26743 ngvalidator.poc         com.trainingvalidator.poc            I  Background concurrent copying GC freed 595KB AllocSpace bytes, 11(12MB) LOS objects, 49% free, 12MB/24MB, paused 199us,60us total 104.858ms
2026-02-07 16:57:26.313 26733-26733 FrameCaptureManager     com.trainingvalidator.poc            D  Captured PEAK_FRAME for rep 6: 21e4d6f9
2026-02-07 16:57:26.313 26733-26733 TrainingActivity        com.trainingvalidator.poc            D  Captured peak frame for rep 6 at phase BOTTOM
2026-02-07 16:57:26.334  1015-1015  BufferQueueProducer     surfaceflinger                       I  [SurfaceView[com.trainingvalidator.poc/com.trainingvalidator.poc.ui.TrainingActivity]@0(BLAST)#69788](this:0xe3d9c8b8,id:-1,api:0,p:-1,c:1015) queueBuffer: fps=19.73 dur=1064.10 max=66.96 min=49.59
2026-02-07 16:57:26.343 26733-26938 gralloc4                com.trainingvalidator.poc            I  @set_metadata: update dataspace from GM (0x00000000 -> 0x08010000)
2026-02-07 16:57:26.350 26733-26938 gralloc4                com.trainingvalidator.poc            I  @set_metadata: update dataspace from GM (0x00000000 -> 0x08010000)
2026-02-07 16:57:26.358 26733-26938 gralloc4                com.trainingvalidator.poc            I  @set_metadata: update dataspace from GM (0x00000000 -> 0x08010000)
2026-02-07 16:57:26.412 26733-26938 gralloc4                com.trainingvalidator.poc            I  @set_metadata: update dataspace from GM (0x00000000 -> 0x08010000)
2026-02-07 16:57:26.413 26733-26733 MessageOrchestrator     com.trainingvalidator.poc            D  Issue reset for state:right_elbow:PERFECT:DOWN_ZONE (gap 3009ms)
2026-02-07 16:57:26.413 26733-26733 FeedbackManager         com.trainingvalidator.poc            D  Message silenced: ممتاز! ثني مثالي (repeat #0)
2026-02-07 16:57:26.433 26733-26938 gralloc4                com.trainingvalidator.poc            I  @set_metadata: update dataspace from GM (0x00000000 -> 0x08010000)
2026-02-07 16:57:26.461 26733-26938 gralloc4                com.trainingvalidator.poc            I  @set_metadata: update dataspace from GM (0x00000000 -> 0x08010000)
2026-02-07 16:57:26.479 26733-26938 gralloc4                com.trainingvalidator.poc            I  @set_metadata: update dataspace from GM (0x00000000 -> 0x08010000)
2026-02-07 16:57:26.509 26733-26733 MessageOrchestrator     com.trainingvalidator.poc            D  Max repeats (1) reached for state:right_shoulder:PERFECT:UP_ZONE - going silent
2026-02-07 16:57:26.509 26733-26733 FeedbackManager         com.trainingvalidator.poc            D  Message silenced: ممتاز - الذراع ثابتة (repeat #1)
2026-02-07 16:57:26.530 26733-26938 gralloc4                com.trainingvalidator.poc            I  @set_metadata: update dataspace from GM (0x00000000 -> 0x08010000)
2026-02-07 16:57:26.586 26733-26938 gralloc4                com.trainingvalidator.poc            I  @set_metadata: update dataspace from GM (0x00000000 -> 0x08010000)
2026-02-07 16:57:26.628 26733-26938 gralloc4                com.trainingvalidator.poc            I  @set_metadata: update dataspace from GM (0x00000000 -> 0x08010000)
2026-02-07 16:57:26.680 26733-26938 gralloc4                com.trainingvalidator.poc            I  @set_metadata: update dataspace from GM (0x00000000 -> 0x08010000)
2026-02-07 16:57:26.714 26733-26938 gralloc4                com.trainingvalidator.poc            I  @set_metadata: update dataspace from GM (0x00000000 -> 0x08010000)
2026-02-07 16:57:26.781 26733-26938 gralloc4                com.trainingvalidator.poc            I  @set_metadata: update dataspace from GM (0x00000000 -> 0x08010000)
2026-02-07 16:57:26.782  1015-1015  BufferQueueProducer     surfaceflinger                       I  [com.trainingvalidator.poc/com.trainingvalidator.poc.ui.TrainingActivity$_26733#69754](this:0xe3c9c0b8,id:-1,api:0,p:-1,c:1015) queueBuffer: fps=22.32 dur=1030.37 max=149.43 min=16.08
2026-02-07 16:57:26.833 26733-26938 gralloc4                com.trainingvalidator.poc            I  @set_metadata: update dataspace from GM (0x00000000 -> 0x08010000)
2026-02-07 16:57:26.877 26733-26938 gralloc4                com.trainingvalidator.poc            I  @set_metadata: update dataspace from GM (0x00000000 -> 0x08010000)
2026-02-07 16:57:26.899 26733-26743 ngvalidator.poc         com.trainingvalidator.poc            I  Background concurrent copying GC freed 603KB AllocSpace bytes, 10(11MB) LOS objects, 49% free, 13MB/26MB, paused 236us,78us total 103.843ms
2026-02-07 16:57:26.933 26733-26938 gralloc4                com.trainingvalidator.poc            I  @set_metadata: update dataspace from GM (0x00000000 -> 0x08010000)
2026-02-07 16:57:26.987 26733-26938 gralloc4                com.trainingvalidator.poc            I  @set_metadata: update dataspace from GM (0x00000000 -> 0x08010000)
2026-02-07 16:57:27.034 26733-26938 gralloc4                com.trainingvalidator.poc            I  @set_metadata: update dataspace from GM (0x00000000 -> 0x08010000)
2026-02-07 16:57:27.084 26733-26938 gralloc4                com.trainingvalidator.poc            I  @set_metadata: update dataspace from GM (0x00000000 -> 0x08010000)
2026-02-07 16:57:27.139 26733-26938 gralloc4                com.trainingvalidator.poc            I  @set_metadata: update dataspace from GM (0x00000000 -> 0x08010000)
2026-02-07 16:57:27.180 26733-26938 gralloc4                com.trainingvalidator.poc            I  @set_metadata: update dataspace from GM (0x00000000 -> 0x08010000)
2026-02-07 16:57:27.224 26733-26938 gralloc4                com.trainingvalidator.poc            I  @set_metadata: update dataspace from GM (0x00000000 -> 0x08010000)
2026-02-07 16:57:27.282 26733-26938 gralloc4                com.trainingvalidator.poc            I  @set_metadata: update dataspace from GM (0x00000000 -> 0x08010000)
2026-02-07 16:57:27.315 26733-26938 gralloc4                com.trainingvalidator.poc            I  @set_metadata: update dataspace from GM (0x00000000 -> 0x08010000)
2026-02-07 16:57:27.380  1015-1015  BufferQueueProducer     surfaceflinger                       I  [SurfaceView[com.trainingvalidator.poc/com.trainingvalidator.poc.ui.TrainingActivity]@0(BLAST)#69788](this:0xe3d9c8b8,id:-1,api:0,p:-1,c:1015) queueBuffer: fps=20.07 dur=1046.09 max=66.57 min=32.90
