2026-02-07 16:59:29.165 26733-26938 gralloc4                com.trainingvalidator.poc            I  @set_metadata: update dataspace from GM (0x00000000 -> 0x08010000)
2026-02-07 16:59:29.175  1511-1534  InsetsSourceProvider    system_server                        D  updateControlForTarget: control=InsetsSourceControl: {3 mType=ime mSurfacePosition=Point(0, 45) mInsetsHint=Insets{left=0, top=0, right=0, bottom=672}}, target=Window{f42faeb u0 com.trainingvalidator.poc/com.trainingvalidator.poc.ui.PreWorkoutActivity}, from=com.android.server.wm.ImeInsetsSourceProvider.updateControlForTarget:165 com.android.server.wm.InsetsStateController.onControlTargetChanged:358 com.android.server.wm.InsetsStateController.onImeControlTargetChanged:302 com.android.server.wm.DisplayContent.updateImeControlTarget:5727 com.android.server.wm.DisplayContent.updateImeInputAndControlTarget:5687 
2026-02-07 16:59:29.181 26733-26733 InsetsSourceConsumer    com.trainingvalidator.poc            I  applyRequestedVisibilityToControl: visible=false, type=ime, host=com.trainingvalidator.poc/com.trainingvalidator.poc.ui.PreWorkoutActivity
2026-02-07 16:59:29.183 26733-26938 gralloc4                com.trainingvalidator.poc            I  @set_metadata: update dataspace from GM (0x00000000 -> 0x08010000)
2026-02-07 16:59:29.184 26733-30952 ViewRootIm...tActivity] com.trainingvalidator.poc            I  Resizing android.view.ViewRootImpl@d2c3752: frame = [0,0][720,1600] reportDraw = false forceLayout = false syncSeqId = -1
2026-02-07 16:59:29.185 26733-26733 ViewRootIm...tActivity] com.trainingvalidator.poc            I  handleResized, msg = 4 frames=ClientWindowFrames{frame=[0,0][720,1600] display=[0,0][720,1600] parentFrame=[0,0][0,0]} forceNextWindowRelayout=false displayId=0 dragResizing=false compatScale=1.0 frameChanged=false attachedFrameChanged=false configChanged=false displayChanged=false compatScaleChanged=false
2026-02-07 16:59:29.190  5631-5631  HBD                     com.samsung.android.honeyboard       I  b [AiWriter] setContact : com.trainingvalidator.poc
2026-02-07 16:59:29.200 26733-26938 gralloc4                com.trainingvalidator.poc            I  @set_metadata: update dataspace from GM (0x00000000 -> 0x08010000)
2026-02-07 16:59:29.213  1015-1015  SurfaceFlinger          surfaceflinger                       D  Display 0 HWC layers:
                                                                                                         DEVICE | 0xe6836000 | 0102 | RGBA_8888    |    0.0   99.0  720.0  100.0 |    0    0  720    1 | bbq-wrapper#69825
                                                                                                     SOLID_COLOR |              | 0000 |  Unknown  |    0.0    0.0    0.0    0.0 |    0    1  720   46 | Letterbox - top#69805
                                                                                                         DEVICE | 0xec020a80 | 0102 | RGBA_8888    |    0.0    0.0  720.0 1554.0 |    0   46  720 1600 | com.trainingvalidator.poc/com.traini[...]ort.ReportPagerActivity$_26733#69802
                                                                                                         DEVICE | 0xec022100 | 0100 | RGBA_8888    |    0.0    0.0  720.0   45.0 |    0    0  720   45 | StatusBar$_1975#105
                                                                                                         DEVICE | 0xec020c00 | 0100 | RGBA_8888    |    0.0    0.0  720.0   90.0 |    0 1510  720 1600 | NavigationBar0$_1975#100
                                                                                                         DEVICE | 0xe680d700 | 0100 | RGBA_8888    |    0.0    0.0  720.0 1600.0 |    0    0  720 1600 | EdgeLightingWindow$_31321#69818
                                                                                                         DEVICE | 0xec021b00 | 0108 | RGBA_8888    |    0.0    0.0  720.0 1600.0 |    0    0  720 1600 | $_1975#101
2026-02-07 16:59:29.215 26733-26938 gralloc4                com.trainingvalidator.poc            I  @set_metadata: update dataspace from GM (0x00000000 -> 0x08010000)
2026-02-07 16:59:29.232 26733-26938 gralloc4                com.trainingvalidator.poc            I  @set_metadata: update dataspace from GM (0x00000000 -> 0x08010000)
2026-02-07 16:59:29.250 26733-26938 gralloc4                com.trainingvalidator.poc            I  @set_metadata: update dataspace from GM (0x00000000 -> 0x08010000)
2026-02-07 16:59:29.266 26733-26938 gralloc4                com.trainingvalidator.poc            I  @set_metadata: update dataspace from GM (0x00000000 -> 0x08010000)
2026-02-07 16:59:29.282 26733-26938 gralloc4                com.trainingvalidator.poc            I  @set_metadata: update dataspace from GM (0x00000000 -> 0x08010000)
2026-02-07 16:59:29.299 26733-26938 gralloc4                com.trainingvalidator.poc            I  @set_metadata: update dataspace from GM (0x00000000 -> 0x08010000)
2026-02-07 16:59:29.315 26733-26938 gralloc4                com.trainingvalidator.poc            I  @set_metadata: update dataspace from GM (0x00000000 -> 0x08010000)
2026-02-07 16:59:29.332  1015-1015  SurfaceFlinger          surfaceflinger                       D  Display 0 HWC layers:
                                                                                                         DEVICE | 0xe6837b00 | 0102 | RGBA_8888    |    0.0    0.0  720.0   11.0 |    0 1589  720 1600 | bbq-wrapper#69828
                                                                                                         DEVICE | 0xe680d280 | 0102 | RGBA_8888    |    0.0   11.0  720.0 1600.0 |    0    0  720 1589 | com.trainingvalidator.poc/com.traini[...]c.ui.PreWorkoutActivity$_26733#69819
                                                                                                         DEVICE | 0xec022100 | 0100 | RGBA_8888    |    0.0    0.0  720.0   45.0 |    0    0  720   45 | StatusBar$_1975#105
                                                                                                         DEVICE | 0xec020c00 | 0100 | RGBA_8888    |    0.0    0.0  720.0   90.0 |    0 1510  720 1600 | NavigationBar0$_1975#100
                                                                                                         DEVICE | 0xe680d700 | 0100 | RGBA_8888    |    0.0    0.0  720.0 1600.0 |    0    0  720 1600 | EdgeLightingWindow$_31321#69818
                                                                                                         DEVICE | 0xec021b00 | 0108 | RGBA_8888    |    0.0    0.0  720.0 1600.0 |    0    0  720 1600 | $_1975#101
2026-02-07 16:59:29.333 26733-26938 gralloc4                com.trainingvalidator.poc            I  @set_metadata: update dataspace from GM (0x00000000 -> 0x08010000)
2026-02-07 16:59:29.377 26733-26733 InsetsController        com.trainingvalidator.poc            I  cancelAnimation: types=statusBars navigationBars, animType=0, host=com.trainingvalidator.poc/com.trainingvalidator.poc.ui.PreWorkoutActivity, from=android.view.InsetsController.notifyFinished:1748 android.view.InsetsAnimationThreadControlRunner$1.lambda$notifyFinished$0:85 android.view.InsetsAnimationThreadControlRunner$1.$r8$lambda$RAf1SfIREsj9-wH5FOigMy6eLkM:0 
2026-02-07 16:59:29.393 26733-26969 ViewRootIm...tActivity] com.trainingvalidator.poc            I  mWNT: t=0xa98c5740 mBlastBufferQueue=0xdbbce040 fn= 4 mRenderHdrSdrRatio=1.0 caller= android.view.SyncRtSurfaceTransactionApplier.applyTransaction:96 android.view.SyncRtSurfaceTransactionApplier.lambda$scheduleApply$0:69 android.view.SyncRtSurfaceTransactionApplier.$r8$lambda$SgowXC58rj3PR958kHUfRgLZmvE:0 
2026-02-07 16:59:29.394 26733-26969 ViewRootIm...tActivity] com.trainingvalidator.poc            I  mWNT: t=0xa98c5820 mBlastBufferQueue=0xdbbce040 fn= 4 mRenderHdrSdrRatio=1.0 caller= android.view.SyncRtSurfaceTransactionApplier.applyTransaction:96 android.view.SyncRtSurfaceTransactionApplier.lambda$scheduleApply$0:69 android.view.SyncRtSurfaceTransactionApplier.$r8$lambda$SgowXC58rj3PR958kHUfRgLZmvE:0 
2026-02-07 16:59:29.400  1015-1015  SurfaceFlinger          surfaceflinger                       D  Display 0 HWC layers:
                                                                                                         DEVICE | 0xe6837b00 | 0102 | RGBA_8888    |    0.0    0.0  720.0    3.0 |    0 1597  720 1600 | bbq-wrapper#69828
                                                                                                         DEVICE | 0xe680d280 | 0102 | RGBA_8888    |    0.0    3.0  720.0 1600.0 |    0    0  720 1597 | com.trainingvalidator.poc/com.traini[...]c.ui.PreWorkoutActivity$_26733#69819
                                                                                                         DEVICE | 0xec022100 | 0100 | RGBA_8888    |    0.0    0.0  720.0   45.0 |    0    0  720   45 | StatusBar$_1975#105
                                                                                                         DEVICE | 0xec020c00 | 0100 | RGBA_8888    |    0.0    0.0  720.0   90.0 |    0 1510  720 1600 | NavigationBar0$_1975#100
                                                                                                         DEVICE | 0xec021b00 | 0108 | RGBA_8888    |    0.0    0.0  720.0 1600.0 |    0    0  720 1600 | $_1975#101
2026-02-07 16:59:29.462  1015-1015  SurfaceFlinger          surfaceflinger                       D  Display 0 HWC layers:
                                                                                                         DEVICE | 0xe680b780 | 0102 | RGBA_8888    |    0.0    0.0  720.0 1600.0 |    0    0  720 1600 | com.trainingvalidator.poc/com.traini[...]c.ui.PreWorkoutActivity$_26733#69819
                                                                                                         DEVICE | 0xec022100 | 0100 | RGBA_8888    |    0.0    0.0  720.0   45.0 |    0    0  720   45 | StatusBar$_1975#105
                                                                                                         DEVICE | 0xec020c00 | 0100 | RGBA_8888    |    0.0    0.0  720.0   90.0 |    0 1510  720 1600 | NavigationBar0$_1975#100
                                                                                                         DEVICE | 0xec021b00 | 0108 | RGBA_8888    |    0.0    0.0  720.0 1600.0 |    0    0  720 1600 | $_1975#101
2026-02-07 16:59:29.481  1511-2060  WindowManager           system_server                        V  Setting visibility of Window{5b79e21 u0 com.trainingvalidator.poc/com.trainingvalidator.poc.ui.report.ReportPagerActivity}: false, caller=com.android.server.wm.WindowContainer.sendAppVisibilityToClients:1301 com.android.server.wm.WindowToken.setClientVisible:446 com.android.server.wm.ActivityRecord.setClientVisible:8160 com.android.server.wm.ActivityRecord.postApplyAnimation:6724 com.android.server.wm.ActivityRecord.commitVisibility:6667 
2026-02-07 16:59:29.482 26733-26733 ViewRootIm...rActivity] com.trainingvalidator.poc            I  handleAppVisibility mAppVisible = true visible = false
2026-02-07 16:59:29.493  1015-1015  Layer                   surfaceflinger                       I  id=69822 removeFromCurrentState Transition Root: ActivityRecord{f472a9c u0 com.trainingvalidator.poc/.ui.report.ReportPagerActivity t4208 f}}#69822 (159)
2026-02-07 16:59:29.493  1015-1015  Layer                   surfaceflinger                       I  id=69822 removeFromCurrentState Transition Root: ActivityRecord{f472a9c u0 com.trainingvalidator.poc/.ui.report.ReportPagerActivity t4208 f}}#69822 (159)
2026-02-07 16:59:29.493  1015-1015  Layer                   surfaceflinger                       I  Layer [com.trainingvalidator.poc/com.trainingvalidator.poc.ui.report.ReportPagerActivity$_26733#69802] hidden!! flag(1)
2026-02-07 16:59:29.493 26733-26733 ViewRootIm...rActivity] com.trainingvalidator.poc            I  destroyHardwareResources: Callers=android.view.ViewRootImpl.performTraversals:3932 android.view.ViewRootImpl.doTraversal:3288 android.view.ViewRootImpl$TraversalRunnable.run:11344 android.view.Choreographer$CallbackRecord.run:1689 android.view.Choreographer$CallbackRecord.run:1698 android.view.Choreographer.doCallbacks:1153 android.view.Choreographer.doFrame:1079 android.view.Choreographer$FrameDisplayEventReceiver.run:1646 android.os.Handler.handleCallback:958 android.os.Handler.dispatchMessage:99 
2026-02-07 16:59:29.494  1015-1015  SurfaceFlinger          surfaceflinger                       I  id=69822 Removed Transition Root: ActivityRecord{f472a9c u0 com.trainingvalidator.poc/.ui.report.ReportPagerActivity t4208 f}}#69822 (159)
2026-02-07 16:59:29.509  1015-1015  BufferQueueDebug        surfaceflinger                       I  [Transition Root: ActivityRecord{f472a9c u0 com.trainingvalidator.poc/.ui.report.ReportPagerActivity t4208 f}}#69822](this:0xe3ff00b8,id:-1,api:0,p:-1,c:1015) onDestructor()
2026-02-07 16:59:29.509  1015-1015  Layer                   surfaceflinger                       I  id=69822 Destroyed Transition Root: ActivityRecord{f472a9c u0 com.trainingvalidator.poc/.ui.report.ReportPagerActivity t4208 f}}#69822
2026-02-07 16:59:29.558  1511-2060  WindowManager           system_server                        V  Relayout Window{5b79e21 u0 com.trainingvalidator.poc/com.trainingvalidator.poc.ui.report.ReportPagerActivity}: viewVisibility=8 req=720x1555 ty=1 d0
2026-02-07 16:59:29.563 26733-26733 BLASTBufferQueue        com.trainingvalidator.poc            D  [ViewRootImpl@afce1cb[ReportPagerActivity]#11](f:0,a:1) destructor()
2026-02-07 16:59:29.564 26733-26733 BufferQueueConsumer     com.trainingvalidator.poc            D  [ViewRootImpl@afce1cb[ReportPagerActivity]#11(BLAST Consumer)11](id:686d0000000d,api:0,p:-1,c:26733) disconnect
2026-02-07 16:59:29.564 26733-26733 ViewRootIm...rActivity] com.trainingvalidator.poc            I  Relayout returned: old=(0,45,720,1600) new=(0,45,720,1600) relayoutAsync=false req=(720,1555)8 dur=5 res=0x402 s={false 0x0} ch=true seqId=0
2026-02-07 16:59:29.566 26733-26733 ViewRootIm...rActivity] com.trainingvalidator.poc            I  stopped(true) old = false
2026-02-07 16:59:29.566 26733-26733 ViewRootIm...rActivity] com.trainingvalidator.poc            D  WindowStopped on com.trainingvalidator.poc/com.trainingvalidator.poc.ui.report.ReportPagerActivity set to true
2026-02-07 16:59:29.584 26733-26733 WindowOnBackDispatcher  com.trainingvalidator.poc            W  sendCancelIfRunning: isInProgress=falsecallback=android.view.ViewRootImpl$$ExternalSyntheticLambda19@5187c54
2026-02-07 16:59:29.584  1511-2060  CoreBackPreview         system_server                        D  Window{5b79e21 u0 com.trainingvalidator.poc/com.trainingvalidator.poc.ui.report.ReportPagerActivity}: Setting back callback null
2026-02-07 16:59:29.592 26733-26733 ViewRootIm...rActivity] com.trainingvalidator.poc            I  dispatchDetachedFromWindow
2026-02-07 16:59:29.593  1511-2060  InputManager-JNI        system_server                        W  Input channel object '5b79e21 com.trainingvalidator.poc/com.trainingvalidator.poc.ui.report.ReportPagerActivity (client)' was disposed without first being removed with the input manager!
2026-02-07 16:59:29.593  1511-2060  WindowManager           system_server                        V  Remove Window{5b79e21 u0 com.trainingvalidator.poc/com.trainingvalidator.poc.ui.report.ReportPagerActivity}: mSurfaceController=Surface(name=com.trainingvalidator.poc/com.trainingvalidator.poc.ui.report.ReportPagerActivity$_26733)/@0x2034d9a mAnimatingExit=false mRemoveOnExit=false mHasSurface=true surfaceShowing=false animating=false app-animation=false mDisplayFrozen=false callers=com.android.server.wm.WindowManagerService.removeWindow:2148 com.android.server.wm.Session.remove:257 android.view.IWindowSession$Stub.onTransact:747 com.android.server.wm.Session.onTransact:204 android.os.Binder.execTransactInternal:1375 android.os.Binder.execTransact:1311 
2026-02-07 16:59:29.593  1511-2060  WindowManager           system_server                        I  Destroying surface Surface(name=com.trainingvalidator.poc/com.trainingvalidator.poc.ui.report.ReportPagerActivity$_26733)/@0x2034d9a called by com.android.server.wm.WindowStateAnimator.destroySurface:804 com.android.server.wm.WindowStateAnimator.destroySurfaceLocked:473 com.android.server.wm.WindowState.removeImmediately:2945 com.android.server.wm.WindowState.removeIfPossible:3216 com.android.server.wm.WindowManagerService.removeWindow:2148 com.android.server.wm.Session.remove:257 android.view.IWindowSession$Stub.onTransact:747 com.android.server.wm.Session.onTransact:204 
2026-02-07 16:59:29.597 26733-26733 InputTransport          com.trainingvalidator.poc            D  Input channel destroyed: '5b79e21', fd=197
2026-02-07 16:59:29.599  1511-1534  InputManager-JNI        system_server                        W  Input channel object 'Letterbox_left_ActivityRecord{f472a9c u0 com.trainingvalidator.poc/.ui.report.ReportPagerActivity t4208} (client)' was disposed without first being removed with the input manager!
2026-02-07 16:59:29.601  1511-1534  InputManager-JNI        system_server                        W  Input channel object 'Letterbox_top_ActivityRecord{f472a9c u0 com.trainingvalidator.poc/.ui.report.ReportPagerActivity t4208} (client)' was disposed without first being removed with the input manager!
2026-02-07 16:59:29.601  1511-1534  InputManager-JNI        system_server                        W  Input channel object 'Letterbox_right_ActivityRecord{f472a9c u0 com.trainingvalidator.poc/.ui.report.ReportPagerActivity t4208} (client)' was disposed without first being removed with the input manager!
2026-02-07 16:59:29.601  1511-1534  InputManager-JNI        system_server                        W  Input channel object 'Letterbox_bottom_ActivityRecord{f472a9c u0 com.trainingvalidator.poc/.ui.report.ReportPagerActivity t4208} (client)' was disposed without first being removed with the input manager!
2026-02-07 16:59:29.602  1015-1078  SurfaceFlinger          surfaceflinger                       I  id=69807 Removed 521836e ActivityRecordInputSink com.trainingvalidator.poc/.ui.report.ReportPagerActivity#69807 (154)
2026-02-07 16:59:29.608  1015-1015  Layer                   surfaceflinger                       I  id=69802 removeFromCurrentState com.trainingvalidator.poc/com.trainingvalidator.poc.ui.report.ReportPagerActivity$_26733#69802 (154)
2026-02-07 16:59:29.609  1015-1015  Layer                   surfaceflinger                       I  id=69801 removeFromCurrentState 5b79e21 com.trainingvalidator.poc/com.trainingvalidator.poc.ui.report.ReportPagerActivity#69801 (154)
2026-02-07 16:59:29.610  1015-1015  SurfaceFlinger          surfaceflinger                       I  id=69801 Removed 5b79e21 com.trainingvalidator.poc/com.trainingvalidator.poc.ui.report.ReportPagerActivity#69801 (154)
2026-02-07 16:59:29.610  1015-1015  SurfaceFlinger          surfaceflinger                       I  id=69802 Removed com.trainingvalidator.poc/com.trainingvalidator.poc.ui.report.ReportPagerActivity$_26733#69802 (154)
2026-02-07 16:59:29.625  1015-1015  Layer                   surfaceflinger                       I  id=69800 removeFromCurrentState ActivityRecord{f472a9c u0 com.trainingvalidator.poc/.ui.report.ReportPagerActivity t4208}#69800 (154)
2026-02-07 16:59:29.625  1015-1015  Layer                   surfaceflinger                       I  id=69807 removeFromCurrentState 521836e ActivityRecordInputSink com.trainingvalidator.poc/.ui.report.ReportPagerActivity#69807 (154)
2026-02-07 16:59:29.626  1015-1015  BufferQueueDebug        surfaceflinger                       I  [com.trainingvalidator.poc/com.trainingvalidator.poc.ui.report.ReportPagerActivity$_26733#69802](this:0xe3ed20b8,id:-1,api:0,p:-1,c:1015) onDestructor()
2026-02-07 16:59:29.626  1015-1015  Layer                   surfaceflinger                       I  id=69802 Destroyed com.trainingvalidator.poc/com.trainingvalidator.poc.ui.report.ReportPagerActivity$_26733#69802
2026-02-07 16:59:29.629  1015-1015  BufferQueueDebug        surfaceflinger                       I  [5b79e21 com.trainingvalidator.poc/com.trainingvalidator.poc.ui.report.ReportPagerActivity#69801](this:0xe48e68b8,id:-1,api:0,p:-1,c:1015) onDestructor()
2026-02-07 16:59:29.629  1015-1015  Layer                   surfaceflinger                       I  id=69801 Destroyed 5b79e21 com.trainingvalidator.poc/com.trainingvalidator.poc.ui.report.ReportPagerActivity#69801
2026-02-07 16:59:31.395 26733-26733 ViewRootIm...tActivity] com.trainingvalidator.poc            I  ViewPostIme pointer 0
2026-02-07 16:59:31.400 26733-26733 AnimatorSet             com.trainingvalidator.poc            D  mReversing is false. Don't call initChildren.
2026-02-07 16:59:31.408 26733-26938 gralloc4                com.trainingvalidator.poc            I  @set_metadata: update dataspace from GM (0x00000000 -> 0x08010000)
2026-02-07 16:59:31.420  1015-1015  BufferQueueProducer     surfaceflinger                       I  [com.trainingvalidator.poc/com.trainingvalidator.poc.ui.PreWorkoutActivity$_26733#69819](this:0xe3ef58b8,id:-1,api:0,p:-1,c:1015) queueBuffer: fps=1.72 dur=2327.00 max=2011.28 min=30.39
2026-02-07 16:59:31.425 26733-26938 gralloc4                com.trainingvalidator.poc            I  @set_metadata: update dataspace from GM (0x00000000 -> 0x08010000)
2026-02-07 16:59:31.441 26733-26938 gralloc4                com.trainingvalidator.poc            I  @set_metadata: update dataspace from GM (0x00000000 -> 0x08010000)
2026-02-07 16:59:31.459 26733-26938 gralloc4                com.trainingvalidator.poc            I  @set_metadata: update dataspace from GM (0x00000000 -> 0x08010000)
2026-02-07 16:59:31.475 26733-26938 gralloc4                com.trainingvalidator.poc            I  @set_metadata: update dataspace from GM (0x00000000 -> 0x08010000)
2026-02-07 16:59:31.476 26733-26733 ViewRootIm...tActivity] com.trainingvalidator.poc            I  ViewPostIme pointer 1
2026-02-07 16:59:31.480  1511-1560  ChimeraSys...ntListener system_server                        I  appLaunchIntent package name is: com.trainingvalidator.poc
2026-02-07 16:59:31.488  1511-5425  WindowManager           system_server                        V  Collecting in transition 4862: ActivityRecord{d0f7c27 u0 com.trainingvalidator.poc/.ui.TrainingActivity, caller=com.android.server.wm.Transition.collect:761 com.android.server.wm.TransitionController.collect:935 com.android.server.wm.ActivityStarter.startActivityUnchecked:2376 com.android.server.wm.ActivityStarter.executeRequest:1953 com.android.server.wm.ActivityStarter.execute:1093 
2026-02-07 16:59:31.488  1511-5425  ActivityTaskManager     system_server                        D  TaskLaunchParamsModifier:task=null activity=ActivityRecord{d0f7c27 u0 com.trainingvalidator.poc/.ui.TrainingActivity t-1} display-area-from-source=DefaultTaskDisplayArea_d0@137624229 display-id=0 task-display-area-windowing-mode=1 suggested-display-area=DefaultTaskDisplayArea_d0@137624229
2026-02-07 16:59:31.488  1511-5425  ActivityTaskManager     system_server                        D  TaskLaunchParamsModifier:task=Task{aaf3793 #4208 type=standard A=10346:com.trainingvalidator.poc} activity=ActivityRecord{d0f7c27 u0 com.trainingvalidator.poc/.ui.TrainingActivity t-1} display-area-from-source=DefaultTaskDisplayArea_d0@137624229 display-id=0 task-display-area-windowing-mode=1 suggested-display-area=DefaultTaskDisplayArea_d0@137624229 inherit-from-source=fullscreen non-freeform-task-display-area display-area=DefaultTaskDisplayArea_d0@137624229 activity-requested-portrait freeform-size-mismatch=Rect(54, 408 - 666, 1208)
2026-02-07 16:59:31.490  1015-1078  BufferQueueDebug        surfaceflinger                       E  [ActivityRecord{d0f7c27 u0 com.trainingvalidator.poc/.ui.TrainingActivity t4208}#69830](this:0xe3ee10b8,id:-1,api:0,p:-1,c:-1) id info cannot be read from 'ActivityRecord{d0f7c27 u0 com.trainingvalidator.poc/.ui.TrainingActivity t4208}#69830'
2026-02-07 16:59:31.490  1015-1078  BufferQueueDebug        surfaceflinger                       I  [ActivityRecord{d0f7c27 u0 com.trainingvalidator.poc/.ui.TrainingActivity t4208}#69830](this:0xe3ee10b8,id:-1,api:0,p:-1,c:-1) BufferQueue core=(1015:/system/bin/surfaceflinger)
2026-02-07 16:59:31.490  1015-1078  SurfaceFlinger          surfaceflinger                       I  id=69830 createSurf, flag=84004, ActivityRecord{d0f7c27 u0 com.trainingvalidator.poc/.ui.TrainingActivity t4208}#69830
2026-02-07 16:59:31.492  1511-5425  ActivityTaskManager     system_server                        D  scheduleTopResumedActivityChanged, onTop=false, r=ActivityRecord{ddc9c91 u0 com.trainingvalidator.poc/.ui.PreWorkoutActivity t4208}, caller=com.android.server.wm.ActivityTaskSupervisor.updateTopResumedActivityIfNeeded:2826 com.android.server.wm.TaskFragment.setResumedActivity:579 com.android.server.wm.TaskFragment.onActivityStateChanged:888 com.android.server.wm.ActivityRecord.setState:6850 com.android.server.wm.TaskFragment.startPausing:2004 com.android.server.wm.TaskFragment.startPausing:1948 
2026-02-07 16:59:31.493 26733-26938 gralloc4                com.trainingvalidator.poc            I  @set_metadata: update dataspace from GM (0x00000000 -> 0x08010000)
2026-02-07 16:59:31.493  1511-5425  WindowManager           system_server                        V  Collecting in transition 4862: ActivityRecord{d0f7c27 u0 com.trainingvalidator.poc/.ui.TrainingActivity t4208}, caller=com.android.server.wm.Transition.collect:761 com.android.server.wm.Transition.collectExistenceChange:944 com.android.server.wm.TransitionController.collectExistenceChange:985 com.android.server.wm.ActivityStarter.handleStartResult:2557 com.android.server.wm.ActivityStarter.startActivityUnchecked:2384 
2026-02-07 16:59:31.494  1511-5425  ActivityTaskManager     system_server                        I  START u0 {cmp=com.trainingvalidator.poc/.ui.TrainingActivity (has extras)} with LAUNCH_MULTIPLE from uid 10346 (BAL_ALLOW_VISIBLE_WINDOW) result code=0
2026-02-07 16:59:31.494  1975-2036  WindowManagerShell      com.android.systemui                 V  Transition requested: android.os.BinderProxy@72a88bc TransitionRequestInfo { type = OPEN, triggerTask = TaskInfo{userId=0 taskId=4208 displayId=0 isRunning=true baseIntent=Intent { act=android.intent.action.MAIN cat=[android.intent.category.LAUNCHER] flg=0x10100000 cmp=com.trainingvalidator.poc/.ui.auth.SplashActivity } baseActivity=ComponentInfo{com.trainingvalidator.poc/com.trainingvalidator.poc.ui.main.MainContainerActivity} topActivity=ComponentInfo{com.trainingvalidator.poc/com.trainingvalidator.poc.ui.TrainingActivity} origActivity=null realActivity=ComponentInfo{com.trainingvalidator.poc/com.trainingvalidator.poc.ui.auth.SplashActivity} numActivities=3 lastActiveTime=401914543 supportsMultiWindow=true resizeMode=1 isResizeable=true minWidth=-1 minHeight=-1 maxWidth=-1 maxHeight=-1 defaultMinSize=220 token=WCT{android.window.IWindowContainerToken$Stub$Proxy@2db045} topActivityType=1 pictureInPictureParams=null shouldDockBigOverlays=false launchIntoPipHostTaskId=-1 lastParentTaskIdBeforePip=-1 displayCutoutSafeInsets=Rect(0, 45 - 0, 0) topActivityInfo=ActivityInfo{987439a com.trainingvalidator.poc.ui.TrainingActivity} launchCookies=[] positionInParent=Point(0, 0) parentTaskId=-1 isFocused=true isVisible=true isVisibleRequested=true isSleeping=false topActivityInSizeCompat=false topActivityEligibleForLetterboxEducation= false topActivityLetterboxed= false isFromDoubleTap= false topActivityLetterboxVerticalPosition= -1 topActivityLetterboxHorizontalPosition= -1 topActivityLetterboxWidth=-1 topActivityLetterboxHeight=-1 locusId=null displayAreaFeatureId=1 cameraCompatControlState=hidden originallySupportedMultiWindow=true hasWallpaper=false topActivityInFixedAspectRatio=false rootAffinity=10346:com.trainingvalidator.poc topActivityInDisplayCompat=false topActivityInBoundsCompat=false topActivityBounds=null singleTapFromLetterbox=false isTopTaskInStage=false topActivityUiMode=33 CoverLauncherWidgetTask=false CoverScreenTask=false isAllowedSeamlessRotation=false isTopTransparentActivity=false hasPopOver=false}, remoteTransition = null, displayChange = null }
2026-02-07 16:59:31.497 26733-26733 AnimatorSet             com.trainingvalidator.poc            D  mReversing is false. Don't call initChildren.
2026-02-07 16:59:31.501  1511-1560  SGM:FgCheckThread       system_server                        D  notePauseComponent(), received pkgName: com.trainingvalidator.poc, userId: 0
2026-02-07 16:59:31.503  1511-5418  WindowManager           system_server                        V  Collecting in transition 4862: ActivityRecord{d0f7c27 u0 com.trainingvalidator.poc/.ui.TrainingActivity t4208}, caller=com.android.server.wm.Transition.collect:761 com.android.server.wm.TransitionController.collect:935 com.android.server.wm.ActivityRecord.setVisibility:6387 com.android.server.wm.ActivityRecord.setVisibility:6339 com.android.server.wm.ActivityRecord.makeVisibleIfNeeded:7141 
2026-02-07 16:59:31.503  1511-5418  WindowManager           system_server                        V  Collecting in transition 4862: ActivityRecord{ddc9c91 u0 com.trainingvalidator.poc/.ui.PreWorkoutActivity t4208}, caller=com.android.server.wm.Transition.collect:761 com.android.server.wm.TransitionController.collect:935 com.android.server.wm.ActivityRecord.setVisibility:6387 com.android.server.wm.ActivityRecord.setVisibility:6339 com.android.server.wm.ActivityRecord.makeInvisible:7176 
2026-02-07 16:59:31.503  1511-5418  WindowManager           system_server                        D  prepareSync <SYNC_STATE_WAITING_FOR_DRAW>, mPrepareSyncSeqId=0, win=Window{f42faeb u0 com.trainingvalidator.poc/com.trainingvalidator.poc.ui.PreWorkoutActivity}
2026-02-07 16:59:31.504  1511-5418  WindowManager           system_server                        D  VisibleRequested updated, r=ActivityRecord{ddc9c91 u0 com.trainingvalidator.poc/.ui.PreWorkoutActivity t4208}
2026-02-07 16:59:31.504  1511-5418  WindowManager           system_server                        D  rotationForOrientation, orientationSource=ActivityRecord{d0f7c27 u0 com.trainingvalidator.poc/.ui.TrainingActivity t4208}
2026-02-07 16:59:31.505  1511-5418  WindowManager           system_server                        V  Collecting in transition 4862: ActivityRecord{d0f7c27 u0 com.trainingvalidator.poc/.ui.TrainingActivity t4208}, caller=com.android.server.wm.Transition.collect:761 com.android.server.wm.TransitionController.collect:935 com.android.server.wm.ActivityRecord.setVisibility:6387 com.android.server.wm.ActivityRecord.setVisibility:6339 com.android.server.wm.ActivityTaskSupervisor.realStartActivityLocked:941 
2026-02-07 16:59:31.505  1511-5418  SGM:PkgDataHelper       system_server                        D  notifyAppCreate(), pkgName: com.trainingvalidator.poc, userId: 0, sendRet: true
2026-02-07 16:59:31.505  1511-1730  SGM:FgCheckThread       system_server                        D  onLooperPrepared(), msg: MSG_APP_CREATE, pkgName: com.trainingvalidator.poc, userId: 0
2026-02-07 16:59:31.506  1511-5418  InputDispatcher         system_server                        D  Focused application(0): ActivityRecord{d0f7c27 u0 com.trainingvalidator.poc/.ui.TrainingActivity t4208}
2026-02-07 16:59:31.507  1511-5418  WindowManager           system_server                        V  Changing focus from Window{f42faeb u0 com.trainingvalidator.poc/com.trainingvalidator.poc.ui.PreWorkoutActivity} to null displayId=0 Callers=com.android.server.wm.RootWindowContainer.updateFocusedWindowLocked:578 com.android.server.wm.WindowManagerService.updateFocusedWindowLocked:6833 com.android.server.wm.ActivityTaskManagerService.setLastResumedActivityUncheckLocked:6118 com.android.server.wm.ActivityTaskSupervisor.updateTopResumedActivityIfNeeded:2847 
2026-02-07 16:59:31.508  1511-5418  ActivityTaskManager     system_server                        D  scheduleTopResumedActivityChanged, onTop=true, r=ActivityRecord{d0f7c27 u0 com.trainingvalidator.poc/.ui.TrainingActivity t4208}, caller=com.android.server.wm.ActivityTaskSupervisor.scheduleTopResumedActivityStateIfNeeded:2857 com.android.server.wm.ActivityTaskSupervisor.updateTopResumedActivityIfNeeded:2849 com.android.server.wm.TaskFragment.setResumedActivity:579 com.android.server.wm.TaskFragment.onActivityStateChanged:903 com.android.server.wm.ActivityRecord.setState:6850 com.android.server.wm.Task.minimalResumeActivityLocked:6192 
2026-02-07 16:59:31.508  1511-5418  WindowManager           system_server                        V  Collecting in transition 4862: ActivityRecord{d0f7c27 u0 com.trainingvalidator.poc/.ui.TrainingActivity t4208}, caller=com.android.server.wm.Transition.collect:761 com.android.server.wm.TransitionController.collect:935 com.android.server.wm.ActivityRecord.setVisibility:6387 com.android.server.wm.ActivityRecord.setVisibility:6339 com.android.server.wm.ActivityRecord.completeResumeLocked:7434 
2026-02-07 16:59:31.509  1511-5418  WindowManagerServiceExt system_server                        D  notifyOccludeChangeNotice: cn=ComponentInfo{com.trainingvalidator.poc/com.trainingvalidator.poc.ui.TrainingActivity} occludesParent=true isInSplitScreenMode=false styleFloating=false caller=com.android.server.wm.ActivityRecord.completeResumeLocked:7491 com.android.server.wm.Task.minimalResumeActivityLocked:6193 com.android.server.wm.ActivityTaskSupervisor.realStartActivityLocked:1158 com.android.server.wm.ActivityTaskSupervisor.startSpecificActivity:1267 com.android.server.wm.TaskFragment.resumeTopActivity:1885 
2026-02-07 16:59:31.509 26733-26938 gralloc4                com.trainingvalidator.poc            I  @set_metadata: update dataspace from GM (0x00000000 -> 0x08010000)
2026-02-07 16:59:31.511  1511-5418  WindowManager           system_server                        D  SyncGroup 4862:  Unfinished container: ActivityRecord{d0f7c27 u0 com.trainingvalidator.poc/.ui.TrainingActivity t4208} mSyncState=2
2026-02-07 16:59:31.513  1511-1560  SGM:FgCheckThread       system_server                        D  noteResumeComponent(), received pkgName: com.trainingvalidator.poc, userId: 0
2026-02-07 16:59:31.513  1511-1730  SGM:FgCheckThread       system_server                        D  onLooperPrepared(), msg: MSG_APP_RESUME, pkgName: com.trainingvalidator.poc, userid: 0
2026-02-07 16:59:31.513  1511-1730  SGM:FgCheckThread       system_server                        D    handleResume(). pkgName: com.trainingvalidator.poc, userId: 0, isTunableApp: null
2026-02-07 16:59:31.513  1511-1730  SGM:FgCheckThread       system_server                        D  notifyFocusInOut(). of pkg: com.trainingvalidator.poc, type: 4, isTunableApp: false, userId: 0
2026-02-07 16:59:31.515  1511-1560  GameSDK@LifeCycle       system_server                        I  noteResumeComponent(): package name  : com.trainingvalidator.poc
2026-02-07 16:59:31.519  1015-1015  SurfaceFlinger          surfaceflinger                       I  [f42faeb com.trainingvalidator.poc/com.trainingvalidator.poc.ui.PreWorkoutActivity#69737] FrameRatePriority: -1
2026-02-07 16:59:31.526 26733-26938 gralloc4                com.trainingvalidator.poc            I  @set_metadata: update dataspace from GM (0x00000000 -> 0x08010000)
2026-02-07 16:59:31.534 26733-26733 SettingsManager         com.trainingvalidator.poc            D  Settings loaded successfully: v2.0.0
2026-02-07 16:59:31.534 26733-26733 SettingsManager         com.trainingvalidator.poc            D    Hysteresis: 5.0°
2026-02-07 16:59:31.534 26733-26733 SettingsManager         com.trainingvalidator.poc            D    Boundary Buffer: 3.0°
2026-02-07 16:59:31.534 26733-26733 SettingsManager         com.trainingvalidator.poc            D    Smoothing Window: 3
2026-02-07 16:59:31.534 26733-26733 SettingsManager         com.trainingvalidator.poc            D    Smoothing Settings:
2026-02-07 16:59:31.534 26733-26733 SettingsManager         com.trainingvalidator.poc            D      Preset: custom
2026-02-07 16:59:31.534 26733-26733 SettingsManager         com.trainingvalidator.poc            D      Use Legacy EMA: false
2026-02-07 16:59:31.534 26733-26733 SettingsManager         com.trainingvalidator.poc            D      MinCutoff: 3.0
2026-02-07 16:59:31.534 26733-26733 SettingsManager         com.trainingvalidator.poc            D      Beta: 0.05
2026-02-07 16:59:31.534 26733-26733 SettingsManager         com.trainingvalidator.poc            D      Legacy Alpha: 1.0
2026-02-07 16:59:31.534 26733-26733 LandmarkSmoother        com.trainingvalidator.poc            D  Creating smoother from settings:
2026-02-07 16:59:31.535 26733-26733 LandmarkSmoother        com.trainingvalidator.poc            D    Preset: custom
2026-02-07 16:59:31.535 26733-26733 LandmarkSmoother        com.trainingvalidator.poc            D    Use Legacy EMA: false
2026-02-07 16:59:31.535 26733-26733 LandmarkSmoother        com.trainingvalidator.poc            D    One Euro Filter - minCutoff: 3.0, beta: 0.05
2026-02-07 16:59:31.535 26733-26733 TrainingActivity        com.trainingvalidator.poc            I  Smoothing: One Euro (minCutoff=3.0, beta=0.05)
2026-02-07 16:59:31.537  1015-1015  Layer                   surfaceflinger                       D  Focus: ActivityRecord{afdaec1 u0 com.trainingvalidator.poc/.ui.main.MainContainerActivity t4208}#69716 isHiddenByPolicy s.flags&layer_state_t::eLayerHidden=1
2026-02-07 16:59:31.537  1015-1015  Layer                   surfaceflinger                       D  Focus: isHiddenByPolicy parent ActivityRecord{afdaec1 u0 com.trainingvalidator.poc/.ui.main.MainContainerActivity t4208}#69716 is hidden cause not visible
2026-02-07 16:59:31.539  1511-5418  InputDispatcher         system_server                        D  Focus left window (0): f42faeb com.trainingvalidator.poc/com.trainingvalidator.poc.ui.PreWorkoutActivity
2026-02-07 16:59:31.539 26733-26733 DecorView               com.trainingvalidator.poc            I  setWindowBackground: isPopOver=false color=ff000000 d=android.graphics.drawable.ColorDrawable@cf6d2f8
2026-02-07 16:59:31.542 26733-26938 gralloc4                com.trainingvalidator.poc            I  @set_metadata: update dataspace from GM (0x00000000 -> 0x08010000)
2026-02-07 16:59:31.557 26733-26938 gralloc4                com.trainingvalidator.poc            I  @set_metadata: update dataspace from GM (0x00000000 -> 0x08010000)
2026-02-07 16:59:31.575 26733-26938 gralloc4                com.trainingvalidator.poc            I  @set_metadata: update dataspace from GM (0x00000000 -> 0x08010000)
2026-02-07 16:59:31.591 26733-26938 gralloc4                com.trainingvalidator.poc            I  @set_metadata: update dataspace from GM (0x00000000 -> 0x08010000)
2026-02-07 16:59:31.608 26733-26938 gralloc4                com.trainingvalidator.poc            I  @set_metadata: update dataspace from GM (0x00000000 -> 0x08010000)
2026-02-07 16:59:31.625 26733-26938 gralloc4                com.trainingvalidator.poc            I  @set_metadata: update dataspace from GM (0x00000000 -> 0x08010000)
2026-02-07 16:59:31.625 26733-26733 TrainingActivity        com.trainingvalidator.poc            D  ExerciseRepository initialized successfully
2026-02-07 16:59:31.626 26733-26733 TrainingActivity        com.trainingvalidator.poc            D  WorkoutRepository initialized successfully
2026-02-07 16:59:31.627 26733-26733 TrainingViewModel       com.trainingvalidator.poc            D  Loaded exercise from repository: forearm_rest
2026-02-07 16:59:31.627 26733-26733 PhaseStateMachine       com.trainingvalidator.poc            D  PhaseStateMachine initialized (STATE-BASED):
2026-02-07 16:59:31.628 26733-26733 PhaseStateMachine       com.trainingvalidator.poc            D    Method: UP_DOWN
2026-02-07 16:59:31.628 26733-26733 PhaseStateMachine       com.trainingvalidator.poc            D    upRange: 135.0 - 180.0
2026-02-07 16:59:31.628 26733-26733 PhaseStateMachine       com.trainingvalidator.poc            D    downRange: 0.0 - 100.0
2026-02-07 16:59:31.628 26733-26733 PhaseStateMachine       com.trainingvalidator.poc            D    Transition Zone: 100.0 - 135.0
2026-02-07 16:59:31.628 26733-26733 PhaseStateMachine       com.trainingvalidator.poc            D    Settings (configurable):
2026-02-07 16:59:31.628 26733-26733 PhaseStateMachine       com.trainingvalidator.poc            D      Hysteresis: 5.0°
2026-02-07 16:59:31.628 26733-26733 PhaseStateMachine       com.trainingvalidator.poc            D      Min Rep Interval: 1200ms
2026-02-07 16:59:31.628 26733-26733 PhaseStateMachine       com.trainingvalidator.poc            D      Min Phase Duration: 300ms
2026-02-07 16:59:31.628 26733-26733 TrainingEngine          com.trainingvalidator.poc            D  TrainingEngine initialized (STATE-BASED)
2026-02-07 16:59:31.628 26733-26733 TrainingEngine          com.trainingvalidator.poc            D  Exercise: Bicep Curl
2026-02-07 16:59:31.628 26733-26733 TrainingEngine          com.trainingvalidator.poc            D  Counting Method: UP_DOWN
2026-02-07 16:59:31.628 26733-26733 TrainingEngine          com.trainingvalidator.poc            D  Target Reps: 12
2026-02-07 16:59:31.628 26733-26733 TrainingEngine          com.trainingvalidator.poc            D  Tracked Joints: [right_elbow, right_shoulder]
2026-02-07 16:59:31.628 26733-26733 TrainingEngine          com.trainingvalidator.poc            D  Primary Joints: [right_elbow]
2026-02-07 16:59:31.628 26733-26733 TrainingViewModel       com.trainingvalidator.poc            D  MotionRecorder created for forearm_rest, weight: null kg
2026-02-07 16:59:31.628 26733-26733 SessionSupervisor       com.trainingvalidator.poc            D  State: IDLE → SETUP_POSE
2026-02-07 16:59:31.629 26733-26733 SessionSupervisor       com.trainingvalidator.poc            D  Exercise loaded - showing setup pose
2026-02-07 16:59:31.629 26733-26733 TrainingViewModel       com.trainingvalidator.poc            D  Loaded exercise: Bicep Curl
2026-02-07 16:59:31.630 26733-26733 FeedbackManager         com.trainingvalidator.poc            D  Mode changed: CAMERA
2026-02-07 16:59:31.640 26733-26938 gralloc4                com.trainingvalidator.poc            I  @set_metadata: update dataspace from GM (0x00000000 -> 0x08010000)
2026-02-07 16:59:31.645 26733-26733 TextToSpeech            com.trainingvalidator.poc            I  Sucessfully bound to com.samsung.SMT
2026-02-07 16:59:31.645 26733-26733 FeedbackManager         com.trainingvalidator.poc            D  Initialized with AudioFeedbackPlayer (cached audio support)
2026-02-07 16:59:31.645 26733-26733 TrainingViewModel       com.trainingvalidator.poc            D  Feedback initialized with audio cache support
2026-02-07 16:59:31.645 26733-26733 FeedbackManager         com.trainingvalidator.poc            D  Random messages set: 3 motivational, 4 tips
2026-02-07 16:59:31.647 26733-26733 FrameCaptureManager     com.trainingvalidator.poc            D  FrameCaptureManager initialized: /data/user/0/com.trainingvalidator.poc/files/frame_captures/f48ccf26-c801-4226-b359-c332916c4e0d
2026-02-07 16:59:31.660 26733-26938 gralloc4                com.trainingvalidator.poc            I  @set_metadata: update dataspace from GM (0x00000000 -> 0x08010000)
2026-02-07 16:59:31.661  1015-1078  SurfaceFlinger          surfaceflinger                       D  [SF client] NEW(0xe568fb10) for (26733:com.trainingvalidator.poc)
2026-02-07 16:59:31.663 26733-26938 NativeCust...ncyManager com.trainingvalidator.poc            D  [NativeCFMS] BpCustomFrequencyManager::BpCustomFrequencyManager()
2026-02-07 16:59:31.665 26733-26733 InsetsController        com.trainingvalidator.poc            I  setRequestedVisibleTypes: visible=false, mask=statusBars navigationBars captionBar systemOverlays, host=com.trainingvalidator.poc/com.trainingvalidator.poc.ui.TrainingActivity, from=android.view.InsetsController.controlAnimationUnchecked:1445 android.view.InsetsController.applyAnimation:2005 android.view.InsetsController.applyAnimation:1968 android.view.InsetsController.hide:1403 android.view.InsetsController.hide:1342 android.view.PendingInsetsController$HideRequest.replay:259 android.view.PendingInsetsController.replayAndAttach:176 android.view.ViewRootImpl.setView:1700 android.view.WindowManagerGlobal.addView:580 android.view.WindowManagerImpl.addView:150 
2026-02-07 16:59:31.667  1511-5418  WindowManager           system_server                        D  prepareSync <SYNC_STATE_WAITING_FOR_DRAW>, mPrepareSyncSeqId=0, win=Window{a3913d0 u0 com.trainingvalidator.poc/com.trainingvalidator.poc.ui.TrainingActivity}
2026-02-07 16:59:31.667  1015-2626  BufferQueueDebug        surfaceflinger                       E  [a3913d0 com.trainingvalidator.poc/com.trainingvalidator.poc.ui.TrainingActivity#69831](this:0xe3fd60b8,id:-1,api:0,p:-1,c:-1) id info cannot be read from 'a3913d0 com.trainingvalidator.poc/com.trainingvalidator.poc.ui.TrainingActivity#69831'
2026-02-07 16:59:31.667  1015-2626  BufferQueueDebug        surfaceflinger                       I  [a3913d0 com.trainingvalidator.poc/com.trainingvalidator.poc.ui.TrainingActivity#69831](this:0xe3fd60b8,id:-1,api:0,p:-1,c:-1) BufferQueue core=(1015:/system/bin/surfaceflinger)
2026-02-07 16:59:31.667  1015-2626  SurfaceFlinger          surfaceflinger                       I  id=69831 createSurf, flag=84004, a3913d0 com.trainingvalidator.poc/com.trainingvalidator.poc.ui.TrainingActivity#69831
2026-02-07 16:59:31.672 26733-26733 InsetsController        com.trainingvalidator.poc            I  onStateChanged: host=com.trainingvalidator.poc/com.trainingvalidator.poc.ui.TrainingActivity, from=android.view.ViewRootImpl.setView:1753, state=InsetsState: {mDisplayFrame=Rect(0, 0 - 720, 1600), mDisplayCutout=DisplayCutout{insets=Rect(0, 45 - 0, 0) waterfall=Insets{left=0, top=0, right=0, bottom=0} boundingRect={Bounds=[Rect(0, 0 - 0, 0), Rect(272, 0 - 448, 45), Rect(0, 0 - 0, 0), Rect(0, 0 - 0, 0)]} cutoutPathParserInfo={CutoutPathParserInfo{displayWidth=720 displayHeight=1600 physicalDisplayWidth=720 physicalDisplayHeight=1600 density={1.875} cutoutSpec={M 0,0 H -88 V 45 H 88 V 0 H 0 Z} rotation={0} scale={1.0} physicalPixelDisplaySizeRatio={1.0}}}}, mRoundedCorners=RoundedCorners{[RoundedCorner{position=TopLeft, radius=0, center=Point(0, 0)}, RoundedCorner{position=TopRight, radius=0, center=Point(0, 0)}, RoundedCorner{position=BottomRight, radius=0, center=Point(0, 0)}, RoundedCorner{position=BottomLeft, radius=0, center=Point(0, 0)}]}  mRoundedCornerFrame=Rect(0, 0 - 720, 1600), mPrivacyIndicatorBounds=PrivacyIndicatorBounds {static bounds=Rect(637, 0 - 720, 45) rotation=0}, mDisplayShape=DisplayShape{ spec=-311912193 displayWidth=720 displayHeight=1600 physicalPixelDisplaySizeRatio=1.0 rotation=0 offsetX=0 offsetY=0 scale=1.0}, mSources= { InsetsSource: {8ac20000 mType=statusBars mFrame=[0,0][720,45] mVisible=true mFlags=[]}, InsetsSource: {8ac20005 mType=mandatorySystemGestures mFrame=[0,0][720,68] mVisible=true mFlags=[]}, InsetsSource: {8ac20006 mType=tappableElement mFrame=[0,0][720,45] mVisible=true mFlags=[]}, InsetsSource: {9be30001 mType=navigationBars mFrame=[0,1572][720,1600] mVisible=true mFlags=[SUPPRESS_SCRIM]}, InsetsSource: {9be30004 mType=systemGestures mFrame=[0,0][56,1600] mVisible=true mFlags=[]}, InsetsSource: {9be30005 mType=mandatorySystemGestures mFrame=[0,1540][720,1600] mVisible=true mFlags=[]}, InsetsSource: {9be30006 mType=tappableElement mFrame=[0,0][0,0] mVisible=true mFlags=[]}, InsetsSource: {9be30024 mType=systemGestures mFrame=[664,0][720,1600] mVisible=true mFlags=[]}, InsetsSource: {27 mType=displayCutout mFrame=[0,0][720,45] mVisible=true mFlags=[]} }
2026-02-07 16:59:31.672 26733-26733 ViewRootIm...gActivity] com.trainingvalidator.poc            I  synced displayState. AttachInfo displayState=2
2026-02-07 16:59:31.672 26733-27537 native                  com.trainingvalidator.poc            I  I0000 00:00:1770476371.667340   27537 asset_manager_util.cc:61] Created global reference to asset manager.
2026-02-07 16:59:31.673 26733-27538 SessionSyncService      com.trainingvalidator.poc            D  Syncing 1 pending sessions...
2026-02-07 16:59:31.673 26733-26733 ViewRootIm...gActivity] com.trainingvalidator.poc            I  setView = com.android.internal.policy.DecorView@c78d682 TM=true
2026-02-07 16:59:31.675 26733-26938 gralloc4                com.trainingvalidator.poc            I  @set_metadata: update dataspace from GM (0x00000000 -> 0x08010000)
2026-02-07 16:59:31.677 26733-26733 AnimatorSet             com.trainingvalidator.poc            D  mReversing is false. Don't call initChildren.
2026-02-07 16:59:31.679  1511-5418  CoreBackPreview         system_server                        D  Window{a3913d0 u0 com.trainingvalidator.poc/com.trainingvalidator.poc.ui.TrainingActivity}: Setting back callback OnBackInvokedCallbackInfo{mCallback=android.window.IOnBackInvokedCallback$Stub$Proxy@4d056ce, mPriority=0, mIsAnimationCallback=false}
2026-02-07 16:59:31.687  1511-5418  WindowManager           system_server                        V  Relayout Window{a3913d0 u0 com.trainingvalidator.poc/com.trainingvalidator.poc.ui.TrainingActivity}: viewVisibility=0 req=720x1555 ty=1 d0
2026-02-07 16:59:31.688  1015-2626  BufferQueueDebug        surfaceflinger                       E  [com.trainingvalidator.poc/com.trainingvalidator.poc.ui.TrainingActivity$_26733#69832](this:0xe3c710b8,id:-1,api:0,p:-1,c:-1) id info cannot be read from 'com.trainingvalidator.poc/com.trainingvalidator.poc.ui.TrainingActivity$_26733#69832'
