2026-02-07 16:59:53.105 26733-26733 FeedbackManager         com.trainingvalidator.poc            D  LocalizedText has NO audio URL for ar. Text: ممتاز! ذراعك مفرودة...
2026-02-07 16:59:53.105 26733-26733 AudioFeedbackPlayer     com.trainingvalidator.poc            D  No audio URL, using TTS for: ممتاز! ذراعك مفرودة...
2026-02-07 16:59:53.106 26733-26733 AudioFeedbackPlayer     com.trainingvalidator.poc            W  TTS not ready, skipping: ممتاز! ذراعك مفرودة
2026-02-07 16:59:53.107 26733-27538 MotionRecorder          com.trainingvalidator.poc            D  Rep 2 finalized: 51 frames processed → metrics saved, frames DISCARDED
2026-02-07 16:59:53.107  1511-2753  VibratorManagerService  system_server                        D  vibrate - uid: 10346, opPkg: com.trainingvalidator.poc, effect: Mono{mEffect=Composed{segments=[Step{amplitude=0.0, frequencyHz=0.0, duration=0}, Step{amplitude=-1.0, frequencyHz=0.0, duration=40}], repeat=-1, mMagnitudeType=TYPE_EXTRA}}, attrs: VibrationAttributes: Usage=UNKNOWN Audio Usage= USAGE_UNKNOWN tags= Flags=0, reason: null, token: android.os.BinderProxy@1d9b947
2026-02-07 16:59:53.107 26733-27538 TrainingEngine          com.trainingvalidator.poc            D  Rep 2 completed. Correct: 2/2
2026-02-07 16:59:53.111  1511-2753  VibratorManagerService  system_server                        D  vibrate - uid: 10346, opPkg: com.trainingvalidator.poc, effect: Mono{mEffect=Composed{segments=[Step{amplitude=0.0, frequencyHz=0.0, duration=0}, Step{amplitude=-1.0, frequencyHz=0.0, duration=40}], repeat=-1, mMagnitudeType=TYPE_EXTRA}}, attrs: VibrationAttributes: Usage=UNKNOWN Audio Usage= USAGE_UNKNOWN tags= Flags=0, reason: null, token: android.os.BinderProxy@1d9b947
2026-02-07 16:59:53.115  1511-1689  VibratorManagerService  system_server                        D  Vibration 2748 finished with EndInfo{status=CANCELLED_SUPERSEDED, endedBy=CallerInfo{ attrs=VibrationAttributes: Usage=TOUCH Audio Usage= USAGE_UNKNOWN tags= Flags=0, uid=10346, displayId=0, opPkg=com.trainingvalidator.poc, reason=null}}
2026-02-07 16:59:53.115  1511-1689  VibratorManagerService  system_server                        D  Reporting vibration 2748 finished with EndInfo{status=CANCELLED_SUPERSEDED, endedBy=CallerInfo{ attrs=VibrationAttributes: Usage=TOUCH Audio Usage= USAGE_UNKNOWN tags= Flags=0, uid=10346, displayId=0, opPkg=com.trainingvalidator.poc, reason=null}}
2026-02-07 16:59:53.116 26733-26733 FrameCaptureManager     com.trainingvalidator.poc            D  Marked rep 2 as BEST_REP (total: 2)
2026-02-07 16:59:53.138 26733-26938 gralloc4                com.trainingvalidator.poc            I  @set_metadata: update dataspace from GM (0x00000000 -> 0x08010000)
2026-02-07 16:59:53.144 26733-26938 gralloc4                com.trainingvalidator.poc            I  @set_metadata: update dataspace from GM (0x00000000 -> 0x08010000)
2026-02-07 16:59:53.172 26733-26938 gralloc4                com.trainingvalidator.poc            I  @set_metadata: update dataspace from GM (0x00000000 -> 0x08010000)
2026-02-07 16:59:53.178 26733-26938 gralloc4                com.trainingvalidator.poc            I  @set_metadata: update dataspace from GM (0x00000000 -> 0x08010000)
2026-02-07 16:59:53.195 26733-26938 gralloc4                com.trainingvalidator.poc            I  @set_metadata: update dataspace from GM (0x00000000 -> 0x08010000)
2026-02-07 16:59:53.213 26733-26938 gralloc4                com.trainingvalidator.poc            I  @set_metadata: update dataspace from GM (0x00000000 -> 0x08010000)
2026-02-07 16:59:53.240 26733-26938 gralloc4                com.trainingvalidator.poc            I  @set_metadata: update dataspace from GM (0x00000000 -> 0x08010000)
2026-02-07 16:59:53.247 26733-26938 gralloc4                com.trainingvalidator.poc            I  @set_metadata: update dataspace from GM (0x00000000 -> 0x08010000)
2026-02-07 16:59:53.267 26733-26938 gralloc4                com.trainingvalidator.poc            I  @set_metadata: update dataspace from GM (0x00000000 -> 0x08010000)
2026-02-07 16:59:53.289 26733-26938 gralloc4                com.trainingvalidator.poc            I  @set_metadata: update dataspace from GM (0x00000000 -> 0x08010000)
2026-02-07 16:59:53.301 26733-26938 gralloc4                com.trainingvalidator.poc            I  @set_metadata: update dataspace from GM (0x00000000 -> 0x08010000)
2026-02-07 16:59:53.312 26733-26938 gralloc4                com.trainingvalidator.poc            I  @set_metadata: update dataspace from GM (0x00000000 -> 0x08010000)
2026-02-07 16:59:53.337 26733-26938 gralloc4                com.trainingvalidator.poc            I  @set_metadata: update dataspace from GM (0x00000000 -> 0x08010000)
2026-02-07 16:59:53.344 26733-26938 gralloc4                com.trainingvalidator.poc            I  @set_metadata: update dataspace from GM (0x00000000 -> 0x08010000)
2026-02-07 16:59:53.359 26733-26938 gralloc4                com.trainingvalidator.poc            I  @set_metadata: update dataspace from GM (0x00000000 -> 0x08010000)
2026-02-07 16:59:53.372 26733-26733 FeedbackManager         com.trainingvalidator.poc            D  Message silenced: ممتاز - الذراع ثابتة (repeat #1)
2026-02-07 16:59:53.390 26733-26938 gralloc4                com.trainingvalidator.poc            I  @set_metadata: update dataspace from GM (0x00000000 -> 0x08010000)
2026-02-07 16:59:53.396 26733-26938 gralloc4                com.trainingvalidator.poc            I  @set_metadata: update dataspace from GM (0x00000000 -> 0x08010000)
2026-02-07 16:59:53.410 26733-26938 gralloc4                com.trainingvalidator.poc            I  @set_metadata: update dataspace from GM (0x00000000 -> 0x08010000)
2026-02-07 16:59:53.453 26733-26938 gralloc4                com.trainingvalidator.poc            I  @set_metadata: update dataspace from GM (0x00000000 -> 0x08010000)
2026-02-07 16:59:53.505 26733-26938 gralloc4                com.trainingvalidator.poc            I  @set_metadata: update dataspace from GM (0x00000000 -> 0x08010000)
2026-02-07 16:59:53.521  1015-1015  BufferQueueProducer     surfaceflinger                       I  [SurfaceView[com.trainingvalidator.poc/com.trainingvalidator.poc.ui.TrainingActivity]@0(BLAST)#69847](this:0xe3efa8b8,id:-1,api:0,p:-1,c:1015) queueBuffer: fps=20.06 dur=1046.98 max=66.92 min=32.66
2026-02-07 16:59:53.551 26733-26938 gralloc4                com.trainingvalidator.poc            I  @set_metadata: update dataspace from GM (0x00000000 -> 0x08010000)
2026-02-07 16:59:53.587 26733-26938 gralloc4                com.trainingvalidator.poc            I  @set_metadata: update dataspace from GM (0x00000000 -> 0x08010000)
2026-02-07 16:59:53.640 26733-26938 gralloc4                com.trainingvalidator.poc            I  @set_metadata: update dataspace from GM (0x00000000 -> 0x08010000)
2026-02-07 16:59:53.651 26733-26743 ngvalidator.poc         com.trainingvalidator.poc            I  Background concurrent copying GC freed 685KB AllocSpace bytes, 12(14MB) LOS objects, 49% free, 15MB/31MB, paused 223us,167us total 130.417ms
2026-02-07 16:59:53.683 26733-26938 gralloc4                com.trainingvalidator.poc            I  @set_metadata: update dataspace from GM (0x00000000 -> 0x08010000)
2026-02-07 16:59:53.716 26733-26938 gralloc4                com.trainingvalidator.poc            I  @set_metadata: update dataspace from GM (0x00000000 -> 0x08010000)
2026-02-07 16:59:53.772 26733-26938 gralloc4                com.trainingvalidator.poc            I  @set_metadata: update dataspace from GM (0x00000000 -> 0x08010000)
2026-02-07 16:59:53.823 26733-26938 gralloc4                com.trainingvalidator.poc            I  @set_metadata: update dataspace from GM (0x00000000 -> 0x08010000)
2026-02-07 16:59:53.894 26733-26938 gralloc4                com.trainingvalidator.poc            I  @set_metadata: update dataspace from GM (0x00000000 -> 0x08010000)
2026-02-07 16:59:53.904  1015-1015  BufferQueueProducer     surfaceflinger                       I  [com.trainingvalidator.poc/com.trainingvalidator.poc.ui.TrainingActivity$_26733#69832](this:0xe3c710b8,id:-1,api:0,p:-1,c:1015) queueBuffer: fps=31.05 dur=1030.57 max=83.19 min=15.55
2026-02-07 16:59:53.941 26733-26938 gralloc4                com.trainingvalidator.poc            I  @set_metadata: update dataspace from GM (0x00000000 -> 0x08010000)
2026-02-07 16:59:53.985 26733-26938 gralloc4                com.trainingvalidator.poc            I  @set_metadata: update dataspace from GM (0x00000000 -> 0x08010000)
2026-02-07 16:59:54.011 26733-27538 PhaseStateMachine       com.trainingvalidator.poc            D  Left UP range, starting descent: 122.49277431358807
2026-02-07 16:59:54.012 26733-27538 PhaseStateMachine       com.trainingvalidator.poc            D  Phase: START → DOWN
2026-02-07 16:59:54.043 26733-26938 gralloc4                com.trainingvalidator.poc            I  @set_metadata: update dataspace from GM (0x00000000 -> 0x08010000)
2026-02-07 16:59:54.063 26733-26938 gralloc4                com.trainingvalidator.poc            I  @set_metadata: update dataspace from GM (0x00000000 -> 0x08010000)
2026-02-07 16:59:54.083 26733-26938 gralloc4                com.trainingvalidator.poc            I  @set_metadata: update dataspace from GM (0x00000000 -> 0x08010000)
2026-02-07 16:59:54.153 26733-26938 gralloc4                com.trainingvalidator.poc            I  @set_metadata: update dataspace from GM (0x00000000 -> 0x08010000)
2026-02-07 16:59:54.187 26733-26938 gralloc4                com.trainingvalidator.poc            I  @set_metadata: update dataspace from GM (0x00000000 -> 0x08010000)
2026-02-07 16:59:54.230 26733-26938 gralloc4                com.trainingvalidator.poc            I  @set_metadata: update dataspace from GM (0x00000000 -> 0x08010000)
2026-02-07 16:59:54.284 26733-26743 ngvalidator.poc         com.trainingvalidator.poc            I  Background concurrent copying GC freed 689KB AllocSpace bytes, 13(15MB) LOS objects, 49% free, 14MB/29MB, paused 84us,152us total 128.613ms
2026-02-07 16:59:54.285 26733-26938 gralloc4                com.trainingvalidator.poc            I  @set_metadata: update dataspace from GM (0x00000000 -> 0x08010000)
2026-02-07 16:59:54.295 26733-26938 gralloc4                com.trainingvalidator.poc            I  @set_metadata: update dataspace from GM (0x00000000 -> 0x08010000)
2026-02-07 16:59:54.334 26733-26938 gralloc4                com.trainingvalidator.poc            I  @set_metadata: update dataspace from GM (0x00000000 -> 0x08010000)
2026-02-07 16:59:54.373 26733-27538 PhaseStateMachine       com.trainingvalidator.poc            D  Entered DOWN range: 98.88967144368259 (0.0-100.0)
2026-02-07 16:59:54.373 26733-27538 PhaseStateMachine       com.trainingvalidator.poc            D  Phase: DOWN → BOTTOM
2026-02-07 16:59:54.377 26733-26938 mali_config             com.trainingvalidator.poc            I  @get_buffer_dataspace_setting: update dataspace from GE (0x00000000 -> 0x08020000)
2026-02-07 16:59:54.387 26733-32127 SurfaceViewImpl         com.trainingvalidator.poc            D  PreviewView.SurfaceViewImplementation.getBitmap() succeeded
2026-02-07 16:59:54.488 26733-26733 FrameCaptureManager     com.trainingvalidator.poc            D  Captured PEAK_FRAME for rep 3: b0f3f2cc
2026-02-07 16:59:54.489 26733-26733 TrainingActivity        com.trainingvalidator.poc            D  Captured peak frame for rep 3 at phase BOTTOM
2026-02-07 16:59:54.490 26733-26733 MessageOrchestrator     com.trainingvalidator.poc            D  Preempting state:right_elbow:PERFECT:UP_ZONE (20) with state:right_elbow:NORMAL:DOWN_ZONE (30)
2026-02-07 16:59:54.490 26733-26733 FeedbackManager         com.trainingvalidator.poc            D  Message silenced: جيد، حاول الثني أكثر (repeat #1)
2026-02-07 16:59:54.501 26733-26938 gralloc4                com.trainingvalidator.poc            I  @set_metadata: update dataspace from GM (0x00000000 -> 0x08010000)
2026-02-07 16:59:54.515 26733-26938 gralloc4                com.trainingvalidator.poc            I  @set_metadata: update dataspace from GM (0x00000000 -> 0x08010000)
2026-02-07 16:59:54.535  1015-1015  BufferQueueProducer     surfaceflinger                       I  [SurfaceView[com.trainingvalidator.poc/com.trainingvalidator.poc.ui.TrainingActivity]@0(BLAST)#69847](this:0xe3efa8b8,id:-1,api:0,p:-1,c:1015) queueBuffer: fps=19.72 dur=1013.99 max=66.85 min=32.98
2026-02-07 16:59:54.577 26733-26733 FeedbackManager         com.trainingvalidator.poc            D  Message silenced: ممتاز! ثني مثالي (repeat #0)
2026-02-07 16:59:54.604 26733-26938 gralloc4                com.trainingvalidator.poc            I  @set_metadata: update dataspace from GM (0x00000000 -> 0x08010000)
2026-02-07 16:59:54.653 26733-26938 gralloc4                com.trainingvalidator.poc            I  @set_metadata: update dataspace from GM (0x00000000 -> 0x08010000)
2026-02-07 16:59:54.700 26733-26938 gralloc4                com.trainingvalidator.poc            I  @set_metadata: update dataspace from GM (0x00000000 -> 0x08010000)
2026-02-07 16:59:54.730 26733-26938 gralloc4                com.trainingvalidator.poc            I  @set_metadata: update dataspace from GM (0x00000000 -> 0x08010000)
2026-02-07 16:59:54.766 26733-26938 gralloc4                com.trainingvalidator.poc            I  @set_metadata: update dataspace from GM (0x00000000 -> 0x08010000)
2026-02-07 16:59:54.814 26733-26938 gralloc4                com.trainingvalidator.poc            I  @set_metadata: update dataspace from GM (0x00000000 -> 0x08010000)
2026-02-07 16:59:54.864 26733-26938 gralloc4                com.trainingvalidator.poc            I  @set_metadata: update dataspace from GM (0x00000000 -> 0x08010000)
2026-02-07 16:59:54.900 26733-26743 ngvalidator.poc         com.trainingvalidator.poc            I  Background concurrent copying GC freed 669KB AllocSpace bytes, 12(14MB) LOS objects, 49% free, 14MB/28MB, paused 103us,55us total 110.706ms
2026-02-07 16:59:54.933 26733-26938 gralloc4                com.trainingvalidator.poc            I  @set_metadata: update dataspace from GM (0x00000000 -> 0x08010000)
2026-02-07 16:59:54.950  1015-1015  BufferQueueProducer     surfaceflinger                       I  [com.trainingvalidator.poc/com.trainingvalidator.poc.ui.TrainingActivity$_26733#69832](this:0xe3c710b8,id:-1,api:0,p:-1,c:1015) queueBuffer: fps=20.06 dur=1046.87 max=182.73 min=16.21
2026-02-07 16:59:54.986 26733-26938 gralloc4                com.trainingvalidator.poc            I  @set_metadata: update dataspace from GM (0x00000000 -> 0x08010000)
2026-02-07 16:59:55.036 26733-26938 gralloc4                com.trainingvalidator.poc            I  @set_metadata: update dataspace from GM (0x00000000 -> 0x08010000)
2026-02-07 16:59:55.085 26733-26938 gralloc4                com.trainingvalidator.poc            I  @set_metadata: update dataspace from GM (0x00000000 -> 0x08010000)
2026-02-07 16:59:55.148 26733-26938 gralloc4                com.trainingvalidator.poc            I  @set_metadata: update dataspace from GM (0x00000000 -> 0x08010000)
2026-02-07 16:59:55.199 26733-26938 gralloc4                com.trainingvalidator.poc            I  @set_metadata: update dataspace from GM (0x00000000 -> 0x08010000)
2026-02-07 16:59:55.233 26733-26938 gralloc4                com.trainingvalidator.poc            I  @set_metadata: update dataspace from GM (0x00000000 -> 0x08010000)
2026-02-07 16:59:55.285 26733-26938 gralloc4                com.trainingvalidator.poc            I  @set_metadata: update dataspace from GM (0x00000000 -> 0x08010000)
2026-02-07 16:59:55.310 26733-26938 gralloc4                com.trainingvalidator.poc            I  @set_metadata: update dataspace from GM (0x00000000 -> 0x08010000)
2026-02-07 16:59:55.330 26733-26938 gralloc4                com.trainingvalidator.poc            I  @set_metadata: update dataspace from GM (0x00000000 -> 0x08010000)
2026-02-07 16:59:55.362 26733-26733 MessageOrchestrator     com.trainingvalidator.poc            D  Max repeats (1) reached for state:right_shoulder:PERFECT:UP_ZONE - going silent
2026-02-07 16:59:55.362 26733-26733 FeedbackManager         com.trainingvalidator.poc            D  Message silenced: ممتاز - الذراع ثابتة (repeat #1)
2026-02-07 16:59:55.377 26733-26938 gralloc4                com.trainingvalidator.poc            I  @set_metadata: update dataspace from GM (0x00000000 -> 0x08010000)
2026-02-07 16:59:55.433 26733-26938 gralloc4                com.trainingvalidator.poc            I  @set_metadata: update dataspace from GM (0x00000000 -> 0x08010000)
2026-02-07 16:59:55.483 26733-26938 gralloc4                com.trainingvalidator.poc            I  @set_metadata: update dataspace from GM (0x00000000 -> 0x08010000)
2026-02-07 16:59:55.504 26733-26733 FeedbackManager         com.trainingvalidator.poc            D  Message silenced: جيد، حاول الثني أكثر (repeat #1)
2026-02-07 16:59:55.530 26733-26938 gralloc4                com.trainingvalidator.poc            I  @set_metadata: update dataspace from GM (0x00000000 -> 0x08010000)
2026-02-07 16:59:55.530 26733-26743 ngvalidator.poc         com.trainingvalidator.poc            I  Background concurrent copying GC freed 688KB AllocSpace bytes, 12(14MB) LOS objects, 50% free, 14MB/29MB, paused 83us,302us total 124.791ms
2026-02-07 16:59:55.562 26733-26938 gralloc4                com.trainingvalidator.poc            I  @set_metadata: update dataspace from GM (0x00000000 -> 0x08010000)
2026-02-07 16:59:55.599  1015-1015  BufferQueueProducer     surfaceflinger                       I  [SurfaceView[com.trainingvalidator.poc/com.trainingvalidator.poc.ui.TrainingActivity]@0(BLAST)#69847](this:0xe3efa8b8,id:-1,api:0,p:-1,c:1015) queueBuffer: fps=19.75 dur=1063.29 max=66.63 min=32.88
2026-02-07 16:59:55.633 26733-26938 gralloc4                com.trainingvalidator.poc            I  @set_metadata: update dataspace from GM (0x00000000 -> 0x08010000)
2026-02-07 16:59:55.676 26733-27538 PhaseStateMachine       com.trainingvalidator.poc            D  Left DOWN range, ascending: 105.73767022439712
2026-02-07 16:59:55.676 26733-27538 PhaseStateMachine       com.trainingvalidator.poc            D  Phase: BOTTOM → UP
2026-02-07 16:59:55.698 26733-26938 gralloc4                com.trainingvalidator.poc            I  @set_metadata: update dataspace from GM (0x00000000 -> 0x08010000)
2026-02-07 16:59:55.727 26733-26938 gralloc4                com.trainingvalidator.poc            I  @set_metadata: update dataspace from GM (0x00000000 -> 0x08010000)
2026-02-07 16:59:55.744 26733-26938 gralloc4                com.trainingvalidator.poc            I  @set_metadata: update dataspace from GM (0x00000000 -> 0x08010000)
2026-02-07 16:59:55.798 26733-26938 gralloc4                com.trainingvalidator.poc            I  @set_metadata: update dataspace from GM (0x00000000 -> 0x08010000)
2026-02-07 16:59:55.856 26733-26938 gralloc4                com.trainingvalidator.poc            I  @set_metadata: update dataspace from GM (0x00000000 -> 0x08010000)
2026-02-07 16:59:55.893 26733-26938 gralloc4                com.trainingvalidator.poc            I  @set_metadata: update dataspace from GM (0x00000000 -> 0x08010000)
2026-02-07 16:59:55.950 26733-26938 gralloc4                com.trainingvalidator.poc            I  @set_metadata: update dataspace from GM (0x00000000 -> 0x08010000)
2026-02-07 16:59:55.964  1015-1015  BufferQueueProducer     surfaceflinger                       I  [com.trainingvalidator.poc/com.trainingvalidator.poc.ui.TrainingActivity$_26733#69832](this:0xe3c710b8,id:-1,api:0,p:-1,c:1015) queueBuffer: fps=21.70 dur=1013.92 max=83.66 min=16.42
2026-02-07 16:59:55.997 26733-26938 gralloc4                com.trainingvalidator.poc            I  @set_metadata: update dataspace from GM (0x00000000 -> 0x08010000)
2026-02-07 16:59:56.031 26733-26938 gralloc4                com.trainingvalidator.poc            I  @set_metadata: update dataspace from GM (0x00000000 -> 0x08010000)
2026-02-07 16:59:56.078 26733-26938 gralloc4                com.trainingvalidator.poc            I  @set_metadata: update dataspace from GM (0x00000000 -> 0x08010000)
2026-02-07 16:59:56.142 26733-26743 ngvalidator.poc         com.trainingvalidator.poc            I  Background concurrent copying GC freed 674KB AllocSpace bytes, 12(14MB) LOS objects, 49% free, 14MB/29MB, paused 152us,109us total 136.572ms
2026-02-07 16:59:56.149 26733-26938 gralloc4                com.trainingvalidator.poc            I  @set_metadata: update dataspace from GM (0x00000000 -> 0x08010000)
2026-02-07 16:59:56.201 26733-26938 gralloc4                com.trainingvalidator.poc            I  @set_metadata: update dataspace from GM (0x00000000 -> 0x08010000)
2026-02-07 16:59:56.251 26733-26938 gralloc4                com.trainingvalidator.poc            I  @set_metadata: update dataspace from GM (0x00000000 -> 0x08010000)
2026-02-07 16:59:56.301 26733-26938 gralloc4                com.trainingvalidator.poc            I  @set_metadata: update dataspace from GM (0x00000000 -> 0x08010000)
2026-02-07 16:59:56.306 26733-26938 gralloc4                com.trainingvalidator.poc            I  @set_metadata: update dataspace from GM (0x00000000 -> 0x08010000)
2026-02-07 16:59:56.315 26733-27538 PhaseStateMachine       com.trainingvalidator.poc            D  ★ Requesting REP completion - Entered UP range: 137.85773558987714
2026-02-07 16:59:56.316 26733-27538 PhaseStateMachine       com.trainingvalidator.poc            D  Phase: UP → START
2026-02-07 16:59:56.316 26733-27538 PhaseStateMachine       com.trainingvalidator.poc            D  ★ REP COMPLETED! (validated)
2026-02-07 16:59:56.318 26733-26733 MessageOrchestrator     com.trainingvalidator.poc            D  Issue reset for state:right_elbow:PERFECT:UP_ZONE (gap 3214ms)
2026-02-07 16:59:56.318 26733-26733 FeedbackManager         com.trainingvalidator.poc            D  Message silenced: ممتاز! ذراعك مفرودة (repeat #0)
2026-02-07 16:59:56.319 26733-27538 RepCounter              com.trainingvalidator.poc            D  Weighted score: 100%, worst=PERFECT, dangerJoints=[]
2026-02-07 16:59:56.319 26733-27538 RepCounter              com.trainingvalidator.poc            D  Rep 3 completed. Score: 100.0, WorstState: NORMAL, Counted: true, Invalidated: false
2026-02-07 16:59:56.320 26733-26733 MessageOrchestrator     com.trainingvalidator.poc            D  Message decision: streak:3 -> AUDIO_AND_VISUAL (repeat #1)
2026-02-07 16:59:56.321 26733-26733 FeedbackManager         com.trainingvalidator.poc            D  LocalizedText has NO audio URL for ar. Text: جيد!...
2026-02-07 16:59:56.321 26733-26733 AudioFeedbackPlayer     com.trainingvalidator.poc            D  No audio URL, using TTS for: جيد!...
2026-02-07 16:59:56.321 26733-26733 AudioFeedbackPlayer     com.trainingvalidator.poc            W  TTS not ready, skipping: جيد!
2026-02-07 16:59:56.322 26733-27538 MotionRecorder          com.trainingvalidator.poc            D  Rep 3 finalized: 62 frames processed → metrics saved, frames DISCARDED
2026-02-07 16:59:56.322  1511-2753  VibratorManagerService  system_server                        D  vibrate - uid: 10346, opPkg: com.trainingvalidator.poc, effect: Mono{mEffect=Composed{segments=[Step{amplitude=0.0, frequencyHz=0.0, duration=0}, Step{amplitude=-1.0, frequencyHz=0.0, duration=40}], repeat=-1, mMagnitudeType=TYPE_EXTRA}}, attrs: VibrationAttributes: Usage=UNKNOWN Audio Usage= USAGE_UNKNOWN tags= Flags=0, reason: null, token: android.os.BinderProxy@1d9b947
2026-02-07 16:59:56.322 26733-27538 TrainingEngine          com.trainingvalidator.poc            D  Rep 3 completed. Correct: 3/3
2026-02-07 16:59:56.324  1511-2753  VibratorManagerService  system_server                        D  vibrate - uid: 10346, opPkg: com.trainingvalidator.poc, effect: Mono{mEffect=Composed{segments=[Step{amplitude=0.0, frequencyHz=0.0, duration=0}, Step{amplitude=-1.0, frequencyHz=0.0, duration=40}], repeat=-1, mMagnitudeType=TYPE_EXTRA}}, attrs: VibrationAttributes: Usage=UNKNOWN Audio Usage= USAGE_UNKNOWN tags= Flags=0, reason: null, token: android.os.BinderProxy@1d9b947
2026-02-07 16:59:56.325 26733-26733 AudioFeedbackPlayer     com.trainingvalidator.poc            D  Skipping playback (cooldown): 3
2026-02-07 16:59:56.326  1511-1689  VibratorManagerService  system_server                        D  Vibration 2750 finished with EndInfo{status=CANCELLED_SUPERSEDED, endedBy=CallerInfo{ attrs=VibrationAttributes: Usage=TOUCH Audio Usage= USAGE_UNKNOWN tags= Flags=0, uid=10346, displayId=0, opPkg=com.trainingvalidator.poc, reason=null}}
2026-02-07 16:59:56.326  1511-1689  VibratorManagerService  system_server                        D  Reporting vibration 2750 finished with EndInfo{status=CANCELLED_SUPERSEDED, endedBy=CallerInfo{ attrs=VibrationAttributes: Usage=TOUCH Audio Usage= USAGE_UNKNOWN tags= Flags=0, uid=10346, displayId=0, opPkg=com.trainingvalidator.poc, reason=null}}
2026-02-07 16:59:56.326 26733-26733 FrameCaptureManager     com.trainingvalidator.poc            D  Marked rep 3 as BEST_REP (total: 3)
2026-02-07 16:59:56.350 26733-26938 gralloc4                com.trainingvalidator.poc            I  @set_metadata: update dataspace from GM (0x00000000 -> 0x08010000)
2026-02-07 16:59:56.356 26733-26938 gralloc4                com.trainingvalidator.poc            I  @set_metadata: update dataspace from GM (0x00000000 -> 0x08010000)
2026-02-07 16:59:56.366 26733-26938 gralloc4                com.trainingvalidator.poc            I  @set_metadata: update dataspace from GM (0x00000000 -> 0x08010000)
2026-02-07 16:59:56.389 26733-26938 gralloc4                com.trainingvalidator.poc            I  @set_metadata: update dataspace from GM (0x00000000 -> 0x08010000)
2026-02-07 16:59:56.402 26733-26938 gralloc4                com.trainingvalidator.poc            I  @set_metadata: update dataspace from GM (0x00000000 -> 0x08010000)
2026-02-07 16:59:56.426 26733-26938 gralloc4                com.trainingvalidator.poc            I  @set_metadata: update dataspace from GM (0x00000000 -> 0x08010000)
2026-02-07 16:59:56.434 26733-26938 gralloc4                com.trainingvalidator.poc            I  @set_metadata: update dataspace from GM (0x00000000 -> 0x08010000)
2026-02-07 16:59:56.460 26733-26938 gralloc4                com.trainingvalidator.poc            I  @set_metadata: update dataspace from GM (0x00000000 -> 0x08010000)
2026-02-07 16:59:56.475 26733-26938 gralloc4                com.trainingvalidator.poc            I  @set_metadata: update dataspace from GM (0x00000000 -> 0x08010000)
2026-02-07 16:59:56.502 26733-26938 gralloc4                com.trainingvalidator.poc            I  @set_metadata: update dataspace from GM (0x00000000 -> 0x08010000)
2026-02-07 16:59:56.527 26733-26938 gralloc4                com.trainingvalidator.poc            I  @set_metadata: update dataspace from GM (0x00000000 -> 0x08010000)
2026-02-07 16:59:56.536 26733-26938 gralloc4                com.trainingvalidator.poc            I  @set_metadata: update dataspace from GM (0x00000000 -> 0x08010000)
2026-02-07 16:59:56.551 26733-26938 gralloc4                com.trainingvalidator.poc            I  @set_metadata: update dataspace from GM (0x00000000 -> 0x08010000)
2026-02-07 16:59:56.570 26733-26938 gralloc4                com.trainingvalidator.poc            I  @set_metadata: update dataspace from GM (0x00000000 -> 0x08010000)
2026-02-07 16:59:56.594 26733-26938 gralloc4                com.trainingvalidator.poc            I  @set_metadata: update dataspace from GM (0x00000000 -> 0x08010000)
2026-02-07 16:59:56.601 26733-26938 gralloc4                com.trainingvalidator.poc            I  @set_metadata: update dataspace from GM (0x00000000 -> 0x08010000)
2026-02-07 16:59:56.613  1015-1015  BufferQueueProducer     surfaceflinger                       I  [SurfaceView[com.trainingvalidator.poc/com.trainingvalidator.poc.ui.TrainingActivity]@0(BLAST)#69847](this:0xe3efa8b8,id:-1,api:0,p:-1,c:1015) queueBuffer: fps=19.71 dur=1014.58 max=67.00 min=49.20
2026-02-07 16:59:56.619 26733-26938 gralloc4                com.trainingvalidator.poc            I  @set_metadata: update dataspace from GM (0x00000000 -> 0x08010000)
2026-02-07 16:59:56.663 26733-26938 gralloc4                com.trainingvalidator.poc            I  @set_metadata: update dataspace from GM (0x00000000 -> 0x08010000)
2026-02-07 16:59:56.714 26733-26938 gralloc4                com.trainingvalidator.poc            I  @set_metadata: update dataspace from GM (0x00000000 -> 0x08010000)
2026-02-07 16:59:56.758 26733-26938 gralloc4                com.trainingvalidator.poc            I  @set_metadata: update dataspace from GM (0x00000000 -> 0x08010000)
2026-02-07 16:59:56.815 26733-26938 gralloc4                com.trainingvalidator.poc            I  @set_metadata: update dataspace from GM (0x00000000 -> 0x08010000)
2026-02-07 16:59:56.834 26733-26938 gralloc4                com.trainingvalidator.poc            I  @set_metadata: update dataspace from GM (0x00000000 -> 0x08010000)
2026-02-07 16:59:56.874 26733-26743 ngvalidator.poc         com.trainingvalidator.poc            I  Background concurrent copying GC freed 702KB AllocSpace bytes, 12(14MB) LOS objects, 50% free, 15MB/31MB, paused 170us,80us total 189.517ms
2026-02-07 16:59:56.898 26733-26938 gralloc4                com.trainingvalidator.poc            I  @set_metadata: update dataspace from GM (0x00000000 -> 0x08010000)
2026-02-07 16:59:56.960 26733-26938 gralloc4                com.trainingvalidator.poc            I  @set_metadata: update dataspace from GM (0x00000000 -> 0x08010000)
2026-02-07 16:59:56.987 26733-26938 gralloc4                com.trainingvalidator.poc            I  @set_metadata: update dataspace from GM (0x00000000 -> 0x08010000)
2026-02-07 16:59:56.994  1015-1015  BufferQueueProducer     surfaceflinger                       I  [com.trainingvalidator.poc/com.trainingvalidator.poc.ui.TrainingActivity$_26733#69832](this:0xe3c710b8,id:-1,api:0,p:-1,c:1015) queueBuffer: fps=32.04 dur=1029.92 max=83.22 min=15.61
2026-02-07 16:59:57.041 26733-26938 gralloc4                com.trainingvalidator.poc            I  @set_metadata: update dataspace from GM (0x00000000 -> 0x08010000)
2026-02-07 16:59:57.070 26733-26938 gralloc4                com.trainingvalidator.poc            I  @set_metadata: update dataspace from GM (0x00000000 -> 0x08010000)
2026-02-07 16:59:57.080  1511-4984  SGM:GameManager         system_server                        D  identifyForegroundApp. com.trainingvalidator.poc, mCurrentUserId: 0, callerUserId: 0
2026-02-07 16:59:57.080  1511-4984  SGM:PkgDataHelper       system_server                        D  getGamePkgData(). com.trainingvalidator.poc
2026-02-07 16:59:57.110 26733-27538 PhaseStateMachine       com.trainingvalidator.poc            D  Left UP range, starting descent: 121.90252737275217
2026-02-07 16:59:57.110 26733-27538 PhaseStateMachine       com.trainingvalidator.poc            D  Phase: START → DOWN
2026-02-07 16:59:57.129 26733-26938 gralloc4                com.trainingvalidator.poc            I  @set_metadata: update dataspace from GM (0x00000000 -> 0x08010000)
2026-02-07 16:59:57.170 26733-26938 gralloc4                com.trainingvalidator.poc            I  @set_metadata: update dataspace from GM (0x00000000 -> 0x08010000)
2026-02-07 16:59:57.187 26733-26938 gralloc4                com.trainingvalidator.poc            I  @set_metadata: update dataspace from GM (0x00000000 -> 0x08010000)
2026-02-07 16:59:57.247 26733-26938 gralloc4                com.trainingvalidator.poc            I  @set_metadata: update dataspace from GM (0x00000000 -> 0x08010000)
2026-02-07 16:59:57.289 26733-26938 gralloc4                com.trainingvalidator.poc            I  @set_metadata: update dataspace from GM (0x00000000 -> 0x08010000)
2026-02-07 16:59:57.318 26733-26938 gralloc4                com.trainingvalidator.poc            I  @set_metadata: update dataspace from GM (0x00000000 -> 0x08010000)
2026-02-07 16:59:57.343 26733-26938 gralloc4                com.trainingvalidator.poc            I  @set_metadata: update dataspace from GM (0x00000000 -> 0x08010000)
2026-02-07 16:59:57.361 26733-27538 PhaseStateMachine       com.trainingvalidator.poc            D  Entered DOWN range: 98.53467671817715 (0.0-100.0)
2026-02-07 16:59:57.361 26733-27538 PhaseStateMachine       com.trainingvalidator.poc            D  Phase transition rejected - too fast (254ms < 300ms)
2026-02-07 16:59:57.366 26733-26733 MessageOrchestrator     com.trainingvalidator.poc            D  Preempting streak:3 (20) with state:right_elbow:NORMAL:DOWN_ZONE (30)
2026-02-07 16:59:57.366 26733-26733 FeedbackManager         com.trainingvalidator.poc            D  Message silenced: جيد، حاول الثني أكثر (repeat #1)
2026-02-07 16:59:57.367 26733-26733 FeedbackManager         com.trainingvalidator.poc            D  Message silenced: ممتاز - الذراع ثابتة (repeat #1)
2026-02-07 16:59:57.369 26733-26938 gralloc4                com.trainingvalidator.poc            I  @set_metadata: update dataspace from GM (0x00000000 -> 0x08010000)
2026-02-07 16:59:57.388 26733-26938 gralloc4                com.trainingvalidator.poc            I  @set_metadata: update dataspace from GM (0x00000000 -> 0x08010000)
2026-02-07 16:59:57.413 26733-27538 PhaseStateMachine       com.trainingvalidator.poc            D  Entered DOWN range: 96.93189968505452 (0.0-100.0)
2026-02-07 16:59:57.413 26733-27538 PhaseStateMachine       com.trainingvalidator.poc            D  Phase: DOWN → BOTTOM
2026-02-07 16:59:57.416 26733-26938 mali_config             com.trainingvalidator.poc            I  @get_buffer_dataspace_setting: update dataspace from GE (0x00000000 -> 0x08020000)
2026-02-07 16:59:57.425 26733-32170 SurfaceViewImpl         com.trainingvalidator.poc            D  PreviewView.SurfaceViewImplementation.getBitmap() succeeded
2026-02-07 16:59:57.482 26733-26743 ngvalidator.poc         com.trainingvalidator.poc            I  Background concurrent copying GC freed 734KB AllocSpace bytes, 13(15MB) LOS objects, 49% free, 14MB/29MB, paused 75us,62us total 127.206ms
2026-02-07 16:59:57.510 26733-26733 FrameCaptureManager     com.trainingvalidator.poc            D  Captured PEAK_FRAME for rep 4: ff95e12f
2026-02-07 16:59:57.510 26733-26733 TrainingActivity        com.trainingvalidator.poc            D  Captured peak frame for rep 4 at phase BOTTOM
2026-02-07 16:59:57.526 26733-26938 gralloc4                com.trainingvalidator.poc            I  @set_metadata: update dataspace from GM (0x00000000 -> 0x08010000)
2026-02-07 16:59:57.541 26733-26938 gralloc4                com.trainingvalidator.poc            I  @set_metadata: update dataspace from GM (0x00000000 -> 0x08010000)
2026-02-07 16:59:57.605 26733-26938 gralloc4                com.trainingvalidator.poc            I  @set_metadata: update dataspace from GM (0x00000000 -> 0x08010000)
2026-02-07 16:59:57.651 26733-26733 FeedbackManager         com.trainingvalidator.poc            D  Message silenced: ممتاز! ثني مثالي (repeat #0)
2026-02-07 16:59:57.659  1015-1015  BufferQueueProducer     surfaceflinger                       I  [SurfaceView[com.trainingvalidator.poc/com.trainingvalidator.poc.ui.TrainingActivity]@0(BLAST)#69847](this:0xe3efa8b8,id:-1,api:0,p:-1,c:1015) queueBuffer: fps=20.08 dur=1045.92 max=83.13 min=33.16
2026-02-07 16:59:57.673 26733-26938 gralloc4                com.trainingvalidator.poc            I  @set_metadata: update dataspace from GM (0x00000000 -> 0x08010000)
2026-02-07 16:59:57.707 26733-26938 gralloc4                com.trainingvalidator.poc            I  @set_metadata: update dataspace from GM (0x00000000 -> 0x08010000)
2026-02-07 16:59:57.759 26733-26938 gralloc4                com.trainingvalidator.poc            I  @set_metadata: update dataspace from GM (0x00000000 -> 0x08010000)
2026-02-07 16:59:57.811 26733-26938 gralloc4                com.trainingvalidator.poc            I  @set_metadata: update dataspace from GM (0x00000000 -> 0x08010000)
2026-02-07 16:59:57.844 26733-26938 gralloc4                com.trainingvalidator.poc            I  @set_metadata: update dataspace from GM (0x00000000 -> 0x08010000)
2026-02-07 16:59:57.924 26733-26938 gralloc4                com.trainingvalidator.poc            I  @set_metadata: update dataspace from GM (0x00000000 -> 0x08010000)
2026-02-07 16:59:57.958 26733-26938 gralloc4                com.trainingvalidator.poc            I  @set_metadata: update dataspace from GM (0x00000000 -> 0x08010000)
2026-02-07 16:59:58.006 26733-26938 gralloc4                com.trainingvalidator.poc            I  @set_metadata: update dataspace from GM (0x00000000 -> 0x08010000)
2026-02-07 16:59:58.008  1015-1015  BufferQueueProducer     surfaceflinger                       I  [com.trainingvalidator.poc/com.trainingvalidator.poc.ui.TrainingActivity$_26733#69832](this:0xe3c710b8,id:-1,api:0,p:-1,c:1015) queueBuffer: fps=21.70 dur=1014.06 max=149.47 min=16.34
2026-02-07 16:59:58.019 26733-26938 gralloc4                com.trainingvalidator.poc            I  @set_metadata: update dataspace from GM (0x00000000 -> 0x08010000)
2026-02-07 16:59:58.076 26733-26938 gralloc4                com.trainingvalidator.poc            I  @set_metadata: update dataspace from GM (0x00000000 -> 0x08010000)
2026-02-07 16:59:58.123 26733-26938 gralloc4                com.trainingvalidator.poc            I  @set_metadata: update dataspace from GM (0x00000000 -> 0x08010000)
2026-02-07 16:59:58.174 26733-26743 ngvalidator.poc         com.trainingvalidator.poc            I  Background concurrent copying GC freed 686KB AllocSpace bytes, 12(14MB) LOS objects, 49% free, 14MB/29MB, paused 126us,79us total 139.256ms
2026-02-07 16:59:58.182 26733-26938 gralloc4                com.trainingvalidator.poc            I  @set_metadata: update dataspace from GM (0x00000000 -> 0x08010000)
2026-02-07 16:59:58.204 26733-26938 gralloc4                com.trainingvalidator.poc            I  @set_metadata: update dataspace from GM (0x00000000 -> 0x08010000)
2026-02-07 16:59:58.273 26733-26938 gralloc4                com.trainingvalidator.poc            I  @set_metadata: update dataspace from GM (0x00000000 -> 0x08010000)
2026-02-07 16:59:58.326 26733-26938 gralloc4                com.trainingvalidator.poc            I  @set_metadata: update dataspace from GM (0x00000000 -> 0x08010000)
2026-02-07 16:59:58.357 26733-26938 gralloc4                com.trainingvalidator.poc            I  @set_metadata: update dataspace from GM (0x00000000 -> 0x08010000)
2026-02-07 16:59:58.432 26733-26938 gralloc4                com.trainingvalidator.poc            I  @set_metadata: update dataspace from GM (0x00000000 -> 0x08010000)
2026-02-07 16:59:58.457 26733-26938 gralloc4                com.trainingvalidator.poc            I  @set_metadata: update dataspace from GM (0x00000000 -> 0x08010000)
2026-02-07 16:59:58.541 26733-26938 gralloc4                com.trainingvalidator.poc            I  @set_metadata: update dataspace from GM (0x00000000 -> 0x08010000)
2026-02-07 16:59:58.573 26733-26938 gralloc4                com.trainingvalidator.poc            I  @set_metadata: update dataspace from GM (0x00000000 -> 0x08010000)
2026-02-07 16:59:58.618 26733-26938 gralloc4                com.trainingvalidator.poc            I  @set_metadata: update dataspace from GM (0x00000000 -> 0x08010000)
2026-02-07 16:59:58.655 26733-26733 FeedbackManager         com.trainingvalidator.poc            D  Message silenced: جيد، حاول الثني أكثر (repeat #1)
2026-02-07 16:59:58.673  1015-1015  BufferQueueProducer     surfaceflinger                       I  [SurfaceView[com.trainingvalidator.poc/com.trainingvalidator.poc.ui.TrainingActivity]@0(BLAST)#69847](this:0xe3efa8b8,id:-1,api:0,p:-1,c:1015) queueBuffer: fps=19.73 dur=1013.84 max=66.75 min=33.10
2026-02-07 16:59:58.674 26733-26938 gralloc4                com.trainingvalidator.poc            I  @set_metadata: update dataspace from GM (0x00000000 -> 0x08010000)
2026-02-07 16:59:58.722 26733-26938 gralloc4                com.trainingvalidator.poc            I  @set_metadata: update dataspace from GM (0x00000000 -> 0x08010000)
2026-02-07 16:59:58.768 26733-26743 ngvalidator.poc         com.trainingvalidator.poc            I  Background concurrent copying GC freed 660KB AllocSpace bytes, 12(14MB) LOS objects, 49% free, 14MB/29MB, paused 165us,81us total 123.968ms
2026-02-07 16:59:58.776 26733-26938 gralloc4                com.trainingvalidator.poc            I  @set_metadata: update dataspace from GM (0x00000000 -> 0x08010000)
2026-02-07 16:59:58.786 26733-27538 PhaseStateMachine       com.trainingvalidator.poc            D  Left DOWN range, ascending: 106.14307773155274
2026-02-07 16:59:58.786 26733-27538 PhaseStateMachine       com.trainingvalidator.poc            D  Phase: BOTTOM → UP
2026-02-07 16:59:58.803 26733-26938 gralloc4                com.trainingvalidator.poc            I  @set_metadata: update dataspace from GM (0x00000000 -> 0x08010000)
2026-02-07 16:59:58.880 26733-26938 gralloc4                com.trainingvalidator.poc            I  @set_metadata: update dataspace from GM (0x00000000 -> 0x08010000)
2026-02-07 16:59:58.923 26733-26938 gralloc4                com.trainingvalidator.poc            I  @set_metadata: update dataspace from GM (0x00000000 -> 0x08010000)
2026-02-07 16:59:58.973 26733-26938 gralloc4                com.trainingvalidator.poc            I  @set_metadata: update dataspace from GM (0x00000000 -> 0x08010000)
2026-02-07 16:59:58.996 26733-26938 gralloc4                com.trainingvalidator.poc            I  @set_metadata: update dataspace from GM (0x00000000 -> 0x08010000)
2026-02-07 16:59:59.022 26733-26938 gralloc4                com.trainingvalidator.poc            I  @set_metadata: update dataspace from GM (0x00000000 -> 0x08010000)
2026-02-07 16:59:59.038  1015-1015  BufferQueueProducer     surfaceflinger                       I  [com.trainingvalidator.poc/com.trainingvalidator.poc.ui.TrainingActivity$_26733#69832](this:0xe3c710b8,id:-1,api:0,p:-1,c:1015) queueBuffer: fps=21.36 dur=1030.05 max=83.22 min=16.47
2026-02-07 16:59:59.073 26733-26938 gralloc4                com.trainingvalidator.poc            I  @set_metadata: update dataspace from GM (0x00000000 -> 0x08010000)
2026-02-07 16:59:59.126 26733-26938 gralloc4                com.trainingvalidator.poc            I  @set_metadata: update dataspace from GM (0x00000000 -> 0x08010000)
2026-02-07 16:59:59.172 26733-26938 gralloc4                com.trainingvalidator.poc            I  @set_metadata: update dataspace from GM (0x00000000 -> 0x08010000)
2026-02-07 16:59:59.226 26733-26938 gralloc4                com.trainingvalidator.poc            I  @set_metadata: update dataspace from GM (0x00000000 -> 0x08010000)
2026-02-07 16:59:59.287 26733-26938 gralloc4                com.trainingvalidator.poc            I  @set_metadata: update dataspace from GM (0x00000000 -> 0x08010000)
2026-02-07 16:59:59.315 26733-26938 gralloc4                com.trainingvalidator.poc            I  @set_metadata: update dataspace from GM (0x00000000 -> 0x08010000)
2026-02-07 16:59:59.338 26733-26938 gralloc4                com.trainingvalidator.poc            I  @set_metadata: update dataspace from GM (0x00000000 -> 0x08010000)
2026-02-07 16:59:59.376 26733-26743 ngvalidator.poc         com.trainingvalidator.poc            I  Background concurrent copying GC freed 672KB AllocSpace bytes, 12(14MB) LOS objects, 49% free, 14MB/29MB, paused 181us,60us total 123.277ms
2026-02-07 16:59:59.385 26733-26938 gralloc4                com.trainingvalidator.poc            I  @set_metadata: update dataspace from GM (0x00000000 -> 0x08010000)
2026-02-07 16:59:59.405 26733-27538 PhaseStateMachine       com.trainingvalidator.poc            D  ★ Requesting REP completion - Entered UP range: 135.75564442070387
2026-02-07 16:59:59.405 26733-27538 PhaseStateMachine       com.trainingvalidator.poc            D  Phase: UP → START
2026-02-07 16:59:59.405 26733-27538 PhaseStateMachine       com.trainingvalidator.poc            D  ★ REP COMPLETED! (validated)
2026-02-07 16:59:59.407 26733-27538 RepCounter              com.trainingvalidator.poc            D  Weighted score: 100%, worst=PERFECT, dangerJoints=[]
2026-02-07 16:59:59.407 26733-27538 RepCounter              com.trainingvalidator.poc            D  Rep 4 completed. Score: 100.0, WorstState: NORMAL, Counted: true, Invalidated: false
2026-02-07 16:59:59.408 26733-26733 MessageOrchestrator     com.trainingvalidator.poc            D  Max repeats (1) reached for state:right_shoulder:PERFECT:UP_ZONE - going silent
2026-02-07 16:59:59.408 26733-26733 FeedbackManager         com.trainingvalidator.poc            D  Message silenced: ممتاز - الذراع ثابتة (repeat #1)
2026-02-07 16:59:59.410 26733-27538 MotionRecorder          com.trainingvalidator.poc            D  Rep 4 finalized: 58 frames processed → metrics saved, frames DISCARDED
2026-02-07 16:59:59.410 26733-27538 TrainingEngine          com.trainingvalidator.poc            D  Rep 4 completed. Correct: 4/4
2026-02-07 16:59:59.411  1511-2753  VibratorManagerService  system_server                        D  vibrate - uid: 10346, opPkg: com.trainingvalidator.poc, effect: Mono{mEffect=Composed{segments=[Step{amplitude=0.0, frequencyHz=0.0, duration=0}, Step{amplitude=-1.0, frequencyHz=0.0, duration=40}], repeat=-1, mMagnitudeType=TYPE_EXTRA}}, attrs: VibrationAttributes: Usage=UNKNOWN Audio Usage= USAGE_UNKNOWN tags= Flags=0, reason: null, token: android.os.BinderProxy@1d9b947
2026-02-07 16:59:59.413 26733-26733 FrameCaptureManager     com.trainingvalidator.poc            D  Max best reps (3) reached, skipping
2026-02-07 16:59:59.440 26733-26938 gralloc4                com.trainingvalidator.poc            I  @set_metadata: update dataspace from GM (0x00000000 -> 0x08010000)
2026-02-07 16:59:59.445 26733-26938 gralloc4                com.trainingvalidator.poc            I  @set_metadata: update dataspace from GM (0x00000000 -> 0x08010000)
2026-02-07 16:59:59.448 26733-26733 FeedbackManager         com.trainingvalidator.poc            D  Message silenced: ممتاز! ذراعك مفرودة (repeat #0)
2026-02-07 16:59:59.468 26733-26938 gralloc4                com.trainingvalidator.poc            I  @set_metadata: update dataspace from GM (0x00000000 -> 0x08010000)
2026-02-07 16:59:59.477 26733-26938 gralloc4                com.trainingvalidator.poc            I  @set_metadata: update dataspace from GM (0x00000000 -> 0x08010000)
2026-02-07 16:59:59.494 26733-26938 gralloc4                com.trainingvalidator.poc            I  @set_metadata: update dataspace from GM (0x00000000 -> 0x08010000)
2026-02-07 16:59:59.509 26733-26938 gralloc4                com.trainingvalidator.poc            I  @set_metadata: update dataspace from GM (0x00000000 -> 0x08010000)
2026-02-07 16:59:59.538 26733-26938 gralloc4                com.trainingvalidator.poc            I  @set_metadata: update dataspace from GM (0x00000000 -> 0x08010000)
2026-02-07 16:59:59.547 26733-26938 gralloc4                com.trainingvalidator.poc            I  @set_metadata: update dataspace from GM (0x00000000 -> 0x08010000)
2026-02-07 16:59:59.561 26733-26938 gralloc4                com.trainingvalidator.poc            I  @set_metadata: update dataspace from GM (0x00000000 -> 0x08010000)
2026-02-07 16:59:59.586 26733-26938 gralloc4                com.trainingvalidator.poc            I  @set_metadata: update dataspace from GM (0x00000000 -> 0x08010000)
2026-02-07 16:59:59.592 26733-26938 gralloc4                com.trainingvalidator.poc            I  @set_metadata: update dataspace from GM (0x00000000 -> 0x08010000)
2026-02-07 16:59:59.610 26733-26938 gralloc4                com.trainingvalidator.poc            I  @set_metadata: update dataspace from GM (0x00000000 -> 0x08010000)
2026-02-07 16:59:59.637 26733-26938 gralloc4                com.trainingvalidator.poc            I  @set_metadata: update dataspace from GM (0x00000000 -> 0x08010000)
2026-02-07 16:59:59.643 26733-26938 gralloc4                com.trainingvalidator.poc            I  @set_metadata: update dataspace from GM (0x00000000 -> 0x08010000)
2026-02-07 16:59:59.660 26733-26938 gralloc4                com.trainingvalidator.poc            I  @set_metadata: update dataspace from GM (0x00000000 -> 0x08010000)
2026-02-07 16:59:59.677 26733-26938 gralloc4                com.trainingvalidator.poc            I  @set_metadata: update dataspace from GM (0x00000000 -> 0x08010000)
2026-02-07 16:59:59.687  1015-1015  BufferQueueProducer     surfaceflinger                       I  [SurfaceView[com.trainingvalidator.poc/com.trainingvalidator.poc.ui.TrainingActivity]@0(BLAST)#69847](this:0xe3efa8b8,id:-1,api:0,p:-1,c:1015) queueBuffer: fps=19.73 dur=1013.83 max=66.95 min=32.51
2026-02-07 16:59:59.701 26733-26938 gralloc4                com.trainingvalidator.poc            I  @set_metadata: update dataspace from GM (0x00000000 -> 0x08010000)
2026-02-07 16:59:59.708 26733-26938 gralloc4                com.trainingvalidator.poc            I  @set_metadata: update dataspace from GM (0x00000000 -> 0x08010000)
2026-02-07 16:59:59.770 26733-26938 gralloc4                com.trainingvalidator.poc            I  @set_metadata: update dataspace from GM (0x00000000 -> 0x08010000)
2026-02-07 16:59:59.815 26733-26938 gralloc4                com.trainingvalidator.poc            I  @set_metadata: update dataspace from GM (0x00000000 -> 0x08010000)
2026-02-07 16:59:59.891 26733-26938 gralloc4                com.trainingvalidator.poc            I  @set_metadata: update dataspace from GM (0x00000000 -> 0x08010000)
2026-02-07 16:59:59.938 26733-26938 gralloc4                com.trainingvalidator.poc            I  @set_metadata: update dataspace from GM (0x00000000 -> 0x08010000)
