2026-02-07 16:59:31.688  1015-2626  BufferQueueDebug        surfaceflinger                       I  [com.trainingvalidator.poc/com.trainingvalidator.poc.ui.TrainingActivity$_26733#69832](this:0xe3c710b8,id:-1,api:0,p:-1,c:-1) BufferQueue core=(1015:/system/bin/surfaceflinger)
2026-02-07 16:59:31.688  1015-2626  SurfaceFlinger          surfaceflinger                       I  id=69832 createSurf, flag=44004, com.trainingvalidator.poc/com.trainingvalidator.poc.ui.TrainingActivity$_26733#69832
2026-02-07 16:59:31.689  1511-5418  WindowManager           system_server                        D  makeSurface duration=1 name=com.trainingvalidator.poc/com.trainingvalidator.poc.ui.TrainingActivity$_26733
2026-02-07 16:59:31.691  1511-5418  WindowManager           system_server                        D  SyncGroup 4862:  Unfinished container: ActivityRecord{d0f7c27 u0 com.trainingvalidator.poc/.ui.TrainingActivity t4208} mSyncState=2
2026-02-07 16:59:31.692  1511-5418  WindowManager           system_server                        V  Changing focus from null to Window{a3913d0 u0 com.trainingvalidator.poc/com.trainingvalidator.poc.ui.TrainingActivity} displayId=0 Callers=com.android.server.wm.RootWindowContainer.updateFocusedWindowLocked:578 com.android.server.wm.WindowManagerService.updateFocusedWindowLocked:6833 com.android.server.wm.WindowManagerService.relayoutWindow:2755 com.android.server.wm.Session.relayout:282 
2026-02-07 16:59:31.693 26733-26938 gralloc4                com.trainingvalidator.poc            I  @set_metadata: update dataspace from GM (0x00000000 -> 0x08010000)
2026-02-07 16:59:31.695  1511-5418  InsetsSourceProvider    system_server                        D  updateControlForTarget: control=InsetsSourceControl: {9be30001 mType=navigationBars initiallyVisible mSurfacePosition=Point(0, 1510) mInsetsHint=Insets{left=0, top=0, right=0, bottom=28}}, target=Window{a3913d0 u0 com.trainingvalidator.poc/com.trainingvalidator.poc.ui.TrainingActivity}, from=com.android.server.wm.InsetsStateController.onControlTargetChanged:358 com.android.server.wm.InsetsStateController.onBarControlTargetChanged:327 com.android.server.wm.InsetsPolicy.updateBarControlTarget:173 com.android.server.wm.InsetsPolicy.updateSystemBars:805 com.android.server.wm.DisplayPolicy.updateSystemBarsLw:3432 
2026-02-07 16:59:31.697  1511-5418  InsetsSourceProvider    system_server                        D  updateControlForTarget: control=InsetsSourceControl: {8ac20000 mType=statusBars initiallyVisible mSurfacePosition=Point(0, 0) mInsetsHint=Insets{left=0, top=45, right=0, bottom=0}}, target=Window{a3913d0 u0 com.trainingvalidator.poc/com.trainingvalidator.poc.ui.TrainingActivity}, from=com.android.server.wm.InsetsStateController.onControlTargetChanged:358 com.android.server.wm.InsetsStateController.onBarControlTargetChanged:324 com.android.server.wm.InsetsPolicy.updateBarControlTarget:173 com.android.server.wm.InsetsPolicy.updateSystemBars:805 com.android.server.wm.DisplayPolicy.updateSystemBarsLw:3432 
2026-02-07 16:59:31.698  1511-5418  WindowManager           system_server                        D  updateSystemBarAttributes: displayId=0, win=Window{a3913d0 u0 com.trainingvalidator.poc/com.trainingvalidator.poc.ui.TrainingActivity}, navColorWin=Window{f42faeb u0 com.trainingvalidator.poc/com.trainingvalidator.poc.ui.PreWorkoutActivity}, focusedCanBeNavColorWin=false, behavior=2, appearance=0, statusBarAppearanceRegions=[AppearanceRegion{ bounds=[0,0][720,1600]}], requestedVisibilities=-528, from=com.android.server.wm.DisplayPolicy.focusChangedLw:2954 com.android.server.wm.DisplayContent.updateFocusedWindowLocked:4894 com.android.server.wm.RootWindowContainer.updateFocusedWindowLocked:578 
2026-02-07 16:59:31.701 26733-26733 InsetsController        com.trainingvalidator.poc            I  onStateChanged: host=com.trainingvalidator.poc/com.trainingvalidator.poc.ui.TrainingActivity, from=android.view.ViewRootImpl.relayoutWindow:10072, state=InsetsState: {mDisplayFrame=Rect(0, 0 - 720, 1600), mDisplayCutout=DisplayCutout{insets=Rect(0, 45 - 0, 0) waterfall=Insets{left=0, top=0, right=0, bottom=0} boundingRect={Bounds=[Rect(0, 0 - 0, 0), Rect(272, 0 - 448, 45), Rect(0, 0 - 0, 0), Rect(0, 0 - 0, 0)]} cutoutPathParserInfo={CutoutPathParserInfo{displayWidth=720 displayHeight=1600 physicalDisplayWidth=720 physicalDisplayHeight=1600 density={1.875} cutoutSpec={M 0,0 H -88 V 45 H 88 V 0 H 0 Z} rotation={0} scale={1.0} physicalPixelDisplaySizeRatio={1.0}}}}, mRoundedCorners=RoundedCorners{[RoundedCorner{position=TopLeft, radius=0, center=Point(0, 0)}, RoundedCorner{position=TopRight, radius=0, center=Point(0, 0)}, RoundedCorner{position=BottomRight, radius=0, center=Point(0, 0)}, RoundedCorner{position=BottomLeft, radius=0, center=Point(0, 0)}]}  mRoundedCornerFrame=Rect(0, 0 - 720, 1600), mPrivacyIndicatorBounds=PrivacyIndicatorBounds {static bounds=Rect(637, 0 - 720, 45) rotation=0}, mDisplayShape=DisplayShape{ spec=-311912193 displayWidth=720 displayHeight=1600 physicalPixelDisplaySizeRatio=1.0 rotation=0 offsetX=0 offsetY=0 scale=1.0}, mSources= { InsetsSource: {8ac20000 mType=statusBars mFrame=[0,0][720,45] mVisible=true mFlags=[]}, InsetsSource: {8ac20005 mType=mandatorySystemGestures mFrame=[0,0][720,68] mVisible=true mFlags=[]}, InsetsSource: {8ac20006 mType=tappableElement mFrame=[0,0][720,45] mVisible=true mFlags=[]}, InsetsSource: {9be30001 mType=navigationBars mFrame=[0,1572][720,1600] mVisible=true mFlags=[SUPPRESS_SCRIM]}, InsetsSource: {9be30004 mType=systemGestures mFrame=[0,0][56,1600] mVisible=true mFlags=[]}, InsetsSource: {9be30005 mType=mandatorySystemGestures mFrame=[0,1540][720,1600] mVisible=true mFlags=[]}, InsetsSource: {9be30006 mType=tappableElement mFrame=[0,0][0,0] mVisible=true mFlags=[]}, InsetsSource: {9be30024 mType=systemGestures mFrame=[664,0][720,1600] mVisible=true mFlags=[]}, InsetsSource: {3 mType=ime mFrame=[0,0][0,0] mVisible=false mFlags=[]}, InsetsSource: {27 mType=displayCutout mFrame=[0,0][720,45] mVisible=true mFlags=[]} }
2026-02-07 16:59:31.702 26733-26733 BufferQueueConsumer     com.trainingvalidator.poc            D  [](id:686d0000000f,api:0,p:-1,c:26733) connect: controlledByApp=false
2026-02-07 16:59:31.702  1511-1561  SurfaceComposerClient   system_server                        D  Transaction::apply InputWindowCommands.focusRequests timestamp=209484633249562, windowName=a3913d0 com.trainingvalidator.poc/com.trainingvalidator.poc.ui.TrainingActivity
2026-02-07 16:59:31.703 26733-26733 BLASTBufferQueue_Java   com.trainingvalidator.poc            I  new BLASTBufferQueue, mName= ViewRootImpl@e32acf7[TrainingActivity] mNativeObject= 0xeaf5d2c0 sc.mNativeObject= 0xe7c2d060 caller= android.view.ViewRootImpl.updateBlastSurfaceIfNeeded:3028 android.view.ViewRootImpl.relayoutWindow:10131 android.view.ViewRootImpl.performTraversals:4110 android.view.ViewRootImpl.doTraversal:3288 android.view.ViewRootImpl$TraversalRunnable.run:11344 android.view.Choreographer$CallbackRecord.run:1689 android.view.Choreographer$CallbackRecord.run:1698 android.view.Choreographer.doCallbacks:1153 android.view.Choreographer.doFrame:1079 android.view.Choreographer$FrameDisplayEventReceiver.run:1646 
2026-02-07 16:59:31.703 26733-26733 BLASTBufferQueue_Java   com.trainingvalidator.poc            I  update, w= 720 h= 1555 mName = ViewRootImpl@e32acf7[TrainingActivity] mNativeObject= 0xeaf5d2c0 sc.mNativeObject= 0xe7c2d060 format= -1 caller= android.graphics.BLASTBufferQueue.<init>:89 android.view.ViewRootImpl.updateBlastSurfaceIfNeeded:3028 android.view.ViewRootImpl.relayoutWindow:10131 android.view.ViewRootImpl.performTraversals:4110 android.view.ViewRootImpl.doTraversal:3288 android.view.ViewRootImpl$TraversalRunnable.run:11344 
2026-02-07 16:59:31.704 26733-26733 ViewRootIm...gActivity] com.trainingvalidator.poc            I  Relayout returned: old=(0,45,720,1600) new=(0,45,720,1600) relayoutAsync=false req=(720,1555)0 dur=17 res=0x403 s={true 0x98b7e000} ch=true seqId=0
2026-02-07 16:59:31.704  1511-1561  InsetsSourceProvider    system_server                        D  updateVisibility: serverVisible=true, clientVisible=false, source=InsetsSource: {9be30001 mType=navigationBars mFrame=[0,1572][720,1600] mVisible=false mFlags=[SUPPRESS_SCRIM]}, controlTarget=Window{a3913d0 u0 com.trainingvalidator.poc/com.trainingvalidator.poc.ui.TrainingActivity}, from=com.android.server.wm.InsetsSourceProvider.setClientVisible:606 com.android.server.wm.InsetsSourceProvider.updateClientVisibility:593 com.android.server.wm.InsetsStateController.onInsetsModified:275 com.android.server.wm.InsetsStateController.lambda$notifyPendingInsetsControlChanged$3:434 com.android.server.wm.InsetsStateController.$r8$lambda$8yykPRG1GyNq_J17QvL9d5xANMc:0 com.android.server.wm.InsetsStateController$$ExternalSyntheticLambda2.run:0 com.android.server.wm.WindowAnimator.executeAfterPrepareSurfacesRunnables:294 com.android.server.wm.WindowAnimator.animate:202 com.android.server.wm.WindowAnimator.lambda$new$1:99 com.android.server.wm.WindowAnimator.$r8$lambda$aHNu1uhcqxihX5NZc4McDDQPAyw:0 
2026-02-07 16:59:31.704  1511-1561  InsetsSourceProvider    system_server                        D  updateVisibility: serverVisible=true, clientVisible=false, source=InsetsSource: {8ac20000 mType=statusBars mFrame=[0,0][720,45] mVisible=false mFlags=[]}, controlTarget=Window{a3913d0 u0 com.trainingvalidator.poc/com.trainingvalidator.poc.ui.TrainingActivity}, from=com.android.server.wm.InsetsSourceProvider.setClientVisible:606 com.android.server.wm.InsetsSourceProvider.updateClientVisibility:593 com.android.server.wm.InsetsStateController.onInsetsModified:275 com.android.server.wm.InsetsStateController.lambda$notifyPendingInsetsControlChanged$3:434 com.android.server.wm.InsetsStateController.$r8$lambda$8yykPRG1GyNq_J17QvL9d5xANMc:0 com.android.server.wm.InsetsStateController$$ExternalSyntheticLambda2.run:0 com.android.server.wm.WindowAnimator.executeAfterPrepareSurfacesRunnables:294 com.android.server.wm.WindowAnimator.animate:202 com.android.server.wm.WindowAnimator.lambda$new$1:99 com.android.server.wm.WindowAnimator.$r8$lambda$aHNu1uhcqxihX5NZc4McDDQPAyw:0 
2026-02-07 16:59:31.706 26733-26733 ViewRootIm...gActivity] com.trainingvalidator.poc            D  mThreadedRenderer.initialize() mSurface={isValid=true 0x98b7e000} hwInitialized=true
2026-02-07 16:59:31.707  1511-1560  WindowManager           system_server                        D  SyncGroup 4862:  Unfinished container: ActivityRecord{d0f7c27 u0 com.trainingvalidator.poc/.ui.TrainingActivity t4208} mSyncState=2
2026-02-07 16:59:31.708 26733-26938 gralloc4                com.trainingvalidator.poc            I  @set_metadata: update dataspace from GM (0x00000000 -> 0x08010000)
2026-02-07 16:59:31.708  1511-1561  WindowManager           system_server                        D  SyncGroup 4862:  Unfinished container: ActivityRecord{d0f7c27 u0 com.trainingvalidator.poc/.ui.TrainingActivity t4208} mSyncState=2
2026-02-07 16:59:31.708 26733-26751 ViewRootIm...gActivity] com.trainingvalidator.poc            I  Resizing android.view.ViewRootImpl@90e7d06: frame = [0,45][720,1600] reportDraw = true forceLayout = false syncSeqId = -1
2026-02-07 16:59:31.711  1511-5425  WindowManager           system_server                        D  SyncGroup 4862:  Unfinished container: ActivityRecord{d0f7c27 u0 com.trainingvalidator.poc/.ui.TrainingActivity t4208} mSyncState=2
2026-02-07 16:59:31.713 26733-26733 ViewRootIm...gActivity] com.trainingvalidator.poc            D  reportNextDraw android.view.ViewRootImpl.performTraversals:4718 android.view.ViewRootImpl.doTraversal:3288 android.view.ViewRootImpl$TraversalRunnable.run:11344 android.view.Choreographer$CallbackRecord.run:1689 android.view.Choreographer$CallbackRecord.run:1698 
2026-02-07 16:59:31.714 26733-26733 ViewRootIm...gActivity] com.trainingvalidator.poc            I  Setup new sync=wmsSync-ViewRootImpl@e32acf7[TrainingActivity]#29
2026-02-07 16:59:31.714 26733-26733 ViewRootIm...gActivity] com.trainingvalidator.poc            I  Creating new active sync group ViewRootImpl@e32acf7[TrainingActivity]#30
2026-02-07 16:59:31.714 26733-26733 ViewRootIm...gActivity] com.trainingvalidator.poc            I  registerCallbacksForSync syncBuffer=false
2026-02-07 16:59:31.719  1015-1015  SurfaceFlinger          surfaceflinger                       I  [a3913d0 com.trainingvalidator.poc/com.trainingvalidator.poc.ui.TrainingActivity#69831] FrameRatePriority: 1
2026-02-07 16:59:31.719  1015-1015  SurfaceFlinger          surfaceflinger                       D  Focus addInputWindowCommands timestamp=209484633249562, windowName=a3913d0 com.trainingvalidator.poc/com.trainingvalidator.poc.ui.TrainingActivity
2026-02-07 16:59:31.720  1015-1015  SurfaceFlinger          surfaceflinger                       D  Find Focus windowName=a3913d0 com.trainingvalidator.poc/com.trainingvalidator.poc.ui.TrainingActivity, notVisible=1
2026-02-07 16:59:31.720  1015-1015  Layer                   surfaceflinger                       D  Focus: ActivityRecord{d0f7c27 u0 com.trainingvalidator.poc/.ui.TrainingActivity t4208}#69830 isHiddenByPolicy s.flags&layer_state_t::eLayerHidden=1
2026-02-07 16:59:31.720  1015-1015  Layer                   surfaceflinger                       D  Focus: isHiddenByPolicy parent ActivityRecord{d0f7c27 u0 com.trainingvalidator.poc/.ui.TrainingActivity t4208}#69830 is hidden cause not visible
2026-02-07 16:59:31.721  1015-1332  SurfaceFlinger          surfaceflinger                       D  updateWinowInfo=1, setFocusedWindow timestamp=209484633249562, windowName=a3913d0 com.trainingvalidator.poc/com.trainingvalidator.poc.ui.TrainingActivity
2026-02-07 16:59:31.721  1511-5425  InputDispatcher         system_server                        D  Focus request (0): a3913d0 com.trainingvalidator.poc/com.trainingvalidator.poc.ui.TrainingActivity but waiting because NO_WINDOW
2026-02-07 16:59:31.722 26733-26970 ViewRootIm...gActivity] com.trainingvalidator.poc            I  Received frameDrawingCallback syncResult=0 frameNum=1.
2026-02-07 16:59:31.722 26733-26970 ViewRootIm...gActivity] com.trainingvalidator.poc            I  mWNT: t=0x8d1425e0 mBlastBufferQueue=0xeaf5d2c0 fn= 1 mRenderHdrSdrRatio=1.0 caller= android.view.ViewRootImpl$8.onFrameDraw:13841 android.view.ThreadedRenderer$1.onFrameDraw:792 <bottom of call stack> 
2026-02-07 16:59:31.722 26733-26970 ViewRootIm...gActivity] com.trainingvalidator.poc            I  Setting up sync and frameCommitCallback
2026-02-07 16:59:31.727 26733-26938 BLASTBufferQueue        com.trainingvalidator.poc            D  [ViewRootImpl@e32acf7[TrainingActivity]#13](f:0,a:0) onFrameAvailable the first frame is available
2026-02-07 16:59:31.727 26733-26938 BLASTBufferQueue        com.trainingvalidator.poc            D  [ViewRootImpl@e32acf7[TrainingActivity]#13](f:0,a:1) acquireNextBufferLocked size=720x1555 mFrameNumber=1 applyTransaction=true mTimestamp=209484661784946(auto) mPendingTransactions.size=0 graphicBufferId=114817360724039 transform=0
2026-02-07 16:59:31.728 26733-26938 ViewRootIm...gActivity] com.trainingvalidator.poc            I  Received frameCommittedCallback lastAttemptedDrawFrameNum=1 didProduceBuffer=true
2026-02-07 16:59:31.728 26733-26938 OpenGLRenderer          com.trainingvalidator.poc            D  CFMS:: SetUp Pid : 26733    Tid : 26938
2026-02-07 16:59:31.729 26733-26733 ViewRootIm...gActivity] com.trainingvalidator.poc            I  reportDrawFinished seqId=0
2026-02-07 16:59:31.729  1511-2060  WindowManager           system_server                        D  finishDrawingWindow: Window{a3913d0 u0 com.trainingvalidator.poc/com.trainingvalidator.poc.ui.TrainingActivity} mDrawState=DRAW_PENDING seqId=0
2026-02-07 16:59:31.732 26733-26938 gralloc4                com.trainingvalidator.poc            I  @set_metadata: update dataspace from GM (0x00000000 -> 0x08010000)
2026-02-07 16:59:31.736  1511-1561  WindowManager           system_server                        V  performShowLocked: mDrawState=HAS_DRAWN in Window{a3913d0 u0 com.trainingvalidator.poc/com.trainingvalidator.poc.ui.TrainingActivity}
2026-02-07 16:59:31.736  1511-1561  WindowManager           system_server                        V  Start calculating TransitionInfo based on participants: {ActivityRecord{d0f7c27 u0 com.trainingvalidator.poc/.ui.TrainingActivity t4208}, ActivityRecord{ddc9c91 u0 com.trainingvalidator.poc/.ui.PreWorkoutActivity t4208}}
2026-02-07 16:59:31.737  1511-1561  WindowManager           system_server                        V    Final targets: [ActivityRecord{d0f7c27 u0 com.trainingvalidator.poc/.ui.TrainingActivity t4208}, ActivityRecord{ddc9c91 u0 com.trainingvalidator.poc/.ui.PreWorkoutActivity t4208}]
2026-02-07 16:59:31.737  1015-1078  BufferQueueDebug        surfaceflinger                       E  [Transition Root: ActivityRecord{d0f7c27 u0 com.trainingvalidator.poc/.ui.TrainingActivity t4208}#69836](this:0xe3e820b8,id:-1,api:0,p:-1,c:-1) id info cannot be read from 'Transition Root: ActivityRecord{d0f7c27 u0 com.trainingvalidator.poc/.ui.TrainingActivity t4208}#69836'
2026-02-07 16:59:31.737  1015-1078  BufferQueueDebug        surfaceflinger                       I  [Transition Root: ActivityRecord{d0f7c27 u0 com.trainingvalidator.poc/.ui.TrainingActivity t4208}#69836](this:0xe3e820b8,id:-1,api:0,p:-1,c:-1) BufferQueue core=(1015:/system/bin/surfaceflinger)
2026-02-07 16:59:31.737  1015-1078  SurfaceFlinger          surfaceflinger                       I  id=69836 createSurf, flag=84004, Transition Root: ActivityRecord{d0f7c27 u0 com.trainingvalidator.poc/.ui.TrainingActivity t4208}#69836
2026-02-07 16:59:31.738 26733-26733 ResolvedFeatureGroup    com.trainingvalidator.poc            D  resolveFeatureGroup: sessionConfig = androidx.camera.core.LegacySessionConfig@22b938c, lensFacing = 0
2026-02-07 16:59:31.738 26733-26733 CameraUseCaseAdapter    com.trainingvalidator.poc            D  addUseCases: appUseCasesToAdd = [Preview:androidx.camera.core.Preview-cd23c2a9-1155-4720-9d8e-c38e9b44b1c1, ImageAnalysis:androidx.camera.core.ImageAnalysis-67ac7b7b-7e7e-4fd4-8fdb-97f54bd7f057], featureGroup = null
2026-02-07 16:59:31.738  1511-1561  SurfaceControl          system_server                        I  show, t=StartTransaction_SyncId<4862>, sc=Surface(name=ActivityRecord{d0f7c27 u0 com.trainingvalidator.poc/.ui.TrainingActivity t4208})/@0x96c71a6, caller=com.android.server.wm.Transition.onTransactionReady:2000 com.android.server.wm.BLASTSyncEngine$SyncGroup.finishNow:315 com.android.server.wm.BLASTSyncEngine$SyncGroup.tryFinish:242 com.android.server.wm.BLASTSyncEngine$SyncGroup.-$$Nest$mtryFinish:0 com.android.server.wm.BLASTSyncEngine.onSurfacePlacement:675 com.android.server.wm.RootWindowContainer.performSurfacePlacementNoTrace:990 
2026-02-07 16:59:31.739  1511-1561  WindowManager           system_server                        V  Calling onTransitionReady: {id=4862 t=OPEN f=0x0 trk=0 r=[0@Point(0, 0)] c=[
                                                                                                            {null m=OPEN f=FILLS_TASK|IS_ACTIVITY leash=Surface(name=ActivityRecord{d0f7c27 u0 com.trainingvalidator.poc/.ui.TrainingActivity t4208})/@0x96c71a6 sb=Rect(0, 0 - 0, 0) eb=Rect(0, 0 - 720, 1600) d=-1->0 r=-1->0:-1 dim=true inset=Rect(0, 0 - 0, 0)},
                                                                                                            {null m=TO_BACK f=FILLS_TASK|IS_ACTIVITY leash=Surface(name=ActivityRecord{ddc9c91 u0 com.trainingvalidator.poc/.ui.PreWorkoutActivity t4208})/@0xf33060 sb=Rect(0, 0 - 720, 1600) eb=Rect(0, 0 - 720, 1600) d=0 inset=Rect(0, 0 - 0, 0)}
                                                                                                        ]}
2026-02-07 16:59:31.741  1511-1557  ActivityTaskManager     system_server                        I  Displayed com.trainingvalidator.poc/.ui.TrainingActivity for user 0: +250ms
2026-02-07 16:59:31.741  1511-1557  Pageboost               system_server                        I  Launch time gathered : pid 26733 com.trainingvalidator.poc 250
2026-02-07 16:59:31.741  1511-1557  WindowManager           system_server                        V  Sent Transition #4862 createdAt=02-07 16:59:31.486 via request=TransitionRequestInfo { type = OPEN, triggerTask = TaskInfo{userId=0 taskId=4208 displayId=0 isRunning=true baseIntent=Intent { act=android.intent.action.MAIN cat=[android.intent.category.LAUNCHER] flg=0x10100000 cmp=com.trainingvalidator.poc/.ui.auth.SplashActivity } baseActivity=ComponentInfo{com.trainingvalidator.poc/com.trainingvalidator.poc.ui.main.MainContainerActivity} topActivity=ComponentInfo{com.trainingvalidator.poc/com.trainingvalidator.poc.ui.TrainingActivity} origActivity=null realActivity=ComponentInfo{com.trainingvalidator.poc/com.trainingvalidator.poc.ui.auth.SplashActivity} numActivities=3 lastActiveTime=401914543 supportsMultiWindow=true resizeMode=1 isResizeable=true minWidth=-1 minHeight=-1 maxWidth=-1 maxHeight=-1 defaultMinSize=220 token=WCT{RemoteToken{f5eb56 Task{aaf3793 #4208 type=standard A=10346:com.trainingvalidator.poc}}} topActivityType=1 pictureInPictureParams=null shouldDockBigOverlays=false launchIntoPipHostTaskId=-1 lastParentTaskIdBeforePip=-1 displayCutoutSafeInsets=Rect(0, 45 - 0, 0) topActivityInfo=ActivityInfo{4c08f94 com.trainingvalidator.poc.ui.TrainingActivity} launchCookies=[] positionInParent=Point(0, 0) parentTaskId=-1 isFocused=true isVisible=true isVisibleRequested=true isSleeping=false topActivityInSizeCompat=false topActivityEligibleForLetterboxEducation= false topActivityLetterboxed= false isFromDoubleTap= false topActivityLetterboxVerticalPosition= -1 topActivityLetterboxHorizontalPosition= -1 topActivityLetterboxWidth=-1 topActivityLetterboxHeight=-1 locusId=null displayAreaFeatureId=1 cameraCompatControlState=hidden originallySupportedMultiWindow=true hasWallpaper=false topActivityInFixedAspectRatio=false rootAffinity=10346:com.trainingvalidator.poc topActivityInDisplayCompat=false topActivityInBoundsCompat=false topActivityBounds=null singleTapFromLetterbox=false isTopTaskInStage=false topActivityUiMode=33 CoverLauncherWidgetTask=false CoverScreenTask=false isAllowedSeamlessRotation=false isTopTransparentActivity=false hasPopOver=false}, remoteTransition = null, displayChange = null }
2026-02-07 16:59:31.742  1511-1561  WindowManager           system_server                        D  updateSystemBarAttributes: displayId=0, win=Window{a3913d0 u0 com.trainingvalidator.poc/com.trainingvalidator.poc.ui.TrainingActivity}, navColorWin=null, focusedCanBeNavColorWin=false, behavior=2, appearance=0, statusBarAppearanceRegions=[], requestedVisibilities=-528, from=com.android.server.wm.DisplayPolicy.finishPostLayoutPolicyLw:2324 com.android.server.wm.DisplayContent.applySurfaceChangesTransaction:6130 com.android.server.wm.RootWindowContainer.applySurfaceChangesTransaction:1180 
2026-02-07 16:59:31.742  1511-1557  WindowManager           system_server                        V      info={id=4862 t=OPEN f=0x0 trk=0 r=[0@Point(0, 0)] c=[
                                                                                                            {null m=OPEN f=FILLS_TASK|IS_ACTIVITY leash=Surface(name=ActivityRecord{d0f7c27 u0 com.trainingvalidator.poc/.ui.TrainingActivity t4208})/@0x96c71a6 sb=Rect(0, 0 - 0, 0) eb=Rect(0, 0 - 720, 1600) d=-1->0 r=-1->0:-1 dim=true inset=Rect(0, 0 - 0, 0)},
                                                                                                            {null m=TO_BACK f=FILLS_TASK|IS_ACTIVITY leash=Surface(name=ActivityRecord{ddc9c91 u0 com.trainingvalidator.poc/.ui.PreWorkoutActivity t4208})/@0xf33060 sb=Rect(0, 0 - 720, 1600) eb=Rect(0, 0 - 720, 1600) d=0 inset=Rect(0, 0 - 0, 0)}
                                                                                                        ]}
2026-02-07 16:59:31.742 26733-26938 gralloc4                com.trainingvalidator.poc            I  @set_metadata: update dataspace from GM (0x00000000 -> 0x08010000)
2026-02-07 16:59:31.743  1975-2036  WindowManagerShell      com.android.systemui                 V  onTransitionReady android.os.BinderProxy@72a88bc: {id=4862 t=OPEN f=0x0 trk=0 r=[0@Point(0, 0)] c=[{null m=OPEN f=FILLS_TASK|IS_ACTIVITY leash=Surface(name=ActivityRecord{d0f7c27 u0 com.trainingvalidator.poc/.ui.TrainingActivity t4208})/@0xdc496bb sb=Rect(0, 0 - 0, 0) eb=Rect(0, 0 - 720, 1600) d=-1->0 r=-1->0:-1 dim=true inset=Rect(0, 0 - 0, 0)},{null m=TO_BACK f=FILLS_TASK|IS_ACTIVITY leash=Surface(name=ActivityRecord{ddc9c91 u0 com.trainingvalidator.poc/.ui.PreWorkoutActivity t4208})/@0x24357d8 sb=Rect(0, 0 - 720, 1600) eb=Rect(0, 0 - 720, 1600) d=0 inset=Rect(0, 0 - 0, 0)}]}
2026-02-07 16:59:31.743  1975-2036  SurfaceControl          com.android.systemui                 I  hide, t=FinishTransaction_SyncId<4862>, sc=Surface(name=ActivityRecord{ddc9c91 u0 com.trainingvalidator.poc/.ui.PreWorkoutActivity t4208})/@0x24357d8, caller=com.android.wm.shell.transition.Transitions.dispatchReady:682 com.android.wm.shell.transition.Transitions.onTransitionReady:119 com.android.wm.shell.transition.Transitions$TransitionPlayerImpl$$ExternalSyntheticLambda0.run:13 android.os.Handler.handleCallback:958 android.os.Handler.dispatchMessage:99 android.os.Looper.loopOnce:230 
2026-02-07 16:59:31.743  1975-2036  SurfaceControl          com.android.systemui                 I  show, t=StartTransaction_SyncId<4862>, sc=Surface(name=ActivityRecord{d0f7c27 u0 com.trainingvalidator.poc/.ui.TrainingActivity t4208})/@0xdc496bb, caller=com.android.wm.shell.transition.Transitions.dispatchReady:687 com.android.wm.shell.transition.Transitions.onTransitionReady:119 com.android.wm.shell.transition.Transitions$TransitionPlayerImpl$$ExternalSyntheticLambda0.run:13 android.os.Handler.handleCallback:958 android.os.Handler.dispatchMessage:99 android.os.Looper.loopOnce:230 
2026-02-07 16:59:31.743  1975-2036  SurfaceControl          com.android.systemui                 I  show, t=FinishTransaction_SyncId<4862>, sc=Surface(name=ActivityRecord{d0f7c27 u0 com.trainingvalidator.poc/.ui.TrainingActivity t4208})/@0xdc496bb, caller=com.android.wm.shell.transition.Transitions.dispatchReady:744 com.android.wm.shell.transition.Transitions.onTransitionReady:119 com.android.wm.shell.transition.Transitions$TransitionPlayerImpl$$ExternalSyntheticLambda0.run:13 android.os.Handler.handleCallback:958 android.os.Handler.dispatchMessage:99 android.os.Looper.loopOnce:230 
2026-02-07 16:59:31.743  1975-2036  SurfaceControl          com.android.systemui                 I  show, t=StartTransaction_SyncId<4862>, sc=Surface(name=Transition Root: ActivityRecord{d0f7c27 u0 com.trainingvalidator.poc/.ui.TrainingActivity t4208})/@0x4806731, caller=com.android.wm.shell.transition.Transitions.playTransition:80 com.android.wm.shell.transition.Transitions.processReadyQueue:195 com.android.wm.shell.transition.Transitions.dispatchReady:762 com.android.wm.shell.transition.Transitions.onTransitionReady:119 com.android.wm.shell.transition.Transitions$TransitionPlayerImpl$$ExternalSyntheticLambda0.run:13 android.os.Handler.handleCallback:958 
2026-02-07 16:59:31.744  1975-2036  WindowManagerShell      com.android.systemui                 V  Transition doesn't have explicit remote, search filters for match for {id=4862 t=OPEN f=0x0 trk=0 r=[0@Point(0, 0)] c=[{null m=OPEN f=FILLS_TASK|IS_ACTIVITY leash=Surface(name=ActivityRecord{d0f7c27 u0 com.trainingvalidator.poc/.ui.TrainingActivity t4208})/@0xdc496bb sb=Rect(0, 0 - 0, 0) eb=Rect(0, 0 - 720, 1600) d=-1->0 r=-1->0:-1 dim=true inset=Rect(0, 0 - 0, 0)},{null m=TO_BACK f=FILLS_TASK|IS_ACTIVITY leash=Surface(name=ActivityRecord{ddc9c91 u0 com.trainingvalidator.poc/.ui.PreWorkoutActivity t4208})/@0x24357d8 sb=Rect(0, 0 - 720, 1600) eb=Rect(0, 0 - 720, 1600) d=0 inset=Rect(0, 0 - 0, 0)}]}
2026-02-07 16:59:31.744  1975-2036  WindowManagerShell      com.android.systemui                 V  start default transition animation, info = {id=4862 t=OPEN f=0x0 trk=0 r=[0@Point(0, 0)] c=[{null m=OPEN f=FILLS_TASK|IS_ACTIVITY leash=Surface(name=ActivityRecord{d0f7c27 u0 com.trainingvalidator.poc/.ui.TrainingActivity t4208})/@0xdc496bb sb=Rect(0, 0 - 0, 0) eb=Rect(0, 0 - 720, 1600) d=-1->0 r=-1->0:-1 dim=true inset=Rect(0, 0 - 0, 0)},{null m=TO_BACK f=FILLS_TASK|IS_ACTIVITY leash=Surface(name=ActivityRecord{ddc9c91 u0 com.trainingvalidator.poc/.ui.PreWorkoutActivity t4208})/@0x24357d8 sb=Rect(0, 0 - 720, 1600) eb=Rect(0, 0 - 720, 1600) d=0 inset=Rect(0, 0 - 0, 0)}]}
2026-02-07 16:59:31.746  1015-2626  BufferQueueDebug        surfaceflinger                       E  [6088941 ActivityRecordInputSink com.trainingvalidator.poc/.ui.TrainingActivity#69837](this:0xe56698b8,id:-1,api:0,p:-1,c:-1) id info cannot be read from '6088941 ActivityRecordInputSink com.trainingvalidator.poc/.ui.TrainingActivity#69837'
2026-02-07 16:59:31.746  1015-2626  BufferQueueDebug        surfaceflinger                       I  [6088941 ActivityRecordInputSink com.trainingvalidator.poc/.ui.TrainingActivity#69837](this:0xe56698b8,id:-1,api:0,p:-1,c:-1) BufferQueue core=(1015:/system/bin/surfaceflinger)
2026-02-07 16:59:31.746  1015-2626  SurfaceFlinger          surfaceflinger                       I  id=69837 createSurf, flag=84000, 6088941 ActivityRecordInputSink com.trainingvalidator.poc/.ui.TrainingActivity#69837
2026-02-07 16:59:31.748  1511-1561  PowerManagerService     system_server                        D  [api] acquire WakeLock SCREEN_BRIGHT_WAKE_LOCK        'WindowManager/displayId:0' ON_AFTER_RELEASE (uid=1000 pid=1511 ws=WorkSource{10346 com.trainingvalidator.poc} displayId=0 lock=1b6ddc0)
2026-02-07 16:59:31.753 26733-30805 Camera2PresenceSrc      com.trainingvalidator.poc            D  System onCameraAccessPrioritiesChanged.
2026-02-07 16:59:31.754 26733-30800 Camera2PresenceSrc      com.trainingvalidator.poc            D  [FetchData] Refreshed camera list: CameraIdentifier{cameraIds=0}, CameraIdentifier{cameraIds=1}
2026-02-07 16:59:31.756 26733-26733 UseCase                 com.trainingvalidator.poc            D  applyFeaturesToConfig: mFeatureGroup = null, this = Preview:androidx.camera.core.Preview-cd23c2a9-1155-4720-9d8e-c38e9b44b1c1
2026-02-07 16:59:31.758 26733-26938 gralloc4                com.trainingvalidator.poc            I  @set_metadata: update dataspace from GM (0x00000000 -> 0x08010000)
2026-02-07 16:59:31.758 26733-26733 SupportedO...sCollector com.trainingvalidator.poc            D  useCaseConfig = androidx.camera.core.impl.PreviewConfig@515d2ea, candidateSizes = [1920x1080, 1440x1080, 1280x960, 1088x1088, 1600x720, 1280x720, 960x720, 720x720, 720x480, 640x480, 512x384, 512x288, 384x384, 352x288, 320x240, 256x144, 176x144]
2026-02-07 16:59:31.761 26733-26733 UseCase                 com.trainingvalidator.poc            D  applyFeaturesToConfig: mFeatureGroup = null, this = ImageAnalysis:androidx.camera.core.ImageAnalysis-67ac7b7b-7e7e-4fd4-8fdb-97f54bd7f057
2026-02-07 16:59:31.762 26733-26733 SupportedO...sCollector com.trainingvalidator.poc            D  useCaseConfig = androidx.camera.core.impl.ImageAnalysisConfig@b8a49db, candidateSizes = [1920x1080, 1440x1080, 1280x960, 1088x1088, 1600x720, 1280x720, 960x720, 720x720, 720x480, 640x480, 512x384, 512x288, 384x384, 352x288, 320x240, 256x144, 176x144]
2026-02-07 16:59:31.765 26733-26733 DynamicRangeResolver    com.trainingvalidator.poc            D  Resolved dynamic range for use case androidx.camera.core.Preview-cd23c2a9-1155-4720-9d8e-c38e9b44b1c1 to no compatible HDR dynamic ranges.
                                                                                                    DynamicRange@e381380{encoding=UNSPECIFIED, bitDepth=0}
                                                                                                    ->
                                                                                                    DynamicRange@9fdd803{encoding=SDR, bitDepth=8}
2026-02-07 16:59:31.766 26733-26733 SupportedS...ombination com.trainingvalidator.poc            D  resolvedDynamicRanges = {androidx.camera.core.impl.ImageAnalysisConfig@b8a49db=DynamicRange@9fdd803{encoding=SDR, bitDepth=8}, androidx.camera.core.impl.PreviewConfig@515d2ea=DynamicRange@9fdd803{encoding=SDR, bitDepth=8}}
2026-02-07 16:59:31.766 26733-26733 SupportedS...ombination com.trainingvalidator.poc            D  getSuggestedStreamSpecifications: isPreviewStabilizationOn = false, mIsPreviewStabilizationSupported = false, isFeatureComboInvocation = false
2026-02-07 16:59:31.766 26733-26733 SupportedS...ombination com.trainingvalidator.poc            D  resolveSpecsByCheckingMethod: checkingMethod = WITHOUT_FEATURE_COMBO
2026-02-07 16:59:31.766 26733-26733 SupportedS...ombination com.trainingvalidator.poc            D  resolveSpecsBySettings: featureSettings = FeatureSettings{getCameraMode=0, hasVideoCapture=false, getRequiredMaxBitDepth=8, isPreviewStabilizationOn=false, isUltraHdrOn=false, isHighSpeedOn=false, isFeatureComboInvocation=false, requiresFeatureComboQuery=false, getTargetFpsRange=[0, 0], isStrictFpsRequired=false}
2026-02-07 16:59:31.768  1975-1975  SamsungLig...trolHelper com.android.systemui                 D  onStatusBarAppearanceChanged() -  sbModeChanged:false, statusBarMode:0, barState:MODE_TRANSPARENT, isKeyguardShowing:false, navbarColorManagedByIme:false, stackAppearanceChanged:true, (), packageName:com.trainingvalidator.poc
2026-02-07 16:59:31.769  1015-2626  BufferQueueDebug        surfaceflinger                       E  [DimTransitionLayer for Surface(name=ActivityRecord{d0f7c27 u0 com.trainingvalidator.poc/.ui.TrainingActivity t4208})/@0xdc496bb#69841](this:0xe3e370b8,id:-1,api:0,p:-1,c:-1) id info cannot be read from 'DimTransitionLayer for Surface(name=ActivityRecord{d0f7c27 u0 com.trainingvalidator.poc/.ui.TrainingActivity t4208})/@0xdc496bb#69841'
2026-02-07 16:59:31.770  1015-2626  BufferQueueDebug        surfaceflinger                       I  [DimTransitionLayer for Surface(name=ActivityRecord{d0f7c27 u0 com.trainingvalidator.poc/.ui.TrainingActivity t4208})/@0xdc496bb#69841](this:0xe3e370b8,id:-1,api:0,p:-1,c:-1) BufferQueue core=(1015:/system/bin/surfaceflinger)
2026-02-07 16:59:31.770  1015-2626  SurfaceFlinger          surfaceflinger                       I  id=69841 createSurf, flag=20004, DimTransitionLayer for Surface(name=ActivityRecord{d0f7c27 u0 com.trainingvalidator.poc/.ui.TrainingActivity t4208})/@0xdc496bb#69841
2026-02-07 16:59:31.770 26733-26733 CameraQuirks            com.trainingvalidator.poc            D  camera2 CameraQuirks = 
2026-02-07 16:59:31.770  1975-2036  SurfaceControl          com.android.systemui                 I  show, t=StartTransaction_SyncId<4862>, sc=Surface(name=DimTransitionLayer for Surface(name=ActivityRecord{d0f7c27 u0 com.trainingvalidator.poc/.ui.TrainingActivity t4208})/@0xdc496bb)/@0xa44a4ab, caller=com.android.wm.shell.transition.DefaultTransitionHandler.startAnimation:2970 com.android.wm.shell.transition.Transitions.dispatchTransition:80 com.android.wm.shell.transition.Transitions.playTransition:793 com.android.wm.shell.transition.Transitions.processReadyQueue:195 com.android.wm.shell.transition.Transitions.dispatchReady:762 com.android.wm.shell.transition.Transitions.onTransitionReady:119 
2026-02-07 16:59:31.771  1975-2036  WindowManagerShell      com.android.systemui                 V  attach dim transition, change={null m=OPEN f=FILLS_TASK|IS_ACTIVITY leash=Surface(name=ActivityRecord{d0f7c27 u0 com.trainingvalidator.poc/.ui.TrainingActivity t4208})/@0xdc496bb sb=Rect(0, 0 - 0, 0) eb=Rect(0, 0 - 720, 1600) d=-1->0 r=-1->0:-1 dim=true inset=Rect(0, 0 - 0, 0)}
2026-02-07 16:59:31.771 26733-26733 CameraQuirks            com.trainingvalidator.poc            D  camera2 CameraQuirks = 
2026-02-07 16:59:31.774 26733-26733 SupportedS...ombination com.trainingvalidator.poc            D  resolveSpecsBySettings: bestSizesAndFps = BestSizesAndMaxFpsForConfigs{bestSizes=[960x720, 640x480], bestSizesForStreamUseCase=null, maxFpsForBestSizes=30, maxFpsForStreamUseCase=2147483647, maxFpsForAllSizes=2147483647}
2026-02-07 16:59:31.775 26733-26938 gralloc4                com.trainingvalidator.poc            I  @set_metadata: update dataspace from GM (0x00000000 -> 0x08010000)
2026-02-07 16:59:31.776 26733-26733 UseCase                 com.trainingvalidator.poc            D  applyFeaturesToConfig: mFeatureGroup = null, this = Preview:androidx.camera.core.Preview-cd23c2a9-1155-4720-9d8e-c38e9b44b1c1
2026-02-07 16:59:31.777 26733-26733 Preview                 com.trainingvalidator.poc            D  onSuggestedStreamSpecUpdated: primaryStreamSpec = StreamSpec{resolution=960x720, originalConfiguredResolution=960x720, dynamicRange=DynamicRange@9fdd803{encoding=SDR, bitDepth=8}, sessionType=0, expectedFrameRateRange=[0, 0], implementationOptions=androidx.camera.camera2.impl.Camera2ImplConfig@2981f51, zslDisabled=false}, secondaryStreamSpec null
2026-02-07 16:59:31.777 26733-26733 DeferrableSurface       com.trainingvalidator.poc            D  Surface created[total_surfaces=1, used_surfaces=0](androidx.camera.core.processing.SurfaceEdge$SettableSurface@df633b6}
2026-02-07 16:59:31.778 26733-26733 DeferrableSurface       com.trainingvalidator.poc            D  Surface created[total_surfaces=2, used_surfaces=0](androidx.camera.core.SurfaceRequest$2@1a9d542}
2026-02-07 16:59:31.779 26733-26733 DeferrableSurface       com.trainingvalidator.poc            D  New surface in use[total_surfaces=2, used_surfaces=1](androidx.camera.core.SurfaceRequest$2@1a9d542}
2026-02-07 16:59:31.779 26733-26733 DeferrableSurface       com.trainingvalidator.poc            D  use count+1, useCount=1 androidx.camera.core.SurfaceRequest$2@1a9d542
2026-02-07 16:59:31.781 26733-26733 UseCase                 com.trainingvalidator.poc            D  applyFeaturesToConfig: mFeatureGroup = null, this = ImageAnalysis:androidx.camera.core.ImageAnalysis-67ac7b7b-7e7e-4fd4-8fdb-97f54bd7f057
2026-02-07 16:59:31.783 26733-26733 ImageAnalysis           com.trainingvalidator.poc            D  onSuggestedStreamSpecUpdated: primaryStreamSpec = StreamSpec{resolution=640x480, originalConfiguredResolution=640x480, dynamicRange=DynamicRange@9fdd803{encoding=SDR, bitDepth=8}, sessionType=0, expectedFrameRateRange=[0, 0], implementationOptions=androidx.camera.camera2.impl.Camera2ImplConfig@b9ef7af, zslDisabled=false}, secondaryStreamSpec null
2026-02-07 16:59:31.785  1015-1015  Layer                   surfaceflinger                       I  Layer [com.trainingvalidator.poc/com.trainingvalidator.poc.ui.TrainingActivity$_26733#69832] hidden!! flag(0)
2026-02-07 16:59:31.786 26733-26733 BufferQueueConsumer     com.trainingvalidator.poc            D  [](id:686d00000010,api:0,p:-1,c:26733) connect: controlledByApp=true
2026-02-07 16:59:31.790 26733-30800 Camera2PresenceSrc      com.trainingvalidator.poc            D  System onCameraAccessPrioritiesChanged.
2026-02-07 16:59:31.790 26733-30805 Camera2PresenceSrc      com.trainingvalidator.poc            D  [FetchData] Refreshed camera list: CameraIdentifier{cameraIds=0}, CameraIdentifier{cameraIds=1}
2026-02-07 16:59:31.793 26733-26938 gralloc4                com.trainingvalidator.poc            I  @set_metadata: update dataspace from GM (0x00000000 -> 0x08010000)
2026-02-07 16:59:31.794 26733-26733 BufferQueueConsumer     com.trainingvalidator.poc            D  [](id:686d00000011,api:0,p:-1,c:26733) connect: controlledByApp=true
2026-02-07 16:59:31.796 26733-26733 DeferrableSurface       com.trainingvalidator.poc            D  Surface created[total_surfaces=3, used_surfaces=1](androidx.camera.core.impl.ImmediateSurface@3ccf345}
2026-02-07 16:59:31.799 26733-30800 Camera2CameraImpl       com.trainingvalidator.poc            D  {Camera@5c83ff0[id=1]} Use case androidx.camera.core.Preview-cd23c2a9-1155-4720-9d8e-c38e9b44b1c1202248547 ACTIVE
2026-02-07 16:59:31.799 26733-30800 UseCaseAttachState      com.trainingvalidator.poc            D  Active and attached use case: [] for camera: 1
2026-02-07 16:59:31.800 26733-30800 Camera2CameraImpl       com.trainingvalidator.poc            D  {Camera@5c83ff0[id=1]} Use case androidx.camera.core.ImageAnalysis-67ac7b7b-7e7e-4fd4-8fdb-97f54bd7f05714401888 ACTIVE
2026-02-07 16:59:31.800 26733-30800 UseCaseAttachState      com.trainingvalidator.poc            D  Active and attached use case: [] for camera: 1
2026-02-07 16:59:31.800 26733-26733 CameraManager           com.trainingvalidator.poc            D  Camera use cases bound successfully with 4:3 aspect ratio
2026-02-07 16:59:31.800 26733-26733 CameraManager           com.trainingvalidator.poc            D  Camera started successfully
2026-02-07 16:59:31.801 26733-26938 OpenGLRenderer          com.trainingvalidator.poc            D  HWUI - treat SMPTE_170M as sRGB
2026-02-07 16:59:31.801 26733-26733 ViewRootIm...tActivity] com.trainingvalidator.poc            I  handleWindowFocusChanged: 0 0 call from android.view.ViewRootImpl.-$$Nest$mhandleWindowFocusChanged:0
2026-02-07 16:59:31.801 26733-26733 ImeFocusController      com.trainingvalidator.poc            I  onPreWindowFocus: skipped, hasWindowFocus=false mHasImeFocus=true
2026-02-07 16:59:31.801 26733-30800 Camera2CameraImpl       com.trainingvalidator.poc            D  {Camera@5c83ff0[id=1]} Use cases [androidx.camera.core.Preview-cd23c2a9-1155-4720-9d8e-c38e9b44b1c1202248547, androidx.camera.core.ImageAnalysis-67ac7b7b-7e7e-4fd4-8fdb-97f54bd7f05714401888] now ATTACHED
2026-02-07 16:59:31.801 26733-30800 Camera2CameraControlImp com.trainingvalidator.poc            D  setActive: isActive = true
2026-02-07 16:59:31.802 26733-30800 UseCaseAttachState      com.trainingvalidator.poc            D  All use case: [androidx.camera.core.Preview-cd23c2a9-1155-4720-9d8e-c38e9b44b1c1202248547, androidx.camera.core.ImageAnalysis-67ac7b7b-7e7e-4fd4-8fdb-97f54bd7f05714401888] for camera: 1
2026-02-07 16:59:31.803 26733-30800 UseCaseAttachState      com.trainingvalidator.poc            D  Active and attached use case: [androidx.camera.core.Preview-cd23c2a9-1155-4720-9d8e-c38e9b44b1c1202248547, androidx.camera.core.ImageAnalysis-67ac7b7b-7e7e-4fd4-8fdb-97f54bd7f05714401888] for camera: 1
2026-02-07 16:59:31.804 26733-26733 ImeFocusController      com.trainingvalidator.poc            I  onPostWindowFocus: skipped, hasWindowFocus=false mHasImeFocus=true
2026-02-07 16:59:31.804 26733-30800 Camera2CameraImpl       com.trainingvalidator.poc            D  {Camera@5c83ff0[id=1]} Resetting Capture Session
2026-02-07 16:59:31.804 26733-30800 Camera2CameraImpl       com.trainingvalidator.poc            D  {Camera@5c83ff0[id=1]} Skipping Capture Session state check due to current camera state: INITIALIZED and previous session status: false
2026-02-07 16:59:31.804 26733-30800 Camera2CameraImpl       com.trainingvalidator.poc            D  {Camera@5c83ff0[id=1]} Releasing session in state INITIALIZED
2026-02-07 16:59:31.805 26733-30800 Camera2CameraImpl       com.trainingvalidator.poc            D  {Camera@5c83ff0[id=1]} Attempting to force open the camera.
2026-02-07 16:59:31.805 26733-30800 CameraStateRegistry     com.trainingvalidator.poc            D  tryOpenCamera(Camera@5c83ff0[id=1]) [Available Cameras: 1, Already Open: false (Previous state: CLOSED)] --> SUCCESS
2026-02-07 16:59:31.805 26733-30800 CameraStateRegistry     com.trainingvalidator.poc            D  Recalculating open cameras:
                                                                                                    Camera                                       State                 
                                                                                                    -------------------------------------------------------------------
                                                                                                    Camera@aa16531[id=0]                         UNKNOWN               
                                                                                                    Camera@5c83ff0[id=1]                         OPENING               
                                                                                                    -------------------------------------------------------------------
                                                                                                    Open count: 1 (Max allowed: 1)
2026-02-07 16:59:31.805 26733-30800 Camera2CameraImpl       com.trainingvalidator.poc            D  {Camera@5c83ff0[id=1]} Opening camera.
2026-02-07 16:59:31.805 26733-30800 Camera2CameraImpl       com.trainingvalidator.poc            D  {Camera@5c83ff0[id=1]} Transitioning camera internal state: INITIALIZED --> OPENING
2026-02-07 16:59:31.805 26733-30800 CameraStateMachine      com.trainingvalidator.poc            D  New public camera state CameraState{type=OPENING, error=null} from OPENING and null
2026-02-07 16:59:31.806 26733-30800 CameraStateMachine      com.trainingvalidator.poc            D  Publishing new public camera state CameraState{type=OPENING, error=null}
2026-02-07 16:59:31.806 26733-30800 UseCaseAttachState      com.trainingvalidator.poc            D  All use case: [androidx.camera.core.Preview-cd23c2a9-1155-4720-9d8e-c38e9b44b1c1202248547, androidx.camera.core.ImageAnalysis-67ac7b7b-7e7e-4fd4-8fdb-97f54bd7f05714401888] for camera: 1
2026-02-07 16:59:31.820 26733-26733 InsetsController        com.trainingvalidator.poc            I  onStateChanged: host=com.trainingvalidator.poc/com.trainingvalidator.poc.ui.TrainingActivity, from=android.view.ViewRootImpl$ViewRootHandler.handleMessageImpl:7209, state=InsetsState: {mDisplayFrame=Rect(0, 0 - 720, 1600), mDisplayCutout=DisplayCutout{insets=Rect(0, 45 - 0, 0) waterfall=Insets{left=0, top=0, right=0, bottom=0} boundingRect={Bounds=[Rect(0, 0 - 0, 0), Rect(272, 0 - 448, 45), Rect(0, 0 - 0, 0), Rect(0, 0 - 0, 0)]} cutoutPathParserInfo={CutoutPathParserInfo{displayWidth=720 displayHeight=1600 physicalDisplayWidth=720 physicalDisplayHeight=1600 density={1.875} cutoutSpec={M 0,0 H -88 V 45 H 88 V 0 H 0 Z} rotation={0} scale={1.0} physicalPixelDisplaySizeRatio={1.0}}}}, mRoundedCorners=RoundedCorners{[RoundedCorner{position=TopLeft, radius=0, center=Point(0, 0)}, RoundedCorner{position=TopRight, radius=0, center=Point(0, 0)}, RoundedCorner{position=BottomRight, radius=0, center=Point(0, 0)}, RoundedCorner{position=BottomLeft, radius=0, center=Point(0, 0)}]}  mRoundedCornerFrame=Rect(0, 0 - 720, 1600), mPrivacyIndicatorBounds=PrivacyIndicatorBounds {static bounds=Rect(637, 0 - 720, 45) rotation=0}, mDisplayShape=DisplayShape{ spec=-311912193 displayWidth=720 displayHeight=1600 physicalPixelDisplaySizeRatio=1.0 rotation=0 offsetX=0 offsetY=0 scale=1.0}, mSources= { InsetsSource: {8ac20000 mType=statusBars mFrame=[0,0][720,45] mVisible=true mFlags=[]}, InsetsSource: {8ac20005 mType=mandatorySystemGestures mFrame=[0,0][720,68] mVisible=true mFlags=[]}, InsetsSource: {8ac20006 mType=tappableElement mFrame=[0,0][720,45] mVisible=true mFlags=[]}, InsetsSource: {9be30001 mType=navigationBars mFrame=[0,1572][720,1600] mVisible=true mFlags=[SUPPRESS_SCRIM]}, InsetsSource: {9be30004 mType=systemGestures mFrame=[0,0][56,1600] mVisible=true mFlags=[]}, InsetsSource: {9be30005 mType=mandatorySystemGestures mFrame=[0,1540][720,1600] mVisible=true mFlags=[]}, InsetsSource: {9be30006 mType=tappableElement mFrame=[0,0][0,0] mVisible=true mFlags=[]}, InsetsSource: {9be30024 mType=systemGestures mFrame=[664,0][720,1600] mVisible=true mFlags=[]}, InsetsSource: {3 mType=ime mFrame=[0,0][0,0] mVisible=false mFlags=[]}, InsetsSource: {27 mType=displayCutout mFrame=[0,0][720,45] mVisible=true mFlags=[]} }
2026-02-07 16:59:31.821 26733-26733 InsetsController        com.trainingvalidator.poc            I  controlAnimationUncheckedInner: Added types=statusBars navigationBars, animType=1, host=com.trainingvalidator.poc/com.trainingvalidator.poc.ui.TrainingActivity, from=android.view.InsetsController.controlAnimationUnchecked:1449 android.view.InsetsController.applyAnimation:2005 android.view.InsetsController.applyAnimation:1968 
