2026-02-07 16:59:33.037 26733-30806 TransportR...EventStore com.trainingvalidator.poc            D  Storing event with priority=DEFAULT, name=COREML_ON_DEVICE_SOLUTIONS for destination cct
2026-02-07 16:59:33.044 26733-30806 TransportR...oScheduler com.trainingvalidator.poc            D  Upload for context TransportContext(cct, DEFAULT, MSRodHRwczovL2ZpcmViYXNlbG9nZ2luZy5nb29nbGVhcGlzLmNvbS92MGNjL2xvZy9iYXRjaD9mb3JtYXQ9anNvbl9wcm90bzNc) is already scheduled. Returning...
2026-02-07 16:59:33.050  1511-1534  InputDispatcher         system_server                        D  Focus entered window (0): 764f30b com.trainingvalidator.poc/com.trainingvalidator.poc.ui.TrainingActivity
2026-02-07 16:59:33.051  1015-1015  CompositionEngine       surfaceflinger                       D  Layer: com.trainingvalidator.poc/com.trainingvalidator.poc.ui.TrainingActivity$_26733#69832 had an out of bounds transparent region
2026-02-07 16:59:33.051 26733-26733 ViewRootIm...gActivity] com.trainingvalidator.poc            I  handleWindowFocusChanged: 1 0 call from android.view.ViewRootImpl.-$$Nest$mhandleWindowFocusChanged:0
2026-02-07 16:59:33.051 26733-26733 ViewRootIm...gActivity] com.trainingvalidator.poc            D  mThreadedRenderer.initializeIfNeeded()#2 mSurface={isValid=true 0xd951e000}
2026-02-07 16:59:33.052 26733-26733 ImeFocusController      com.trainingvalidator.poc            I  onPreWindowFocus: skipped, hasWindowFocus=true mHasImeFocus=false
2026-02-07 16:59:33.053  1015-1015  SurfaceFlinger          surfaceflinger                       D  Display 0 HWC layers:
                                                                                                     SOLID_COLOR |              | 0000 |  Unknown  |    0.0    0.0    0.0    0.0 |    0    0  720   45 | Letterbox - top#69835
                                                                                                         DEVICE | 0xe6838a00 | 0102 | 0x0000022    |    1.0  276.0  959.0  720.0 |    0   45  720 1600 | SurfaceView[com.trainingvalidator.po[...].ui.TrainingActivity]@0(BLAST)#69847
                                                                                                         DEVICE | 0xec020900 | 0100 | RGBA_8888    |    0.0    0.0  720.0 1555.0 |    0   45  720 1600 | com.trainingvalidator.poc/com.traini[...]poc.ui.TrainingActivity$_26733#69832
                                                                                                     SOLID_COLOR |              | 0000 |  Unknown  |    0.0    0.0    0.0    0.0 |    0    0  720 1600 | Dim Layer for - Task=4208#69854
                                                                                                         DEVICE | 0xe48ed900 | 0100 | RGBA_8888    |   42.0    0.0  762.0 1210.0 |    0  217  720 1427 | com.trainingvalidator.poc/com.traini[...]poc.ui.TrainingActivity$_26733#69851
                                                                                                         DEVICE | 0xe6836780 | 0100 | RGBA_8888    |    0.0    0.0  720.0   45.0 |    0    0  720   45 | StatusBar$_1975#105
                                                                                                         DEVICE | 0xec021b00 | 0108 | RGBA_8888    |    0.0    0.0  720.0 1600.0 |    0    
2026-02-07 16:59:33.053 26733-26733 ImeFocusController      com.trainingvalidator.poc            I  onPostWindowFocus: skipped, hasWindowFocus=true mHasImeFocus=false
2026-02-07 16:59:33.067  1015-1015  CompositionEngine       surfaceflinger                       D  Layer: com.trainingvalidator.poc/com.trainingvalidator.poc.ui.TrainingActivity$_26733#69832 had an out of bounds transparent region
2026-02-07 16:59:33.083  1015-1015  CompositionEngine       surfaceflinger                       D  Layer: com.trainingvalidator.poc/com.trainingvalidator.poc.ui.TrainingActivity$_26733#69832 had an out of bounds transparent region
2026-02-07 16:59:33.100  1015-1015  CompositionEngine       surfaceflinger                       D  Layer: com.trainingvalidator.poc/com.trainingvalidator.poc.ui.TrainingActivity$_26733#69832 had an out of bounds transparent region
2026-02-07 16:59:33.116  1015-1015  CompositionEngine       surfaceflinger                       D  Layer: com.trainingvalidator.poc/com.trainingvalidator.poc.ui.TrainingActivity$_26733#69832 had an out of bounds transparent region
2026-02-07 16:59:33.132  1015-1015  CompositionEngine       surfaceflinger                       D  Layer: com.trainingvalidator.poc/com.trainingvalidator.poc.ui.TrainingActivity$_26733#69832 had an out of bounds transparent region
2026-02-07 16:59:33.149  1015-1015  CompositionEngine       surfaceflinger                       D  Layer: com.trainingvalidator.poc/com.trainingvalidator.poc.ui.TrainingActivity$_26733#69832 had an out of bounds transparent region
2026-02-07 16:59:33.164  1511-1561  WindowManager           system_server                        I  Reparenting to original parent: Surface(name=ActivityRecord{d0f7c27 u0 com.trainingvalidator.poc/.ui.TrainingActivity t4208})/@0x96c71a6, destroy=true, surface=Surface(name=764f30b com.trainingvalidator.poc/com.trainingvalidator.poc.ui.TrainingActivity)/@0x9c77156
2026-02-07 16:59:33.166  1015-1015  CompositionEngine       surfaceflinger                       D  Layer: com.trainingvalidator.poc/com.trainingvalidator.poc.ui.TrainingActivity$_26733#69832 had an out of bounds transparent region
2026-02-07 16:59:33.181  1015-1015  Layer                   surfaceflinger                       I  id=69853 removeFromCurrentState Surface(name=764f30b com.trainingvalidator.poc/com.trainingvalidator.poc.ui.TrainingActivity)/@0x9c77156 - animation-leash of window_animation#69853 (164)
2026-02-07 16:59:33.182  1015-1015  SurfaceFlinger          surfaceflinger                       I  id=69853 Removed Surface(name=764f30b com.trainingvalidator.poc/com.trainingvalidator.poc.ui.TrainingActivity)/@0x9c77156 - animation-leash of window_animation#69853 (164)
2026-02-07 16:59:33.183  1015-1015  CompositionEngine       surfaceflinger                       D  Layer: com.trainingvalidator.poc/com.trainingvalidator.poc.ui.TrainingActivity$_26733#69832 had an out of bounds transparent region
2026-02-07 16:59:33.194 26733-31952 native                  com.trainingvalidator.poc            I  I0000 00:00:1770476373.194619   31952 jni_util.cc:43] GetEnv: not attached
2026-02-07 16:59:33.198  1015-1015  BufferQueueDebug        surfaceflinger                       I  [Surface(name=764f30b com.trainingvalidator.poc/com.trainingvalidator.poc.ui.TrainingActivity)/@0x9c77156 - animation-leash of window_animation#69853](this:0xe3dec8b8,id:-1,api:0,p:-1,c:1015) onDestructor()
2026-02-07 16:59:33.198  1015-1015  Layer                   surfaceflinger                       I  id=69853 Destroyed Surface(name=764f30b com.trainingvalidator.poc/com.trainingvalidator.poc.ui.TrainingActivity)/@0x9c77156 - animation-leash of window_animation#69853
2026-02-07 16:59:33.201  1015-1015  CompositionEngine       surfaceflinger                       D  Layer: com.trainingvalidator.poc/com.trainingvalidator.poc.ui.TrainingActivity$_26733#69832 had an out of bounds transparent region
2026-02-07 16:59:33.240 26733-26938 gralloc4                com.trainingvalidator.poc            I  @set_metadata: update dataspace from GM (0x00000000 -> 0x08010000)
2026-02-07 16:59:33.247  1015-1015  BufferQueueProducer     surfaceflinger                       I  [com.trainingvalidator.poc/com.trainingvalidator.poc.ui.TrainingActivity$_26733#69832](this:0xe3c710b8,id:-1,api:0,p:-1,c:1015) queueBuffer: fps=5.95 dur=1512.20 max=1296.30 min=15.95
2026-02-07 16:59:33.252 26733-26938 gralloc4                com.trainingvalidator.poc            I  @set_metadata: update dataspace from GM (0x00000000 -> 0x08010000)
2026-02-07 16:59:33.265 26733-31948 native                  com.trainingvalidator.poc            I  I0000 00:00:1770476373.265250   31948 jni_util.cc:43] GetEnv: not attached
2026-02-07 16:59:33.291 26733-26938 gralloc4                com.trainingvalidator.poc            I  @set_metadata: update dataspace from GM (0x00000000 -> 0x08010000)
2026-02-07 16:59:33.327 26733-31947 native                  com.trainingvalidator.poc            I  I0000 00:00:1770476373.327592   31947 jni_util.cc:43] GetEnv: not attached
2026-02-07 16:59:33.352 26733-26938 gralloc4                com.trainingvalidator.poc            I  @set_metadata: update dataspace from GM (0x00000000 -> 0x08010000)
2026-02-07 16:59:33.374 26733-31945 native                  com.trainingvalidator.poc            I  I0000 00:00:1770476373.374710   31945 jni_util.cc:43] GetEnv: not attached
2026-02-07 16:59:33.404 26733-26938 gralloc4                com.trainingvalidator.poc            I  @set_metadata: update dataspace from GM (0x00000000 -> 0x08010000)
2026-02-07 16:59:33.455 26733-26938 gralloc4                com.trainingvalidator.poc            I  @set_metadata: update dataspace from GM (0x00000000 -> 0x08010000)
2026-02-07 16:59:33.519 26733-26938 gralloc4                com.trainingvalidator.poc            I  @set_metadata: update dataspace from GM (0x00000000 -> 0x08010000)
2026-02-07 16:59:33.570 26733-26938 gralloc4                com.trainingvalidator.poc            I  @set_metadata: update dataspace from GM (0x00000000 -> 0x08010000)
2026-02-07 16:59:33.596 26733-31946 native                  com.trainingvalidator.poc            I  I0000 00:00:1770476373.595915   31946 jni_util.cc:43] GetEnv: not attached
2026-02-07 16:59:33.639 26733-26938 gralloc4                com.trainingvalidator.poc            I  @set_metadata: update dataspace from GM (0x00000000 -> 0x08010000)
2026-02-07 16:59:33.669 26733-26938 gralloc4                com.trainingvalidator.poc            I  @set_metadata: update dataspace from GM (0x00000000 -> 0x08010000)
2026-02-07 16:59:33.752 26733-26938 gralloc4                com.trainingvalidator.poc            I  @set_metadata: update dataspace from GM (0x00000000 -> 0x08010000)
2026-02-07 16:59:33.779  1015-1015  BufferQueueProducer     surfaceflinger                       I  [SurfaceView[com.trainingvalidator.poc/com.trainingvalidator.poc.ui.TrainingActivity]@0(BLAST)#69847](this:0xe3efa8b8,id:-1,api:0,p:-1,c:1015) queueBuffer: fps=18.15 dur=1047.00 max=66.76 min=32.64
2026-02-07 16:59:33.785 26733-26743 ngvalidator.poc         com.trainingvalidator.poc            I  Background concurrent copying GC freed 1617KB AllocSpace bytes, 8(9632KB) LOS objects, 50% free, 15MB/30MB, paused 86us,77us total 131.809ms
2026-02-07 16:59:33.802 26733-26938 gralloc4                com.trainingvalidator.poc            I  @set_metadata: update dataspace from GM (0x00000000 -> 0x08010000)
2026-02-07 16:59:33.871 26733-26938 gralloc4                com.trainingvalidator.poc            I  @set_metadata: update dataspace from GM (0x00000000 -> 0x08010000)
2026-02-07 16:59:33.900 26733-31951 native                  com.trainingvalidator.poc            I  I0000 00:00:1770476373.900390   31951 jni_util.cc:43] GetEnv: not attached
2026-02-07 16:59:33.938 26733-26938 gralloc4                com.trainingvalidator.poc            I  @set_metadata: update dataspace from GM (0x00000000 -> 0x08010000)
2026-02-07 16:59:33.991 26733-26938 gralloc4                com.trainingvalidator.poc            I  @set_metadata: update dataspace from GM (0x00000000 -> 0x08010000)
2026-02-07 16:59:34.053 26733-26938 gralloc4                com.trainingvalidator.poc            I  @set_metadata: update dataspace from GM (0x00000000 -> 0x08010000)
2026-02-07 16:59:34.141 26733-26938 gralloc4                com.trainingvalidator.poc            I  @set_metadata: update dataspace from GM (0x00000000 -> 0x08010000)
2026-02-07 16:59:34.171 26733-26938 gralloc4                com.trainingvalidator.poc            I  @set_metadata: update dataspace from GM (0x00000000 -> 0x08010000)
2026-02-07 16:59:34.234 26733-26938 gralloc4                com.trainingvalidator.poc            I  @set_metadata: update dataspace from GM (0x00000000 -> 0x08010000)
2026-02-07 16:59:34.284 26733-26938 gralloc4                com.trainingvalidator.poc            I  @set_metadata: update dataspace from GM (0x00000000 -> 0x08010000)
2026-02-07 16:59:34.294  1015-1015  BufferQueueProducer     surfaceflinger                       I  [com.trainingvalidator.poc/com.trainingvalidator.poc.ui.TrainingActivity$_26733#69832](this:0xe3c710b8,id:-1,api:0,p:-1,c:1015) queueBuffer: fps=18.15 dur=1046.93 max=83.17 min=16.62
2026-02-07 16:59:34.351 26733-26938 gralloc4                com.trainingvalidator.poc            I  @set_metadata: update dataspace from GM (0x00000000 -> 0x08010000)
2026-02-07 16:59:34.420 26733-26938 gralloc4                com.trainingvalidator.poc            I  @set_metadata: update dataspace from GM (0x00000000 -> 0x08010000)
2026-02-07 16:59:34.483 26733-26938 gralloc4                com.trainingvalidator.poc            I  @set_metadata: update dataspace from GM (0x00000000 -> 0x08010000)
2026-02-07 16:59:34.508 26733-31950 native                  com.trainingvalidator.poc            I  I0000 00:00:1770476374.507992   31950 jni_util.cc:43] GetEnv: not attached
2026-02-07 16:59:34.537 26733-26938 gralloc4                com.trainingvalidator.poc            I  @set_metadata: update dataspace from GM (0x00000000 -> 0x08010000)
2026-02-07 16:59:34.583 26733-26743 ngvalidator.poc         com.trainingvalidator.poc            I  Background concurrent copying GC freed 985KB AllocSpace bytes, 13(15MB) LOS objects, 49% free, 14MB/29MB, paused 127us,237us total 130.707ms
2026-02-07 16:59:34.590 26733-26938 gralloc4                com.trainingvalidator.poc            I  @set_metadata: update dataspace from GM (0x00000000 -> 0x08010000)
2026-02-07 16:59:34.653 26733-26938 gralloc4                com.trainingvalidator.poc            I  @set_metadata: update dataspace from GM (0x00000000 -> 0x08010000)
2026-02-07 16:59:34.735 26733-26938 gralloc4                com.trainingvalidator.poc            I  @set_metadata: update dataspace from GM (0x00000000 -> 0x08010000)
2026-02-07 16:59:34.782 26733-26938 gralloc4                com.trainingvalidator.poc            I  @set_metadata: update dataspace from GM (0x00000000 -> 0x08010000)
2026-02-07 16:59:34.809  1015-1015  BufferQueueProducer     surfaceflinger                       I  [SurfaceView[com.trainingvalidator.poc/com.trainingvalidator.poc.ui.TrainingActivity]@0(BLAST)#69847](this:0xe3efa8b8,id:-1,api:0,p:-1,c:1015) queueBuffer: fps=16.50 dur=1030.15 max=66.99 min=49.62
2026-02-07 16:59:34.834 26733-26938 gralloc4                com.trainingvalidator.poc            I  @set_metadata: update dataspace from GM (0x00000000 -> 0x08010000)
2026-02-07 16:59:34.858 26733-31949 native                  com.trainingvalidator.poc            I  I0000 00:00:1770476374.858136   31949 jni_util.cc:43] GetEnv: not attached
2026-02-07 16:59:34.862  1015-1015  CompositionEngine       surfaceflinger                       D  Layer: com.trainingvalidator.poc/com.trainingvalidator.poc.ui.TrainingActivity$_26733#69832 had an out of bounds transparent region
2026-02-07 16:59:34.878  1015-1015  CompositionEngine       surfaceflinger                       D  Layer: com.trainingvalidator.poc/com.trainingvalidator.poc.ui.TrainingActivity$_26733#69832 had an out of bounds transparent region
2026-02-07 16:59:34.883 26733-26938 gralloc4                com.trainingvalidator.poc            I  @set_metadata: update dataspace from GM (0x00000000 -> 0x08010000)
2026-02-07 16:59:34.895  1015-1015  CompositionEngine       surfaceflinger                       D  Layer: com.trainingvalidator.poc/com.trainingvalidator.poc.ui.TrainingActivity$_26733#69832 had an out of bounds transparent region
2026-02-07 16:59:34.945  1015-1015  CompositionEngine       surfaceflinger                       D  Layer: com.trainingvalidator.poc/com.trainingvalidator.poc.ui.TrainingActivity$_26733#69832 had an out of bounds transparent region
2026-02-07 16:59:34.950 26733-26938 gralloc4                com.trainingvalidator.poc            I  @set_metadata: update dataspace from GM (0x00000000 -> 0x08010000)
2026-02-07 16:59:34.962  1015-1015  CompositionEngine       surfaceflinger                       D  Layer: com.trainingvalidator.poc/com.trainingvalidator.poc.ui.TrainingActivity$_26733#69832 had an out of bounds transparent region
2026-02-07 16:59:34.965  1015-1015  SurfaceFlinger          surfaceflinger                       D  Display 0 HWC layers:
                                                                                                     SOLID_COLOR |              | 0000 |  Unknown  |    0.0    0.0    0.0    0.0 |    0    0  720   45 | Letterbox - top#69835
                                                                                                         DEVICE | 0xec022700 | 0102 | 0x0000022    |    1.0  276.0  959.0  720.0 |    0   45  720 1600 | SurfaceView[com.trainingvalidator.po[...].ui.TrainingActivity]@0(BLAST)#69847
                                                                                                         DEVICE | 0xe48ed300 | 0100 | RGBA_8888    |    0.0    0.0  720.0 1555.0 |    0   45  720 1600 | com.trainingvalidator.poc/com.traini[...]poc.ui.TrainingActivity$_26733#69832
                                                                                                     SOLID_COLOR |              | 0000 |  Unknown  |    0.0    0.0    0.0    0.0 |    0    0  720 1600 | Dim Layer for - Task=4208#69854
                                                                                                         DEVICE | 0xe680d100 | 0100 | RGBA_8888    |   42.0    0.0  762.0 1210.0 |    0  217  720 1427 | com.trainingvalidator.poc/com.traini[...]poc.ui.TrainingActivity$_26733#69851
                                                                                                         DEVICE | 0xe6836780 | 0100 | RGBA_8888    |    0.0    0.0  720.0   45.0 |    0    0  720   45 | StatusBar$_1975#105
                                                                                                         DEVICE | 0xec021b00 | 0108 | RGBA_8888    |    0.0    0.0  720.0 1600.0 |    0    
2026-02-07 16:59:35.016 26733-26938 gralloc4                com.trainingvalidator.poc            I  @set_metadata: update dataspace from GM (0x00000000 -> 0x08010000)
2026-02-07 16:59:35.065 26733-26938 gralloc4                com.trainingvalidator.poc            I  @set_metadata: update dataspace from GM (0x00000000 -> 0x08010000)
2026-02-07 16:59:35.133 26733-26938 gralloc4                com.trainingvalidator.poc            I  @set_metadata: update dataspace from GM (0x00000000 -> 0x08010000)
2026-02-07 16:59:35.201 26733-26938 gralloc4                com.trainingvalidator.poc            I  @set_metadata: update dataspace from GM (0x00000000 -> 0x08010000)
2026-02-07 16:59:35.210 26733-27537 SessionSyncService      com.trainingvalidator.poc            D  Sync complete: 0/1 succeeded
2026-02-07 16:59:35.211 26733-27537 TrainingActivity        com.trainingvalidator.poc            D  Synced 0/1 pending sessions before training
2026-02-07 16:59:35.265 26733-26938 gralloc4                com.trainingvalidator.poc            I  @set_metadata: update dataspace from GM (0x00000000 -> 0x08010000)
2026-02-07 16:59:35.314 26733-26938 gralloc4                com.trainingvalidator.poc            I  @set_metadata: update dataspace from GM (0x00000000 -> 0x08010000)
2026-02-07 16:59:35.324  1015-1015  BufferQueueProducer     surfaceflinger                       I  [com.trainingvalidator.poc/com.trainingvalidator.poc.ui.TrainingActivity$_26733#69832](this:0xe3c710b8,id:-1,api:0,p:-1,c:1015) queueBuffer: fps=16.50 dur=1030.32 max=83.37 min=49.51
2026-02-07 16:59:35.356 26733-26743 ngvalidator.poc         com.trainingvalidator.poc            I  Background concurrent copying GC freed 910KB AllocSpace bytes, 13(15MB) LOS objects, 49% free, 14MB/29MB, paused 134us,59us total 119.152ms
2026-02-07 16:59:35.365  1511-4982  InsetsSourceProvider    system_server                        D  updateControlForTarget: control=InsetsSourceControl: {8ac20000 mType=statusBars initiallyVisible mSurfacePosition=Point(0, 0) mInsetsHint=Insets{left=0, top=45, right=0, bottom=0}}, target=Window{a3913d0 u0 com.trainingvalidator.poc/com.trainingvalidator.poc.ui.TrainingActivity}, from=com.android.server.wm.InsetsStateController.onControlTargetChanged:358 com.android.server.wm.InsetsStateController.onBarControlTargetChanged:324 com.android.server.wm.InsetsPolicy.updateBarControlTarget:173 com.android.server.wm.InsetsPolicy.updateSystemBars:805 com.android.server.wm.DisplayPolicy.updateSystemBarsLw:3432 
2026-02-07 16:59:35.369  1511-4982  InsetsSourceProvider    system_server                        D  updateVisibility: serverVisible=true, clientVisible=false, source=InsetsSource: {8ac20000 mType=statusBars mFrame=[0,0][720,45] mVisible=false mFlags=[]}, controlTarget=Window{a3913d0 u0 com.trainingvalidator.poc/com.trainingvalidator.poc.ui.TrainingActivity}, from=com.android.server.wm.InsetsSourceProvider.setClientVisible:606 com.android.server.wm.InsetsSourceProvider.updateClientVisibility:593 com.android.server.wm.InsetsStateController.onInsetsModified:275 com.android.server.wm.InsetsStateController.lambda$notifyPendingInsetsControlChanged$3:434 com.android.server.wm.InsetsStateController.$r8$lambda$8yykPRG1GyNq_J17QvL9d5xANMc:0 com.android.server.wm.InsetsStateController$$ExternalSyntheticLambda2.run:0 com.android.server.wm.WindowAnimator.executeAfterPrepareSurfacesRunnables:294 com.android.server.wm.RootWindowContainer.performSurfacePlacementNoTrace:991 com.android.server.wm.RootWindowContainer.performSurfacePlacement:926 com.android.server.wm.WindowSurfacePlacer.performSurfacePlacementLoop:185 
2026-02-07 16:59:35.376 26733-31045 ViewRootIm...gActivity] com.trainingvalidator.poc            I  Resizing android.view.ViewRootImpl@90e7d06: frame = [0,45][720,1600] reportDraw = false forceLayout = false syncSeqId = -1
2026-02-07 16:59:35.376 26733-30952 ViewRootIm...gActivity] com.trainingvalidator.poc            I  Resizing android.view.ViewRootImpl@3b59747: frame = [18,277][702,1367] reportDraw = false forceLayout = false syncSeqId = -1
2026-02-07 16:59:35.377  1015-1015  CompositionEngine       surfaceflinger                       D  Layer: com.trainingvalidator.poc/com.trainingvalidator.poc.ui.TrainingActivity$_26733#69832 had an out of bounds transparent region
2026-02-07 16:59:35.378 26733-26733 InsetsController        com.trainingvalidator.poc            I  onStateChanged: host=com.trainingvalidator.poc/com.trainingvalidator.poc.ui.TrainingActivity, from=android.view.ViewRootImpl$ViewRootHandler.handleMessageImpl:7209, state=InsetsState: {mDisplayFrame=Rect(0, 0 - 720, 1600), mDisplayCutout=DisplayCutout{insets=Rect(0, 45 - 0, 0) waterfall=Insets{left=0, top=0, right=0, bottom=0} boundingRect={Bounds=[Rect(0, 0 - 0, 0), Rect(272, 0 - 448, 45), Rect(0, 0 - 0, 0), Rect(0, 0 - 0, 0)]} cutoutPathParserInfo={CutoutPathParserInfo{displayWidth=720 displayHeight=1600 physicalDisplayWidth=720 physicalDisplayHeight=1600 density={1.875} cutoutSpec={M 0,0 H -88 V 45 H 88 V 0 H 0 Z} rotation={0} scale={1.0} physicalPixelDisplaySizeRatio={1.0}}}}, mRoundedCorners=RoundedCorners{[RoundedCorner{position=TopLeft, radius=0, center=Point(0, 0)}, RoundedCorner{position=TopRight, radius=0, center=Point(0, 0)}, RoundedCorner{position=BottomRight, radius=0, center=Point(0, 0)}, RoundedCorner{position=BottomLeft, radius=0, center=Point(0, 0)}]}  mRoundedCornerFrame=Rect(0, 0 - 720, 1600), mPrivacyIndicatorBounds=PrivacyIndicatorBounds {static bounds=Rect(637, 0 - 720, 45) rotation=0}, mDisplayShape=DisplayShape{ spec=-311912193 displayWidth=720 displayHeight=1600 physicalPixelDisplaySizeRatio=1.0 rotation=0 offsetX=0 offsetY=0 scale=1.0}, mSources= { InsetsSource: {8ac20000 mType=statusBars mFrame=[0,0][720,45] mVisible=true mFlags=[]}, InsetsSource: {8ac20005 mType=mandatorySystemGestures mFrame=[0,0][720,68] mVisible=true mFlags=[]}, InsetsSource: {8ac20006 mType=tappableElement mFrame=[0,0][720,45] mVisible=true mFlags=[]}, InsetsSource: {9be30001 mType=navigationBars mFrame=[0,1572][720,1600] mVisible=false mFlags=[SUPPRESS_SCRIM]}, InsetsSource: {9be30004 mType=systemGestures mFrame=[0,0][56,1600] mVisible=true mFlags=[]}, InsetsSource: {9be30005 mType=mandatorySystemGestures mFrame=[0,1540][720,1600] mVisible=true mFlags=[]}, InsetsSource: {9be30006 mType=tappableElement mFrame=[0,0][0,0] mVisible=true mFlags=[]}, InsetsSource: {9be30024 mType=systemGestures mFrame=[664,0][720,1600] mVisible=true mFlags=[]}, InsetsSource: {3 mType=ime mFrame=[0,0][0,0] mVisible=false mFlags=[]}, InsetsSource: {27 mType=displayCutout mFrame=[0,0][720,45] mVisible=true mFlags=[]} }
2026-02-07 16:59:35.382 26733-26733 InsetsController        com.trainingvalidator.poc            I  controlAnimationUncheckedInner: Added types=statusBars, animType=1, host=com.trainingvalidator.poc/com.trainingvalidator.poc.ui.TrainingActivity, from=android.view.InsetsController.controlAnimationUnchecked:1449 android.view.InsetsController.applyAnimation:2005 android.view.InsetsController.applyAnimation:1968 
2026-02-07 16:59:35.383 26733-26938 gralloc4                com.trainingvalidator.poc            I  @set_metadata: update dataspace from GM (0x00000000 -> 0x08010000)
2026-02-07 16:59:35.383 26733-26733 InsetsController        com.trainingvalidator.poc            I  onStateChanged: host=com.trainingvalidator.poc/com.trainingvalidator.poc.ui.TrainingActivity, from=android.view.ViewRootImpl$ViewRootHandler.handleMessageImpl:7196, state=InsetsState: {mDisplayFrame=Rect(0, 0 - 720, 1600), mDisplayCutout=DisplayCutout{insets=Rect(0, 45 - 0, 0) waterfall=Insets{left=0, top=0, right=0, bottom=0} boundingRect={Bounds=[Rect(0, 0 - 0, 0), Rect(272, 0 - 448, 45), Rect(0, 0 - 0, 0), Rect(0, 0 - 0, 0)]} cutoutPathParserInfo={CutoutPathParserInfo{displayWidth=720 displayHeight=1600 physicalDisplayWidth=720 physicalDisplayHeight=1600 density={1.875} cutoutSpec={M 0,0 H -88 V 45 H 88 V 0 H 0 Z} rotation={0} scale={1.0} physicalPixelDisplaySizeRatio={1.0}}}}, mRoundedCorners=RoundedCorners{[RoundedCorner{position=TopLeft, radius=0, center=Point(0, 0)}, RoundedCorner{position=TopRight, radius=0, center=Point(0, 0)}, RoundedCorner{position=BottomRight, radius=0, center=Point(0, 0)}, RoundedCorner{position=BottomLeft, radius=0, center=Point(0, 0)}]}  mRoundedCornerFrame=Rect(0, 0 - 720, 1600), mPrivacyIndicatorBounds=PrivacyIndicatorBounds {static bounds=Rect(637, 0 - 720, 45) rotation=0}, mDisplayShape=DisplayShape{ spec=-311912193 displayWidth=720 displayHeight=1600 physicalPixelDisplaySizeRatio=1.0 rotation=0 offsetX=0 offsetY=0 scale=1.0}, mSources= { InsetsSource: {8ac20000 mType=statusBars mFrame=[0,0][720,45] mVisible=false mFlags=[]}, InsetsSource: {8ac20005 mType=mandatorySystemGestures mFrame=[0,0][720,68] mVisible=true mFlags=[]}, InsetsSource: {8ac20006 mType=tappableElement mFrame=[0,0][720,45] mVisible=true mFlags=[]}, InsetsSource: {9be30001 mType=navigationBars mFrame=[0,1572][720,1600] mVisible=false mFlags=[SUPPRESS_SCRIM]}, InsetsSource: {9be30004 mType=systemGestures mFrame=[0,0][56,1600] mVisible=true mFlags=[]}, InsetsSource: {9be30005 mType=mandatorySystemGestures mFrame=[0,1540][720,1600] mVisible=true mFlags=[]}, InsetsSource: {9be30006 mType=tappableElement mFrame=[0,0][0,0] mVisible=true mFlags=[]}, InsetsSource: {9be30024 mType=systemGestures mFrame=[664,0][720,1600] mVisible=true mFlags=[]}, InsetsSource: {3 mType=ime mFrame=[0,0][0,0] mVisible=false mFlags=[]}, InsetsSource: {27 mType=displayCutout mFrame=[0,0][720,45] mVisible=true mFlags=[]} }
2026-02-07 16:59:35.384 26733-26733 ViewRootIm...gActivity] com.trainingvalidator.poc            I  handleResized, msg = 4 frames=ClientWindowFrames{frame=[0,45][720,1600] display=[0,45][720,1600] parentFrame=[0,0][0,0]} forceNextWindowRelayout=false displayId=0 dragResizing=false compatScale=1.0 frameChanged=false attachedFrameChanged=false configChanged=false displayChanged=false compatScaleChanged=false
2026-02-07 16:59:35.384 26733-26733 InsetsController        com.trainingvalidator.poc            I  onStateChanged: host=com.trainingvalidator.poc/com.trainingvalidator.poc.ui.TrainingActivity, from=android.view.ViewRootImpl$ViewRootHandler.handleMessageImpl:7196, state=InsetsState: {mDisplayFrame=Rect(0, 0 - 720, 1600), mDisplayCutout=DisplayCutout{insets=Rect(0, 45 - 0, 0) waterfall=Insets{left=0, top=0, right=0, bottom=0} boundingRect={Bounds=[Rect(0, 0 - 0, 0), Rect(272, 0 - 448, 45), Rect(0, 0 - 0, 0), Rect(0, 0 - 0, 0)]} cutoutPathParserInfo={CutoutPathParserInfo{displayWidth=720 displayHeight=1600 physicalDisplayWidth=720 physicalDisplayHeight=1600 density={1.875} cutoutSpec={M 0,0 H -88 V 45 H 88 V 0 H 0 Z} rotation={0} scale={1.0} physicalPixelDisplaySizeRatio={1.0}}}}, mRoundedCorners=RoundedCorners{[RoundedCorner{position=TopLeft, radius=0, center=Point(0, 0)}, RoundedCorner{position=TopRight, radius=0, center=Point(0, 0)}, RoundedCorner{position=BottomRight, radius=0, center=Point(0, 0)}, RoundedCorner{position=BottomLeft, radius=0, center=Point(0, 0)}]}  mRoundedCornerFrame=Rect(0, 0 - 720, 1600), mPrivacyIndicatorBounds=PrivacyIndicatorBounds {static bounds=Rect(637, 0 - 720, 45) rotation=0}, mDisplayShape=DisplayShape{ spec=-311912193 displayWidth=720 displayHeight=1600 physicalPixelDisplaySizeRatio=1.0 rotation=0 offsetX=0 offsetY=0 scale=1.0}, mSources= { InsetsSource: {8ac20000 mType=statusBars mFrame=[0,0][720,45] mVisible=false mFlags=[]}, InsetsSource: {8ac20005 mType=mandatorySystemGestures mFrame=[0,0][720,68] mVisible=true mFlags=[]}, InsetsSource: {8ac20006 mType=tappableElement mFrame=[0,0][720,45] mVisible=true mFlags=[]}, InsetsSource: {9be30001 mType=navigationBars mFrame=[0,1572][720,1600] mVisible=false mFlags=[SUPPRESS_SCRIM]}, InsetsSource: {9be30004 mType=systemGestures mFrame=[0,0][56,1600] mVisible=true mFlags=[]}, InsetsSource: {9be30005 mType=mandatorySystemGestures mFrame=[0,1540][720,1600] mVisible=true mFlags=[]}, InsetsSource: {9be30006 mType=tappableElement mFrame=[0,0][0,0] mVisible=true mFlags=[]}, InsetsSource: {9be30024 mType=systemGestures mFrame=[664,0][720,1600] mVisible=true mFlags=[]}, InsetsSource: {27 mType=displayCutout mFrame=[0,0][720,45] mVisible=true mFlags=[]} }
2026-02-07 16:59:35.385 26733-26733 ViewRootIm...gActivity] com.trainingvalidator.poc            I  handleResized, msg = 4 frames=ClientWindowFrames{frame=[18,277][702,1367] display=[0,45][720,1600] parentFrame=[0,0][0,0]} forceNextWindowRelayout=false displayId=0 dragResizing=false compatScale=1.0 frameChanged=false attachedFrameChanged=false configChanged=false displayChanged=false compatScaleChanged=false
2026-02-07 16:59:35.395  1015-1015  CompositionEngine       surfaceflinger                       D  Layer: com.trainingvalidator.poc/com.trainingvalidator.poc.ui.TrainingActivity$_26733#69832 had an out of bounds transparent region
2026-02-07 16:59:35.426  1015-1015  CompositionEngine       surfaceflinger                       D  Layer: com.trainingvalidator.poc/com.trainingvalidator.poc.ui.TrainingActivity$_26733#69832 had an out of bounds transparent region
2026-02-07 16:59:35.431 26733-26938 gralloc4                com.trainingvalidator.poc            I  @set_metadata: update dataspace from GM (0x00000000 -> 0x08010000)
2026-02-07 16:59:35.443  1015-1015  CompositionEngine       surfaceflinger                       D  Layer: com.trainingvalidator.poc/com.trainingvalidator.poc.ui.TrainingActivity$_26733#69832 had an out of bounds transparent region
2026-02-07 16:59:35.460  1015-1015  CompositionEngine       surfaceflinger                       D  Layer: com.trainingvalidator.poc/com.trainingvalidator.poc.ui.TrainingActivity$_26733#69832 had an out of bounds transparent region
2026-02-07 16:59:35.477  1015-1015  CompositionEngine       surfaceflinger                       D  Layer: com.trainingvalidator.poc/com.trainingvalidator.poc.ui.TrainingActivity$_26733#69832 had an out of bounds transparent region
2026-02-07 16:59:35.493  1015-1015  CompositionEngine       surfaceflinger                       D  Layer: com.trainingvalidator.poc/com.trainingvalidator.poc.ui.TrainingActivity$_26733#69832 had an out of bounds transparent region
2026-02-07 16:59:35.496 26733-26938 gralloc4                com.trainingvalidator.poc            I  @set_metadata: update dataspace from GM (0x00000000 -> 0x08010000)
2026-02-07 16:59:35.510  1015-1015  CompositionEngine       surfaceflinger                       D  Layer: com.trainingvalidator.poc/com.trainingvalidator.poc.ui.TrainingActivity$_26733#69832 had an out of bounds transparent region
2026-02-07 16:59:35.525  1015-1015  CompositionEngine       surfaceflinger                       D  Layer: com.trainingvalidator.poc/com.trainingvalidator.poc.ui.TrainingActivity$_26733#69832 had an out of bounds transparent region
2026-02-07 16:59:35.542  1015-1015  CompositionEngine       surfaceflinger                       D  Layer: com.trainingvalidator.poc/com.trainingvalidator.poc.ui.TrainingActivity$_26733#69832 had an out of bounds transparent region
2026-02-07 16:59:35.547 26733-26938 gralloc4                com.trainingvalidator.poc            I  @set_metadata: update dataspace from GM (0x00000000 -> 0x08010000)
2026-02-07 16:59:35.559  1015-1015  CompositionEngine       surfaceflinger                       D  Layer: com.trainingvalidator.poc/com.trainingvalidator.poc.ui.TrainingActivity$_26733#69832 had an out of bounds transparent region
2026-02-07 16:59:35.575  1015-1015  CompositionEngine       surfaceflinger                       D  Layer: com.trainingvalidator.poc/com.trainingvalidator.poc.ui.TrainingActivity$_26733#69832 had an out of bounds transparent region
2026-02-07 16:59:35.593  1015-1015  CompositionEngine       surfaceflinger                       D  Layer: com.trainingvalidator.poc/com.trainingvalidator.poc.ui.TrainingActivity$_26733#69832 had an out of bounds transparent region
2026-02-07 16:59:35.609  1015-1015  CompositionEngine       surfaceflinger                       D  Layer: com.trainingvalidator.poc/com.trainingvalidator.poc.ui.TrainingActivity$_26733#69832 had an out of bounds transparent region
2026-02-07 16:59:35.613 26733-26938 gralloc4                com.trainingvalidator.poc            I  @set_metadata: update dataspace from GM (0x00000000 -> 0x08010000)
2026-02-07 16:59:35.626  1015-1015  CompositionEngine       surfaceflinger                       D  Layer: com.trainingvalidator.poc/com.trainingvalidator.poc.ui.TrainingActivity$_26733#69832 had an out of bounds transparent region
2026-02-07 16:59:35.642  1015-1015  CompositionEngine       surfaceflinger                       D  Layer: com.trainingvalidator.poc/com.trainingvalidator.poc.ui.TrainingActivity$_26733#69832 had an out of bounds transparent region
2026-02-07 16:59:35.659  1015-1015  CompositionEngine       surfaceflinger                       D  Layer: com.trainingvalidator.poc/com.trainingvalidator.poc.ui.TrainingActivity$_26733#69832 had an out of bounds transparent region
2026-02-07 16:59:35.664 26733-26938 gralloc4                com.trainingvalidator.poc            I  @set_metadata: update dataspace from GM (0x00000000 -> 0x08010000)
2026-02-07 16:59:35.676  1015-1015  CompositionEngine       surfaceflinger                       D  Layer: com.trainingvalidator.poc/com.trainingvalidator.poc.ui.TrainingActivity$_26733#69832 had an out of bounds transparent region
2026-02-07 16:59:35.692  1015-1015  CompositionEngine       surfaceflinger                       D  Layer: com.trainingvalidator.poc/com.trainingvalidator.poc.ui.TrainingActivity$_26733#69832 had an out of bounds transparent region
2026-02-07 16:59:35.694  1015-1015  SurfaceFlinger          surfaceflinger                       D  Display 0 HWC layers:
                                                                                                     SOLID_COLOR |              | 0000 |  Unknown  |    0.0    0.0    0.0    0.0 |    0    0  720   45 | Letterbox - top#69835
                                                                                                         DEVICE | 0xec021e00 | 0102 | 0x0000022    |    1.0  276.0  959.0  720.0 |    0   45  720 1600 | SurfaceView[com.trainingvalidator.po[...].ui.TrainingActivity]@0(BLAST)#69847
                                                                                                         DEVICE | 0xe48ed300 | 0100 | RGBA_8888    |    0.0    0.0  720.0 1555.0 |    0   45  720 1600 | com.trainingvalidator.poc/com.traini[...]poc.ui.TrainingActivity$_26733#69832
                                                                                                     SOLID_COLOR |              | 0000 |  Unknown  |    0.0    0.0    0.0    0.0 |    0    0  720 1600 | Dim Layer for - Task=4208#69854
                                                                                                         DEVICE | 0xe680d100 | 0100 | RGBA_8888    |   42.0    0.0  762.0 1210.0 |    0  217  720 1427 | com.trainingvalidator.poc/com.traini[...]poc.ui.TrainingActivity$_26733#69851
                                                                                                         DEVICE | 0xec021b00 | 0108 | RGBA_8888    |    0.0    0.0  720.0 1600.0 |    0    0  720 1600 | $_1975#101
                                                                                                         DEVICE | 0xe680dd00 | 0140 | RGBA_8888    |    0.0    0.0  720.0   45.0 |    0    0  720   
2026-02-07 16:59:35.731 26733-26938 gralloc4                com.trainingvalidator.poc            I  @set_metadata: update dataspace from GM (0x00000000 -> 0x08010000)
2026-02-07 16:59:35.742 26733-26733 InsetsController        com.trainingvalidator.poc            I  cancelAnimation: types=statusBars, animType=1, host=com.trainingvalidator.poc/com.trainingvalidator.poc.ui.TrainingActivity, from=android.view.InsetsController.notifyFinished:1748 android.view.InsetsAnimationThreadControlRunner$1.lambda$notifyFinished$0:85 android.view.InsetsAnimationThreadControlRunner$1.$r8$lambda$RAf1SfIREsj9-wH5FOigMy6eLkM:0 
2026-02-07 16:59:35.799 26733-26938 gralloc4                com.trainingvalidator.poc            I  @set_metadata: update dataspace from GM (0x00000000 -> 0x08010000)
2026-02-07 16:59:35.840  1015-1015  BufferQueueProducer     surfaceflinger                       I  [SurfaceView[com.trainingvalidator.poc/com.trainingvalidator.poc.ui.TrainingActivity]@0(BLAST)#69847](this:0xe3efa8b8,id:-1,api:0,p:-1,c:1015) queueBuffer: fps=16.50 dur=1030.54 max=66.93 min=49.70
2026-02-07 16:59:35.866 26733-26938 gralloc4                com.trainingvalidator.poc            I  @set_metadata: update dataspace from GM (0x00000000 -> 0x08010000)
2026-02-07 16:59:35.930 26733-26938 gralloc4                com.trainingvalidator.poc            I  @set_metadata: update dataspace from GM (0x00000000 -> 0x08010000)
2026-02-07 16:59:35.996 26733-26938 gralloc4                com.trainingvalidator.poc            I  @set_metadata: update dataspace from GM (0x00000000 -> 0x08010000)
2026-02-07 16:59:36.023 26733-26743 ngvalidator.poc         com.trainingvalidator.poc            I  Background concurrent copying GC freed 775KB AllocSpace bytes, 11(12MB) LOS objects, 49% free, 14MB/29MB, paused 113us,47us total 124.009ms
2026-02-07 16:59:36.047 26733-26938 gralloc4                com.trainingvalidator.poc            I  @set_metadata: update dataspace from GM (0x00000000 -> 0x08010000)
2026-02-07 16:59:36.114 26733-26938 gralloc4                com.trainingvalidator.poc            I  @set_metadata: update dataspace from GM (0x00000000 -> 0x08010000)
2026-02-07 16:59:36.144 26733-26938 gralloc4                com.trainingvalidator.poc            I  @set_metadata: update dataspace from GM (0x00000000 -> 0x08010000)
2026-02-07 16:59:36.195 26733-26938 gralloc4                com.trainingvalidator.poc            I  @set_metadata: update dataspace from GM (0x00000000 -> 0x08010000)
2026-02-07 16:59:36.247 26733-26938 gralloc4                com.trainingvalidator.poc            I  @set_metadata: update dataspace from GM (0x00000000 -> 0x08010000)
2026-02-07 16:59:36.279 26733-26938 gralloc4                com.trainingvalidator.poc            I  @set_metadata: update dataspace from GM (0x00000000 -> 0x08010000)
2026-02-07 16:59:36.327 26733-26938 gralloc4                com.trainingvalidator.poc            I  @set_metadata: update dataspace from GM (0x00000000 -> 0x08010000)
2026-02-07 16:59:36.338  1015-1015  BufferQueueProducer     surfaceflinger                       I  [com.trainingvalidator.poc/com.trainingvalidator.poc.ui.TrainingActivity$_26733#69832](this:0xe3c710b8,id:-1,api:0,p:-1,c:1015) queueBuffer: fps=17.75 dur=1014.08 max=67.07 min=33.13
2026-02-07 16:59:36.395 26733-26938 gralloc4                com.trainingvalidator.poc            I  @set_metadata: update dataspace from GM (0x00000000 -> 0x08010000)
2026-02-07 16:59:36.444 26733-26938 gralloc4                com.trainingvalidator.poc            I  @set_metadata: update dataspace from GM (0x00000000 -> 0x08010000)
2026-02-07 16:59:36.512 26733-26938 gralloc4                com.trainingvalidator.poc            I  @set_metadata: update dataspace from GM (0x00000000 -> 0x08010000)
2026-02-07 16:59:36.562 26733-26938 gralloc4                com.trainingvalidator.poc            I  @set_metadata: update dataspace from GM (0x00000000 -> 0x08010000)
2026-02-07 16:59:36.627 26733-26938 gralloc4                com.trainingvalidator.poc            I  @set_metadata: update dataspace from GM (0x00000000 -> 0x08010000)
2026-02-07 16:59:36.674 26733-26743 ngvalidator.poc         com.trainingvalidator.poc            I  Background concurrent copying GC freed 641KB AllocSpace bytes, 13(15MB) LOS objects, 49% free, 13MB/27MB, paused 117us,75us total 133.350ms
2026-02-07 16:59:36.680 26733-26938 gralloc4                com.trainingvalidator.poc            I  @set_metadata: update dataspace from GM (0x00000000 -> 0x08010000)
2026-02-07 16:59:36.743 26733-26938 gralloc4                com.trainingvalidator.poc            I  @set_metadata: update dataspace from GM (0x00000000 -> 0x08010000)
2026-02-07 16:59:36.793 26733-26938 gralloc4                com.trainingvalidator.poc            I  @set_metadata: update dataspace from GM (0x00000000 -> 0x08010000)
2026-02-07 16:59:36.863 26733-26938 gralloc4                com.trainingvalidator.poc            I  @set_metadata: update dataspace from GM (0x00000000 -> 0x08010000)
2026-02-07 16:59:36.887  1015-1015  BufferQueueProducer     surfaceflinger                       I  [SurfaceView[com.trainingvalidator.poc/com.trainingvalidator.poc.ui.TrainingActivity]@0(BLAST)#69847](this:0xe3efa8b8,id:-1,api:0,p:-1,c:1015) queueBuffer: fps=18.15 dur=1046.96 max=67.03 min=32.96
2026-02-07 16:59:36.927 26733-26938 gralloc4                com.trainingvalidator.poc            I  @set_metadata: update dataspace from GM (0x00000000 -> 0x08010000)
2026-02-07 16:59:36.978 26733-26938 gralloc4                com.trainingvalidator.poc            I  @set_metadata: update dataspace from GM (0x00000000 -> 0x08010000)
2026-02-07 16:59:37.046 26733-26938 gralloc4                com.trainingvalidator.poc            I  @set_metadata: update dataspace from GM (0x00000000 -> 0x08010000)
2026-02-07 16:59:37.109 26733-26938 gralloc4                com.trainingvalidator.poc            I  @set_metadata: update dataspace from GM (0x00000000 -> 0x08010000)
2026-02-07 16:59:37.175 26733-26938 gralloc4                com.trainingvalidator.poc            I  @set_metadata: update dataspace from GM (0x00000000 -> 0x08010000)
2026-02-07 16:59:37.208 26733-26938 gralloc4                com.trainingvalidator.poc            I  @set_metadata: update dataspace from GM (0x00000000 -> 0x08010000)
2026-02-07 16:59:37.276 26733-26938 gralloc4                com.trainingvalidator.poc            I  @set_metadata: update dataspace from GM (0x00000000 -> 0x08010000)
2026-02-07 16:59:37.342 26733-26938 gralloc4                com.trainingvalidator.poc            I  @set_metadata: update dataspace from GM (0x00000000 -> 0x08010000)
2026-02-07 16:59:37.352  1015-1015  BufferQueueProducer     surfaceflinger                       I  [com.trainingvalidator.poc/com.trainingvalidator.poc.ui.TrainingActivity$_26733#69832](this:0xe3c710b8,id:-1,api:0,p:-1,c:1015) queueBuffer: fps=16.78 dur=1013.31 max=66.79 min=33.24
2026-02-07 16:59:37.388 26733-26743 ngvalidator.poc         com.trainingvalidator.poc            I  Background concurrent copying GC freed 625KB AllocSpace bytes, 11(12MB) LOS objects, 49% free, 14MB/29MB, paused 196us,101us total 133.343ms
2026-02-07 16:59:37.396 26733-26938 gralloc4                com.trainingvalidator.poc            I  @set_metadata: update dataspace from GM (0x00000000 -> 0x08010000)
2026-02-07 16:59:37.476 26733-26938 gralloc4                com.trainingvalidator.poc            I  @set_metadata: update dataspace from GM (0x00000000 -> 0x08010000)
2026-02-07 16:59:37.541 26733-26938 gralloc4                com.trainingvalidator.poc            I  @set_metadata: update dataspace from GM (0x00000000 -> 0x08010000)
2026-02-07 16:59:37.577 26733-26733 ViewRootIm...gActivity] com.trainingvalidator.poc            I  ViewPostIme pointer 0
2026-02-07 16:59:37.597 26733-26938 gralloc4                com.trainingvalidator.poc            I  @set_metadata: update dataspace from GM (0x00000000 -> 0x08010000)
2026-02-07 16:59:37.601  1015-1015  BufferQueueProducer     surfaceflinger                       I  [com.trainingvalidator.poc/com.trainingvalidator.poc.ui.TrainingActivity$_26733#69851](this:0xe3df18b8,id:-1,api:0,p:-1,c:1015) queueBuffer: fps=0.65 dur=4603.05 max=4520.03 min=17.13
2026-02-07 16:59:37.609 26733-26938 gralloc4                com.trainingvalidator.poc            I  @set_metadata: update dataspace from GM (0x00000000 -> 0x08010000)
2026-02-07 16:59:37.625 26733-26938 gralloc4                com.trainingvalidator.poc            I  @set_metadata: update dataspace from GM (0x00000000 -> 0x08010000)
2026-02-07 16:59:37.638 26733-26938 gralloc4                com.trainingvalidator.poc            I  @set_metadata: update dataspace from GM (0x00000000 -> 0x08010000)
2026-02-07 16:59:37.641 26733-26938 gralloc4                com.trainingvalidator.poc            I  @set_metadata: update dataspace from GM (0x00000000 -> 0x08010000)
2026-02-07 16:59:37.641 26733-26733 ViewRootIm...gActivity] com.trainingvalidator.poc            I  ViewPostIme pointer 1
2026-02-07 16:59:37.655 26733-26938 gralloc4                com.trainingvalidator.poc            I  @set_metadata: update dataspace from GM (0x00000000 -> 0x08010000)
2026-02-07 16:59:37.673 26733-26938 gralloc4                com.trainingvalidator.poc            I  @set_metadata: update dataspace from GM (0x00000000 -> 0x08010000)
2026-02-07 16:59:37.688 26733-26938 gralloc4                com.trainingvalidator.poc            I  @set_metadata: update dataspace from GM (0x00000000 -> 0x08010000)
2026-02-07 16:59:37.690 26733-26938 gralloc4                com.trainingvalidator.poc            I  @set_metadata: update dataspace from GM (0x00000000 -> 0x08010000)
2026-02-07 16:59:37.706 26733-26938 gralloc4                com.trainingvalidator.poc            I  @set_metadata: update dataspace from GM (0x00000000 -> 0x08010000)
2026-02-07 16:59:37.722 26733-26938 gralloc4                com.trainingvalidator.poc            I  @set_metadata: update dataspace from GM (0x00000000 -> 0x08010000)
2026-02-07 16:59:37.725 26733-26938 gralloc4                com.trainingvalidator.poc            I  @set_metadata: update dataspace from GM (0x00000000 -> 0x08010000)
2026-02-07 16:59:37.739 26733-26938 gralloc4                com.trainingvalidator.poc            I  @set_metadata: update dataspace from GM (0x00000000 -> 0x08010000)
2026-02-07 16:59:37.756 26733-26938 gralloc4                com.trainingvalidator.poc            I  @set_metadata: update dataspace from GM (0x00000000 -> 0x08010000)
2026-02-07 16:59:37.773 26733-26938 gralloc4                com.trainingvalidator.poc            I  @set_metadata: update dataspace from GM (0x00000000 -> 0x08010000)
2026-02-07 16:59:37.776 26733-26938 gralloc4                com.trainingvalidator.poc            I  @set_metadata: update dataspace from GM (0x00000000 -> 0x08010000)
2026-02-07 16:59:37.789 26733-26938 gralloc4                com.trainingvalidator.poc            I  @set_metadata: update dataspace from GM (0x00000000 -> 0x08010000)
2026-02-07 16:59:37.806 26733-26938 gralloc4                com.trainingvalidator.poc            I  @set_metadata: update dataspace from GM (0x00000000 -> 0x08010000)
2026-02-07 16:59:37.824 26733-26938 gralloc4                com.trainingvalidator.poc            I  @set_metadata: update dataspace from GM (0x00000000 -> 0x08010000)
2026-02-07 16:59:37.828 26733-26938 gralloc4                com.trainingvalidator.poc            I  @set_metadata: update dataspace from GM (0x00000000 -> 0x08010000)
2026-02-07 16:59:37.839 26733-26938 gralloc4                com.trainingvalidator.poc            I  @set_metadata: update dataspace from GM (0x00000000 -> 0x08010000)
2026-02-07 16:59:37.856 26733-26938 gralloc4                com.trainingvalidator.poc            I  @set_metadata: update dataspace from GM (0x00000000 -> 0x08010000)
2026-02-07 16:59:37.873 26733-26938 gralloc4                com.trainingvalidator.poc            I  @set_metadata: update dataspace from GM (0x00000000 -> 0x08010000)
2026-02-07 16:59:37.876 26733-26938 gralloc4                com.trainingvalidator.poc            I  @set_metadata: update dataspace from GM (0x00000000 -> 0x08010000)
