2026-02-14 21:38:48.421 13706-13706 VRI[Report...y]@f6f5dff com.trainingvalidator.poc            D  Not drawing due to not visible. Reason=!mAppVisible && !mForceDecorViewVisibility
2026-02-14 21:38:48.423 13706-13730 HWUI                    com.trainingvalidator.poc            D  CacheManager::trimMemory(20)
2026-02-14 21:38:48.424 13706-13706 VRI[Report...y]@f6f5dff com.trainingvalidator.poc            I  stopped(true) old = false
2026-02-14 21:38:48.424 13706-13706 VRI[Report...y]@f6f5dff com.trainingvalidator.poc            D  WindowStopped on com.trainingvalidator.poc/com.trainingvalidator.poc.ui.report.ReportPagerActivity set to true
2026-02-14 21:38:48.424 13706-13730 HWUI                    com.trainingvalidator.poc            D  CacheManager::trimMemory(20)
2026-02-14 21:38:48.434  2312-6052  WindowManager           system_server                        I  Relayout Window{ce3322b u0 com.trainingvalidator.poc/com.trainingvalidator.poc.ui.report.ReportPagerActivity}: viewVisibility=8 req=1080x2316 ty=1 d0
2026-02-14 21:38:48.438 13706-13706 VRI[Report...y]@f6f5dff com.trainingvalidator.poc            I  Relayout returned: old=(0,0,1080,2316) new=(0,0,1080,2316) relayoutAsync=false req=(1080,2316)8 dur=4 res=0x2 s={false 0x0} ch=false seqId=0
2026-02-14 21:38:48.439  2312-6052  WindowManager           system_server                        E  win=Window{ce3322b u0 com.trainingvalidator.poc/com.trainingvalidator.poc.ui.report.ReportPagerActivity} destroySurfaces: appStopped=true cleanupOnResume=false win.mWindowRemovalAllowed=false win.mRemoveOnExit=false win.mViewVisibility=8 caller=com.android.server.wm.ActivityRecord.destroySurfaces:25 com.android.server.wm.ActivityRecord.activityStopped:192 com.android.server.wm.ActivityClientController.activityStopped:97 android.app.IActivityClientController$Stub.onTransact:740 com.android.server.wm.ActivityClientController.onTransact:1 android.os.Binder.execTransactInternal:1462 android.os.Binder.execTransact:1401 
2026-02-14 21:38:48.441  2312-2465  SGM:FgCheckThread       system_server                        D  pkgName: com.trainingvalidator.poc is not in foreground
2026-02-14 21:38:48.441  2312-2465  SGM:FgCheckThread       system_server                        D  noteStopComponent(), received pkgName: com.trainingvalidator.poc, focusedPkgName: com.whatsapp, userId: 0
2026-02-14 21:38:48.441  1653-1653  SurfaceFlinger          surfaceflinger                       I  [LayerHierarchy{RequestedLayerState{com.trainingvalidator.poc/com.trainingvalidator.poc.ui.report.ReportPagerActivity$_13706#10129} no children}] reparent to OffscreenRoot
2026-02-14 21:38:48.441  1653-1653  SurfaceFlinger          surfaceflinger                       I  [LayerHierarchy{RequestedLayerState{com.trainingvalidator.poc/com.trainingvalidator.poc.ui.report.ReportPagerActivity$_13706#10129} no children}] RelativeParent to null
2026-02-14 21:38:48.441  1653-1653  SurfaceFlinger          surfaceflinger                       I  id=10129 Removed com.trainingvalidator.poc/com.trainingvalidator.poc.ui.report.ReportPagerActivity$_13706#10129 (156)
2026-02-14 21:38:48.442  2312-2463  PkgPredict...erviceImpl system_server                        D  bg information pid:13706 uid:10474 pkgName:com.trainingvalidator.poc
2026-02-14 21:38:48.444 13706-13706 BBA2                    com.trainingvalidator.poc            D  setIsFg isFg = false; delayValue 3999ms
2026-02-14 21:38:48.449  1653-1653  SurfaceFlinger          surfaceflinger                       I  destroyed com.trainingvalidator.poc/com.trainingvalidator.poc.ui.report.ReportPagerActivity$_13706#10129 form LifecycleManager
2026-02-14 21:38:48.449  1653-1653  SurfaceFlinger          surfaceflinger                       I  id=10129 onLayerDestroyed from LayerHierarchyBuilder(RequestedLayerState{com.trainingvalidator.poc/com.trainingvalidator.poc.ui.report.ReportPagerActivity$_13706#10129 !handle})
2026-02-14 21:38:48.450  1653-1653  Layer                   surfaceflinger                       I  id=10129 Destroyed com.trainingvalidator.poc/com.trainingvalidator.poc.ui.report.ReportPagerActivity$_13706#10129
2026-02-14 21:38:53.948  2312-3009  WindowManager           system_server                        V  Collecting in transition 823: ActivityRecord{240668836 u0 com.trainingvalidator.poc/.ui.report.ReportPagerActivity t1122}, caller=com.android.server.wm.TransitionController.collect:7 com.android.server.wm.ActivityRecord.setVisibility:132 com.android.server.wm.TaskFragment.resumeTopActivity:1662 com.android.server.wm.Task.resumeTopActivityInnerLocked:119 com.android.server.wm.Task.resumeTopActivityUncheckedLocked:23 
2026-02-14 21:38:53.948  2312-3009  WindowManager           system_server                        D  prepareSync <SYNC_STATE_WAITING_FOR_DRAW>, mPrepareSyncSeqId=0, win=Window{ce3322b u0 com.trainingvalidator.poc/com.trainingvalidator.poc.ui.report.ReportPagerActivity}
2026-02-14 21:38:53.948  2312-3009  WindowManager           system_server                        V  Setting visibility of Window{ce3322b u0 com.trainingvalidator.poc/com.trainingvalidator.poc.ui.report.ReportPagerActivity}: true, caller=com.android.server.wm.WindowContainer.sendAppVisibilityToClients:19 com.android.server.wm.WindowToken.setClientVisible:48 com.android.server.wm.ActivityRecord.setVisibility:486 com.android.server.wm.TaskFragment.resumeTopActivity:1662 com.android.server.wm.Task.resumeTopActivityInnerLocked:119 
2026-02-14 21:38:53.949  2312-3009  SGM:FgCheckThread       system_server                        D    sendRunningComponentFocus(), pkgName: com.trainingvalidator.poc, userId: 0
2026-02-14 21:38:53.949  2312-3009  InputDispatcher         system_server                        D  Focused application(0): ActivityRecord{240668836 u0 com.trainingvalidator.poc/.ui.report.ReportPagerActivity t1122}
2026-02-14 21:38:53.949  2312-2930  SGM:FgCheckThread       system_server                        D  onLooperPrepared(), msg: MSG_TASK_FOCUSED, pkgName: com.trainingvalidator.poc, userId: 0
2026-02-14 21:38:53.949 13706-13706 VRI[Report...y]@f6f5dff com.trainingvalidator.poc            I  handleAppVisibility mAppVisible = false visible = true
2026-02-14 21:38:53.949  2312-2930  SGM:FgCheckThread       system_server                        D    handleTaskFocused(), pkgName: com.trainingvalidator.poc, userID:0 mResumedPkgMap does not containsKey.
2026-02-14 21:38:53.950  2312-3009  ActivityTaskManager     system_server                        D  scheduleTopResumedActivityChanged, onTop=true, r=ActivityRecord{240668836 u0 com.trainingvalidator.poc/.ui.report.ReportPagerActivity t1122}, caller=com.android.server.wm.ActivityTaskSupervisor.scheduleTopResumedActivityStateIfNeeded:18 com.android.server.wm.ActivityTaskSupervisor.updateTopResumedActivityIfNeeded:54 com.android.server.wm.TaskFragment.setResumedActivity:30 com.android.server.wm.ActivityRecord.setState:100 com.android.server.wm.TaskFragment.resumeTopActivity:1705 com.android.server.wm.Task.resumeTopActivityInnerLocked:119 
2026-02-14 21:38:53.951  2312-3009  WindowManager           system_server                        D  rotationForOrientation, orientationSource=ActivityRecord{240668836 u0 com.trainingvalidator.poc/.ui.report.ReportPagerActivity t1122}
2026-02-14 21:38:53.951  2312-3009  WindowManagerServiceExt system_server                        D  updateTaskbarTargetIfNeeded: cn=ComponentInfo{com.trainingvalidator.poc/com.trainingvalidator.poc.ui.report.ReportPagerActivity} occludesParent=true isInSplitScreenMode=false
2026-02-14 21:38:53.952  2312-3009  SurfaceComposerClient   system_server                        D  setCornerRadius ## ce3322b com.trainingvalidator.poc/com.trainingvalidator.poc.ui.report.ReportPagerActivity#10128 cornerRadius=0.000000
2026-02-14 21:38:53.955 13706-13706 VRI[Report...y]@f6f5dff com.trainingvalidator.poc            I  stopped(false) old = true
2026-02-14 21:38:53.955 13706-13706 VRI[Report...y]@f6f5dff com.trainingvalidator.poc            D  WindowStopped on com.trainingvalidator.poc/com.trainingvalidator.poc.ui.report.ReportPagerActivity set to false
2026-02-14 21:38:53.956  2312-2466  SurfaceComposerClient   system_server                        D  setCornerRadius ## ce3322b com.trainingvalidator.poc/com.trainingvalidator.poc.ui.report.ReportPagerActivity#10128 cornerRadius=0.000000
2026-02-14 21:38:53.956  2312-2466  BLASTSyncEngine         system_server                        D  SyncGroup 823:  Unfinished container: ActivityRecord{240668836 u0 com.trainingvalidator.poc/.ui.report.ReportPagerActivity t1122} mSyncState=2
2026-02-14 21:38:53.960 13706-13706 BBA2                    com.trainingvalidator.poc            D  setIsFg isFg = true
2026-02-14 21:38:53.961  3658-3866  HoneySpace...askUseCase com.sec.android.app.launcher         I  topTasks 1122 ComponentInfo{com.trainingvalidator.poc/com.trainingvalidator.poc.ui.report.ReportPagerActivity}[displayId=0]
2026-02-14 21:38:53.964  5839-6399  [AirCmd]_A...chDetector com...ng.android.service.aircommand  I  onTaskFocusChanged : taskId=1122, componentName=ComponentInfo{com.trainingvalidator.poc/com.trainingvalidator.poc.ui.report.ReportPagerActivity}
2026-02-14 21:38:53.967  5981-6043  SDHMS:k                 com.sec.android.sdhms                I  handleResumeComponent : put = com.trainingvalidator.poc, userid = 0 instanceid =117734925
2026-02-14 21:38:53.968  2312-2465  SGM:GameManager         system_server                        D  identifyGamePackage. com.trainingvalidator.poc, mCurrentUserId: 0, callingMethodInfo: com.samsung.android.game.SemGameManager.isGamePackage(SemGameManager.java:106)
2026-02-14 21:38:53.968  2312-2465  SGM:SemGameManager      system_server                        D  isGamePackage(), pkgName=com.trainingvalidator.poc, ret=false
2026-02-14 21:38:53.968  2312-2465  SGM:FgCheckThread       system_server                        D  noteResumeComponent(), received pkgName: com.trainingvalidator.poc, userId: 0
2026-02-14 21:38:53.969  2312-2930  SGM:FgCheckThread       system_server                        D  onLooperPrepared(), msg: MSG_APP_RESUME, pkgName: com.trainingvalidator.poc, userid: 0
2026-02-14 21:38:53.969  2312-2930  SGM:FgCheckThread       system_server                        D    handleResume(). pkgName: com.trainingvalidator.poc, userId: 0, category: non-game
2026-02-14 21:38:53.969  2312-2930  SGM:FgCheckThread       system_server                        D  notifyFocusInOut(). of pkg: com.trainingvalidator.poc, type: 4, isSecGameFamily: false, userId: 0
2026-02-14 21:38:53.969  3658-3658  HoneySpace...rViewModel com.sec.android.app.launcher         I  cocktailHostRepository.edgePanelOperation NoteResumeComponent(componentName=ComponentInfo{com.trainingvalidator.poc/com.trainingvalidator.poc.ui.report.ReportPagerActivity})
2026-02-14 21:38:53.970  3658-3658  HoneySpace...ivityUtils com.sec.android.app.launcher         I  HomePackage : com.sec.android.app.launcher, resumePackageName : com.trainingvalidator.poc, className : com.trainingvalidator.poc.ui.report.ReportPagerActivity
2026-02-14 21:38:53.974  2312-3009  WindowManager           system_server                        I  Relayout Window{ce3322b u0 com.trainingvalidator.poc/com.trainingvalidator.poc.ui.report.ReportPagerActivity}: viewVisibility=0 req=1080x2316 ty=1 d0
2026-02-14 21:38:53.974  1653-1883  SurfaceFlinger          surfaceflinger                       I  id=10161 createSurf, flag=44004, com.trainingvalidator.poc/com.trainingvalidator.poc.ui.report.ReportPagerActivity$_13706#10161
2026-02-14 21:38:53.975  2312-3009  WindowManager           system_server                        D  makeSurface duration=1 name=com.trainingvalidator.poc/com.trainingvalidator.poc.ui.report.ReportPagerActivity$_13706
2026-02-14 21:38:53.976  2312-3009  SurfaceComposerClient   system_server                        D  setCornerRadius ## ce3322b com.trainingvalidator.poc/com.trainingvalidator.poc.ui.report.ReportPagerActivity#10128 cornerRadius=0.000000
2026-02-14 21:38:53.976  2312-3009  SurfaceComposerClient   system_server                        D  setCornerRadius ## ce3322b com.trainingvalidator.poc/com.trainingvalidator.poc.ui.report.ReportPagerActivity#10128 cornerRadius=0.000000
2026-02-14 21:38:53.976  2312-3009  BLASTSyncEngine         system_server                        D  SyncGroup 823:  Unfinished container: ActivityRecord{240668836 u0 com.trainingvalidator.poc/.ui.report.ReportPagerActivity t1122} mSyncState=2
2026-02-14 21:38:53.977  2312-3009  WindowManager           system_server                        D  Changing focus from null to Window{ce3322b u0 com.trainingvalidator.poc/com.trainingvalidator.poc.ui.report.ReportPagerActivity} displayId=0 Callers=com.android.server.wm.WindowManagerService.relayoutWindow:1350 com.android.server.wm.Session.relayout:27 android.view.IWindowSession$Stub.onTransact:829 com.android.server.wm.Session.onTransact:1 
2026-02-14 21:38:53.977  1653-1653  SurfaceFlinger          surfaceflinger                       I  [com.trainingvalidator.poc/com.trainingvalidator.poc.ui.report.ReportPagerActivity$_13706#10161] attach to parent LayerHierarchy{RequestedLayerState{ce3322b com.trainingvalidator.poc/com.trainingvalidator.poc.ui.report.ReportPagerActivity#10128 parentId=10127} 1 children}
2026-02-14 21:38:53.978  2312-3009  InsetsSourceProvider    system_server                        D  updateControlForTarget: control=InsetsSourceControl: {47820000 mType=statusBars initiallyVisible mSurfacePosition=Point(0, 0) mInsetsHint=Insets{left=0, top=75, right=0, bottom=0}}, target=Window{ce3322b u0 com.trainingvalidator.poc/com.trainingvalidator.poc.ui.report.ReportPagerActivity}, from=com.android.server.wm.InsetsStateController.onControlTargetChanged:83 com.android.server.wm.InsetsPolicy.updateBarControlTarget:212 com.android.server.wm.DisplayPolicy.updateSystemBarAttributes:262 com.android.server.wm.WindowManagerService.updateFocusedWindowLocked:372 com.android.server.wm.WindowManagerService.relayoutWindow:1350 
2026-02-14 21:38:53.979  2312-3009  InsetsSourceProvider    system_server                        D  updateControlForTarget: control=InsetsSourceControl: {e0c80001 mType=navigationBars initiallyVisible mSurfacePosition=Point(0, 2181) mInsetsHint=Insets{left=0, top=0, right=0, bottom=135}}, target=Window{ce3322b u0 com.trainingvalidator.poc/com.trainingvalidator.poc.ui.report.ReportPagerActivity}, from=com.android.server.wm.InsetsStateController.onControlTargetChanged:83 com.android.server.wm.InsetsPolicy.updateBarControlTarget:225 com.android.server.wm.DisplayPolicy.updateSystemBarAttributes:262 com.android.server.wm.WindowManagerService.updateFocusedWindowLocked:372 com.android.server.wm.WindowManagerService.relayoutWindow:1350 
2026-02-14 21:38:53.980  2312-3009  WindowManager           system_server                        D  updateSystemBarAttributes: displayId=0, focusedCanBeNavColorWin=false, win=Window{ce3322b u0 com.trainingvalidator.poc/com.trainingvalidator.poc.ui.report.ReportPagerActivity}, navColorWin=Window{b70db6f u0 com.whatsapp/com.whatsapp.contact.ui.picker.ContactPicker}, caller=com.android.server.wm.WindowManagerService.updateFocusedWindowLocked:372 com.android.server.wm.WindowManagerService.relayoutWindow:1350 com.android.server.wm.Session.relayout:27 
2026-02-14 21:38:53.980  2312-3009  SystemKeyManager        system_server                        V  updateFocusedWindow() is called, com.trainingvalidator.poc/com.trainingvalidator.poc.ui.report.ReportPagerActivity
2026-02-14 21:38:53.981 13706-13706 InsetsController        com.trainingvalidator.poc            I  onStateChanged: host=com.trainingvalidator.poc/com.trainingvalidator.poc.ui.report.ReportPagerActivity, from=android.view.ViewRootImpl.onInsetsStateChanged:3026, state=InsetsState: {mDisplayFrame=Rect(0, 0 - 1080, 2316), mDisplayCutout=DisplayCutout{insets=Rect(0, 75 - 0, 0) waterfall=Insets{left=0, top=0, right=0, bottom=0} boundingRect={Bounds=[Rect(0, 0 - 0, 0), Rect(512, 0 - 568, 75), Rect(0, 0 - 0, 0), Rect(0, 0 - 0, 0)]} cutoutPathParserInfo={CutoutPathParserInfo{displayWidth=1080 displayHeight=2316 physicalDisplayWidth=1080 physicalDisplayHeight=2316 density={2.8125} cutoutSpec={M 0,0 H -10 V 26.66666666666667 H 10 V 0 H 0 Z @dp} rotation={0} scale={1.0} physicalPixelDisplaySizeRatio={1.0}}} sideOverrides={}}, mRoundedCorners=RoundedCorners{[RoundedCorner{position=TopLeft, radius=11, center=Point(11, 11)}, RoundedCorner{position=TopRight, radius=11, center=Point(1069, 11)}, RoundedCorner{position=BottomRight, radius=11, center=Point(1069, 2305)}, RoundedCorner{position=BottomLeft, radius=11, center=Point(11, 2305)}]}  mRoundedCornerFrame=Rect(0, 0 - 1080, 2316), mPrivacyIndicatorBounds=PrivacyIndicatorBounds {static bounds=Rect(956, 0 - 1080, 75) rotation=0}, mDisplayShape=DisplayShape{ spec=-311912193 displayWidth=1080 displayHeight=2316 physicalPixelDisplaySizeRatio=0.75 rotation=0 offsetX=0 offsetY=0 scale=1.0}, mSources= { InsetsSource: {e0c80001 mType=navigationBars mFrame=[0,2181][1080,2316] mVisible=true mFlags= mSideHint=BOTTOM mBoundingRects=null}, InsetsSource: {e0c80004 mType=systemGestures mFrame=[0,0][0,0] mVisible=true mFlags= mSideHint=NONE mBoundingRects=null}, InsetsSource: {e0c80005 mType=mandatorySystemGestures mFrame=[0,2181][1080,2316] mVisible=true mFlags= mSideHint=BOTTOM mBoundingRects=null}, InsetsSource: {e0c80006 mType=tappableElement mFrame=[0,2181][1080,2316] mVisible=true mFlags= mSideHint=BOTTOM mBoundingRects=null}, InsetsSource: {e0c80024 mType=systemGestures mFrame=[0,0][0,0] mVisible=true mFlags= mSideHint=NONE mBoundingRects=null}, InsetsSource: {3 mType=ime mFrame=[0,0][0,0] mVisible=false mFlags= mSideHint=NONE mBoundingRects=null}, InsetsSource: {27 mType=displayCutout mFrame=[0,0][1080,75] mVisible=true mFlags= mSideHint=TOP mBoundingRects=null}, InsetsSource: {47820000 mType=statusBars mFrame=[0,0][1080,75] mVisible=true mFlags= mSideHint=TOP mBoundingRects=null}, InsetsSource: {47820005 mType=mandatorySystemGestures mFrame=[0,0][1080,109] mVisible=true mFlags= mSideHint=TOP mBoundingRects=null}, InsetsSource: {47820006 mType=tappableElement mFrame=[0,0][1080,75] mVisible=true mFlags= mSideHint=TOP mBoundingRects=null} }
2026-02-14 21:38:53.982  2312-2466  SurfaceComposerClient   system_server                        D  setCornerRadius ## ce3322b com.trainingvalidator.poc/com.trainingvalidator.poc.ui.report.ReportPagerActivity#10128 cornerRadius=0.000000
2026-02-14 21:38:53.982  2312-2466  SurfaceComposerClient   system_server                        D  setCornerRadius ## ce3322b com.trainingvalidator.poc/com.trainingvalidator.poc.ui.report.ReportPagerActivity#10128 cornerRadius=0.000000
2026-02-14 21:38:53.982  2312-2466  BLASTSyncEngine         system_server                        D  SyncGroup 823:  Unfinished container: ActivityRecord{240668836 u0 com.trainingvalidator.poc/.ui.report.ReportPagerActivity t1122} mSyncState=2
2026-02-14 21:38:53.983  2312-2463  SGM:GameManager         system_server                        D  identifyForegroundApp. com.trainingvalidator.poc, mCurrentUserId: 0, callerUserId: 0
2026-02-14 21:38:53.983 13706-13706 libc                    com.trainingvalidator.poc            W  Access denied finding property "vendor.display.enable_optimal_refresh_rate"
2026-02-14 21:38:53.983 13706-13706 BufferQueueProducer     com.trainingvalidator.poc            I  [](id:358a0000000a,api:0,p:-1,c:13706) setDequeueTimeout:2077252342
2026-02-14 21:38:53.984 13706-13706 BLASTBufferQueue_Java   com.trainingvalidator.poc            I  new BLASTBufferQueue, mName= VRI[ReportPagerActivity]@f6f5dff mNativeObject= 0xb400007a93955760 caller= android.view.ViewRootImpl.updateBlastSurfaceIfNeeded:3585 android.view.ViewRootImpl.relayoutWindow:11685 android.view.ViewRootImpl.performTraversals:4804 android.view.ViewRootImpl.doTraversal:3924 android.view.ViewRootImpl$TraversalRunnable.run:12903 android.view.Choreographer$CallbackRecord.run:1901 android.view.Choreographer$CallbackRecord.run:1910 android.view.Choreographer.doCallbacks:1367 android.view.Choreographer.doFrame:1292 android.view.Choreographer$FrameDisplayEventReceiver.run:1870 
2026-02-14 21:38:53.984 13706-13706 BLASTBufferQueue_Java   com.trainingvalidator.poc            I  update, w= 1080 h= 2316 mName = VRI[ReportPagerActivity]@f6f5dff mNativeObject= 0xb400007a93955760 sc.mNativeObject= 0xb400007a03de9f50 format= -1 caller= android.view.ViewRootImpl.updateBlastSurfaceIfNeeded:3590 android.view.ViewRootImpl.relayoutWindow:11685 android.view.ViewRootImpl.performTraversals:4804 android.view.ViewRootImpl.doTraversal:3924 android.view.ViewRootImpl$TraversalRunnable.run:12903 android.view.Choreographer$CallbackRecord.run:1901 
2026-02-14 21:38:53.984 13706-13706 libc                    com.trainingvalidator.poc            W  Access denied finding property "vendor.display.enable_optimal_refresh_rate"
2026-02-14 21:38:53.984 13706-13706 VRI[Report...y]@f6f5dff com.trainingvalidator.poc            I  Relayout returned: old=(0,0,1080,2316) new=(0,0,1080,2316) relayoutAsync=false req=(1080,2316)0 dur=9 res=0x3 s={true 0xb400007be3904500} ch=true seqId=0
2026-02-14 21:38:53.985  2312-2463  SGM:GameManager         system_server                        D  identifyForegroundApp. com.trainingvalidator.poc, mCurrentUserId: 0, callerUserId: 0
2026-02-14 21:38:53.985 13706-13706 VRI[Report...y]@f6f5dff com.trainingvalidator.poc            D  mThreadedRenderer.initialize() mSurface={isValid=true 0xb400007be3904500} hwInitialized=true
2026-02-14 21:38:53.986 13706-13706 VRI[Report...y]@f6f5dff com.trainingvalidator.poc            D  reportNextDraw android.view.ViewRootImpl.performTraversals:5443 android.view.ViewRootImpl.doTraversal:3924 android.view.ViewRootImpl$TraversalRunnable.run:12903 android.view.Choreographer$CallbackRecord.run:1901 android.view.Choreographer$CallbackRecord.run:1910 
2026-02-14 21:38:53.986 13706-13706 VRI[Report...y]@f6f5dff com.trainingvalidator.poc            D  Setup new sync=wmsSync-VRI[ReportPagerActivity]@f6f5dff#19
2026-02-14 21:38:53.986 13706-13706 VRI[Report...y]@f6f5dff com.trainingvalidator.poc            I  Creating new active sync group VRI[ReportPagerActivity]@f6f5dff#20
2026-02-14 21:38:53.986 13706-13706 VRI[Report...y]@f6f5dff com.trainingvalidator.poc            D  Start draw after previous draw not visible
2026-02-14 21:38:53.988  1653-1863  SurfaceFlinger          surfaceflinger                       D  [input] setFocusedWindow: ce3322b com.trainingvalidator.poc/com.trainingvalidator.poc.ui.report.ReportPagerActivity
2026-02-14 21:38:53.988 13706-13706 VRI[Report...y]@f6f5dff com.trainingvalidator.poc            D  registerCallbacksForSync syncBuffer=false
2026-02-14 21:38:53.988  2312-6064  InputDispatcher         system_server                        D  Once focus requested (0): ce3322b com.trainingvalidator.poc/com.trainingvalidator.poc.ui.report.ReportPagerActivity
2026-02-14 21:38:53.988  2312-6064  InputDispatcher         system_server                        D  Focus request (0): ce3322b com.trainingvalidator.poc/com.trainingvalidator.poc.ui.report.ReportPagerActivity but waiting because NO_WINDOW
2026-02-14 21:38:53.989 13706-14125 Camera2PresenceSrc      com.trainingvalidator.poc            D  System onCameraAccessPrioritiesChanged.
2026-02-14 21:38:53.990  2312-2466  InsetsSourceProvider    system_server                        D  updateVisibility: serverVisible=true, clientVisible=false, source=InsetsSource: {47820000 mType=statusBars mFrame=[0,0][1080,75] mVisible=false mFlags= mSideHint=TOP mBoundingRects=null}, controlTarget=Window{ce3322b u0 com.trainingvalidator.poc/com.trainingvalidator.poc.ui.report.ReportPagerActivity}, from=com.android.server.wm.InsetsSourceProvider.setClientVisible:8 com.android.server.wm.InsetsSourceProvider.updateClientVisibility:20 com.android.server.wm.InsetsStateController.onRequestedVisibleTypesChanged:44 com.android.server.wm.InsetsStateController$$ExternalSyntheticLambda1.run:172 com.android.server.wm.WindowAnimator$$ExternalSyntheticLambda2.onTransactionCommitted:26 android.view.SurfaceControl$Transaction$$ExternalSyntheticLambda4.run:0 android.os.Handler.handleCallback:995 android.os.Handler.dispatchMessage:103 android.os.Looper.loopOnce:273 android.os.Looper.loop:363 
2026-02-14 21:38:53.990 13706-14125 Camera2PresenceSrc      com.trainingvalidator.poc            D  [FetchData] Refreshed camera list: CameraIdentifier{cameraIds=0}, CameraIdentifier{cameraIds=1}, CameraIdentifier{cameraIds=2}, CameraIdentifier{cameraIds=3}
2026-02-14 21:38:53.990  2312-2466  InsetsSourceProvider    system_server                        D  updateVisibility: serverVisible=true, clientVisible=false, source=InsetsSource: {e0c80001 mType=navigationBars mFrame=[0,2181][1080,2316] mVisible=false mFlags= mSideHint=BOTTOM mBoundingRects=null}, controlTarget=Window{ce3322b u0 com.trainingvalidator.poc/com.trainingvalidator.poc.ui.report.ReportPagerActivity}, from=com.android.server.wm.InsetsSourceProvider.setClientVisible:8 com.android.server.wm.InsetsSourceProvider.updateClientVisibility:20 com.android.server.wm.InsetsStateController.onRequestedVisibleTypesChanged:44 com.android.server.wm.InsetsStateController$$ExternalSyntheticLambda1.run:172 com.android.server.wm.WindowAnimator$$ExternalSyntheticLambda2.onTransactionCommitted:26 android.view.SurfaceControl$Transaction$$ExternalSyntheticLambda4.run:0 android.os.Handler.handleCallback:995 android.os.Handler.dispatchMessage:103 android.os.Looper.loopOnce:273 android.os.Looper.loop:363 
2026-02-14 21:38:53.991  2312-2466  SurfaceComposerClient   system_server                        D  setCornerRadius ## ce3322b com.trainingvalidator.poc/com.trainingvalidator.poc.ui.report.ReportPagerActivity#10128 cornerRadius=0.000000
2026-02-14 21:38:53.992  2312-2466  SurfaceComposerClient   system_server                        D  setCornerRadius ## ce3322b com.trainingvalidator.poc/com.trainingvalidator.poc.ui.report.ReportPagerActivity#10128 cornerRadius=0.000000
2026-02-14 21:38:53.992  2312-2466  BLASTSyncEngine         system_server                        D  SyncGroup 823:  Unfinished container: ActivityRecord{240668836 u0 com.trainingvalidator.poc/.ui.report.ReportPagerActivity t1122} mSyncState=2
2026-02-14 21:38:53.995  2312-3708  SGM:GameManager         system_server                        D  identifyForegroundApp. com.trainingvalidator.poc, mCurrentUserId: 0, callerUserId: 0
2026-02-14 21:38:53.997  3253-3385  CollapsedS...ragmentExt com.android.systemui                 D  fullscreen    shouldHideIconsForNextAppWindow:false, lastFullscreen(pkg:com.trainingvalidator.poc, flag:false),    keyguard(fa:false, ga:false, oc:false, show:false)
2026-02-14 21:38:53.998 13706-13735 VRI[Report...y]@f6f5dff com.trainingvalidator.poc            D  Received frameDrawingCallback syncResult=0 frameNum=1.
2026-02-14 21:38:53.998 13706-13735 VRI[Report...y]@f6f5dff com.trainingvalidator.poc            I  mWNT: t=0xb400007bb38d6090 mBlastBufferQueue=0xb400007a93955760 fn= 1 HdrRenderState mRenderHdrSdrRatio=1.0 caller= android.view.ViewRootImpl$12.onFrameDraw:15441 android.view.ThreadedRenderer$1.onFrameDraw:718 <bottom of call stack> 
2026-02-14 21:38:53.999 13706-13735 VRI[Report...y]@f6f5dff com.trainingvalidator.poc            I  Setting up sync and frameCommitCallback
2026-02-14 21:38:54.000 13706-13730 BLASTBufferQueue        com.trainingvalidator.poc            I  [VRI[ReportPagerActivity]@f6f5dff#8](f:0,a:0,s:0) onFrameAvailable the first frame is available
2026-02-14 21:38:54.000 13706-13730 SurfaceComposerClient   com.trainingvalidator.poc            I  apply transaction with the first frame. layerId: 10161, bufferData(ID: 58866821759027, frameNumber: 1)
2026-02-14 21:38:54.001  1653-1882  SurfaceFlinger          surfaceflinger                       I  [com.trainingvalidator.poc/com.trainingvalidator.poc.ui.report.ReportPagerActivity$_13706#10161] setTransactionState with the first frame. bufferData(ID: 58866821759027, frameNumber: 1)
2026-02-14 21:38:54.001 13706-13730 VRI[Report...y]@f6f5dff com.trainingvalidator.poc            I  Received frameCommittedCallback lastAttemptedDrawFrameNum=1 didProduceBuffer=true
2026-02-14 21:38:54.001  2312-6074  SGM:GameManager         system_server                        D  identifyGamePackage. com.trainingvalidator.poc, mCurrentUserId: 0, callingMethodInfo: com.samsung.android.game.IGameManagerService$Stub.onTransact(IGameManagerService.java:247)
2026-02-14 21:38:54.001 13706-13706 VRI[Report...y]@f6f5dff com.trainingvalidator.poc            D  reportDrawFinished seqId=0
2026-02-14 21:38:54.002  2312-6091  WindowManager           system_server                        D  finishDrawingWindow: Window{ce3322b u0 com.trainingvalidator.poc/com.trainingvalidator.poc.ui.report.ReportPagerActivity} mDrawState=DRAW_PENDING seqId=0
2026-02-14 21:38:54.002 13706-13706 InsetsController        com.trainingvalidator.poc            I  onStateChanged: host=com.trainingvalidator.poc/com.trainingvalidator.poc.ui.report.ReportPagerActivity, from=android.view.ViewRootImpl.onInsetsStateChanged:3026, state=InsetsState: {mDisplayFrame=Rect(0, 0 - 1080, 2316), mDisplayCutout=DisplayCutout{insets=Rect(0, 75 - 0, 0) waterfall=Insets{left=0, top=0, right=0, bottom=0} boundingRect={Bounds=[Rect(0, 0 - 0, 0), Rect(512, 0 - 568, 75), Rect(0, 0 - 0, 0), Rect(0, 0 - 0, 0)]} cutoutPathParserInfo={CutoutPathParserInfo{displayWidth=1080 displayHeight=2316 physicalDisplayWidth=1080 physicalDisplayHeight=2316 density={2.8125} cutoutSpec={M 0,0 H -10 V 26.66666666666667 H 10 V 0 H 0 Z @dp} rotation={0} scale={1.0} physicalPixelDisplaySizeRatio={1.0}}} sideOverrides={}}, mRoundedCorners=RoundedCorners{[RoundedCorner{position=TopLeft, radius=11, center=Point(11, 11)}, RoundedCorner{position=TopRight, radius=11, center=Point(1069, 11)}, RoundedCorner{position=BottomRight, radius=11, center=Point(1069, 2305)}, RoundedCorner{position=BottomLeft, radius=11, center=Point(11, 2305)}]}  mRoundedCornerFrame=Rect(0, 0 - 1080, 2316), mPrivacyIndicatorBounds=PrivacyIndicatorBounds {static bounds=Rect(956, 0 - 1080, 75) rotation=0}, mDisplayShape=DisplayShape{ spec=-311912193 displayWidth=1080 displayHeight=2316 physicalPixelDisplaySizeRatio=0.75 rotation=0 offsetX=0 offsetY=0 scale=1.0}, mSources= { InsetsSource: {e0c80001 mType=navigationBars mFrame=[0,2181][1080,2316] mVisible=true mFlags= mSideHint=BOTTOM mBoundingRects=null}, InsetsSource: {e0c80004 mType=systemGestures mFrame=[0,0][0,0] mVisible=true mFlags= mSideHint=NONE mBoundingRects=null}, InsetsSource: {e0c80005 mType=mandatorySystemGestures mFrame=[0,2181][1080,2316] mVisible=true mFlags= mSideHint=BOTTOM mBoundingRects=null}, InsetsSource: {e0c80006 mType=tappableElement mFrame=[0,2181][1080,2316] mVisible=true mFlags= mSideHint=BOTTOM mBoundingRects=null}, InsetsSource: {e0c80024 mType=systemGestures mFrame=[0,0][0,0] mVisible=true mFlags= mSideHint=NONE mBoundingRects=null}, InsetsSource: {3 mType=ime mFrame=[0,0][0,0] mVisible=false mFlags= mSideHint=NONE mBoundingRects=null}, InsetsSource: {27 mType=displayCutout mFrame=[0,0][1080,75] mVisible=true mFlags= mSideHint=TOP mBoundingRects=null}, InsetsSource: {47820000 mType=statusBars mFrame=[0,0][1080,75] mVisible=true mFlags= mSideHint=TOP mBoundingRects=null}, InsetsSource: {47820005 mType=mandatorySystemGestures mFrame=[0,0][1080,109] mVisible=true mFlags= mSideHint=TOP mBoundingRects=null}, InsetsSource: {47820006 mType=tappableElement mFrame=[0,0][1080,75] mVisible=true mFlags= mSideHint=TOP mBoundingRects=null} }
2026-02-14 21:38:54.003  2312-2466  SurfaceComposerClient   system_server                        D  setCornerRadius ## ce3322b com.trainingvalidator.poc/com.trainingvalidator.poc.ui.report.ReportPagerActivity#10128 cornerRadius=0.000000
2026-02-14 21:38:54.003 13706-13706 InsetsController        com.trainingvalidator.poc            I  controlAnimationUncheckedInner: Added types=statusBars navigationBars, animType=1, host=com.trainingvalidator.poc/com.trainingvalidator.poc.ui.report.ReportPagerActivity, from=android.view.InsetsController.controlAnimationUnchecked:1608 android.view.InsetsController.applyAnimation:2416 android.view.InsetsController.applyAnimation:2343 
2026-02-14 21:38:54.003 13706-13706 InsetsController        com.trainingvalidator.poc            I  onStateChanged: host=com.trainingvalidator.poc/com.trainingvalidator.poc.ui.report.ReportPagerActivity, from=android.view.ViewRootImpl.onInsetsStateChanged:3026, state=InsetsState: {mDisplayFrame=Rect(0, 0 - 1080, 2316), mDisplayCutout=DisplayCutout{insets=Rect(0, 75 - 0, 0) waterfall=Insets{left=0, top=0, right=0, bottom=0} boundingRect={Bounds=[Rect(0, 0 - 0, 0), Rect(512, 0 - 568, 75), Rect(0, 0 - 0, 0), Rect(0, 0 - 0, 0)]} cutoutPathParserInfo={CutoutPathParserInfo{displayWidth=1080 displayHeight=2316 physicalDisplayWidth=1080 physicalDisplayHeight=2316 density={2.8125} cutoutSpec={M 0,0 H -10 V 26.66666666666667 H 10 V 0 H 0 Z @dp} rotation={0} scale={1.0} physicalPixelDisplaySizeRatio={1.0}}} sideOverrides={}}, mRoundedCorners=RoundedCorners{[RoundedCorner{position=TopLeft, radius=11, center=Point(11, 11)}, RoundedCorner{position=TopRight, radius=11, center=Point(1069, 11)}, RoundedCorner{position=BottomRight, radius=11, center=Point(1069, 2305)}, RoundedCorner{position=BottomLeft, radius=11, center=Point(11, 2305)}]}  mRoundedCornerFrame=Rect(0, 0 - 1080, 2316), mPrivacyIndicatorBounds=PrivacyIndicatorBounds {static bounds=Rect(956, 0 - 1080, 75) rotation=0}, mDisplayShape=DisplayShape{ spec=-311912193 displayWidth=1080 displayHeight=2316 physicalPixelDisplaySizeRatio=0.75 rotation=0 offsetX=0 offsetY=0 scale=1.0}, mSources= { InsetsSource: {e0c80001 mType=navigationBars mFrame=[0,2181][1080,2316] mVisible=false mFlags= mSideHint=BOTTOM mBoundingRects=null}, InsetsSource: {e0c80004 mType=systemGestures mFrame=[0,0][0,0] mVisible=true mFlags= mSideHint=NONE mBoundingRects=null}, InsetsSource: {e0c80005 mType=mandatorySystemGestures mFrame=[0,2181][1080,2316] mVisible=true mFlags= mSideHint=BOTTOM mBoundingRects=null}, InsetsSource: {e0c80006 mType=tappableElement mFrame=[0,2181][1080,2316] mVisible=true mFlags= mSideHint=BOTTOM mBoundingRects=null}, InsetsSource: {e0c80024 mType=systemGestures mFrame=[0,0][0,0] mVisible=true mFlags= mSideHint=NONE mBoundingRects=null}, InsetsSource: {3 mType=ime mFrame=[0,0][0,0] mVisible=false mFlags= mSideHint=NONE mBoundingRects=null}, InsetsSource: {27 mType=displayCutout mFrame=[0,0][1080,75] mVisible=true mFlags= mSideHint=TOP mBoundingRects=null}, InsetsSource: {47820000 mType=statusBars mFrame=[0,0][1080,75] mVisible=false mFlags= mSideHint=TOP mBoundingRects=null}, InsetsSource: {47820005 mType=mandatorySystemGestures mFrame=[0,0][1080,109] mVisible=true mFlags= mSideHint=TOP mBoundingRects=null}, InsetsSource: {47820006 mType=tappableElement mFrame=[0,0][1080,75] mVisible=true mFlags= mSideHint=TOP mBoundingRects=null} }
2026-02-14 21:38:54.003 13706-13706 VRI[Report...y]@f6f5dff com.trainingvalidator.poc            I  handleResized, frames=ClientWindowFrames{frame=[0,0][1080,2316] display=[0,0][1080,2316] parentFrame=[0,0][0,0]} displayId=0 dragResizing=false compatScale=1.0 frameChanged=false attachedFrameChanged=false configChanged=false displayChanged=false compatScaleChanged=false dragResizingChanged=false
2026-02-14 21:38:54.003  2312-2466  SurfaceComposerClient   system_server                        D  setCornerRadius ## ce3322b com.trainingvalidator.poc/com.trainingvalidator.poc.ui.report.ReportPagerActivity#10128 cornerRadius=0.000000
2026-02-14 21:38:54.004 13706-13706 VRI[Report...y]@f6f5dff com.trainingvalidator.poc            I  handleResized mSyncSeqId = 0
2026-02-14 21:38:54.004 13706-13706 VRI[Report...y]@f6f5dff com.trainingvalidator.poc            D  reportNextDraw android.view.ViewRootImpl.handleResized:2983 android.view.ViewRootImpl.-$$Nest$mhandleResized:0 android.view.ViewRootImpl$W.resized:14082 android.app.servertransaction.WindowStateResizeItem.execute:93 android.app.servertransaction.WindowStateTransactionItem.execute:62 
2026-02-14 21:38:54.006  2312-2466  WindowManager           system_server                        V  performShowLocked: mDrawState=HAS_DRAWN in Window{ce3322b u0 com.trainingvalidator.poc/com.trainingvalidator.poc.ui.report.ReportPagerActivity}
2026-02-14 21:38:54.006  2312-2466  ChangeTran...Controller system_server                        D  onTransactionReady: TransitionRecord{7b69a0d id=823 type=CLOSE flags=0x0 c=[
                                                                                                       ChangeInfo{e359bc3 container=Task{48ab9db #1123 type=standard A=10368:com.whatsapp} flags=0x0}
                                                                                                       ChangeInfo{e1aec40 container=Task{7cfc693 #1122 type=standard A=10474:com.trainingvalidator.poc} flags=0x0}
                                                                                                       ChangeInfo{ef24779 container=DefaultTaskDisplayArea_d0@143276212 flags=0x0}
                                                                                                       ChangeInfo{f857cbe container=ActivityRecord{220188863 u0 com.whatsapp/.contact.ui.picker.ContactPicker t1123 f}} flags=0x0}
                                                                                                       ChangeInfo{cc311f container=Display{#0 state=ON size=1080x2316 ROTATION_0} flags=0x0}
                                                                                                       ChangeInfo{ae28c6c container=ActivityRecord{240668836 u0 com.trainingvalidator.poc/.ui.report.ReportPagerActivity t1122} flags=0x0}
                                                                                                    ]
                                                                                                    }
2026-02-14 21:38:54.006  2312-2466  WindowManager           system_server                        V  Start calculating TransitionInfo based on participants: {Task{48ab9db #1123 type=standard A=10368:com.whatsapp}, Task{7cfc693 #1122 type=standard A=10474:com.trainingvalidator.poc}, ActivityRecord{220188863 u0 com.whatsapp/.contact.ui.picker.ContactPicker t1123 f}}, ActivityRecord{240668836 u0 com.trainingvalidator.poc/.ui.report.ReportPagerActivity t1122}}
2026-02-14 21:38:54.006  2312-2466  WindowManager           system_server                        V    Final targets: [ChangeInfo{e1aec40 container=Task{7cfc693 #1122 type=standard A=10474:com.trainingvalidator.poc} flags=0x30}, ChangeInfo{e359bc3 container=Task{48ab9db #1123 type=standard A=10368:com.whatsapp} flags=0x10}]
2026-02-14 21:38:54.008  2312-2466  SurfaceControlRegistry  system_server                        I  show, t=StartTransaction_SyncId<823> sc=ActivityRecord{240668836 u0 com.trainingvalidator.poc/.ui.report.ReportPagerActivity t1122}, caller=android.view.SurfaceControl$Transaction.show:3557 com.android.server.wm.Transition.onTransactionReady:2048 com.android.server.wm.BLASTSyncEngine$SyncGroup.finishNow:240 com.android.server.wm.BLASTSyncEngine.onSurfacePlacement:263 com.android.server.wm.RootWindowContainer.performSurfacePlacementNoTrace:1083 com.android.server.wm.WindowSurfacePlacer.performSurfacePlacement:166 
2026-02-14 21:38:54.008  2312-2466  WindowManager           system_server                        V  Calling onTransitionReady: {id=823 t=CLOSE f=0x0 trk=0 r=[0@Point(0, 0)] c=[
                                                                                                            {WCT{RemoteToken{70553e Task{7cfc693 #1122 type=standard A=10474:com.trainingvalidator.poc}}} m=TO_FRONT f=MOVE_TO_TOP leash=Surface(name=Task=1122)/@0xb2ef0c0 sb=Rect(0, 0 - 1080, 2316) eb=Rect(0, 0 - 1080, 2316) epz=Point(1080, 2316) d=0 taskParent=-1 inset=Rect(0, 75 - 0, 0)},
                                                                                                            {WCT{RemoteToken{2a3f511 Task{48ab9db #1123 type=standard A=10368:com.whatsapp}}} m=CLOSE f=NONE leash=Surface(name=Task=1123)/@0x5fb399b sb=Rect(0, 0 - 1080, 2316) eb=Rect(0, 0 - 1080, 2316) epz=Point(1080, 2316) d=0 taskParent=-1 inset=Rect(0, 75 - 0, 135) dim=true}
                                                                                                        ]}
2026-02-14 21:38:54.012 13706-13706 VRI[Report...y]@f6f5dff com.trainingvalidator.poc            D  Setup new sync=wmsSync-VRI[ReportPagerActivity]@f6f5dff#21
2026-02-14 21:38:54.012 13706-13706 VRI[Report...y]@f6f5dff com.trainingvalidator.poc            I  Creating new active sync group VRI[ReportPagerActivity]@f6f5dff#22
2026-02-14 21:38:54.012 13706-13706 VRI[Report...y]@f6f5dff com.trainingvalidator.poc            D  registerCallbacksForSync syncBuffer=false
2026-02-14 21:38:54.015 13706-13734 VRI[Report...y]@f6f5dff com.trainingvalidator.poc            D  Received frameDrawingCallback syncResult=0 frameNum=2.
2026-02-14 21:38:54.015 13706-13734 VRI[Report...y]@f6f5dff com.trainingvalidator.poc            I  Setting up sync and frameCommitCallback
2026-02-14 21:38:54.015 13706-13730 VRI[Report...y]@f6f5dff com.trainingvalidator.poc            I  Received frameCommittedCallback lastAttemptedDrawFrameNum=2 didProduceBuffer=false
2026-02-14 21:38:54.015 13706-13730 BLASTBufferQueue_Java   com.trainingvalidator.poc            I  gatherPendingTransactions, mName= VRI[ReportPagerActivity]@f6f5dff mNativeObject= 0xb400007a93955760 frameNumber= 2 caller= android.view.ViewRootImpl$12.lambda$onFrameDraw$3:15525 android.view.ViewRootImpl$12.$r8$lambda$CTo3ExVBk8akdVTGlqHPAoYLRVI:0 android.view.ViewRootImpl$12$$ExternalSyntheticLambda1.onFrameCommit:0 android.view.ThreadedRenderer$1.lambda$onFrameDraw$0:730 android.view.ThreadedRenderer$1$$ExternalSyntheticLambda0.onFrameCommit:0 <bottom of call stack> 
2026-02-14 21:38:54.016  2312-2466  SurfaceComposerClient   system_server                        D  setCornerRadius ## ce3322b com.trainingvalidator.poc/com.trainingvalidator.poc.ui.report.ReportPagerActivity#10128 cornerRadius=0.000000
2026-02-14 21:38:54.016  2312-2466  SurfaceComposerClient   system_server                        D  setCornerRadius ## ce3322b com.trainingvalidator.poc/com.trainingvalidator.poc.ui.report.ReportPagerActivity#10128 cornerRadius=0.000000
2026-02-14 21:38:54.016 13706-13706 VRI[Report...y]@f6f5dff com.trainingvalidator.poc            D  reportDrawFinished seqId=0
2026-02-14 21:38:54.018  2312-6091  SurfaceComposerClient   system_server                        D  setCornerRadius ## ce3322b com.trainingvalidator.poc/com.trainingvalidator.poc.ui.report.ReportPagerActivity#10128 cornerRadius=0.000000
2026-02-14 21:38:54.018  2312-6091  SurfaceComposerClient   system_server                        D  setCornerRadius ## ce3322b com.trainingvalidator.poc/com.trainingvalidator.poc.ui.report.ReportPagerActivity#10128 cornerRadius=0.000000
2026-02-14 21:38:54.019  1653-1653  SurfaceFlinger          surfaceflinger                       I  RequestedLayer [com.trainingvalidator.poc/com.traini[...]ort.ReportPagerActivity$_13706#10161] hidden!! flag  from(1) --> to(0)
2026-02-14 21:38:54.021  2312-6052  WindowManager           system_server                        D  finishDrawingWindow: Window{ce3322b u0 com.trainingvalidator.poc/com.trainingvalidator.poc.ui.report.ReportPagerActivity} mDrawState=HAS_DRAWN seqId=0
2026-02-14 21:38:54.021  2312-6082  SurfaceComposerClient   system_server                        D  setCornerRadius ## ce3322b com.trainingvalidator.poc/com.trainingvalidator.poc.ui.report.ReportPagerActivity#10128 cornerRadius=0.000000
2026-02-14 21:38:54.022  2312-6082  SurfaceComposerClient   system_server                        D  setCornerRadius ## ce3322b com.trainingvalidator.poc/com.trainingvalidator.poc.ui.report.ReportPagerActivity#10128 cornerRadius=0.000000
2026-02-14 21:38:54.031  2312-2462  WindowManager           system_server                        V      info={id=823 t=CLOSE f=0x0 trk=0 r=[0@Point(0, 0)] c=[
                                                                                                            {WCT{RemoteToken{70553e Task{7cfc693 #1122 type=standard A=10474:com.trainingvalidator.poc}}} m=TO_FRONT f=MOVE_TO_TOP leash=Surface(name=Task=1122)/@0xb2ef0c0 sb=Rect(0, 0 - 1080, 2316) eb=Rect(0, 0 - 1080, 2316) epz=Point(1080, 2316) d=0 taskParent=-1 inset=Rect(0, 75 - 0, 0)},
                                                                                                            {WCT{RemoteToken{2a3f511 Task{48ab9db #1123 type=standard A=10368:com.whatsapp}}} m=CLOSE f=NONE leash=Surface(name=Task=1123)/@0x5fb399b sb=Rect(0, 0 - 1080, 2316) eb=Rect(0, 0 - 1080, 2316) epz=Point(1080, 2316) d=0 taskParent=-1 inset=Rect(0, 75 - 0, 135) dim=true}
                                                                                                        ]}
2026-02-14 21:38:54.032  2312-3009  InputDispatcher         system_server                        D  Focus entered window (0): ce3322b com.trainingvalidator.poc/com.trainingvalidator.poc.ui.report.ReportPagerActivity
2026-02-14 21:38:54.033 13706-13706 VRI[Report...y]@f6f5dff com.trainingvalidator.poc            D  mThreadedRenderer.initializeIfNeeded()#2 mSurface={isValid=true 0xb400007be3904500}
2026-02-14 21:38:54.033 13706-13706 InputMethodManagerUtils com.trainingvalidator.poc            D  startInputInner - Id : 0
2026-02-14 21:38:54.033 13706-13706 InputMethodManager      com.trainingvalidator.poc            I  startInputInner - IInputMethodManagerGlobalInvoker.startInputOrWindowGainedFocus
2026-02-14 21:38:54.039  2312-2923  ImeTracker              system_server                        I  com.trainingvalidator.poc:af46be91: onRequestHide at ORIGIN_SERVER reason HIDE_UNSPECIFIED_WINDOW fromUser false
2026-02-14 21:38:54.040 13706-13706 InputMethodManager      com.trainingvalidator.poc            I  handleMessage: setImeVisibility visible=false
2026-02-14 21:38:54.040 13706-13706 InsetsController        com.trainingvalidator.poc            D  hide(ime(), fromIme=false)
2026-02-14 21:38:54.040 13706-13706 ImeTracker              com.trainingvalidator.poc            I  com.trainingvalidator.poc:af46be91: onCancelled at PHASE_CLIENT_ALREADY_HIDDEN
2026-02-14 21:38:54.042  2312-2466  SurfaceComposerClient   system_server                        D  setCornerRadius ## ce3322b com.trainingvalidator.poc/com.trainingvalidator.poc.ui.report.ReportPagerActivity#10128 cornerRadius=0.000000
2026-02-14 21:38:54.045 19614-19614 GoogleInpu...hodService com...gle.android.inputmethod.latin  I  GoogleInputMethodService.onStartInput():1384 onStartInput(EditorInfo{EditorInfo{packageName=com.trainingvalidator.poc, inputType=0, inputTypeString=NULL, enableLearning=false, autoCorrection=false, autoComplete=false, imeOptions=0, privateImeOptions=null, actionName=UNSPECIFIED, actionLabel=null, initialSelStart=-1, initialSelEnd=-1, initialCapsMode=0, label=null, fieldId=0, fieldName=null, extras=Bundle[{appShowRequested=false, isTextEditor=false, displayId=0}], hintText=null, hintLocales=[]}}, false)
2026-02-14 21:38:54.046 13706-14217 InputTransport          com.trainingvalidator.poc            D  Input channel constructed: 'ClientS', fd=160
2026-02-14 21:38:54.048  2312-3009  InsetsSourceProvider    system_server                        D  updateControlForTarget: control=InsetsSourceControl: {3 mType=ime mSurfacePosition=Point(0, 75) mInsetsHint=Insets{left=0, top=0, right=0, bottom=968}}, target=Window{ce3322b u0 com.trainingvalidator.poc/com.trainingvalidator.poc.ui.report.ReportPagerActivity}, from=com.android.server.wm.ImeInsetsSourceProvider.updateControlForTarget:17 com.android.server.wm.InsetsStateController.onControlTargetChanged:83 com.android.server.wm.DisplayContent.updateImeControlTarget:21 com.android.server.wm.DisplayContent.updateImeInputAndControlTarget:156 com.android.server.wm.WindowManagerService$LocalService.updateInputMethodTargetWindow:64 
2026-02-14 21:38:54.049  1653-1653  SurfaceFlinger          surfaceflinger                       D  Display 4630947232161729154 HWC layers:
                                                                                                           DEVICE |           58866821759027 | 00002102 | RGBA_8888    |  328.0    0.0 1080.0 2316.0 |    0    0  752 2316 | com.trainingvalidator.poc/com.traini[...]ort.ReportPagerActivity$_13706#10161 (1)
                                                                                                      SOLID_COLOR |                        0 | 00000000 | N/A          |    0.0    0.0    0.0    0.0 |    0    0 1080 2316 | DimTransitionLayer for Surface(name=Task=1123)/@0xe47d3c5#10165 (0)
                                                                                                           DEVICE |           85302345465891 | 00002102 | RGBA_8888    |    0.0    0.0 1049.0 2316.0 |   31    0 1080 2316 | com.whatsapp/com.whatsapp.contact.ui.picker.ContactPicker$_19861#10156 (574)
                                                                                                           DEVICE |           13971528619952 | 00002100 | RGBA_8888    |    0.0    2.0 1080.0   75.0 |    0    0 1080   73 | StatusBar$_3253#102 (14359)
                                                                                                           DEVICE |           13971528619980 | 00002100 | RGBA_8888    |    0.0    0.0 1080.0  133.0 |    0 2183 1080 2316 | NavigationBar0$_3253#98 (19657)
                                                                                                    
