2026-02-14 21:36:41.643 13706-13713 ngvalidator.poc         com.trainingvalidator.poc            I  Background concurrent mark compact GC freed 1596KB AllocSpace bytes, 24(28MB) LOS objects, 66% free, 13MB/40MB, paused 661us,6.942ms total 67.808ms
2026-02-14 21:36:42.431 13706-13713 ngvalidator.poc         com.trainingvalidator.poc            I  Background concurrent mark compact GC freed 1528KB AllocSpace bytes, 23(27MB) LOS objects, 66% free, 13MB/40MB, paused 151us,6.894ms total 49.083ms
2026-02-14 21:36:42.540  1653-1653  LayerHistory            surfaceflinger                       I  96550e4 SurfaceView[com.trainingvalidator.poc/com.trainingvalidator.poc.ui.TrainingActivity]@0(BLAST)#10106 calculated refresh rate: 24.00 Hz
2026-02-14 21:36:42.540  1653-1653  LayerHistory            surfaceflinger                       I  com.trainingvalidator.poc/com.trainingvalidator.poc.ui.TrainingActivity$_13706#10097 Max (can't resolve refresh rate)
2026-02-14 21:36:42.540  1653-1653  SurfaceFlinger          surfaceflinger                       I  Video ignores com.trainingvalidator.poc/com.trainingvalidator.poc.ui.TrainingActivity$_13706#10097 (type=Max, weight=1.00, seamlessness=Default) 0.00 Hz's 30.00 Hz
                                                                                                    Video ignores com.trainingvalidator.poc/com.trainingvalidator.poc.ui.TrainingActivity$_13706#10097 (type=Max, weight=1.00, seamlessness=Default) 0.00 Hz's 32.00 Hz
                                                                                                    Video ignores com.trainingvalidator.poc/com.trainingvalidator.poc.ui.TrainingActivity$_13706#10097 (type=Max, weight=1.00, seamlessness=Default) 0.00 Hz's 40.00 Hz
                                                                                                    Video ignores com.trainingvalidator.poc/com.trainingvalidator.poc.ui.TrainingActivity$_13706#10097 (type=Max, weight=1.00, seamlessness=Default) 0.00 Hz's 48.00 Hz
                                                                                                    Video ignores com.trainingvalidator.poc/com.trainingvalidator.poc.ui.TrainingActivity$_13706#10097 (type=Max, weight=1.00, seamlessness=Default) 0.00 Hz's 60.00 Hz
                                                                                                    scored - choose 48.00 Hz
2026-02-14 21:36:42.589  2312-2463  SurfaceComposerClient   system_server                        D  setCornerRadius ## cd4b78c com.trainingvalidator.poc/com.trainingvalidator.poc.ui.TrainingActivity#10096 cornerRadius=0.000000
2026-02-14 21:36:43.189 13706-13713 ngvalidator.poc         com.trainingvalidator.poc            I  Background concurrent mark compact GC freed 1428KB AllocSpace bytes, 24(28MB) LOS objects, 66% free, 12MB/36MB, paused 236us,7.414ms total 53.141ms
2026-02-14 21:36:43.903 13706-13713 ngvalidator.poc         com.trainingvalidator.poc            I  Background concurrent mark compact GC freed 1444KB AllocSpace bytes, 20(23MB) LOS objects, 66% free, 14MB/43MB, paused 217us,6.859ms total 55.308ms
2026-02-14 21:36:44.085 13706-13706 VRI[Traini...y]@41ca8bd com.trainingvalidator.poc            I  ViewPostIme pointer 0
2026-02-14 21:36:44.085 13706-13706 VRI[Traini...y]@41ca8bd com.trainingvalidator.poc            I  call setFrameRateCategory for touch hint category=high hint, reason=touch, vri=VRI[TrainingActivity]@41ca8bd
2026-02-14 21:36:44.086  1653-1653  LayerHistory            surfaceflinger                       I  96550e4 SurfaceView[com.trainingvalidator.poc/com.trainingvalidator.poc.ui.TrainingActivity]@0(BLAST)#10106 Max (can't resolve refresh rate)
2026-02-14 21:36:44.086  1653-1653  LayerHistory            surfaceflinger                       I  com.trainingvalidator.poc/com.trainingvalidator.poc.ui.TrainingActivity$_13706#10097 Max (can't resolve refresh rate)
2026-02-14 21:36:44.097  2312-2463  SurfaceComposerClient   system_server                        D  setCornerRadius ## cd4b78c com.trainingvalidator.poc/com.trainingvalidator.poc.ui.TrainingActivity#10096 cornerRadius=0.000000
2026-02-14 21:36:44.110  1653-1653  SurfaceFlinger          surfaceflinger                       I  [com.trainingvalidator.poc/com.trainingvalidator.poc.ui.TrainingActivity$_13706#10097] setFrameRateCategory: HighHint
2026-02-14 21:36:44.182 13706-13706 VRI[Traini...y]@41ca8bd com.trainingvalidator.poc            I  ViewPostIme pointer 1
2026-02-14 21:36:44.242 13706-13706 Dialog                  com.trainingvalidator.poc            I  mIsDeviceDefault = false, mIsSamsungBasicInteraction = false, isMetaDataInActivity = false
2026-02-14 21:36:44.245 13706-13706 CompatChangeReporter    com.trainingvalidator.poc            D  Compat change id reported: 379365266; UID 10474; state: ENABLED
2026-02-14 21:36:44.248 13706-13706 DecorView               com.trainingvalidator.poc            I  setWindowBackground: isPopOver=false color=0 d=android.graphics.drawable.ColorDrawable@f1a7d08
2026-02-14 21:36:44.252 13706-13706 ScrollView              com.trainingvalidator.poc            D  initGoToTop
2026-02-14 21:36:44.256 13706-13706 ScrollView              com.trainingvalidator.poc            D  initGoToTop
2026-02-14 21:36:44.265 13706-13706 Settings                com.trainingvalidator.poc            W  Setting show_button_background has moved from android.provider.Settings.System to android.provider.Settings.Global, returning read-only value.
2026-02-14 21:36:44.266 13706-13706 WindowManager           com.trainingvalidator.poc            I  WindowManagerGlobal#addView, ty=2, view=com.android.internal.policy.DecorView{b983011 V.E...... R.....I. 0,0-0,0}[TrainingActivity], caller=android.view.WindowManagerImpl.addView:158 android.app.Dialog.show:540 com.trainingvalidator.poc.ui.TrainingActivity.showSettingsDialog:1262 
2026-02-14 21:36:44.267 13706-13706 ViewRootImpl            com.trainingvalidator.poc            D  desktopMode is false
2026-02-14 21:36:44.267 13706-13706 ViewRootImpl            com.trainingvalidator.poc            I  dVRR is disabled
2026-02-14 21:36:44.267 13706-13730 NativeCust...ncyManager com.trainingvalidator.poc            D  [NativeCFMS] BpCustomFrequencyManager::BpCustomFrequencyManager()
2026-02-14 21:36:44.270  1653-1792  SurfaceFlinger          surfaceflinger                       I  id=10116 createSurf, flag=84004, 3c656c2 com.trainingvalidator.poc/com.trainingvalidator.poc.ui.TrainingActivity#10116
2026-02-14 21:36:44.273  2312-3708  WindowManager           system_server                        D  Changing focus from Window{cd4b78c u0 com.trainingvalidator.poc/com.trainingvalidator.poc.ui.TrainingActivity} to Window{3c656c2 u0 com.trainingvalidator.poc/com.trainingvalidator.poc.ui.TrainingActivity} displayId=0 Callers=com.android.server.wm.WindowManagerService.addWindowInner:565 com.android.server.wm.WindowManagerService.addWindow:1842 com.android.server.wm.Session.addToDisplayAsUser:24 android.view.IWindowSession$Stub.onTransact:757 
2026-02-14 21:36:44.274  2312-3708  WindowManager           system_server                        D  updateSystemBarAttributes: displayId=0, focusedCanBeNavColorWin=false, win=Window{3c656c2 u0 com.trainingvalidator.poc/com.trainingvalidator.poc.ui.TrainingActivity}, navColorWin=Window{cd4b78c u0 com.trainingvalidator.poc/com.trainingvalidator.poc.ui.TrainingActivity}, caller=com.android.server.wm.WindowManagerService.updateFocusedWindowLocked:372 com.android.server.wm.WindowManagerService.addWindowInner:565 com.android.server.wm.WindowManagerService.addWindow:1842 
2026-02-14 21:36:44.274  2312-3708  SystemKeyManager        system_server                        V  updateFocusedWindow() is called, com.trainingvalidator.poc/com.trainingvalidator.poc.ui.TrainingActivity
2026-02-14 21:36:44.275 13706-13706 InputTransport          com.trainingvalidator.poc            D  Input channel constructed: '3c656c2', fd=202
2026-02-14 21:36:44.275 13706-13706 InsetsController        com.trainingvalidator.poc            I  onStateChanged: host=com.trainingvalidator.poc/com.trainingvalidator.poc.ui.TrainingActivity, from=android.view.ViewRootImpl.onInsetsStateChanged:3026, state=InsetsState: {mDisplayFrame=Rect(0, 0 - 1080, 2316), mDisplayCutout=DisplayCutout{insets=Rect(0, 75 - 0, 0) waterfall=Insets{left=0, top=0, right=0, bottom=0} boundingRect={Bounds=[Rect(0, 0 - 0, 0), Rect(512, 0 - 568, 75), Rect(0, 0 - 0, 0), Rect(0, 0 - 0, 0)]} cutoutPathParserInfo={CutoutPathParserInfo{displayWidth=1080 displayHeight=2316 physicalDisplayWidth=1080 physicalDisplayHeight=2316 density={2.8125} cutoutSpec={M 0,0 H -10 V 26.66666666666667 H 10 V 0 H 0 Z @dp} rotation={0} scale={1.0} physicalPixelDisplaySizeRatio={1.0}}} sideOverrides={}}, mRoundedCorners=RoundedCorners{[RoundedCorner{position=TopLeft, radius=11, center=Point(11, 11)}, RoundedCorner{position=TopRight, radius=11, center=Point(1069, 11)}, RoundedCorner{position=BottomRight, radius=11, center=Point(1069, 2305)}, RoundedCorner{position=BottomLeft, radius=11, center=Point(11, 2305)}]}  mRoundedCornerFrame=Rect(0, 0 - 1080, 2316), mPrivacyIndicatorBounds=PrivacyIndicatorBounds {static bounds=Rect(956, 0 - 1080, 75) rotation=0}, mDisplayShape=DisplayShape{ spec=-311912193 displayWidth=1080 displayHeight=2316 physicalPixelDisplaySizeRatio=0.75 rotation=0 offsetX=0 offsetY=0 scale=1.0}, mSources= { InsetsSource: {e0c80001 mType=navigationBars mFrame=[0,2181][1080,2316] mVisible=false mFlags= mSideHint=BOTTOM mBoundingRects=null}, InsetsSource: {e0c80004 mType=systemGestures mFrame=[0,0][0,0] mVisible=true mFlags= mSideHint=NONE mBoundingRects=null}, InsetsSource: {e0c80005 mType=mandatorySystemGestures mFrame=[0,2181][1080,2316] mVisible=true mFlags= mSideHint=BOTTOM mBoundingRects=null}, InsetsSource: {e0c80006 mType=tappableElement mFrame=[0,2181][1080,2316] mVisible=true mFlags= mSideHint=BOTTOM mBoundingRects=null}, InsetsSource: {e0c80024 mType=systemGestures mFrame=[0,0][0,0] mVisible=true mFlags= mSideHint=NONE mBoundingRects=null}, InsetsSource: {27 mType=displayCutout mFrame=[0,0][1080,75] mVisible=true mFlags= mSideHint=TOP mBoundingRects=null}, InsetsSource: {47820000 mType=statusBars mFrame=[0,0][1080,75] mVisible=false mFlags= mSideHint=TOP mBoundingRects=null}, InsetsSource: {47820005 mType=mandatorySystemGestures mFrame=[0,0][1080,109] mVisible=true mFlags= mSideHint=TOP mBoundingRects=null}, InsetsSource: {47820006 mType=tappableElement mFrame=[0,0][1080,75] mVisible=true mFlags= mSideHint=TOP mBoundingRects=null} }
2026-02-14 21:36:44.276 13706-13706 VRI[Traini...y]@c97d576 com.trainingvalidator.poc            I  synced displayState. AttachInfo displayState=2
2026-02-14 21:36:44.277  1653-1653  SurfaceFlinger          surfaceflinger                       I  [3c656c2 com.trainingvalidator.poc/com.trainingvalidator.poc.ui.TrainingActivity#10116] attach to parent LayerHierarchy{RequestedLayerState{ActivityRecord{217752587 u0 com.trainingvalidator.poc/.ui.TrainingActivity t1122}#10095 parentId=10040 z=2} 4 children}
2026-02-14 21:36:44.280 13706-13706 VRI[Traini...y]@c97d576 com.trainingvalidator.poc            I  setView = com.android.internal.policy.DecorView@b983011 IsHRR=false mFlingFrameRateChange=0 TM=true
2026-02-14 21:36:44.281  1653-1653  CompositionEngine       surfaceflinger                       D  Layer: com.trainingvalidator.poc/com.trainingvalidator.poc.ui.TrainingActivity$_13706#10097 had an out of bounds transparent region
2026-02-14 21:36:44.283 13706-13730 HWUI                    com.trainingvalidator.poc            D  HWUI - treat SMPTE_170M as sRGB
2026-02-14 21:36:44.286  2312-4748  CoreBackPreview         system_server                        D  Window{3c656c2 u0 com.trainingvalidator.poc/com.trainingvalidator.poc.ui.TrainingActivity}: Setting back callback OnBackInvokedCallbackInfo{mCallback=android.window.IOnBackInvokedCallback$Stub$Proxy@6aff709, mPriority=-1, mIsAnimationCallback=false, mOverrideBehavior=0}
2026-02-14 21:36:44.294  1653-1653  SurfaceFlinger          surfaceflinger                       I  RequestedLayer [3c656c2 com.trainingvalidator.poc/co[...]idator.poc.ui.TrainingActivity#10116] hidden!! flag  from(1) --> to(0)
2026-02-14 21:36:44.296  1653-1653  CompositionEngine       surfaceflinger                       D  Layer: com.trainingvalidator.poc/com.trainingvalidator.poc.ui.TrainingActivity$_13706#10097 had an out of bounds transparent region
2026-02-14 21:36:44.297  2312-3708  SurfaceComposerClient   system_server                        D  setCornerRadius ## cd4b78c com.trainingvalidator.poc/com.trainingvalidator.poc.ui.TrainingActivity#10096 cornerRadius=0.000000
2026-02-14 21:36:44.297  2312-3708  WindowManager           system_server                        D  updateSystemBarAttributes: displayId=0, focusedCanBeNavColorWin=false, win=Window{3c656c2 u0 com.trainingvalidator.poc/com.trainingvalidator.poc.ui.TrainingActivity}, navColorWin=Window{3c656c2 u0 com.trainingvalidator.poc/com.trainingvalidator.poc.ui.TrainingActivity}, caller=com.android.server.wm.DisplayPolicy.finishPostLayoutPolicyLw:17 com.android.server.wm.RootWindowContainer.applySurfaceChangesTransaction$1:195 com.android.server.wm.RootWindowContainer.performSurfacePlacementNoTrace:59 
2026-02-14 21:36:44.297  2312-3708  SurfaceComposerClient   system_server                        D  setCornerRadius ## cd4b78c com.trainingvalidator.poc/com.trainingvalidator.poc.ui.TrainingActivity#10096 cornerRadius=0.000000
2026-02-14 21:36:44.299  3253-3253  NavigationBar           com.android.systemui                 D  onSystemBarAttributesChanged() -  displayId:0, appearance:2, packageName: com.trainingvalidator.poc (APPEARANCE_OPAQUE_NAVIGATION_BARS ), navbarColorManagedByIme:false
2026-02-14 21:36:44.304  2312-6089  SurfaceComposerClient   system_server                        D  setCornerRadius ## cd4b78c com.trainingvalidator.poc/com.trainingvalidator.poc.ui.TrainingActivity#10096 cornerRadius=0.000000
2026-02-14 21:36:44.305  2312-6089  SurfaceComposerClient   system_server                        D  setCornerRadius ## cd4b78c com.trainingvalidator.poc/com.trainingvalidator.poc.ui.TrainingActivity#10096 cornerRadius=0.000000
2026-02-14 21:36:44.306  2312-3708  WindowManager           system_server                        I  Relayout Window{3c656c2 u0 com.trainingvalidator.poc/com.trainingvalidator.poc.ui.TrainingActivity}: viewVisibility=0 req=1026x1596 ty=2 d0
2026-02-14 21:36:44.307  1653-1881  SurfaceFlinger          surfaceflinger                       I  id=10118 createSurf, flag=44004, com.trainingvalidator.poc/com.trainingvalidator.poc.ui.TrainingActivity$_13706#10118
2026-02-14 21:36:44.308  2312-3708  WindowManager           system_server                        D  makeSurface duration=2 name=com.trainingvalidator.poc/com.trainingvalidator.poc.ui.TrainingActivity$_13706
2026-02-14 21:36:44.308  2312-3708  SurfaceComposerClient   system_server                        D  setCornerRadius ## cd4b78c com.trainingvalidator.poc/com.trainingvalidator.poc.ui.TrainingActivity#10096 cornerRadius=0.000000
2026-02-14 21:36:44.309  2312-3708  WindowManager           system_server                        D  updateSystemBarAttributes: displayId=0, focusedCanBeNavColorWin=false, win=Window{3c656c2 u0 com.trainingvalidator.poc/com.trainingvalidator.poc.ui.TrainingActivity}, navColorWin=Window{cd4b78c u0 com.trainingvalidator.poc/com.trainingvalidator.poc.ui.TrainingActivity}, caller=com.android.server.wm.DisplayPolicy.finishPostLayoutPolicyLw:17 com.android.server.wm.RootWindowContainer.applySurfaceChangesTransaction$1:195 com.android.server.wm.RootWindowContainer.performSurfacePlacementNoTrace:59 
2026-02-14 21:36:44.309  2312-3708  SurfaceComposerClient   system_server                        D  setCornerRadius ## cd4b78c com.trainingvalidator.poc/com.trainingvalidator.poc.ui.TrainingActivity#10096 cornerRadius=0.000000
2026-02-14 21:36:44.311  1653-1653  SurfaceFlinger          surfaceflinger                       I  [com.trainingvalidator.poc/com.trainingvalidator.poc.ui.TrainingActivity$_13706#10118] attach to parent LayerHierarchy{RequestedLayerState{3c656c2 com.trainingvalidator.poc/com.trainingvalidator.poc.ui.TrainingActivity#10116 parentId=10095 z=1} 1 children}
2026-02-14 21:36:44.313 13706-13706 libc                    com.trainingvalidator.poc            W  Access denied finding property "vendor.display.enable_optimal_refresh_rate"
2026-02-14 21:36:44.313 13706-13706 BufferQueueProducer     com.trainingvalidator.poc            I  [](id:358a00000008,api:0,p:11780,c:13706) setDequeueTimeout:2077252342
2026-02-14 21:36:44.313  3253-3253  NavigationBar           com.android.systemui                 D  onSystemBarAttributesChanged() -  displayId:0, appearance:0, packageName: com.trainingvalidator.poc, navbarColorManagedByIme:false
2026-02-14 21:36:44.313  2312-2466  SurfaceComposerClient   system_server                        D  setCornerRadius ## cd4b78c com.trainingvalidator.poc/com.trainingvalidator.poc.ui.TrainingActivity#10096 cornerRadius=0.000000
2026-02-14 21:36:44.314  2312-2466  SurfaceComposerClient   system_server                        D  setCornerRadius ## cd4b78c com.trainingvalidator.poc/com.trainingvalidator.poc.ui.TrainingActivity#10096 cornerRadius=0.000000
2026-02-14 21:36:44.314 13706-13706 BLASTBufferQueue_Java   com.trainingvalidator.poc            I  new BLASTBufferQueue, mName= VRI[TrainingActivity]@c97d576 mNativeObject= 0xb400007a93fa2bd0 caller= android.view.ViewRootImpl.updateBlastSurfaceIfNeeded:3585 android.view.ViewRootImpl.relayoutWindow:11685 android.view.ViewRootImpl.performTraversals:4804 android.view.ViewRootImpl.doTraversal:3924 android.view.ViewRootImpl$TraversalRunnable.run:12903 android.view.Choreographer$CallbackRecord.run:1901 android.view.Choreographer$CallbackRecord.run:1910 android.view.Choreographer.doCallbacks:1367 android.view.Choreographer.doFrame:1292 android.view.Choreographer$FrameDisplayEventReceiver.run:1870 
2026-02-14 21:36:44.314 13706-13706 BLASTBufferQueue_Java   com.trainingvalidator.poc            I  update, w= 1206 h= 1776 mName = VRI[TrainingActivity]@c97d576 mNativeObject= 0xb400007a93fa2bd0 sc.mNativeObject= 0xb400007a038878d0 format= -2 caller= android.view.ViewRootImpl.updateBlastSurfaceIfNeeded:3590 android.view.ViewRootImpl.relayoutWindow:11685 android.view.ViewRootImpl.performTraversals:4804 android.view.ViewRootImpl.doTraversal:3924 android.view.ViewRootImpl$TraversalRunnable.run:12903 android.view.Choreographer$CallbackRecord.run:1901 
2026-02-14 21:36:44.315 13706-13706 libc                    com.trainingvalidator.poc            W  Access denied finding property "vendor.display.enable_optimal_refresh_rate"
2026-02-14 21:36:44.315  1653-1653  CompositionEngine       surfaceflinger                       D  Layer: com.trainingvalidator.poc/com.trainingvalidator.poc.ui.TrainingActivity$_13706#10097 had an out of bounds transparent region
2026-02-14 21:36:44.315 13706-13706 VRI[Traini...y]@c97d576 com.trainingvalidator.poc            I  Relayout returned: old=(0,75,1080,2316) new=(27,397,1053,1993) relayoutAsync=false req=(1026,1596)0 dur=6 res=0x3 s={true 0xb400007be38cdff0} ch=true seqId=0
2026-02-14 21:36:44.315 13706-13706 VRI[Traini...y]@c97d576 com.trainingvalidator.poc            I  performConfigurationChange setNightDimText nightDimLevel=0
2026-02-14 21:36:44.320 13706-13706 VRI[Traini...y]@c97d576 com.trainingvalidator.poc            D  mThreadedRenderer.initialize() mSurface={isValid=true 0xb400007be38cdff0} hwInitialized=true
2026-02-14 21:36:44.328 13706-13706 VRI[Traini...y]@c97d576 com.trainingvalidator.poc            D  reportNextDraw android.view.ViewRootImpl.performTraversals:5443 android.view.ViewRootImpl.doTraversal:3924 android.view.ViewRootImpl$TraversalRunnable.run:12903 android.view.Choreographer$CallbackRecord.run:1901 android.view.Choreographer$CallbackRecord.run:1910 
2026-02-14 21:36:44.328 13706-13706 VRI[Traini...y]@c97d576 com.trainingvalidator.poc            D  Setup new sync=wmsSync-VRI[TrainingActivity]@c97d576#13
2026-02-14 21:36:44.328 13706-13706 VRI[Traini...y]@c97d576 com.trainingvalidator.poc            I  Creating new active sync group VRI[TrainingActivity]@c97d576#14
2026-02-14 21:36:44.329 13706-13706 VRI[Traini...y]@c97d576 com.trainingvalidator.poc            D  registerCallbacksForSync syncBuffer=false
2026-02-14 21:36:44.331  1653-1653  CompositionEngine       surfaceflinger                       D  Layer: com.trainingvalidator.poc/com.trainingvalidator.poc.ui.TrainingActivity$_13706#10097 had an out of bounds transparent region
2026-02-14 21:36:44.338  1653-1863  SurfaceFlinger          surfaceflinger                       D  [input] setFocusedWindow: 3c656c2 com.trainingvalidator.poc/com.trainingvalidator.poc.ui.TrainingActivity
2026-02-14 21:36:44.338  2312-3708  InputDispatcher         system_server                        D  Once focus requested (0): 3c656c2 com.trainingvalidator.poc/com.trainingvalidator.poc.ui.TrainingActivity
2026-02-14 21:36:44.338  2312-3708  InputDispatcher         system_server                        D  Focus request (0): 3c656c2 com.trainingvalidator.poc/com.trainingvalidator.poc.ui.TrainingActivity but waiting because NOT_VISIBLE
2026-02-14 21:36:44.338  2312-3708  InputDispatcher         system_server                        D  Focus left window (0): cd4b78c com.trainingvalidator.poc/com.trainingvalidator.poc.ui.TrainingActivity
2026-02-14 21:36:44.344 13706-13735 VRI[Traini...y]@c97d576 com.trainingvalidator.poc            D  Received frameDrawingCallback syncResult=0 frameNum=1.
2026-02-14 21:36:44.344 13706-13735 VRI[Traini...y]@c97d576 com.trainingvalidator.poc            I  mWNT: t=0xb400007bb38a9f50 mBlastBufferQueue=0xb400007a93fa2bd0 fn= 1 HdrRenderState mRenderHdrSdrRatio=1.0 caller= android.view.ViewRootImpl$12.onFrameDraw:15441 android.view.ThreadedRenderer$1.onFrameDraw:718 <bottom of call stack> 
2026-02-14 21:36:44.344 13706-13735 VRI[Traini...y]@c97d576 com.trainingvalidator.poc            I  Setting up sync and frameCommitCallback
2026-02-14 21:36:44.347  1653-1653  CompositionEngine       surfaceflinger                       D  Layer: com.trainingvalidator.poc/com.trainingvalidator.poc.ui.TrainingActivity$_13706#10097 had an out of bounds transparent region
2026-02-14 21:36:44.349 13706-13730 BLASTBufferQueue        com.trainingvalidator.poc            I  [VRI[TrainingActivity]@c97d576#6](f:0,a:0,s:0) onFrameAvailable the first frame is available
2026-02-14 21:36:44.349 13706-13730 SurfaceComposerClient   com.trainingvalidator.poc            I  apply transaction with the first frame. layerId: 10118, bufferData(ID: 58866821759019, frameNumber: 1)
2026-02-14 21:36:44.349 13706-13730 VRI[Traini...y]@c97d576 com.trainingvalidator.poc            I  Received frameCommittedCallback lastAttemptedDrawFrameNum=1 didProduceBuffer=true
2026-02-14 21:36:44.350  1653-1791  SurfaceFlinger          surfaceflinger                       I  [com.trainingvalidator.poc/com.trainingvalidator.poc.ui.TrainingActivity$_13706#10118] setTransactionState with the first frame. bufferData(ID: 58866821759019, frameNumber: 1)
2026-02-14 21:36:44.350 13706-13730 HWUI                    com.trainingvalidator.poc            D  CFMS:: SetUp Pid : 13706    Tid : 13730
2026-02-14 21:36:44.350 13706-13706 VRI[Traini...y]@c97d576 com.trainingvalidator.poc            D  reportDrawFinished seqId=0
2026-02-14 21:36:44.351  2312-4748  WindowManager           system_server                        D  finishDrawingWindow: Window{3c656c2 u0 com.trainingvalidator.poc/com.trainingvalidator.poc.ui.TrainingActivity} mDrawState=DRAW_PENDING seqId=0
2026-02-14 21:36:44.351  2312-2466  SurfaceComposerClient   system_server                        D  setCornerRadius ## cd4b78c com.trainingvalidator.poc/com.trainingvalidator.poc.ui.TrainingActivity#10096 cornerRadius=0.000000
2026-02-14 21:36:44.352  2312-2466  WindowManager           system_server                        V  Loading animations: picked package=com.trainingvalidator.poc
2026-02-14 21:36:44.352  2312-2466  WindowManager           system_server                        I  Reparenting to leash, surface=Surface(name=3c656c2 com.trainingvalidator.poc/com.trainingvalidator.poc.ui.TrainingActivity)/@0xa3d6d3c, leashParent=Surface(name=ActivityRecord{217752587 u0 com.trainingvalidator.poc/.ui.TrainingActivity t1122})/@0x1b22690
2026-02-14 21:36:44.352  1653-1791  SurfaceFlinger          surfaceflinger                       I  id=10119 createSurf, flag=24004, Surface(name=3c656c2 com.trainingvalidator.poc/com.trainingvalidator.poc.ui.TrainingActivity)/@0xa3d6d3c - animation-leash of window_animation#10119
2026-02-14 21:36:44.355  1653-1653  SurfaceFlinger          surfaceflinger                       D  Display 4630947232161729154 HWC layers:
                                                                                                           CLIENT |           58866821759003 | 00000102 | 0x0000022    |    0.0  408.0 1440.0 1080.0 |    0    0 1080 2316 | 96550e4 SurfaceView[com.trainingvali[...].ui.TrainingActivity]@0(BLAST)#10106 (229)
                                                                                                           DEVICE |           58866821758993 | 00002100 | RGBA_8888    |    0.0    0.0 1080.0 2316.0 |    0    0 1080 2316 | com.trainingvalidator.poc/com.traini[...]poc.ui.TrainingActivity$_13706#10097 (303)
                                                                                                           DEVICE |           15710990370866 | 00002100 | RGBA_8888    |    0.0    0.0   67.0  329.0 |    0  381   67  710 | com.sec.android.app.launcher/com.sam[...]l.app.CocktailBarService$_3658#10117 (1)
                                                                                                           DEVICE |           13971528619961 | 00002140 | RGBA_8888    |    0.0    0.0 1080.0   84.0 |    0    0 1080   84 | ScreenDecorOverlay$_3253#10113 (9)
                                                                                                           DEVICE |           13971528619964 | 00002140 | RGBA_8888    |    0.0    0.0 1080.0   84.0 |    0 2232 1080 2316 | ScreenDecorOverlayBottom$_3253#10114 (3)
                                                                                                    
2026-02-14 21:36:44.356  2312-2466  WindowManager           system_server                        D  makeSurface duration=3 leash=Surface(name=Surface(name=3c656c2 com.trainingvalidator.poc/com.trainingvalidator.poc.ui.TrainingActivity)/@0xa3d6d3c - animation-leash of window_animation)/@0xbd7fac5
2026-02-14 21:36:44.356  2312-2466  WindowManager           system_server                        V  performShowLocked: mDrawState=HAS_DRAWN in Window{3c656c2 u0 com.trainingvalidator.poc/com.trainingvalidator.poc.ui.TrainingActivity}
2026-02-14 21:36:44.356  2312-2466  SurfaceComposerClient   system_server                        D  setCornerRadius ## cd4b78c com.trainingvalidator.poc/com.trainingvalidator.poc.ui.TrainingActivity#10096 cornerRadius=0.000000
2026-02-14 21:36:44.357  2312-2466  SurfaceComposerClient   system_server                        D  setCornerRadius ## cd4b78c com.trainingvalidator.poc/com.trainingvalidator.poc.ui.TrainingActivity#10096 cornerRadius=0.000000
2026-02-14 21:36:44.358  2312-2466  SurfaceComposerClient   system_server                        D  setCornerRadius ## cd4b78c com.trainingvalidator.poc/com.trainingvalidator.poc.ui.TrainingActivity#10096 cornerRadius=0.000000
2026-02-14 21:36:44.359 13706-13706 VRI[Traini...y]@c97d576 com.trainingvalidator.poc            I  handleResized, frames=ClientWindowFrames{frame=[27,397][1053,1993] display=[0,75][1080,2316] parentFrame=[0,0][0,0]} displayId=0 dragResizing=false compatScale=1.0 frameChanged=false attachedFrameChanged=false configChanged=false displayChanged=false compatScaleChanged=false dragResizingChanged=false
2026-02-14 21:36:44.359 13706-13706 VRI[Traini...y]@c97d576 com.trainingvalidator.poc            I  handleResized mSyncSeqId = 0
2026-02-14 21:36:44.360 13706-13706 VRI[Traini...y]@c97d576 com.trainingvalidator.poc            D  reportNextDraw android.view.ViewRootImpl.handleResized:2983 android.view.ViewRootImpl.-$$Nest$mhandleResized:0 android.view.ViewRootImpl$W.resized:14082 android.app.servertransaction.WindowStateResizeItem.execute:93 android.app.servertransaction.WindowStateTransactionItem.execute:62 
2026-02-14 21:36:44.361  1653-1653  SurfaceFlinger          surfaceflinger                       I  [Surface(name=3c656c2 com.trainingvalidator.poc/com.trainingvalidator.poc.ui.TrainingActivity)/@0xa3d6d3c - animation-leash of window_animation#10119] attach to parent LayerHierarchy{RequestedLayerState{ActivityRecord{217752587 u0 com.trainingvalidator.poc/.ui.TrainingActivity t1122}#10095 parentId=10040 z=2} 5 children}
2026-02-14 21:36:44.362 13706-13706 ImeFocusController      com.trainingvalidator.poc            I  onPreWindowFocus: skipped hasWindowFocus=false mHasImeFocus=true
2026-02-14 21:36:44.363 13706-13706 ImeFocusController      com.trainingvalidator.poc            I  onPostWindowFocus: skipped hasWindowFocus=false mHasImeFocus=true
2026-02-14 21:36:44.363 13706-13706 VRI[Traini...y]@c97d576 com.trainingvalidator.poc            D  Setup new sync=wmsSync-VRI[TrainingActivity]@c97d576#15
2026-02-14 21:36:44.363 13706-13706 VRI[Traini...y]@c97d576 com.trainingvalidator.poc            I  Creating new active sync group VRI[TrainingActivity]@c97d576#16
2026-02-14 21:36:44.363 13706-13706 VRI[Traini...y]@c97d576 com.trainingvalidator.poc            D  registerCallbacksForSync syncBuffer=false
2026-02-14 21:36:44.364  1653-1653  CompositionEngine       surfaceflinger                       D  Layer: com.trainingvalidator.poc/com.trainingvalidator.poc.ui.TrainingActivity$_13706#10097 had an out of bounds transparent region
2026-02-14 21:36:44.365 13706-13734 VRI[Traini...y]@c97d576 com.trainingvalidator.poc            D  Received frameDrawingCallback syncResult=0 frameNum=3.
2026-02-14 21:36:44.365 13706-13734 VRI[Traini...y]@c97d576 com.trainingvalidator.poc            I  Setting up sync and frameCommitCallback
2026-02-14 21:36:44.367 13706-13730 VRI[Traini...y]@c97d576 com.trainingvalidator.poc            I  Received frameCommittedCallback lastAttemptedDrawFrameNum=3 didProduceBuffer=true
2026-02-14 21:36:44.367 13706-13706 VRI[Traini...y]@c97d576 com.trainingvalidator.poc            D  reportDrawFinished seqId=0
2026-02-14 21:36:44.367  2312-4748  WindowManager           system_server                        D  finishDrawingWindow: Window{3c656c2 u0 com.trainingvalidator.poc/com.trainingvalidator.poc.ui.TrainingActivity} mDrawState=HAS_DRAWN seqId=0
2026-02-14 21:36:44.368  2312-2466  SurfaceComposerClient   system_server                        D  setCornerRadius ## cd4b78c com.trainingvalidator.poc/com.trainingvalidator.poc.ui.TrainingActivity#10096 cornerRadius=0.000000
2026-02-14 21:36:44.368  2312-2466  SurfaceComposerClient   system_server                        D  setCornerRadius ## cd4b78c com.trainingvalidator.poc/com.trainingvalidator.poc.ui.TrainingActivity#10096 cornerRadius=0.000000
2026-02-14 21:36:44.377  1653-1653  SurfaceFlinger          surfaceflinger                       E  alpha changed 1.000 -> 0.000 - Surface(name=3c656c2 com.trainingvalidator.poc/com.trainingvalidator.poc.ui.TrainingActivity)/@0xa3d6d3c - animation-leash of window_animation#10119
2026-02-14 21:36:44.377  1653-1653  SurfaceFlinger          surfaceflinger                       E  alpha changed 0.000 -> 0.000 - Surface(name=3c656c2 com.trainingvalidator.poc/com.trainingvalidator.poc.ui.TrainingActivity)/@0xa3d6d3c - animation-leash of window_animation#10119
2026-02-14 21:36:44.377  1653-1653  SurfaceFlinger          surfaceflinger                       I  RequestedLayer [com.trainingvalidator.poc/com.traini[...]poc.ui.TrainingActivity$_13706#10118] hidden!! flag  from(1) --> to(0)
2026-02-14 21:36:44.377  1653-1653  SurfaceFlinger          surfaceflinger                       I  [LayerHierarchy{RequestedLayerState{3c656c2 com.trainingvalidator.poc/com.trainingvalidator.poc.ui.TrainingActivity#10116 parentId=10119 z=1} 1 children}] reparent to LayerHierarchy{RequestedLayerState{Surface(name=3c656c2 com.trainingvalidator.poc/com.trainingvalidator.poc.ui.TrainingActivity)/@0xa3d6d3c - animation-leash of window_animation#10119 parentId=10095 z=1} 1 children}
2026-02-14 21:36:44.381  1653-1653  CompositionEngine       surfaceflinger                       D  Layer: com.trainingvalidator.poc/com.trainingvalidator.poc.ui.TrainingActivity$_13706#10097 had an out of bounds transparent region
2026-02-14 21:36:44.383  2312-2466  SurfaceComposerClient   system_server                        D  setCornerRadius ## cd4b78c com.trainingvalidator.poc/com.trainingvalidator.poc.ui.TrainingActivity#10096 cornerRadius=0.000000
2026-02-14 21:36:44.394  1653-1653  SurfaceFlinger          surfaceflinger                       E  alpha changed 0.000 -> 0.214 - Surface(name=3c656c2 com.trainingvalidator.poc/com.trainingvalidator.poc.ui.TrainingActivity)/@0xa3d6d3c - animation-leash of window_animation#10119
2026-02-14 21:36:44.397  1653-1653  CompositionEngine       surfaceflinger                       D  Layer: com.trainingvalidator.poc/com.trainingvalidator.poc.ui.TrainingActivity$_13706#10097 had an out of bounds transparent region
2026-02-14 21:36:44.402  1653-1653  SurfaceFlinger          surfaceflinger                       D  Display 4630947232161729154 HWC layers:
                                                                                                           CLIENT |           58866821759005 | 00000102 | 0x0000022    |    0.0  408.0 1440.0 1080.0 |    0    0 1080 2316 | 96550e4 SurfaceView[com.trainingvali[...].ui.TrainingActivity]@0(BLAST)#10106 (230)
                                                                                                           DEVICE |           58866821758994 | 00002100 | RGBA_8888    |    0.0    0.0 1080.0 2316.0 |    0    0 1080 2316 | com.trainingvalidator.poc/com.traini[...]poc.ui.TrainingActivity$_13706#10097 (306)
                                                                                                           DEVICE |           58866821759017 | 00002100 | RGBA_8888    |   63.0    0.0 1143.0 1776.0 |    0  307 1080 2083 | com.trainingvalidator.poc/com.traini[...]poc.ui.TrainingActivity$_13706#10118 (3)
                                                                                                           DEVICE |           15710990370866 | 00002100 | RGBA_8888    |    0.0    0.0   67.0  329.0 |    0  381   67  710 | com.sec.android.app.launcher/com.sam[...]l.app.CocktailBarService$_3658#10117 (1)
                                                                                                           DEVICE |           13971528619961 | 00002140 | RGBA_8888    |    0.0    0.0 1080.0   84.0 |    0    0 1080   84 | ScreenDecorOverlay$_3253#10113 (9)
                                                                                                           DEVI
2026-02-14 21:36:44.404  2312-4748  InputDispatcher         system_server                        D  Focus entered window (0): 3c656c2 com.trainingvalidator.poc/com.trainingvalidator.poc.ui.TrainingActivity
2026-02-14 21:36:44.412  1653-1653  CompositionEngine       surfaceflinger                       D  Layer: com.trainingvalidator.poc/com.trainingvalidator.poc.ui.TrainingActivity$_13706#10097 had an out of bounds transparent region
2026-02-14 21:36:44.413  2312-2466  SurfaceComposerClient   system_server                        D  setCornerRadius ## cd4b78c com.trainingvalidator.poc/com.trainingvalidator.poc.ui.TrainingActivity#10096 cornerRadius=0.000000
2026-02-14 21:36:44.417  1653-1653  SurfaceFlinger          surfaceflinger                       D  Display 4630947232161729154 HWC layers:
                                                                                                           CLIENT |           58866821758999 | 00000102 | 0x0000022    |    0.0  408.0 1440.0 1080.0 |    0    0 1080 2316 | 96550e4 SurfaceView[com.trainingvali[...].ui.TrainingActivity]@0(BLAST)#10106 (231)
                                                                                                           DEVICE |           58866821758993 | 00002100 | RGBA_8888    |    0.0    0.0 1080.0 2316.0 |    0    0 1080 2316 | com.trainingvalidator.poc/com.traini[...]poc.ui.TrainingActivity$_13706#10097 (307)
                                                                                                      SOLID_COLOR |                        0 | 00000000 | N/A          |    0.0    0.0    0.0    0.0 |    0    0 1080 2316 | Dim Layer for - Task=1122#10120 (0)
                                                                                                           DEVICE |           58866821759017 | 00002100 | RGBA_8888    |   63.0    0.0 1143.0 1776.0 |    0  307 1080 2083 | com.trainingvalidator.poc/com.traini[...]poc.ui.TrainingActivity$_13706#10118 (3)
                                                                                                           DEVICE |           15710990370866 | 00002100 | RGBA_8888    |    0.0    0.0   67.0  329.0 |    0  381   67  710 | com.sec.android.app.launcher/com.sam[...]l.app.CocktailBarService$_3658#10117 (1)
                                                                                                           DEV
2026-02-14 21:36:44.419 13706-13706 VRI[Traini...y]@c97d576 com.trainingvalidator.poc            D  mThreadedRenderer.initializeIfNeeded()#2 mSurface={isValid=true 0xb400007be38cdff0}
2026-02-14 21:36:44.419 13706-13706 ImeFocusController      com.trainingvalidator.poc            I  onPreWindowFocus: skipped hasWindowFocus=true mHasImeFocus=false
2026-02-14 21:36:44.421 13706-13706 ImeFocusController      com.trainingvalidator.poc            I  onPostWindowFocus: skipped hasWindowFocus=true mHasImeFocus=false
2026-02-14 21:36:44.430  1653-1653  CompositionEngine       surfaceflinger                       D  Layer: com.trainingvalidator.poc/com.trainingvalidator.poc.ui.TrainingActivity$_13706#10097 had an out of bounds transparent region
2026-02-14 21:36:44.448  1653-1653  CompositionEngine       surfaceflinger                       D  Layer: com.trainingvalidator.poc/com.trainingvalidator.poc.ui.TrainingActivity$_13706#10097 had an out of bounds transparent region
2026-02-14 21:36:44.463  1653-1653  CompositionEngine       surfaceflinger                       D  Layer: com.trainingvalidator.poc/com.trainingvalidator.poc.ui.TrainingActivity$_13706#10097 had an out of bounds transparent region
2026-02-14 21:36:44.478  1653-1653  CompositionEngine       surfaceflinger                       D  Layer: com.trainingvalidator.poc/com.trainingvalidator.poc.ui.TrainingActivity$_13706#10097 had an out of bounds transparent region
2026-02-14 21:36:44.495  1653-1653  CompositionEngine       surfaceflinger                       D  Layer: com.trainingvalidator.poc/com.trainingvalidator.poc.ui.TrainingActivity$_13706#10097 had an out of bounds transparent region
2026-02-14 21:36:44.511  1653-1653  CompositionEngine       surfaceflinger                       D  Layer: com.trainingvalidator.poc/com.trainingvalidator.poc.ui.TrainingActivity$_13706#10097 had an out of bounds transparent region
2026-02-14 21:36:44.513  2312-2466  WindowManager           system_server                        I  Reparenting to original parent: Surface(name=ActivityRecord{217752587 u0 com.trainingvalidator.poc/.ui.TrainingActivity t1122})/@0x1b22690, destroy=true, surface=Surface(name=3c656c2 com.trainingvalidator.poc/com.trainingvalidator.poc.ui.TrainingActivity)/@0xa3d6d3c
2026-02-14 21:36:44.514  2312-2466  SurfaceComposerClient   system_server                        D  setCornerRadius ## cd4b78c com.trainingvalidator.poc/com.trainingvalidator.poc.ui.TrainingActivity#10096 cornerRadius=0.000000
2026-02-14 21:36:44.530  1653-1653  CompositionEngine       surfaceflinger                       D  Layer: com.trainingvalidator.poc/com.trainingvalidator.poc.ui.TrainingActivity$_13706#10097 had an out of bounds transparent region
2026-02-14 21:36:44.530  2312-2466  SurfaceComposerClient   system_server                        D  setCornerRadius ## cd4b78c com.trainingvalidator.poc/com.trainingvalidator.poc.ui.TrainingActivity#10096 cornerRadius=0.000000
2026-02-14 21:36:44.544  1653-1653  SurfaceFlinger          surfaceflinger                       I  [LayerHierarchy{RequestedLayerState{3c656c2 com.trainingvalidator.poc/com.trainingvalidator.poc.ui.TrainingActivity#10116 parentId=10095 z=1} 2 children}] reparent to LayerHierarchy{RequestedLayerState{ActivityRecord{217752587 u0 com.trainingvalidator.poc/.ui.TrainingActivity t1122}#10095 parentId=10040 z=2} 5 children}
2026-02-14 21:36:44.544  1653-1653  SurfaceFlinger          surfaceflinger                       I  [LayerHierarchy{RequestedLayerState{Surface(name=3c656c2 com.trainingvalidator.poc/com.trainingvalidator.poc.ui.TrainingActivity)/@0xa3d6d3c - animation-leash of window_animation#10119 z=1} no children}] reparent to OffscreenRoot
2026-02-14 21:36:44.544  1653-1653  SurfaceFlinger          surfaceflinger                       I  [LayerHierarchy{RequestedLayerState{Surface(name=3c656c2 com.trainingvalidator.poc/com.trainingvalidator.poc.ui.TrainingActivity)/@0xa3d6d3c - animation-leash of window_animation#10119 z=1} no children}] RelativeParent to null
2026-02-14 21:36:44.545  1653-1653  SurfaceFlinger          surfaceflinger                       I  id=10119 Removed Surface(name=3c656c2 com.trainingvalidator.poc/com.trainingvalidator.poc.ui.TrainingActivity)/@0xa3d6d3c - animation-leash of window_animation#10119 (160)
2026-02-14 21:36:44.545  1653-1653  CompositionEngine       surfaceflinger                       D  Layer: com.trainingvalidator.poc/com.trainingvalidator.poc.ui.TrainingActivity$_13706#10097 had an out of bounds transparent region
2026-02-14 21:36:44.548  2312-2466  SurfaceComposerClient   system_server                        D  setCornerRadius ## cd4b78c com.trainingvalidator.poc/com.trainingvalidator.poc.ui.TrainingActivity#10096 cornerRadius=0.000000
2026-02-14 21:36:44.560  1653-1653  SurfaceFlinger          surfaceflinger                       I  destroyed Surface(name=3c656c2 com.trainingvalidator.poc/com.trainingvalidator.poc.ui.TrainingActivity)/@0xa3d6d3c - animation-leash of window_animation#10119 form LifecycleManager
2026-02-14 21:36:44.560  1653-1653  SurfaceFlinger          surfaceflinger                       I  id=10119 onLayerDestroyed from LayerHierarchyBuilder(RequestedLayerState{Surface(name=3c656c2 com.trainingvalidator.poc/com.trainingvalidator.poc.ui.TrainingActivity)/@0xa3d6d3c - animation-leash of window_animation#10119 !handle z=1})
2026-02-14 21:36:44.561  1653-1653  Layer                   surfaceflinger                       I  id=10119 Destroyed Surface(name=3c656c2 com.trainingvalidator.poc/com.trainingvalidator.poc.ui.TrainingActivity)/@0xa3d6d3c - animation-leash of window_animation#10119
2026-02-14 21:36:44.561  1653-1653  CompositionEngine       surfaceflinger                       D  Layer: com.trainingvalidator.poc/com.trainingvalidator.poc.ui.TrainingActivity$_13706#10097 had an out of bounds transparent region
2026-02-14 21:36:44.774  2312-2465  SGM:GameManager         system_server                        D  identifyForegroundApp. com.trainingvalidator.poc, mCurrentUserId: 0, callerUserId: 0
2026-02-14 21:36:44.833 13706-13713 ngvalidator.poc         com.trainingvalidator.poc            I  Background concurrent mark compact GC freed 2191KB AllocSpace bytes, 25(29MB) LOS objects, 66% free, 13MB/41MB, paused 299us,7.645ms total 52.191ms
2026-02-14 21:36:45.580 13706-13706 VRI[Traini...y]@c97d576 com.trainingvalidator.poc            I  ViewPostIme pointer 0
2026-02-14 21:36:45.582 13706-13706 VRI[Traini...y]@c97d576 com.trainingvalidator.poc            I  call setFrameRateCategory for touch hint category=high hint, reason=touch, vri=VRI[TrainingActivity]@c97d576
2026-02-14 21:36:45.593  1653-1653  SurfaceFlinger          surfaceflinger                       I  [com.trainingvalidator.poc/com.trainingvalidator.poc.ui.TrainingActivity$_13706#10118] setFrameRateCategory: HighHint
2026-02-14 21:36:45.620 13706-13713 ngvalidator.poc         com.trainingvalidator.poc            I  Background concurrent mark compact GC freed 1492KB AllocSpace bytes, 24(28MB) LOS objects, 66% free, 14MB/42MB, paused 227us,7.060ms total 50.388ms
2026-02-14 21:36:45.681 13706-13706 VRI[Traini...y]@c97d576 com.trainingvalidator.poc            I  ViewPostIme pointer 1
2026-02-14 21:36:45.708 13706-13706 FeedbackManager         com.trainingvalidator.poc            D  Voice feedback enabled
2026-02-14 21:36:45.712 13706-13706 WindowManager           com.trainingvalidator.poc            I  WindowManagerGlobal#removeView, ty=2, view=com.android.internal.policy.DecorView{b983011 V.E...... R....... 0,0-1026,1596}[TrainingActivity], caller=android.view.WindowManagerGlobal.removeView:654 android.view.WindowManagerImpl.removeViewImmediate:216 android.app.Dialog.dismissDialog:850 
2026-02-14 21:36:45.713 13706-13706 WindowOnBackDispatcher  com.trainingvalidator.poc            W  sendCancelIfRunning: isInProgress=false callback=android.app.Dialog$$ExternalSyntheticLambda4@317a413
2026-02-14 21:36:45.713  2312-3708  CoreBackPreview         system_server                        D  Window{3c656c2 u0 com.trainingvalidator.poc/com.trainingvalidator.poc.ui.TrainingActivity}: Setting back callback null
2026-02-14 21:36:45.718 13706-13730 HWUI                    com.trainingvalidator.poc            D  endAllActiveAnimators on 0xb400007be38fcab0 (RippleDrawable) with handle 0xb400007c53d19880
2026-02-14 21:36:45.718 13706-13706 VRI[Traini...y]@c97d576 com.trainingvalidator.poc            I  dispatchDetachedFromWindow
2026-02-14 21:36:45.719  2312-3708  WindowManager           system_server                        V  Remove Window{3c656c2 u0 com.trainingvalidator.poc/com.trainingvalidator.poc.ui.TrainingActivity}: mSurfaceControl=Surface(name=com.trainingvalidator.poc/com.trainingvalidator.poc.ui.TrainingActivity$_13706)/@0xb8dbfe6 mAnimatingExit=false mRemoveOnExit=false mHasSurface=true surfaceShowing=true animating=false app-animation=false callers=com.android.server.wm.Session.remove:16 android.view.IWindowSession$Stub.onTransact:804 com.android.server.wm.Session.onTransact:1 android.os.Binder.execTransactInternal:1457 android.os.Binder.execTransact:1401 <bottom of call stack> 
2026-02-14 21:36:45.719  2312-3708  WindowManager           system_server                        V  Loading animations: picked package=com.trainingvalidator.poc
2026-02-14 21:36:45.720  2312-3708  WindowManager           system_server                        I  Reparenting to leash, surface=Surface(name=3c656c2 com.trainingvalidator.poc/com.trainingvalidator.poc.ui.TrainingActivity)/@0xa3d6d3c, leashParent=Surface(name=ActivityRecord{217752587 u0 com.trainingvalidator.poc/.ui.TrainingActivity t1122})/@0x1b22690
2026-02-14 21:36:45.720  1653-1791  SurfaceFlinger          surfaceflinger                       I  id=10121 createSurf, flag=24000, Surface(name=3c656c2 com.trainingvalidator.poc/com.trainingvalidator.poc.ui.TrainingActivity)/@0xa3d6d3c - animation-leash of window_animation#10121
2026-02-14 21:36:45.721  2312-3708  WindowManager           system_server                        D  makeSurface duration=2 leash=Surface(name=Surface(name=3c656c2 com.trainingvalidator.poc/com.trainingvalidator.poc.ui.TrainingActivity)/@0xa3d6d3c - animation-leash of window_animation)/@0xdb6f927
2026-02-14 21:36:45.722  2312-3708  WindowManager           system_server                        D  Changing focus from Window{3c656c2 u0 com.trainingvalidator.poc/com.trainingvalidator.poc.ui.TrainingActivity EXITING} to Window{cd4b78c u0 com.trainingvalidator.poc/com.trainingvalidator.poc.ui.TrainingActivity} displayId=0 Callers=com.android.server.wm.WindowState.removeIfPossible:602 com.android.server.wm.Session.remove:16 android.view.IWindowSession$Stub.onTransact:804 com.android.server.wm.Session.onTransact:1 
2026-02-14 21:36:45.722  2312-3708  WindowManager           system_server                        D  updateSystemBarAttributes: displayId=0, focusedCanBeNavColorWin=false, win=Window{cd4b78c u0 com.trainingvalidator.poc/com.trainingvalidator.poc.ui.TrainingActivity}, navColorWin=Window{3c656c2 u0 com.trainingvalidator.poc/com.trainingvalidator.poc.ui.TrainingActivity EXITING}, caller=com.android.server.wm.WindowManagerService.updateFocusedWindowLocked:372 com.android.server.wm.WindowState.removeIfPossible:602 com.android.server.wm.Session.remove:16 
2026-02-14 21:36:45.723  2312-3708  SystemKeyManager        system_server                        V  updateFocusedWindow() is called, com.trainingvalidator.poc/com.trainingvalidator.poc.ui.TrainingActivity
2026-02-14 21:36:45.723  2312-3708  SurfaceComposerClient   system_server                        D  setCornerRadius ## cd4b78c com.trainingvalidator.poc/com.trainingvalidator.poc.ui.TrainingActivity#10096 cornerRadius=0.000000
2026-02-14 21:36:45.723  2312-3708  SurfaceComposerClient   system_server                        D  setCornerRadius ## cd4b78c com.trainingvalidator.poc/com.trainingvalidator.poc.ui.TrainingActivity#10096 cornerRadius=0.000000
2026-02-14 21:36:45.724  2312-2466  SurfaceComposerClient   system_server                        D  setCornerRadius ## cd4b78c com.trainingvalidator.poc/com.trainingvalidator.poc.ui.TrainingActivity#10096 cornerRadius=0.000000
