2026-02-14 21:37:18.623 13706-13762 PhaseStateMachine       com.trainingvalidator.poc            D  Phase: BOTTOM → UP
2026-02-14 21:37:19.053 13706-13713 ngvalidator.poc         com.trainingvalidator.poc            I  Background concurrent mark compact GC freed 1528KB AllocSpace bytes, 21(24MB) LOS objects, 66% free, 13MB/41MB, paused 247us,8.060ms total 54.026ms
2026-02-14 21:37:19.321 13706-13762 PhaseStateMachine       com.trainingvalidator.poc            D  ★ Requesting REP completion - Entered UP range: 100.42879435418642
2026-02-14 21:37:19.322 13706-13762 PhaseStateMachine       com.trainingvalidator.poc            D  Phase: UP → START
2026-02-14 21:37:19.322 13706-13762 PhaseStateMachine       com.trainingvalidator.poc            D  ★ REP COMPLETED! (validated)
2026-02-14 21:37:19.323 13706-13762 RepCounter              com.trainingvalidator.poc            D  Weighted score: 80%, worst=NORMAL, dangerJoints=[], joints=1
2026-02-14 21:37:19.324 13706-13762 RepCounter              com.trainingvalidator.poc            D  Rep 8 completed. Score: 80.0, WorstState: NORMAL, Counted: true, Invalidated: false
2026-02-14 21:37:19.326 13706-13762 MotionRecorder          com.trainingvalidator.poc            D  Rep 8 finalized: 111 frames processed → metrics saved, frames DISCARDED
2026-02-14 21:37:19.327 13706-13762 TrainingEngine          com.trainingvalidator.poc            D  Rep 8 completed. Correct: 8/8
2026-02-14 21:37:19.327  2312-6089  VibratorManagerService  system_server                        D  vibrate - uid: 10474, opPkg: com.trainingvalidator.poc, effect: Mono{mEffect=Composed{segments=[Step{amplitude=0.0, frequencyHz=0.0, duration=0}, Step{amplitude=-1.0, frequencyHz=0.0, duration=40}], repeat=-1, mMagnitudeType=TYPE_EXTRA}}, attrs: VibrationAttributes{mUsage=TOUCH, mAudioUsage= USAGE_UNKNOWN, mFlags=0, tags=}, reason: null, token: android.os.BinderProxy@ac148f3
2026-02-14 21:37:19.327  2312-6089  VibratorManagerService  system_server                        D  Check AppOp mode VIBRATE for uid 10474 and package com.trainingvalidator.poc returned audio=allow, op=allow
2026-02-14 21:37:19.327  2312-6089  VibratorManagerService  system_server                        D  Start AppOp mode VIBRATE for uid 10474 and package com.trainingvalidator.poc returned allow
2026-02-14 21:37:19.328 13706-13706 FrameCaptureManager     com.trainingvalidator.poc            D  Max best reps (3) reached, skipping
2026-02-14 21:37:19.400  2312-2898  VibratorManagerService  system_server                        D  Finish AppOp mode VIBRATE for uid 10474 and package com.trainingvalidator.poc
2026-02-14 21:37:19.879 13706-13713 ngvalidator.poc         com.trainingvalidator.poc            I  Background concurrent mark compact GC freed 1560KB AllocSpace bytes, 24(28MB) LOS objects, 66% free, 15MB/45MB, paused 438us,8.178ms total 59.209ms
2026-02-14 21:37:19.944 13706-13766 PhaseStateMachine       com.trainingvalidator.poc            D  Left UP range, starting descent: 94.69650767778819
2026-02-14 21:37:19.945 13706-13766 PhaseStateMachine       com.trainingvalidator.poc            D  Phase: START → DOWN
2026-02-14 21:37:20.500 13706-13706 FeedbackManager         com.trainingvalidator.poc            W  ⚡ Position WARNING skipped (empty message): checkId=custom_1770886708549
2026-02-14 21:37:20.788 13706-13713 ngvalidator.poc         com.trainingvalidator.poc            I  Background concurrent mark compact GC freed 1748KB AllocSpace bytes, 27(31MB) LOS objects, 66% free, 15MB/45MB, paused 376us,7.795ms total 65.706ms
2026-02-14 21:37:21.663 13706-13713 ngvalidator.poc         com.trainingvalidator.poc            I  Background concurrent mark compact GC freed 1636KB AllocSpace bytes, 27(31MB) LOS objects, 66% free, 13MB/41MB, paused 183us,8.008ms total 55.231ms
2026-02-14 21:37:22.491 13706-13713 ngvalidator.poc         com.trainingvalidator.poc            I  Background concurrent mark compact GC freed 1528KB AllocSpace bytes, 24(28MB) LOS objects, 66% free, 15MB/45MB, paused 478us,8.212ms total 71.215ms
2026-02-14 21:37:22.524 13706-13706 FeedbackManager         com.trainingvalidator.poc            W  ⚡ Position WARNING skipped (empty message): checkId=custom_1770886708549
2026-02-14 21:37:23.370 13706-13713 ngvalidator.poc         com.trainingvalidator.poc            I  Background concurrent mark compact GC freed 1668KB AllocSpace bytes, 27(31MB) LOS objects, 66% free, 15MB/45MB, paused 224us,8.769ms total 57.344ms
2026-02-14 21:37:24.013 13706-13762 PhaseStateMachine       com.trainingvalidator.poc            D  Entered DOWN range: 79.47252810320168 (0.0-80.0)
2026-02-14 21:37:24.013 13706-13762 PhaseStateMachine       com.trainingvalidator.poc            D  Phase: DOWN → BOTTOM
2026-02-14 21:37:24.030 13706-14322 SurfaceViewImpl         com.trainingvalidator.poc            D  PreviewView.SurfaceViewImplementation.getBitmap() succeeded
2026-02-14 21:37:24.111 13706-13706 FrameCaptureManager     com.trainingvalidator.poc            D  Captured PEAK_FRAME for rep 9: 7a7e4e51
2026-02-14 21:37:24.111 13706-13706 TrainingActivity        com.trainingvalidator.poc            D  Captured peak frame for rep 9 at phase BOTTOM
2026-02-14 21:37:24.328 13706-13713 ngvalidator.poc         com.trainingvalidator.poc            I  Background concurrent mark compact GC freed 1789KB AllocSpace bytes, 27(31MB) LOS objects, 66% free, 13MB/41MB, paused 253us,7.921ms total 55.520ms
2026-02-14 21:37:25.150 13706-13713 ngvalidator.poc         com.trainingvalidator.poc            I  Background concurrent mark compact GC freed 1636KB AllocSpace bytes, 24(28MB) LOS objects, 66% free, 15MB/45MB, paused 264us,8.102ms total 58.259ms
2026-02-14 21:37:25.558 13706-13762 PhaseStateMachine       com.trainingvalidator.poc            D  Left DOWN range, ascending: 86.14174153024614
2026-02-14 21:37:25.558 13706-13762 PhaseStateMachine       com.trainingvalidator.poc            D  Phase: BOTTOM → UP
2026-02-14 21:37:26.040 13706-13713 ngvalidator.poc         com.trainingvalidator.poc            I  Background concurrent mark compact GC freed 1656KB AllocSpace bytes, 27(31MB) LOS objects, 66% free, 15MB/45MB, paused 436us,8.770ms total 61.498ms
2026-02-14 21:37:26.264 13706-13763 PhaseStateMachine       com.trainingvalidator.poc            D  ★ Requesting REP completion - Entered UP range: 100.81270437515629
2026-02-14 21:37:26.264 13706-13763 PhaseStateMachine       com.trainingvalidator.poc            D  Phase: UP → START
2026-02-14 21:37:26.264 13706-13763 PhaseStateMachine       com.trainingvalidator.poc            D  ★ REP COMPLETED! (validated)
2026-02-14 21:37:26.265 13706-13763 RepCounter              com.trainingvalidator.poc            D  Weighted score: 80%, worst=NORMAL, dangerJoints=[], joints=1
2026-02-14 21:37:26.266 13706-13763 RepCounter              com.trainingvalidator.poc            D  Rep 9 completed. Score: 80.0, WorstState: NORMAL, Counted: true, Invalidated: false
2026-02-14 21:37:26.268 13706-13763 MotionRecorder          com.trainingvalidator.poc            D  Rep 9 finalized: 206 frames processed → metrics saved, frames DISCARDED
2026-02-14 21:37:26.268 13706-13763 TrainingEngine          com.trainingvalidator.poc            D  Rep 9 completed. Correct: 9/9
2026-02-14 21:37:26.270  2312-6064  VibratorManagerService  system_server                        D  vibrate - uid: 10474, opPkg: com.trainingvalidator.poc, effect: Mono{mEffect=Composed{segments=[Step{amplitude=0.0, frequencyHz=0.0, duration=0}, Step{amplitude=-1.0, frequencyHz=0.0, duration=40}], repeat=-1, mMagnitudeType=TYPE_EXTRA}}, attrs: VibrationAttributes{mUsage=TOUCH, mAudioUsage= USAGE_UNKNOWN, mFlags=0, tags=}, reason: null, token: android.os.BinderProxy@ac148f3
2026-02-14 21:37:26.271  2312-6064  VibratorManagerService  system_server                        D  Check AppOp mode VIBRATE for uid 10474 and package com.trainingvalidator.poc returned audio=allow, op=allow
2026-02-14 21:37:26.271  2312-6064  VibratorManagerService  system_server                        D  Start AppOp mode VIBRATE for uid 10474 and package com.trainingvalidator.poc returned allow
2026-02-14 21:37:26.271 13706-13706 AudioFeedbackPlayer     com.trainingvalidator.poc            D  No audio URL, using TTS for: 9...
2026-02-14 21:37:26.273 13706-13706 AudioFeedbackPlayer     com.trainingvalidator.poc            D  Playing TTS: 9
2026-02-14 21:37:26.275 13706-13706 FrameCaptureManager     com.trainingvalidator.poc            D  Max best reps (3) reached, skipping
2026-02-14 21:37:26.351  2312-2898  VibratorManagerService  system_server                        D  Finish AppOp mode VIBRATE for uid 10474 and package com.trainingvalidator.poc
2026-02-14 21:37:26.939 13706-13713 ngvalidator.poc         com.trainingvalidator.poc            I  Background concurrent mark compact GC freed 1896KB AllocSpace bytes, 27(31MB) LOS objects, 66% free, 15MB/45MB, paused 430us,8.538ms total 56.484ms
2026-02-14 21:37:27.051 13706-13766 PhaseStateMachine       com.trainingvalidator.poc            D  Left UP range, starting descent: 94.51762275610228
2026-02-14 21:37:27.051 13706-13766 PhaseStateMachine       com.trainingvalidator.poc            D  Phase: START → DOWN
2026-02-14 21:37:27.687 13706-13766 PhaseStateMachine       com.trainingvalidator.poc            D  Entered DOWN range: 76.98752782646419 (0.0-80.0)
2026-02-14 21:37:27.687 13706-13766 PhaseStateMachine       com.trainingvalidator.poc            D  Phase: DOWN → BOTTOM
2026-02-14 21:37:27.704 13706-14330 SurfaceViewImpl         com.trainingvalidator.poc            D  PreviewView.SurfaceViewImplementation.getBitmap() succeeded
2026-02-14 21:37:27.797 13706-13706 FrameCaptureManager     com.trainingvalidator.poc            D  Captured PEAK_FRAME for rep 10: c6924cc3
2026-02-14 21:37:27.797 13706-13706 TrainingActivity        com.trainingvalidator.poc            D  Captured peak frame for rep 10 at phase BOTTOM
2026-02-14 21:37:27.918 13706-13713 ngvalidator.poc         com.trainingvalidator.poc            I  Background concurrent mark compact GC freed 1661KB AllocSpace bytes, 27(31MB) LOS objects, 66% free, 13MB/41MB, paused 294us,8.396ms total 59.296ms
2026-02-14 21:37:28.692 13706-13713 ngvalidator.poc         com.trainingvalidator.poc            I  Background concurrent mark compact GC freed 1636KB AllocSpace bytes, 24(28MB) LOS objects, 66% free, 13MB/41MB, paused 346us,8.255ms total 53.840ms
2026-02-14 21:37:29.142 13706-13766 PhaseStateMachine       com.trainingvalidator.poc            D  Left DOWN range, ascending: 85.87645747785706
2026-02-14 21:37:29.142 13706-13766 PhaseStateMachine       com.trainingvalidator.poc            D  Phase: BOTTOM → UP
2026-02-14 21:37:29.498 13706-13713 ngvalidator.poc         com.trainingvalidator.poc            I  Background concurrent mark compact GC freed 1596KB AllocSpace bytes, 24(28MB) LOS objects, 66% free, 13MB/41MB, paused 354us,7.596ms total 55.043ms
2026-02-14 21:37:30.124 13706-13762 PhaseStateMachine       com.trainingvalidator.poc            D  ★ Requesting REP completion - Entered UP range: 100.7845369066794
2026-02-14 21:37:30.124 13706-13762 PhaseStateMachine       com.trainingvalidator.poc            D  Phase: UP → START
2026-02-14 21:37:30.124 13706-13762 PhaseStateMachine       com.trainingvalidator.poc            D  ★ REP COMPLETED! (validated)
2026-02-14 21:37:30.125 13706-13762 RepCounter              com.trainingvalidator.poc            D  Weighted score: 80%, worst=NORMAL, dangerJoints=[], joints=1
2026-02-14 21:37:30.125 13706-13762 RepCounter              com.trainingvalidator.poc            D  Rep 10 completed. Score: 80.0, WorstState: NORMAL, Counted: true, Invalidated: false
2026-02-14 21:37:30.126 13706-13706 MessageOrchestrator     com.trainingvalidator.poc            D  Message decision: streak:10 -> AUDIO_AND_VISUAL (repeat #1)
2026-02-14 21:37:30.126 13706-13706 FeedbackManager         com.trainingvalidator.poc            D  LocalizedText has NO audio URL for ar. Text: ممتاز! استمر!...
2026-02-14 21:37:30.126 13706-13706 AudioFeedbackPlayer     com.trainingvalidator.poc            D  No audio URL, using TTS for: ممتاز! استمر!...
2026-02-14 21:37:30.127 13706-13762 MotionRecorder          com.trainingvalidator.poc            D  Rep 10 finalized: 114 frames processed → metrics saved, frames DISCARDED
2026-02-14 21:37:30.127 13706-13762 TrainingEngine          com.trainingvalidator.poc            D  Rep 10 completed. Correct: 10/10
2026-02-14 21:37:30.127 13706-13706 AudioFeedbackPlayer     com.trainingvalidator.poc            D  Playing TTS: ممتاز! استمر!
2026-02-14 21:37:30.128  2312-6082  VibratorManagerService  system_server                        D  vibrate - uid: 10474, opPkg: com.trainingvalidator.poc, effect: Mono{mEffect=Composed{segments=[Step{amplitude=0.0, frequencyHz=0.0, duration=0}, Step{amplitude=-1.0, frequencyHz=0.0, duration=40}], repeat=-1, mMagnitudeType=TYPE_EXTRA}}, attrs: VibrationAttributes{mUsage=TOUCH, mAudioUsage= USAGE_UNKNOWN, mFlags=0, tags=}, reason: null, token: android.os.BinderProxy@ac148f3
2026-02-14 21:37:30.128  2312-6082  VibratorManagerService  system_server                        D  Check AppOp mode VIBRATE for uid 10474 and package com.trainingvalidator.poc returned audio=allow, op=allow
2026-02-14 21:37:30.128  2312-6082  VibratorManagerService  system_server                        D  Start AppOp mode VIBRATE for uid 10474 and package com.trainingvalidator.poc returned allow
2026-02-14 21:37:30.129  2312-6082  VibratorManagerService  system_server                        D  vibrate - uid: 10474, opPkg: com.trainingvalidator.poc, effect: Mono{mEffect=Composed{segments=[Step{amplitude=0.0, frequencyHz=0.0, duration=0}, Step{amplitude=-1.0, frequencyHz=0.0, duration=40}], repeat=-1, mMagnitudeType=TYPE_EXTRA}}, attrs: VibrationAttributes{mUsage=TOUCH, mAudioUsage= USAGE_UNKNOWN, mFlags=0, tags=}, reason: null, token: android.os.BinderProxy@ac148f3
2026-02-14 21:37:30.129  2312-6082  VibratorManagerService  system_server                        D  Check AppOp mode VIBRATE for uid 10474 and package com.trainingvalidator.poc returned audio=allow, op=allow
2026-02-14 21:37:30.129  2312-6082  VibrationThread         system_server                        D  Vibration cancel requested with signal=EndInfo{status=CANCELLED_SUPERSEDED, endedBy=CallerInfo{ uid=10474, opPkg=com.trainingvalidator.poc, deviceId=0, attrs=VibrationAttributes{mUsage=TOUCH, mAudioUsage= USAGE_UNKNOWN, mFlags=0, tags=}, reason=null}}, immediate=false
2026-02-14 21:37:30.130 13706-13706 FrameCaptureManager     com.trainingvalidator.poc            D  Max best reps (3) reached, skipping
2026-02-14 21:37:30.156  2312-2898  VibrationThread         system_server                        D  Vibration 2834 finished with EndInfo{status=CANCELLED_SUPERSEDED, endedBy=CallerInfo{ uid=10474, opPkg=com.trainingvalidator.poc, deviceId=0, attrs=VibrationAttributes{mUsage=TOUCH, mAudioUsage= USAGE_UNKNOWN, mFlags=0, tags=}, reason=null}}
2026-02-14 21:37:30.156  2312-2898  VibratorManagerService  system_server                        D  Finish AppOp mode VIBRATE for uid 10474 and package com.trainingvalidator.poc
2026-02-14 21:37:30.157  2312-2898  VibratorManagerService  system_server                        D  Start AppOp mode VIBRATE for uid 10474 and package com.trainingvalidator.poc returned allow
2026-02-14 21:37:30.213  2312-2898  VibratorManagerService  system_server                        D  Finish AppOp mode VIBRATE for uid 10474 and package com.trainingvalidator.poc
2026-02-14 21:37:30.216 13706-13706 MessageOrchestrator     com.trainingvalidator.poc            D  Preempting streak:10 (20) with camera:front_view (60)
2026-02-14 21:37:30.309 13706-13713 ngvalidator.poc         com.trainingvalidator.poc            I  Background concurrent mark compact GC freed 1728KB AllocSpace bytes, 24(28MB) LOS objects, 66% free, 15MB/45MB, paused 332us,8.943ms total 60.746ms
2026-02-14 21:37:30.945 13706-13762 PhaseStateMachine       com.trainingvalidator.poc            D  Left UP range, starting descent: 94.89839270598121
2026-02-14 21:37:30.945 13706-13762 PhaseStateMachine       com.trainingvalidator.poc            D  Phase: START → DOWN
2026-02-14 21:37:31.215 13706-13713 ngvalidator.poc         com.trainingvalidator.poc            I  Background concurrent mark compact GC freed 1764KB AllocSpace bytes, 27(31MB) LOS objects, 66% free, 15MB/45MB, paused 387us,7.426ms total 74.938ms
2026-02-14 21:37:31.417 13706-13762 PhaseStateMachine       com.trainingvalidator.poc            D  Entered DOWN range: 78.96283862030928 (0.0-80.0)
2026-02-14 21:37:31.417 13706-13762 PhaseStateMachine       com.trainingvalidator.poc            D  Phase: DOWN → BOTTOM
2026-02-14 21:37:31.435 13706-14363 SurfaceViewImpl         com.trainingvalidator.poc            D  PreviewView.SurfaceViewImplementation.getBitmap() succeeded
2026-02-14 21:37:31.517 13706-13706 FrameCaptureManager     com.trainingvalidator.poc            D  Captured PEAK_FRAME for rep 11: c2a7b974
2026-02-14 21:37:31.517 13706-13706 TrainingActivity        com.trainingvalidator.poc            D  Captured peak frame for rep 11 at phase BOTTOM
2026-02-14 21:37:31.518 13706-13706 MessageOrchestrator     com.trainingvalidator.poc            D  Preempting streak:10 (20) with state:neck_left:NORMAL:DOWN_ZONE (30)
2026-02-14 21:37:32.189 13706-13713 ngvalidator.poc         com.trainingvalidator.poc            I  Background concurrent mark compact GC freed 1720KB AllocSpace bytes, 27(31MB) LOS objects, 66% free, 15MB/45MB, paused 492us,7.378ms total 71.639ms
2026-02-14 21:37:32.681 13706-13706 MessageOrchestrator     com.trainingvalidator.poc            D  Message decision: state:neck_left:PERFECT:DOWN_ZONE -> AUDIO_AND_VISUAL (repeat #1)
2026-02-14 21:37:32.681 13706-13706 FeedbackManager         com.trainingvalidator.poc            D  LocalizedText has NO audio URL for ar. Text: ممتاز!...
2026-02-14 21:37:32.681 13706-13706 AudioFeedbackPlayer     com.trainingvalidator.poc            D  No audio URL, using TTS for: ممتاز!...
2026-02-14 21:37:32.683 13706-13706 AudioFeedbackPlayer     com.trainingvalidator.poc            D  Playing TTS: ممتاز!
2026-02-14 21:37:32.684  2312-6064  VibratorManagerService  system_server                        D  vibrate - uid: 10474, opPkg: com.trainingvalidator.poc, effect: Mono{mEffect=Composed{segments=[Step{amplitude=0.0, frequencyHz=0.0, duration=0}, Step{amplitude=-1.0, frequencyHz=0.0, duration=40}], repeat=-1, mMagnitudeType=TYPE_EXTRA}}, attrs: VibrationAttributes{mUsage=TOUCH, mAudioUsage= USAGE_UNKNOWN, mFlags=0, tags=}, reason: null, token: android.os.BinderProxy@ac148f3
2026-02-14 21:37:32.684  2312-6064  VibratorManagerService  system_server                        D  Check AppOp mode VIBRATE for uid 10474 and package com.trainingvalidator.poc returned audio=allow, op=allow
2026-02-14 21:37:32.684  2312-6064  VibratorManagerService  system_server                        D  Start AppOp mode VIBRATE for uid 10474 and package com.trainingvalidator.poc returned allow
2026-02-14 21:37:32.753  2312-2898  VibratorManagerService  system_server                        D  Finish AppOp mode VIBRATE for uid 10474 and package com.trainingvalidator.poc
2026-02-14 21:37:32.965 13706-13706 MessageOrchestrator     com.trainingvalidator.poc            D  Preempting state:neck_left:PERFECT:DOWN_ZONE (20) with state:neck_left:NORMAL:DOWN_ZONE (30)
2026-02-14 21:37:32.990 13706-13706 FeedbackManager         com.trainingvalidator.poc            W  ⚡ Position WARNING skipped (empty message): checkId=custom_1770886708549
2026-02-14 21:37:33.013 13706-13762 PhaseStateMachine       com.trainingvalidator.poc            D  Left DOWN range, ascending: 85.71116720072591
2026-02-14 21:37:33.013 13706-13762 PhaseStateMachine       com.trainingvalidator.poc            D  Phase: BOTTOM → UP
2026-02-14 21:37:33.062 13706-13713 ngvalidator.poc         com.trainingvalidator.poc            I  Background concurrent mark compact GC freed 1824KB AllocSpace bytes, 27(31MB) LOS objects, 66% free, 13MB/41MB, paused 209us,7.601ms total 52.036ms
2026-02-14 21:37:33.870 13706-13766 PhaseStateMachine       com.trainingvalidator.poc            D  ★ Requesting REP completion - Entered UP range: 101.46515088339767
2026-02-14 21:37:33.870 13706-13766 PhaseStateMachine       com.trainingvalidator.poc            D  Phase: UP → START
2026-02-14 21:37:33.870 13706-13766 PhaseStateMachine       com.trainingvalidator.poc            D  ★ REP COMPLETED! (validated)
2026-02-14 21:37:33.871 13706-13766 RepCounter              com.trainingvalidator.poc            D  Weighted score: 80%, worst=NORMAL, dangerJoints=[], joints=1
2026-02-14 21:37:33.871 13706-13766 RepCounter              com.trainingvalidator.poc            D  Rep 11 completed. Score: 80.0, WorstState: NORMAL, Counted: true, Invalidated: false
2026-02-14 21:37:33.872  2312-6074  VibratorManagerService  system_server                        D  vibrate - uid: 10474, opPkg: com.trainingvalidator.poc, effect: Mono{mEffect=Composed{segments=[Step{amplitude=0.0, frequencyHz=0.0, duration=0}, Step{amplitude=-1.0, frequencyHz=0.0, duration=40}], repeat=-1, mMagnitudeType=TYPE_EXTRA}}, attrs: VibrationAttributes{mUsage=TOUCH, mAudioUsage= USAGE_UNKNOWN, mFlags=0, tags=}, reason: null, token: android.os.BinderProxy@ac148f3
2026-02-14 21:37:33.872 13706-13766 MotionRecorder          com.trainingvalidator.poc            D  Rep 11 finalized: 110 frames processed → metrics saved, frames DISCARDED
2026-02-14 21:37:33.872 13706-13766 TrainingEngine          com.trainingvalidator.poc            D  Rep 11 completed. Correct: 11/11
2026-02-14 21:37:33.872  2312-6074  VibratorManagerService  system_server                        D  Check AppOp mode VIBRATE for uid 10474 and package com.trainingvalidator.poc returned audio=allow, op=allow
2026-02-14 21:37:33.872  2312-6074  VibratorManagerService  system_server                        D  Start AppOp mode VIBRATE for uid 10474 and package com.trainingvalidator.poc returned allow
2026-02-14 21:37:33.874 13706-13706 FrameCaptureManager     com.trainingvalidator.poc            D  Max best reps (3) reached, skipping
2026-02-14 21:37:33.876 13706-13713 ngvalidator.poc         com.trainingvalidator.poc            I  Background concurrent mark compact GC freed 1512KB AllocSpace bytes, 24(28MB) LOS objects, 66% free, 13MB/41MB, paused 259us,8.126ms total 57.060ms
2026-02-14 21:37:33.927  2312-2898  VibratorManagerService  system_server                        D  Finish AppOp mode VIBRATE for uid 10474 and package com.trainingvalidator.poc
2026-02-14 21:37:34.258 13706-13706 MessageOrchestrator     com.trainingvalidator.poc            D  Preempting state:neck_left:PERFECT:DOWN_ZONE (20) with camera:front_view (60)
2026-02-14 21:37:34.625 13706-13762 PhaseStateMachine       com.trainingvalidator.poc            D  Left UP range, starting descent: 94.97206292062924
2026-02-14 21:37:34.625 13706-13762 PhaseStateMachine       com.trainingvalidator.poc            D  Phase: START → DOWN
2026-02-14 21:37:34.703 13706-13713 ngvalidator.poc         com.trainingvalidator.poc            I  Background concurrent mark compact GC freed 1616KB AllocSpace bytes, 26(30MB) LOS objects, 66% free, 12MB/38MB, paused 905us,8.031ms total 83.223ms
2026-02-14 21:37:35.246 13706-13762 PhaseStateMachine       com.trainingvalidator.poc            D  Entered DOWN range: 79.89762517578187 (0.0-80.0)
2026-02-14 21:37:35.246 13706-13762 PhaseStateMachine       com.trainingvalidator.poc            D  Phase: DOWN → BOTTOM
2026-02-14 21:37:35.264 13706-14366 SurfaceViewImpl         com.trainingvalidator.poc            D  PreviewView.SurfaceViewImplementation.getBitmap() succeeded
2026-02-14 21:37:35.343 13706-13706 FrameCaptureManager     com.trainingvalidator.poc            D  Captured PEAK_FRAME for rep 12: 6795eca8
2026-02-14 21:37:35.343 13706-13706 TrainingActivity        com.trainingvalidator.poc            D  Captured peak frame for rep 12 at phase BOTTOM
2026-02-14 21:37:35.531 13706-13713 ngvalidator.poc         com.trainingvalidator.poc            I  Background concurrent mark compact GC freed 1424KB AllocSpace bytes, 21(24MB) LOS objects, 66% free, 15MB/45MB, paused 723us,9.154ms total 80.341ms
2026-02-14 21:37:36.459 13706-13713 ngvalidator.poc         com.trainingvalidator.poc            I  Background concurrent mark compact GC freed 1744KB AllocSpace bytes, 27(31MB) LOS objects, 66% free, 16MB/49MB, paused 293us,18.853ms total 98.021ms
2026-02-14 21:37:36.577 13706-13766 PhaseStateMachine       com.trainingvalidator.poc            D  Left DOWN range, ascending: 85.33357205604456
2026-02-14 21:37:36.577 13706-13766 PhaseStateMachine       com.trainingvalidator.poc            D  Phase: BOTTOM → UP
2026-02-14 21:37:36.732 13706-14127 TransportR...EventStore com.trainingvalidator.poc            D  Storing event with priority=DEFAULT, name=COREML_ON_DEVICE_SOLUTIONS for destination cct
2026-02-14 21:37:36.737 13706-14127 TransportR...oScheduler com.trainingvalidator.poc            D  Scheduling upload for context TransportContext(cct, DEFAULT, MSRodHRwczovL2ZpcmViYXNlbG9nZ2luZy5nb29nbGVhcGlzLmNvbS92MGNjL2xvZy9iYXRjaD9mb3JtYXQ9anNvbl9wcm90bzNc) with jobId=898246501 in 871948ms(Backend next call timestamp 1771098728685). Attempt 1
2026-02-14 21:37:37.296 13706-13766 PhaseStateMachine       com.trainingvalidator.poc            D  ★ Requesting REP completion - Entered UP range: 101.73319465203797
2026-02-14 21:37:37.296 13706-13766 PhaseStateMachine       com.trainingvalidator.poc            D  Phase: UP → START
2026-02-14 21:37:37.296 13706-13766 PhaseStateMachine       com.trainingvalidator.poc            D  ★ REP COMPLETED! (validated)
2026-02-14 21:37:37.297 13706-13766 RepCounter              com.trainingvalidator.poc            D  Weighted score: 80%, worst=NORMAL, dangerJoints=[], joints=1
2026-02-14 21:37:37.297 13706-13766 RepCounter              com.trainingvalidator.poc            D  Rep 12 completed. Score: 80.0, WorstState: NORMAL, Counted: true, Invalidated: false
2026-02-14 21:37:37.298 13706-13766 MotionRecorder          com.trainingvalidator.poc            D  Rep 12 finalized: 101 frames processed → metrics saved, frames DISCARDED
2026-02-14 21:37:37.298 13706-13766 TrainingEngine          com.trainingvalidator.poc            D  Rep 12 completed. Correct: 12/12
2026-02-14 21:37:37.301  2312-6052  VibratorManagerService  system_server                        D  vibrate - uid: 10474, opPkg: com.trainingvalidator.poc, effect: Mono{mEffect=Composed{segments=[Step{amplitude=0.0, frequencyHz=0.0, duration=0}, Step{amplitude=-1.0, frequencyHz=0.0, duration=40}], repeat=-1, mMagnitudeType=TYPE_EXTRA}}, attrs: VibrationAttributes{mUsage=TOUCH, mAudioUsage= USAGE_UNKNOWN, mFlags=0, tags=}, reason: null, token: android.os.BinderProxy@ac148f3
2026-02-14 21:37:37.301  2312-6052  VibratorManagerService  system_server                        D  Check AppOp mode VIBRATE for uid 10474 and package com.trainingvalidator.poc returned audio=allow, op=allow
2026-02-14 21:37:37.301  2312-6052  VibratorManagerService  system_server                        D  Start AppOp mode VIBRATE for uid 10474 and package com.trainingvalidator.poc returned allow
2026-02-14 21:37:37.301 13706-13706 AudioFeedbackPlayer     com.trainingvalidator.poc            D  No audio URL, using TTS for: 12...
2026-02-14 21:37:37.302 13706-13706 AudioFeedbackPlayer     com.trainingvalidator.poc            D  Playing TTS: 12
2026-02-14 21:37:37.303 13706-13706 FrameCaptureManager     com.trainingvalidator.poc            D  Max best reps (3) reached, skipping
2026-02-14 21:37:37.305  2312-6052  VibratorManagerService  system_server                        D  vibrate - uid: 10474, opPkg: com.trainingvalidator.poc, effect: Mono{mEffect=Composed{segments=[Step{amplitude=0.0, frequencyHz=0.0, duration=0}, Step{amplitude=-1.0, frequencyHz=0.0, duration=100}, Step{amplitude=0.0, frequencyHz=0.0, duration=100}, Step{amplitude=-1.0, frequencyHz=0.0, duration=100}, Step{amplitude=0.0, frequencyHz=0.0, duration=100}, Step{amplitude=-1.0, frequencyHz=0.0, duration=200}], repeat=-1, mMagnitudeType=TYPE_EXTRA}}, attrs: VibrationAttributes{mUsage=MEDIA, mAudioUsage= USAGE_UNKNOWN, mFlags=0, tags=}, reason: null, token: android.os.BinderProxy@ac148f3
2026-02-14 21:37:37.305  2312-6052  VibratorManagerService  system_server                        D  Check AppOp mode VIBRATE for uid 10474 and package com.trainingvalidator.poc returned audio=allow, op=allow
2026-02-14 21:37:37.305  2312-6052  VibrationThread         system_server                        D  Vibration cancel requested with signal=EndInfo{status=CANCELLED_SUPERSEDED, endedBy=CallerInfo{ uid=10474, opPkg=com.trainingvalidator.poc, deviceId=0, attrs=VibrationAttributes{mUsage=MEDIA, mAudioUsage= USAGE_UNKNOWN, mFlags=0, tags=}, reason=null}}, immediate=false
2026-02-14 21:37:37.310 13706-13706 SessionSupervisor       com.trainingvalidator.poc            D  State: TRAINING → COMPLETED
2026-02-14 21:37:37.312 13706-13706 TrainingEngine          com.trainingvalidator.poc            D  Training stopped. Duration: 56249ms, Summary: SessionSummary(exerciseName=Flex Neck, totalReps=12, countedReps=12, invalidatedReps=0, averageScore=80.0, countedRatio=1.0, durationMs=56249, stateBreakdown={NORMAL=12}, commonErrors={}, repDetails=[RepResult(repNumber=1, score=80.0, worstState=NORMAL, isCounted=true, isInvalidated=false, errors=[], positionErrors=[], positionWarningCount=0, positionTipCount=0, phaseTimings={idle=75, start=1236, down=672, bottom=1587, up=971}, timestamp=1771097814549), RepResult(repNumber=2, score=80.0, worstState=NORMAL, isCounted=true, isInvalidated=false, errors=[], positionErrors=[], positionWarningCount=0, positionTipCount=0, phaseTimings={start=879, down=585, bottom=1507, up=742}, timestamp=1771097818257), RepResult(repNumber=3, score=80.0, worstState=NORMAL, isCounted=true, isInvalidated=false, errors=[], positionErrors=[], positionWarningCount=0, positionTipCount=0, phaseTimings={start=985, down=642, bottom=1263, up=734}, timestamp=1771097821886), RepResult(repNumber=4, score=80.0, worstState=NORMAL, isCounted=true, isInvalidated=false, errors=[], positionErrors=[], positionWarningCount=0, positionTipCount=0, phaseTimings={start=865, down=540, bottom=1231, up=532}, timestamp=1771097825048), RepResult(repNumber=5, score=80.0, worstState=NORMAL, isCounted=true, isInvalidated=false, errors=[], positionErrors=[], positionWarningCount=0, positionTipCount=0, phaseTimings={start=1005, down=520, bottom=1278, up=661}, timestamp=1771097828506), RepResult(repNumber=6, score=80.0, worstState=NORMAL, isCounted=true, isInvalidated=false, errors=[], positionErrors=[], positionWarningCount=0, positionTipCount=0, phaseTimings={start=799, down=538, bottom=1370, up=735}, timestamp=1771097831959), RepResult(repNumber=7, score=80.0, worstState=NORMAL, isCounted=true, isInvalidated=false, errors=[], positionErrors=[], positionWarningCount=0, positionTipCount=0, phaseTimings={start=1004, down=527, bottom=1397, up=666}, timestamp=1771097835544), RepResult(repNumber=8, score=80.0, worstState=NORMAL, isCounted=true, isInvalidated=false, errors=[], positionErrors=[], positionWarningCount=0, positionTipCount=0, phaseTimings={start=1035, down=567, bottom=1472, up=695}, timestamp=1771097839323), RepResult(repNumber=9, score=80.0, worstState=NORMAL, isCounted=true, isInvalidated=false, errors=[], positionErrors=[], positionWarningCount=1, positionTipCount=0, phaseTimings={start=631, down=4067, bottom=1541, up=698}, timestamp=1771097846265), RepResult(repNumber=10, score=80.0, worstState=NORMAL, isCounted=true, isInvalidated=false, errors=[], positionErrors=[], positionWarningCount=0, positionTipCount=0, phaseTimings={start=798, down=633, bottom=1462, up=974}, timestamp=1771097850125), RepResult(repNumber=11, score=80.0, worstState=NORMAL, isCounted=true, isInvalidated=false, errors=[], positionErrors=[], positionWarningCount=1, positionTipCount=0, phaseTimings={start=828, down=471, bottom=1599, up=841}, timestamp=1771097853871), RepResult(repNumber=12, score=80.0, worstState=NORMAL, isCounted=true, isInvalidated=false, errors=[], positionErrors=[], positionWarningCount=0, positionTipCount=0, phaseTimings={start=765, down=625, bottom=1330, up=715}, timestamp=1771097857297)], weightKg=null, weightUnit=kg)
2026-02-14 21:37:37.316 13706-13706 TrainingActivity        com.trainingvalidator.poc            D  Training completed. Captured 12 frames (364 KB)
2026-02-14 21:37:37.316 13706-13706 TrainingActivity        com.trainingvalidator.poc            D  Frame captures count: 12
2026-02-14 21:37:37.320 13706-13766 TrainingActivity        com.trainingvalidator.poc            D  Generating report in background...
2026-02-14 21:37:37.322 13706-13706 TrainingActivity        com.trainingvalidator.poc            D  completeTraining already called, skipping duplicate
2026-02-14 21:37:37.322 13706-13706 SessionSupervisor       com.trainingvalidator.poc            D  Target reached - training completed
2026-02-14 21:37:37.325  2312-2898  VibrationThread         system_server                        D  Vibration 2838 finished with EndInfo{status=CANCELLED_SUPERSEDED, endedBy=CallerInfo{ uid=10474, opPkg=com.trainingvalidator.poc, deviceId=0, attrs=VibrationAttributes{mUsage=MEDIA, mAudioUsage= USAGE_UNKNOWN, mFlags=0, tags=}, reason=null}}
2026-02-14 21:37:37.326  2312-2898  VibratorManagerService  system_server                        D  Finish AppOp mode VIBRATE for uid 10474 and package com.trainingvalidator.poc
2026-02-14 21:37:37.326  2312-2898  VibratorManagerService  system_server                        D  Start AppOp mode VIBRATE for uid 10474 and package com.trainingvalidator.poc returned allow
2026-02-14 21:37:37.328 13706-13766 MotionRecorder          com.trainingvalidator.poc            D  Session finalized: 12 reps, avgScore=80.0%, NO raw data saved (metrics only)
2026-02-14 21:37:37.328 13706-13766 TrainingViewModel       com.trainingvalidator.poc            D  Session finalized: 12 reps, 80.0% avg score
2026-02-14 21:37:37.331 13706-13766 TrainingEngine          com.trainingvalidator.poc            D  Training stopped. Duration: 56249ms, Summary: SessionSummary(exerciseName=Flex Neck, totalReps=12, countedReps=12, invalidatedReps=0, averageScore=80.0, countedRatio=1.0, durationMs=56249, stateBreakdown={NORMAL=12}, commonErrors={}, repDetails=[RepResult(repNumber=1, score=80.0, worstState=NORMAL, isCounted=true, isInvalidated=false, errors=[], positionErrors=[], positionWarningCount=0, positionTipCount=0, phaseTimings={idle=75, start=1236, down=672, bottom=1587, up=971}, timestamp=1771097814549), RepResult(repNumber=2, score=80.0, worstState=NORMAL, isCounted=true, isInvalidated=false, errors=[], positionErrors=[], positionWarningCount=0, positionTipCount=0, phaseTimings={start=879, down=585, bottom=1507, up=742}, timestamp=1771097818257), RepResult(repNumber=3, score=80.0, worstState=NORMAL, isCounted=true, isInvalidated=false, errors=[], positionErrors=[], positionWarningCount=0, positionTipCount=0, phaseTimings={start=985, down=642, bottom=1263, up=734}, timestamp=1771097821886), RepResult(repNumber=4, score=80.0, worstState=NORMAL, isCounted=true, isInvalidated=false, errors=[], positionErrors=[], positionWarningCount=0, positionTipCount=0, phaseTimings={start=865, down=540, bottom=1231, up=532}, timestamp=1771097825048), RepResult(repNumber=5, score=80.0, worstState=NORMAL, isCounted=true, isInvalidated=false, errors=[], positionErrors=[], positionWarningCount=0, positionTipCount=0, phaseTimings={start=1005, down=520, bottom=1278, up=661}, timestamp=1771097828506), RepResult(repNumber=6, score=80.0, worstState=NORMAL, isCounted=true, isInvalidated=false, errors=[], positionErrors=[], positionWarningCount=0, positionTipCount=0, phaseTimings={start=799, down=538, bottom=1370, up=735}, timestamp=1771097831959), RepResult(repNumber=7, score=80.0, worstState=NORMAL, isCounted=true, isInvalidated=false, errors=[], positionErrors=[], positionWarningCount=0, positionTipCount=0, phaseTimings={start=1004, down=527, bottom=1397, up=666}, timestamp=1771097835544), RepResult(repNumber=8, score=80.0, worstState=NORMAL, isCounted=true, isInvalidated=false, errors=[], positionErrors=[], positionWarningCount=0, positionTipCount=0, phaseTimings={start=1035, down=567, bottom=1472, up=695}, timestamp=1771097839323), RepResult(repNumber=9, score=80.0, worstState=NORMAL, isCounted=true, isInvalidated=false, errors=[], positionErrors=[], positionWarningCount=1, positionTipCount=0, phaseTimings={start=631, down=4067, bottom=1541, up=698}, timestamp=1771097846265), RepResult(repNumber=10, score=80.0, worstState=NORMAL, isCounted=true, isInvalidated=false, errors=[], positionErrors=[], positionWarningCount=0, positionTipCount=0, phaseTimings={start=798, down=633, bottom=1462, up=974}, timestamp=1771097850125), RepResult(repNumber=11, score=80.0, worstState=NORMAL, isCounted=true, isInvalidated=false, errors=[], positionErrors=[], positionWarningCount=1, positionTipCount=0, phaseTimings={start=828, down=471, bottom=1599, up=841}, timestamp=1771097853871), RepResult(repNumber=12, score=80.0, worstState=NORMAL, isCounted=true, isInvalidated=false, errors=[], positionErrors=[], positionWarningCount=0, positionTipCount=0, phaseTimings={start=765, down=625, bottom=1330, up=715}, timestamp=1771097857297)], weightKg=null, weightUnit=kg)
2026-02-14 21:37:37.332 13706-13766 ReportGenerator         com.trainingvalidator.poc            D  Generating state-based report for Flex Neck, 12 reps
2026-02-14 21:37:37.334 13706-13766 ReportGenerator         com.trainingvalidator.poc            D  Found 0 error groups from 12 reps
2026-02-14 21:37:37.335 13706-13766 ReportGenerator         com.trainingvalidator.poc            D  Exercise reportMetrics: ReportMetricsConfig(primary=[FORM_SCORE], optional=[], excluded=[HOLD_DURATION, WEIGHT, VOLUME, EST_1RM, SYMMETRY])
2026-02-14 21:37:37.335 13706-13766 ReportGenerator         com.trainingvalidator.poc            D    - excluded: [HOLD_DURATION, WEIGHT, VOLUME, EST_1RM, SYMMETRY]
2026-02-14 21:37:37.335 13706-13766 ReportGenerator         com.trainingvalidator.poc            D  ConfigSnapshot metricsConfig: ReportMetricsConfig(primary=[FORM_SCORE], optional=[], excluded=[HOLD_DURATION, WEIGHT, VOLUME, EST_1RM, SYMMETRY])
2026-02-14 21:37:37.335 13706-13766 ReportGenerator         com.trainingvalidator.poc            D    - excluded: [HOLD_DURATION, WEIGHT, VOLUME, EST_1RM, SYMMETRY]
2026-02-14 21:37:37.337 13706-13766 TrainingActivity        com.trainingvalidator.poc            D  Report generated: id=8d8b71a9-b0df-4f1a-9dd6-ef04d551f0a7, accuracy=100.0%
2026-02-14 21:37:37.388 13706-13766 ReportStorage           com.trainingvalidator.poc            D  Saved report: 8d8b71a9-b0df-4f1a-9dd6-ef04d551f0a7
2026-02-14 21:37:37.427 13706-13713 ngvalidator.poc         com.trainingvalidator.poc            I  Background concurrent mark compact GC freed 2281KB AllocSpace bytes, 39(36MB) LOS objects, 66% free, 15MB/45MB, paused 1.552ms,8.089ms total 56.283ms
2026-02-14 21:37:37.456 13706-13766 TrainingActivity        com.trainingvalidator.poc            D  Report saved locally: true
2026-02-14 21:37:37.457 13706-13706 TrainingActivity        com.trainingvalidator.poc            D  Navigating to ReportPagerActivity with id: 8d8b71a9-b0df-4f1a-9dd6-ef04d551f0a7
2026-02-14 21:37:37.457 13706-13766 MotionRecorder          com.trainingvalidator.poc            D  Session finalized: 12 reps, avgScore=80.0%, NO raw data saved (metrics only)
2026-02-14 21:37:37.457 13706-13766 TrainingViewModel       com.trainingvalidator.poc            D  Session finalized: 12 reps, 80.0% avg score
2026-02-14 21:37:37.457 13706-13766 TrainingActivity        com.trainingvalidator.poc            D  Syncing session to backend: 8d8b71a9-b0df-4f1a-9dd6-ef04d551f0a7, 12 reps, avgScore=80.0%
2026-02-14 21:37:37.463  2312-6052  WindowManager           system_server                        V  Collecting in transition 820: ActivityRecord{240668836 u0 com.trainingvalidator.poc/.ui.report.ReportPagerActivity, caller=com.android.server.wm.TransitionController.collect:7 com.android.server.wm.ActivityStarter.startActivityUnchecked:98 com.android.server.wm.ActivityStarter.executeRequest:3651 com.android.server.wm.ActivityStarter.execute:1752 com.android.server.wm.ActivityTaskManagerService.startActivityAsUser:95 
2026-02-14 21:37:37.463  2312-6052  ActivityTaskManager     system_server                        D  DesktopModeLaunchParamsModifier: task=null activity=ActivityRecord{240668836 u0 com.trainingvalidator.poc/.ui.report.ReportPagerActivity t-1} task null, skipping
2026-02-14 21:37:37.463  2312-6052  ActivityTaskManager     system_server                        D  TaskLaunchParamsModifier:task=null activity=ActivityRecord{240668836 u0 com.trainingvalidator.poc/.ui.report.ReportPagerActivity t-1} display-area-from-source=DefaultTaskDisplayArea_d0@143276212 display-id=0 task-display-area-windowing-mode=1 suggested-display-area=DefaultTaskDisplayArea_d0@143276212
2026-02-14 21:37:37.463  2312-6052  ActivityTaskManager     system_server                        D  DesktopModeLaunchParamsModifier: task=Task{7cfc693 #1122 type=standard A=10474:com.trainingvalidator.poc} activity=ActivityRecord{240668836 u0 com.trainingvalidator.poc/.ui.report.ReportPagerActivity t-1} non-desktop, skipping
2026-02-14 21:37:37.463 13706-13766 AnalyticsStorage        com.trainingvalidator.poc            D  Saved pending session 8d8b71a9-b0df-4f1a-9dd6-ef04d551f0a7: 710 bytes, 12 reps, NO raw frames
2026-02-14 21:37:37.463  2312-6052  ActivityTaskManager     system_server                        D  TaskLaunchParamsModifier:task=Task{7cfc693 #1122 type=standard A=10474:com.trainingvalidator.poc} activity=ActivityRecord{240668836 u0 com.trainingvalidator.poc/.ui.report.ReportPagerActivity t-1} display-area-from-source=DefaultTaskDisplayArea_d0@143276212 display-id=0 task-display-area-windowing-mode=1 suggested-display-area=DefaultTaskDisplayArea_d0@143276212 inherit-from-source=fullscreen non-freeform-task-display-area display-area=DefaultTaskDisplayArea_d0@143276212 activity-requested-portrait freeform-size-mismatch=Rect(81, 549 - 999, 1707)
2026-02-14 21:37:37.464  2312-6052  ActivityTaskManager     system_server                        D  DesktopModeLaunchParamsModifier: task=Task{7cfc693 #1122 type=standard A=10474:com.trainingvalidator.poc} activity=ActivityRecord{240668836 u0 com.trainingvalidator.poc/.ui.report.ReportPagerActivity t-1} non-desktop, skipping
2026-02-14 21:37:37.464  2312-6052  ActivityTaskManager     system_server                        D  TaskLaunchParamsModifier:task=Task{7cfc693 #1122 type=standard A=10474:com.trainingvalidator.poc} activity=ActivityRecord{240668836 u0 com.trainingvalidator.poc/.ui.report.ReportPagerActivity t-1} display-area-from-source=DefaultTaskDisplayArea_d0@143276212 display-id=0 task-display-area-windowing-mode=1 suggested-display-area=DefaultTaskDisplayArea_d0@143276212 inherit-from-source=fullscreen non-freeform-task-display-area display-area=DefaultTaskDisplayArea_d0@143276212 activity-requested-portrait freeform-size-mismatch=Rect(81, 549 - 999, 1707)
2026-02-14 21:37:37.466  1653-1792  SurfaceFlinger          surfaceflinger                       I  id=10127 createSurf, flag=84004, ActivityRecord{240668836 u0 com.trainingvalidator.poc/.ui.report.ReportPagerActivity t1122}#10127
2026-02-14 21:37:37.469  2312-6052  ActivityTaskManager     system_server                        D  scheduleTopResumedActivityChanged, onTop=false, r=ActivityRecord{217752587 u0 com.trainingvalidator.poc/.ui.TrainingActivity t1122}, caller=com.android.server.wm.ActivityTaskSupervisor.scheduleTopResumedActivityStateLossIfNeeded:19 com.android.server.wm.ActivityTaskSupervisor.updateTopResumedActivityIfNeeded:20 com.android.server.wm.TaskFragment.setResumedActivity:30 com.android.server.wm.ActivityRecord.setState:91 com.android.server.wm.TaskFragment.startPausing$1:209 com.android.server.wm.TaskFragment.resumeTopActivity:699 
2026-02-14 21:37:37.470  2312-6052  WindowManager           system_server                        V  Collecting in transition 820: ActivityRecord{240668836 u0 com.trainingvalidator.poc/.ui.report.ReportPagerActivity t1122}, caller=com.android.server.wm.Transition.collectExistenceChange:40 com.android.server.wm.ActivityStarter.handleStartResult:761 com.android.server.wm.ActivityStarter.startActivityUnchecked:124 com.android.server.wm.ActivityStarter.executeRequest:3651 com.android.server.wm.ActivityStarter.execute:1752 
2026-02-14 21:37:37.470  2312-6052  WindowManager           system_server                        V  Requesting StartTransition: TransitionRecord{5da0337 id=820 type=OPEN flags=0x0 c=[
                                                                                                       ChangeInfo{6c19bd3 container=Task{7cfc693 #1122 type=standard A=10474:com.trainingvalidator.poc} flags=0x0}
                                                                                                       ChangeInfo{61bd310 container=DefaultTaskDisplayArea_d0@143276212 flags=0x0}
                                                                                                       ChangeInfo{287ee09 container=Display{#0 state=ON size=1080x2316 ROTATION_0} flags=0x0}
                                                                                                       ChangeInfo{25d480e container=ActivityRecord{240668836 u0 com.trainingvalidator.poc/.ui.report.ReportPagerActivity t1122} flags=0x0}
                                                                                                    ]
                                                                                                    }, caller=com.android.server.wm.ActivityStarter.handleStartResult:982 com.android.server.wm.ActivityStarter.startActivityUnchecked:124 com.android.server.wm.ActivityStarter.executeRequest:3651 com.android.server.wm.ActivityStarter.execute:1752 com.android.server.wm.ActivityTaskManagerService.startActivityAsUser:95 
2026-02-14 21:37:37.470  2312-6052  ActivityTaskManager     system_server                        I  START u0 {xflg=0x4 cmp=com.trainingvalidator.poc/.ui.report.ReportPagerActivity (has extras)} with LAUNCH_MULTIPLE from uid 10474 (sr=217752587) (BAL_ALLOW_VISIBLE_WINDOW) result code=0
2026-02-14 21:37:37.471  2312-6052  WindowManager           system_server                        V  Collecting in transition 820: ActivityRecord{217752587 u0 com.trainingvalidator.poc/.ui.TrainingActivity t1122 f}}, caller=com.android.server.wm.Transition.collectExistenceChange:40 com.android.server.wm.Transition.collectClose:7 com.android.server.wm.ActivityRecord.finishIfPossible:50 com.android.server.wm.ActivityClientController.finishActivity:268 android.app.IActivityClientController$Stub.onTransact:840 
2026-02-14 21:37:37.471  2312-6052  WindowManager           system_server                        D  prepareSync <SYNC_STATE_WAITING_FOR_DRAW>, mPrepareSyncSeqId=0, win=Window{cd4b78c u0 com.trainingvalidator.poc/com.trainingvalidator.poc.ui.TrainingActivity}
