2026-02-14 21:36:51.106  1653-1653  SurfaceFlinger          surfaceflinger                       I  Video ignores com.trainingvalidator.poc/com.trainingvalidator.poc.ui.TrainingActivity$_13706#10097 (type=Max, weight=1.00, seamlessness=Default) 0.00 Hz's 30.00 Hz
                                                                                                    Video ignores com.trainingvalidator.poc/com.trainingvalidator.poc.ui.TrainingActivity$_13706#10097 (type=Max, weight=1.00, seamlessness=Default) 0.00 Hz's 32.00 Hz
                                                                                                    Video ignores com.trainingvalidator.poc/com.trainingvalidator.poc.ui.TrainingActivity$_13706#10097 (type=Max, weight=1.00, seamlessness=Default) 0.00 Hz's 40.00 Hz
                                                                                                    Video ignores com.trainingvalidator.poc/com.trainingvalidator.poc.ui.TrainingActivity$_13706#10097 (type=Max, weight=1.00, seamlessness=Default) 0.00 Hz's 48.00 Hz
                                                                                                    Video ignores com.trainingvalidator.poc/com.trainingvalidator.poc.ui.TrainingActivity$_13706#10097 (type=Max, weight=1.00, seamlessness=Default) 0.00 Hz's 60.00 Hz
                                                                                                    scored - choose 30.00 Hz
2026-02-14 21:36:51.118  2312-2463  SurfaceComposerClient   system_server                        D  setCornerRadius ## cd4b78c com.trainingvalidator.poc/com.trainingvalidator.poc.ui.TrainingActivity#10096 cornerRadius=0.000000
2026-02-14 21:36:51.129  2312-2898  VibratorManagerService  system_server                        D  Finish AppOp mode VIBRATE for uid 10474 and package com.trainingvalidator.poc
2026-02-14 21:36:51.152 13706-13706 MessageOrchestrator     com.trainingvalidator.poc            D  Preempting state:neck_left:NORMAL:UP_ZONE (30) with camera:front_view (60)
2026-02-14 21:36:51.180 13706-13766 MotionRecorder          com.trainingvalidator.poc            W  Max frames per rep reached (300), discarding stale buffer and restarting
2026-02-14 21:36:51.307 13706-13713 ngvalidator.poc         com.trainingvalidator.poc            I  Background concurrent mark compact GC freed 1632KB AllocSpace bytes, 23(27MB) LOS objects, 66% free, 14MB/44MB, paused 363us,6.378ms total 51.012ms
2026-02-14 21:36:51.308 13706-13763 PhaseStateMachine       com.trainingvalidator.poc            D  Left UP range, starting descent: 93.7533749355757
2026-02-14 21:36:51.308 13706-13763 PhaseStateMachine       com.trainingvalidator.poc            D  Phase: START → DOWN
2026-02-14 21:36:51.983 13706-13763 PhaseStateMachine       com.trainingvalidator.poc            D  Entered DOWN range: 77.99796239174734 (0.0-80.0)
2026-02-14 21:36:51.983 13706-13763 PhaseStateMachine       com.trainingvalidator.poc            D  Phase: DOWN → BOTTOM
2026-02-14 21:36:52.000 13706-14260 SurfaceViewImpl         com.trainingvalidator.poc            D  PreviewView.SurfaceViewImplementation.getBitmap() succeeded
2026-02-14 21:36:52.077 13706-13706 FrameCaptureManager     com.trainingvalidator.poc            D  Captured PEAK_FRAME for rep 1: 2a7dd43f
2026-02-14 21:36:52.077 13706-13706 TrainingActivity        com.trainingvalidator.poc            D  Captured peak frame for rep 1 at phase BOTTOM
2026-02-14 21:36:52.226 13706-13713 ngvalidator.poc         com.trainingvalidator.poc            I  Background concurrent mark compact GC freed 1616KB AllocSpace bytes, 27(31MB) LOS objects, 66% free, 13MB/40MB, paused 349us,8.541ms total 53.039ms
2026-02-14 21:36:53.025 13706-13713 ngvalidator.poc         com.trainingvalidator.poc            I  Background concurrent mark compact GC freed 1624KB AllocSpace bytes, 23(27MB) LOS objects, 66% free, 13MB/41MB, paused 222us,6.955ms total 49.302ms
2026-02-14 21:36:53.186 13706-13706 MessageOrchestrator     com.trainingvalidator.poc            D  Preempting state:neck_left:NORMAL:UP_ZONE (30) with camera:front_view (60)
2026-02-14 21:36:53.187 13706-13706 MessageOrchestrator     com.trainingvalidator.poc            D  Max repeats (2) reached for camera:front_view - going silent
2026-02-14 21:36:53.583 13706-13766 PhaseStateMachine       com.trainingvalidator.poc            D  Left DOWN range, ascending: 85.14001428270385
2026-02-14 21:36:53.583 13706-13766 PhaseStateMachine       com.trainingvalidator.poc            D  Phase: BOTTOM → UP
2026-02-14 21:36:53.822 13706-13713 ngvalidator.poc         com.trainingvalidator.poc            I  Background concurrent mark compact GC freed 1548KB AllocSpace bytes, 24(28MB) LOS objects, 66% free, 13MB/41MB, paused 425us,8.071ms total 65.739ms
2026-02-14 21:36:54.547 13706-13763 PhaseStateMachine       com.trainingvalidator.poc            D  ★ Requesting REP completion - Entered UP range: 102.02446583454436
2026-02-14 21:36:54.547 13706-13763 PhaseStateMachine       com.trainingvalidator.poc            D  Phase: UP → START
2026-02-14 21:36:54.547 13706-13763 PhaseStateMachine       com.trainingvalidator.poc            D  ★ REP COMPLETED! (validated)
2026-02-14 21:36:54.549 13706-13763 RepCounter              com.trainingvalidator.poc            D  Weighted score: 80%, worst=NORMAL, dangerJoints=[], joints=1
2026-02-14 21:36:54.549 13706-13763 RepCounter              com.trainingvalidator.poc            D  Rep 1 completed. Score: 80.0, WorstState: NORMAL, Counted: true, Invalidated: false
2026-02-14 21:36:54.551 13706-13763 MotionRecorder          com.trainingvalidator.poc            D  Rep 1 finalized: 100 frames processed → metrics saved, frames DISCARDED
2026-02-14 21:36:54.551 13706-13763 TrainingEngine          com.trainingvalidator.poc            D  Rep 1 completed. Correct: 1/1
2026-02-14 21:36:54.552  2312-3708  VibratorManagerService  system_server                        D  vibrate - uid: 10474, opPkg: com.trainingvalidator.poc, effect: Mono{mEffect=Composed{segments=[Step{amplitude=0.0, frequencyHz=0.0, duration=0}, Step{amplitude=-1.0, frequencyHz=0.0, duration=40}], repeat=-1, mMagnitudeType=TYPE_EXTRA}}, attrs: VibrationAttributes{mUsage=TOUCH, mAudioUsage= USAGE_UNKNOWN, mFlags=0, tags=}, reason: null, token: android.os.BinderProxy@ac148f3
2026-02-14 21:36:54.552  2312-3708  VibratorManagerService  system_server                        D  Check AppOp mode VIBRATE for uid 10474 and package com.trainingvalidator.poc returned audio=allow, op=allow
2026-02-14 21:36:54.553  2312-3708  VibratorManagerService  system_server                        D  Start AppOp mode VIBRATE for uid 10474 and package com.trainingvalidator.poc returned allow
2026-02-14 21:36:54.555 13706-13706 FrameCaptureManager     com.trainingvalidator.poc            D  Marked rep 1 as BEST_REP (total: 1)
2026-02-14 21:36:54.590 13706-13713 ngvalidator.poc         com.trainingvalidator.poc            I  Background concurrent mark compact GC freed 1560KB AllocSpace bytes, 23(27MB) LOS objects, 66% free, 14MB/44MB, paused 299us,7.606ms total 51.419ms
2026-02-14 21:36:54.621  2312-2898  VibratorManagerService  system_server                        D  Finish AppOp mode VIBRATE for uid 10474 and package com.trainingvalidator.poc
2026-02-14 21:36:54.680  1653-1653  LayerHistory            surfaceflinger                       I  96550e4 SurfaceView[com.trainingvalidator.poc/com.trainingvalidator.poc.ui.TrainingActivity]@0(BLAST)#10106 calculated refresh rate: 24.00 Hz
2026-02-14 21:36:54.680  1653-1653  LayerHistory            surfaceflinger                       I  com.trainingvalidator.poc/com.trainingvalidator.poc.ui.TrainingActivity$_13706#10097 Max (can't resolve refresh rate)
2026-02-14 21:36:54.680  1653-1653  SurfaceFlinger          surfaceflinger                       I  Video ignores com.trainingvalidator.poc/com.trainingvalidator.poc.ui.TrainingActivity$_13706#10097 (type=Max, weight=1.00, seamlessness=Default) 0.00 Hz's 30.00 Hz
                                                                                                    Video ignores com.trainingvalidator.poc/com.trainingvalidator.poc.ui.TrainingActivity$_13706#10097 (type=Max, weight=1.00, seamlessness=Default) 0.00 Hz's 32.00 Hz
                                                                                                    Video ignores com.trainingvalidator.poc/com.trainingvalidator.poc.ui.TrainingActivity$_13706#10097 (type=Max, weight=1.00, seamlessness=Default) 0.00 Hz's 40.00 Hz
                                                                                                    Video ignores com.trainingvalidator.poc/com.trainingvalidator.poc.ui.TrainingActivity$_13706#10097 (type=Max, weight=1.00, seamlessness=Default) 0.00 Hz's 48.00 Hz
                                                                                                    Video ignores com.trainingvalidator.poc/com.trainingvalidator.poc.ui.TrainingActivity$_13706#10097 (type=Max, weight=1.00, seamlessness=Default) 0.00 Hz's 60.00 Hz
                                                                                                    scored - choose 48.00 Hz
2026-02-14 21:36:54.718 13706-13706 MessageOrchestrator     com.trainingvalidator.poc            D  Issue reset for state:neck_left:PERFECT:UP_ZONE (gap 4169ms)
2026-02-14 21:36:54.725  2312-2463  SurfaceComposerClient   system_server                        D  setCornerRadius ## cd4b78c com.trainingvalidator.poc/com.trainingvalidator.poc.ui.TrainingActivity#10096 cornerRadius=0.000000
2026-02-14 21:36:55.184 13706-13706 MessageOrchestrator     com.trainingvalidator.poc            D  Issue reset for state:neck_left:NORMAL:UP_ZONE (gap 4102ms)
2026-02-14 21:36:55.421 13706-13763 PhaseStateMachine       com.trainingvalidator.poc            D  Left UP range, starting descent: 93.81760069720919
2026-02-14 21:36:55.421 13706-13763 PhaseStateMachine       com.trainingvalidator.poc            D  Phase: START → DOWN
2026-02-14 21:36:55.466 13706-13713 ngvalidator.poc         com.trainingvalidator.poc            I  Background concurrent mark compact GC freed 1788KB AllocSpace bytes, 26(30MB) LOS objects, 66% free, 14MB/44MB, paused 193us,7.208ms total 48.648ms
2026-02-14 21:36:56.016 13706-13766 PhaseStateMachine       com.trainingvalidator.poc            D  Entered DOWN range: 79.06349131411493 (0.0-80.0)
2026-02-14 21:36:56.016 13706-13766 PhaseStateMachine       com.trainingvalidator.poc            D  Phase: DOWN → BOTTOM
2026-02-14 21:36:56.033 13706-14264 SurfaceViewImpl         com.trainingvalidator.poc            D  PreviewView.SurfaceViewImplementation.getBitmap() succeeded
2026-02-14 21:36:56.103 13706-13706 FrameCaptureManager     com.trainingvalidator.poc            D  Captured PEAK_FRAME for rep 2: ca118cbe
2026-02-14 21:36:56.103 13706-13706 TrainingActivity        com.trainingvalidator.poc            D  Captured peak frame for rep 2 at phase BOTTOM
2026-02-14 21:36:56.397 13706-13713 ngvalidator.poc         com.trainingvalidator.poc            I  Background concurrent mark compact GC freed 1700KB AllocSpace bytes, 26(30MB) LOS objects, 66% free, 13MB/41MB, paused 300us,7.083ms total 50.270ms
2026-02-14 21:36:56.982 13706-13706 MessageOrchestrator     com.trainingvalidator.poc            D  Message decision: state:neck_left:NORMAL:DOWN_ZONE -> VISUAL_ONLY (repeat #1)
2026-02-14 21:36:56.983  2312-6082  VibratorManagerService  system_server                        D  vibrate - uid: 10474, opPkg: com.trainingvalidator.poc, effect: Mono{mEffect=Composed{segments=[Step{amplitude=-1.0, frequencyHz=0.0, duration=30}], repeat=-1, mMagnitudeType=TYPE_EXTRA}}, attrs: VibrationAttributes{mUsage=TOUCH, mAudioUsage= USAGE_UNKNOWN, mFlags=0, tags=}, reason: null, token: android.os.BinderProxy@ac148f3
2026-02-14 21:36:56.983  2312-6082  VibratorManagerService  system_server                        D  Check AppOp mode VIBRATE for uid 10474 and package com.trainingvalidator.poc returned audio=allow, op=allow
2026-02-14 21:36:56.983  2312-6082  VibratorManagerService  system_server                        D  Start AppOp mode VIBRATE for uid 10474 and package com.trainingvalidator.poc returned allow
2026-02-14 21:36:57.030  2312-2898  VibratorManagerService  system_server                        D  Finish AppOp mode VIBRATE for uid 10474 and package com.trainingvalidator.poc
2026-02-14 21:36:57.191 13706-13713 ngvalidator.poc         com.trainingvalidator.poc            I  Background concurrent mark compact GC freed 1632KB AllocSpace bytes, 24(28MB) LOS objects, 66% free, 13MB/41MB, paused 323us,8.212ms total 51.542ms
2026-02-14 21:36:57.240 13706-13706 MessageOrchestrator     com.trainingvalidator.poc            D  Preempting state:neck_left:NORMAL:DOWN_ZONE (30) with camera:front_view (60)
2026-02-14 21:36:57.526 13706-13763 PhaseStateMachine       com.trainingvalidator.poc            D  Left DOWN range, ascending: 86.37158677559042
2026-02-14 21:36:57.526 13706-13763 PhaseStateMachine       com.trainingvalidator.poc            D  Phase: BOTTOM → UP
2026-02-14 21:36:57.723  1653-1653  LayerHistory            surfaceflinger                       I  96550e4 SurfaceView[com.trainingvalidator.poc/com.trainingvalidator.poc.ui.TrainingActivity]@0(BLAST)#10106 calculated refresh rate: 30.00 Hz
2026-02-14 21:36:57.723  1653-1653  LayerHistory            surfaceflinger                       I  com.trainingvalidator.poc/com.trainingvalidator.poc.ui.TrainingActivity$_13706#10097 Max (can't resolve refresh rate)
2026-02-14 21:36:57.723  1653-1653  SurfaceFlinger          surfaceflinger                       I  Video ignores com.trainingvalidator.poc/com.trainingvalidator.poc.ui.TrainingActivity$_13706#10097 (type=Max, weight=1.00, seamlessness=Default) 0.00 Hz's 30.00 Hz
                                                                                                    Video ignores com.trainingvalidator.poc/com.trainingvalidator.poc.ui.TrainingActivity$_13706#10097 (type=Max, weight=1.00, seamlessness=Default) 0.00 Hz's 32.00 Hz
                                                                                                    Video ignores com.trainingvalidator.poc/com.trainingvalidator.poc.ui.TrainingActivity$_13706#10097 (type=Max, weight=1.00, seamlessness=Default) 0.00 Hz's 40.00 Hz
                                                                                                    Video ignores com.trainingvalidator.poc/com.trainingvalidator.poc.ui.TrainingActivity$_13706#10097 (type=Max, weight=1.00, seamlessness=Default) 0.00 Hz's 48.00 Hz
                                                                                                    Video ignores com.trainingvalidator.poc/com.trainingvalidator.poc.ui.TrainingActivity$_13706#10097 (type=Max, weight=1.00, seamlessness=Default) 0.00 Hz's 60.00 Hz
                                                                                                    scored - choose 30.00 Hz
2026-02-14 21:36:57.738  2312-2463  SurfaceComposerClient   system_server                        D  setCornerRadius ## cd4b78c com.trainingvalidator.poc/com.trainingvalidator.poc.ui.TrainingActivity#10096 cornerRadius=0.000000
2026-02-14 21:36:57.938 13706-13713 ngvalidator.poc         com.trainingvalidator.poc            I  Background concurrent mark compact GC freed 1600KB AllocSpace bytes, 23(27MB) LOS objects, 66% free, 13MB/41MB, paused 158us,6.557ms total 44.377ms
2026-02-14 21:36:58.255 13706-13763 PhaseStateMachine       com.trainingvalidator.poc            D  ★ Requesting REP completion - Entered UP range: 101.06421503442992
2026-02-14 21:36:58.256 13706-13763 PhaseStateMachine       com.trainingvalidator.poc            D  Phase: UP → START
2026-02-14 21:36:58.256 13706-13763 PhaseStateMachine       com.trainingvalidator.poc            D  ★ REP COMPLETED! (validated)
2026-02-14 21:36:58.257 13706-13763 RepCounter              com.trainingvalidator.poc            D  Weighted score: 80%, worst=NORMAL, dangerJoints=[], joints=1
2026-02-14 21:36:58.257 13706-13763 RepCounter              com.trainingvalidator.poc            D  Rep 2 completed. Score: 80.0, WorstState: NORMAL, Counted: true, Invalidated: false
2026-02-14 21:36:58.258  2312-6089  VibratorManagerService  system_server                        D  vibrate - uid: 10474, opPkg: com.trainingvalidator.poc, effect: Mono{mEffect=Composed{segments=[Step{amplitude=0.0, frequencyHz=0.0, duration=0}, Step{amplitude=-1.0, frequencyHz=0.0, duration=40}], repeat=-1, mMagnitudeType=TYPE_EXTRA}}, attrs: VibrationAttributes{mUsage=TOUCH, mAudioUsage= USAGE_UNKNOWN, mFlags=0, tags=}, reason: null, token: android.os.BinderProxy@ac148f3
2026-02-14 21:36:58.258  2312-6089  VibratorManagerService  system_server                        D  Check AppOp mode VIBRATE for uid 10474 and package com.trainingvalidator.poc returned audio=allow, op=allow
2026-02-14 21:36:58.258  2312-6089  VibratorManagerService  system_server                        D  Start AppOp mode VIBRATE for uid 10474 and package com.trainingvalidator.poc returned allow
2026-02-14 21:36:58.259 13706-13763 MotionRecorder          com.trainingvalidator.poc            D  Rep 2 finalized: 109 frames processed → metrics saved, frames DISCARDED
2026-02-14 21:36:58.259 13706-13763 TrainingEngine          com.trainingvalidator.poc            D  Rep 2 completed. Correct: 2/2
2026-02-14 21:36:58.260 13706-13706 FrameCaptureManager     com.trainingvalidator.poc            D  Marked rep 2 as BEST_REP (total: 2)
2026-02-14 21:36:58.315  2312-2898  VibratorManagerService  system_server                        D  Finish AppOp mode VIBRATE for uid 10474 and package com.trainingvalidator.poc
2026-02-14 21:36:58.729 13706-13713 ngvalidator.poc         com.trainingvalidator.poc            I  Background concurrent mark compact GC freed 1596KB AllocSpace bytes, 24(28MB) LOS objects, 66% free, 12MB/37MB, paused 390us,8.088ms total 53.802ms
2026-02-14 21:36:59.136  1653-1653  CompositionEngine       surfaceflinger                       D  Layer: com.trainingvalidator.poc/com.trainingvalidator.poc.ui.TrainingActivity$_13706#10097 had an out of bounds transparent region
2026-02-14 21:36:59.170  1653-1653  CompositionEngine       surfaceflinger                       D  Layer: com.trainingvalidator.poc/com.trainingvalidator.poc.ui.TrainingActivity$_13706#10097 had an out of bounds transparent region
2026-02-14 21:36:59.248 13706-13762 PhaseStateMachine       com.trainingvalidator.poc            D  Left UP range, starting descent: 94.64644494946837
2026-02-14 21:36:59.248 13706-13762 PhaseStateMachine       com.trainingvalidator.poc            D  Phase: START → DOWN
2026-02-14 21:36:59.253 13706-13706 MessageOrchestrator     com.trainingvalidator.poc            D  Preempting state:neck_left:NORMAL:DOWN_ZONE (30) with camera:front_view (60)
2026-02-14 21:36:59.431 13706-13713 ngvalidator.poc         com.trainingvalidator.poc            I  Background concurrent mark compact GC freed 1480KB AllocSpace bytes, 20(23MB) LOS objects, 66% free, 13MB/40MB, paused 250us,6.477ms total 56.654ms
2026-02-14 21:36:59.886 13706-13763 PhaseStateMachine       com.trainingvalidator.poc            D  Entered DOWN range: 77.39579173340702 (0.0-80.0)
2026-02-14 21:36:59.886 13706-13763 PhaseStateMachine       com.trainingvalidator.poc            D  Phase: DOWN → BOTTOM
2026-02-14 21:36:59.901 13706-14266 SurfaceViewImpl         com.trainingvalidator.poc            D  PreviewView.SurfaceViewImplementation.getBitmap() succeeded
2026-02-14 21:36:59.972 13706-13706 FrameCaptureManager     com.trainingvalidator.poc            D  Captured PEAK_FRAME for rep 3: de06e65d
2026-02-14 21:36:59.972 13706-13706 TrainingActivity        com.trainingvalidator.poc            D  Captured peak frame for rep 3 at phase BOTTOM
2026-02-14 21:37:00.256 13706-13713 ngvalidator.poc         com.trainingvalidator.poc            I  Background concurrent mark compact GC freed 1496KB AllocSpace bytes, 23(27MB) LOS objects, 66% free, 13MB/41MB, paused 196us,7.836ms total 49.684ms
2026-02-14 21:37:01.030 13706-13713 ngvalidator.poc         com.trainingvalidator.poc            I  Background concurrent mark compact GC freed 1604KB AllocSpace bytes, 23(27MB) LOS objects, 66% free, 13MB/41MB, paused 225us,7.523ms total 48.877ms
2026-02-14 21:37:01.147 13706-13762 PhaseStateMachine       com.trainingvalidator.poc            D  Left DOWN range, ascending: 86.78242346060232
2026-02-14 21:37:01.147 13706-13762 PhaseStateMachine       com.trainingvalidator.poc            D  Phase: BOTTOM → UP
2026-02-14 21:37:01.789 13706-13713 ngvalidator.poc         com.trainingvalidator.poc            I  Background concurrent mark compact GC freed 1576KB AllocSpace bytes, 23(27MB) LOS objects, 66% free, 13MB/41MB, paused 133us,7.865ms total 48.542ms
2026-02-14 21:37:01.884 13706-13766 PhaseStateMachine       com.trainingvalidator.poc            D  ★ Requesting REP completion - Entered UP range: 101.60878313786888
2026-02-14 21:37:01.884 13706-13766 PhaseStateMachine       com.trainingvalidator.poc            D  Phase: UP → START
2026-02-14 21:37:01.884 13706-13766 PhaseStateMachine       com.trainingvalidator.poc            D  ★ REP COMPLETED! (validated)
2026-02-14 21:37:01.886 13706-13766 RepCounter              com.trainingvalidator.poc            D  Weighted score: 80%, worst=NORMAL, dangerJoints=[], joints=1
2026-02-14 21:37:01.886 13706-13766 RepCounter              com.trainingvalidator.poc            D  Rep 3 completed. Score: 80.0, WorstState: NORMAL, Counted: true, Invalidated: false
2026-02-14 21:37:01.887 13706-13706 MessageOrchestrator     com.trainingvalidator.poc            D  Message decision: streak:3 -> AUDIO_AND_VISUAL (repeat #1)
2026-02-14 21:37:01.887 13706-13766 MotionRecorder          com.trainingvalidator.poc            D  Rep 3 finalized: 107 frames processed → metrics saved, frames DISCARDED
2026-02-14 21:37:01.887 13706-13706 FeedbackManager         com.trainingvalidator.poc            D  LocalizedText has NO audio URL for ar. Text: جيد!...
2026-02-14 21:37:01.887 13706-13766 TrainingEngine          com.trainingvalidator.poc            D  Rep 3 completed. Correct: 3/3
2026-02-14 21:37:01.887 13706-13706 AudioFeedbackPlayer     com.trainingvalidator.poc            D  No audio URL, using TTS for: جيد!...
2026-02-14 21:37:01.888 13706-13706 AudioFeedbackPlayer     com.trainingvalidator.poc            D  Playing TTS: جيد!
2026-02-14 21:37:01.889  2312-6082  VibratorManagerService  system_server                        D  vibrate - uid: 10474, opPkg: com.trainingvalidator.poc, effect: Mono{mEffect=Composed{segments=[Step{amplitude=0.0, frequencyHz=0.0, duration=0}, Step{amplitude=-1.0, frequencyHz=0.0, duration=40}], repeat=-1, mMagnitudeType=TYPE_EXTRA}}, attrs: VibrationAttributes{mUsage=TOUCH, mAudioUsage= USAGE_UNKNOWN, mFlags=0, tags=}, reason: null, token: android.os.BinderProxy@ac148f3
2026-02-14 21:37:01.889  2312-6082  VibratorManagerService  system_server                        D  Check AppOp mode VIBRATE for uid 10474 and package com.trainingvalidator.poc returned audio=allow, op=allow
2026-02-14 21:37:01.889  2312-6082  VibratorManagerService  system_server                        D  Start AppOp mode VIBRATE for uid 10474 and package com.trainingvalidator.poc returned allow
2026-02-14 21:37:01.890  2312-6082  VibratorManagerService  system_server                        D  vibrate - uid: 10474, opPkg: com.trainingvalidator.poc, effect: Mono{mEffect=Composed{segments=[Step{amplitude=0.0, frequencyHz=0.0, duration=0}, Step{amplitude=-1.0, frequencyHz=0.0, duration=40}], repeat=-1, mMagnitudeType=TYPE_EXTRA}}, attrs: VibrationAttributes{mUsage=TOUCH, mAudioUsage= USAGE_UNKNOWN, mFlags=0, tags=}, reason: null, token: android.os.BinderProxy@ac148f3
2026-02-14 21:37:01.890  2312-6082  VibratorManagerService  system_server                        D  Check AppOp mode VIBRATE for uid 10474 and package com.trainingvalidator.poc returned audio=allow, op=allow
2026-02-14 21:37:01.890  2312-6082  VibrationThread         system_server                        D  Vibration cancel requested with signal=EndInfo{status=CANCELLED_SUPERSEDED, endedBy=CallerInfo{ uid=10474, opPkg=com.trainingvalidator.poc, deviceId=0, attrs=VibrationAttributes{mUsage=TOUCH, mAudioUsage= USAGE_UNKNOWN, mFlags=0, tags=}, reason=null}}, immediate=false
2026-02-14 21:37:01.890 13706-13706 AudioFeedbackPlayer     com.trainingvalidator.poc            D  Skipping playback (cooldown): 3
2026-02-14 21:37:01.891 13706-13706 FrameCaptureManager     com.trainingvalidator.poc            D  Marked rep 3 as BEST_REP (total: 3)
2026-02-14 21:37:01.917  2312-2898  VibrationThread         system_server                        D  Vibration 2825 finished with EndInfo{status=CANCELLED_SUPERSEDED, endedBy=CallerInfo{ uid=10474, opPkg=com.trainingvalidator.poc, deviceId=0, attrs=VibrationAttributes{mUsage=TOUCH, mAudioUsage= USAGE_UNKNOWN, mFlags=0, tags=}, reason=null}}
2026-02-14 21:37:01.917  2312-2898  VibratorManagerService  system_server                        D  Finish AppOp mode VIBRATE for uid 10474 and package com.trainingvalidator.poc
2026-02-14 21:37:01.918  2312-2898  VibratorManagerService  system_server                        D  Start AppOp mode VIBRATE for uid 10474 and package com.trainingvalidator.poc returned allow
2026-02-14 21:37:01.972  2312-2898  VibratorManagerService  system_server                        D  Finish AppOp mode VIBRATE for uid 10474 and package com.trainingvalidator.poc
2026-02-14 21:37:02.561 13706-13713 ngvalidator.poc         com.trainingvalidator.poc            I  Background concurrent mark compact GC freed 1692KB AllocSpace bytes, 23(27MB) LOS objects, 66% free, 13MB/40MB, paused 348us,7.646ms total 50.828ms
2026-02-14 21:37:02.744 13706-13766 PhaseStateMachine       com.trainingvalidator.poc            D  Left UP range, starting descent: 93.94731097422437
2026-02-14 21:37:02.744 13706-13766 PhaseStateMachine       com.trainingvalidator.poc            D  Phase: START → DOWN
2026-02-14 21:37:03.284 13706-13766 PhaseStateMachine       com.trainingvalidator.poc            D  Entered DOWN range: 78.60181980921841 (0.0-80.0)
2026-02-14 21:37:03.284 13706-13766 PhaseStateMachine       com.trainingvalidator.poc            D  Phase: DOWN → BOTTOM
2026-02-14 21:37:03.295 13706-14276 SurfaceViewImpl         com.trainingvalidator.poc            D  PreviewView.SurfaceViewImplementation.getBitmap() succeeded
2026-02-14 21:37:03.333 13706-13713 ngvalidator.poc         com.trainingvalidator.poc            I  Background concurrent mark compact GC freed 1564KB AllocSpace bytes, 23(27MB) LOS objects, 66% free, 13MB/40MB, paused 167us,6.783ms total 53.885ms
2026-02-14 21:37:03.364 13706-13706 FrameCaptureManager     com.trainingvalidator.poc            D  Captured PEAK_FRAME for rep 4: 6847edcc
2026-02-14 21:37:03.364 13706-13706 TrainingActivity        com.trainingvalidator.poc            D  Captured peak frame for rep 4 at phase BOTTOM
2026-02-14 21:37:03.365 13706-13706 MessageOrchestrator     com.trainingvalidator.poc            D  Preempting streak:3 (20) with camera:front_view (60)
2026-02-14 21:37:04.123 13706-13713 ngvalidator.poc         com.trainingvalidator.poc            I  Background concurrent mark compact GC freed 1500KB AllocSpace bytes, 23(27MB) LOS objects, 66% free, 13MB/41MB, paused 167us,7.632ms total 48.479ms
2026-02-14 21:37:04.452 13706-13706 MessageOrchestrator     com.trainingvalidator.poc            D  Issue reset for state:neck_left:NORMAL:DOWN_ZONE (gap 4479ms)
2026-02-14 21:37:04.515 13706-13762 PhaseStateMachine       com.trainingvalidator.poc            D  Left DOWN range, ascending: 87.79062957003867
2026-02-14 21:37:04.515 13706-13762 PhaseStateMachine       com.trainingvalidator.poc            D  Phase: BOTTOM → UP
2026-02-14 21:37:04.900 13706-13713 ngvalidator.poc         com.trainingvalidator.poc            I  Background concurrent mark compact GC freed 1524KB AllocSpace bytes, 23(27MB) LOS objects, 66% free, 13MB/41MB, paused 345us,6.540ms total 58.204ms
2026-02-14 21:37:05.045 13706-13762 PhaseStateMachine       com.trainingvalidator.poc            D  ★ Requesting REP completion - Entered UP range: 100.44352475719897
2026-02-14 21:37:05.045 13706-13762 PhaseStateMachine       com.trainingvalidator.poc            D  Phase: UP → START
2026-02-14 21:37:05.045 13706-13762 PhaseStateMachine       com.trainingvalidator.poc            D  ★ REP COMPLETED! (validated)
2026-02-14 21:37:05.048 13706-13762 RepCounter              com.trainingvalidator.poc            D  Weighted score: 80%, worst=NORMAL, dangerJoints=[], joints=1
2026-02-14 21:37:05.048 13706-13762 RepCounter              com.trainingvalidator.poc            D  Rep 4 completed. Score: 80.0, WorstState: NORMAL, Counted: true, Invalidated: false
2026-02-14 21:37:05.049 13706-13762 MotionRecorder          com.trainingvalidator.poc            D  Rep 4 finalized: 94 frames processed → metrics saved, frames DISCARDED
2026-02-14 21:37:05.049 13706-13762 TrainingEngine          com.trainingvalidator.poc            D  Rep 4 completed. Correct: 4/4
2026-02-14 21:37:05.050  2312-6082  VibratorManagerService  system_server                        D  vibrate - uid: 10474, opPkg: com.trainingvalidator.poc, effect: Mono{mEffect=Composed{segments=[Step{amplitude=0.0, frequencyHz=0.0, duration=0}, Step{amplitude=-1.0, frequencyHz=0.0, duration=40}], repeat=-1, mMagnitudeType=TYPE_EXTRA}}, attrs: VibrationAttributes{mUsage=TOUCH, mAudioUsage= USAGE_UNKNOWN, mFlags=0, tags=}, reason: null, token: android.os.BinderProxy@ac148f3
2026-02-14 21:37:05.050  2312-6082  VibratorManagerService  system_server                        D  Check AppOp mode VIBRATE for uid 10474 and package com.trainingvalidator.poc returned audio=allow, op=allow
2026-02-14 21:37:05.050  2312-6082  VibratorManagerService  system_server                        D  Start AppOp mode VIBRATE for uid 10474 and package com.trainingvalidator.poc returned allow
2026-02-14 21:37:05.051 13706-13706 FrameCaptureManager     com.trainingvalidator.poc            D  Max best reps (3) reached, skipping
2026-02-14 21:37:05.123  2312-2898  VibratorManagerService  system_server                        D  Finish AppOp mode VIBRATE for uid 10474 and package com.trainingvalidator.poc
2026-02-14 21:37:05.677 13706-13713 ngvalidator.poc         com.trainingvalidator.poc            I  Background concurrent mark compact GC freed 1672KB AllocSpace bytes, 23(27MB) LOS objects, 66% free, 13MB/40MB, paused 485us,9.560ms total 61.431ms
2026-02-14 21:37:06.056 13706-13766 PhaseStateMachine       com.trainingvalidator.poc            D  Left UP range, starting descent: 93.25519509668084
2026-02-14 21:37:06.056 13706-13766 PhaseStateMachine       com.trainingvalidator.poc            D  Phase: START → DOWN
2026-02-14 21:37:06.423 13706-13713 ngvalidator.poc         com.trainingvalidator.poc            I  Background concurrent mark compact GC freed 1544KB AllocSpace bytes, 23(27MB) LOS objects, 66% free, 13MB/41MB, paused 147us,7.466ms total 48.389ms
2026-02-14 21:37:06.571 13706-13763 PhaseStateMachine       com.trainingvalidator.poc            D  Entered DOWN range: 79.17603522120268 (0.0-80.0)
2026-02-14 21:37:06.571 13706-13763 PhaseStateMachine       com.trainingvalidator.poc            D  Phase: DOWN → BOTTOM
2026-02-14 21:37:06.587 13706-14292 SurfaceViewImpl         com.trainingvalidator.poc            D  PreviewView.SurfaceViewImplementation.getBitmap() succeeded
2026-02-14 21:37:06.651 13706-13706 FrameCaptureManager     com.trainingvalidator.poc            D  Captured PEAK_FRAME for rep 5: aca0087b
2026-02-14 21:37:06.651 13706-13706 TrainingActivity        com.trainingvalidator.poc            D  Captured peak frame for rep 5 at phase BOTTOM
2026-02-14 21:37:06.688 13706-13706 MessageOrchestrator     com.trainingvalidator.poc            D  Message decision: state:neck_left:PERFECT:DOWN_ZONE -> AUDIO_AND_VISUAL (repeat #1)
2026-02-14 21:37:06.689 13706-13706 FeedbackManager         com.trainingvalidator.poc            D  LocalizedText has NO audio URL for ar. Text: ممتاز!...
2026-02-14 21:37:06.689 13706-13706 AudioFeedbackPlayer     com.trainingvalidator.poc            D  No audio URL, using TTS for: ممتاز!...
2026-02-14 21:37:06.689 13706-14127 TransportR...EventStore com.trainingvalidator.poc            D  Storing event with priority=DEFAULT, name=COREML_ON_DEVICE_SOLUTIONS for destination cct
2026-02-14 21:37:06.690 13706-13706 AudioFeedbackPlayer     com.trainingvalidator.poc            D  Playing TTS: ممتاز!
2026-02-14 21:37:06.691  2312-3708  VibratorManagerService  system_server                        D  vibrate - uid: 10474, opPkg: com.trainingvalidator.poc, effect: Mono{mEffect=Composed{segments=[Step{amplitude=0.0, frequencyHz=0.0, duration=0}, Step{amplitude=-1.0, frequencyHz=0.0, duration=40}], repeat=-1, mMagnitudeType=TYPE_EXTRA}}, attrs: VibrationAttributes{mUsage=TOUCH, mAudioUsage= USAGE_UNKNOWN, mFlags=0, tags=}, reason: null, token: android.os.BinderProxy@ac148f3
2026-02-14 21:37:06.691  2312-3708  VibratorManagerService  system_server                        D  Check AppOp mode VIBRATE for uid 10474 and package com.trainingvalidator.poc returned audio=allow, op=allow
2026-02-14 21:37:06.691  2312-3708  VibratorManagerService  system_server                        D  Start AppOp mode VIBRATE for uid 10474 and package com.trainingvalidator.poc returned allow
2026-02-14 21:37:06.693 13706-14127 TransportR...oScheduler com.trainingvalidator.poc            D  Upload for context TransportContext(cct, DEFAULT, MSRodHRwczovL2ZpcmViYXNlbG9nZ2luZy5nb29nbGVhcGlzLmNvbS92MGNjL2xvZy9iYXRjaD9mb3JtYXQ9anNvbl9wcm90bzNc) is already scheduled. Returning...
2026-02-14 21:37:06.754  2312-2898  VibratorManagerService  system_server                        D  Finish AppOp mode VIBRATE for uid 10474 and package com.trainingvalidator.poc
2026-02-14 21:37:07.225 13706-13713 ngvalidator.poc         com.trainingvalidator.poc            I  Background concurrent mark compact GC freed 1748KB AllocSpace bytes, 23(27MB) LOS objects, 66% free, 13MB/41MB, paused 264us,7.562ms total 48.632ms
2026-02-14 21:37:07.312 13706-13706 MessageOrchestrator     com.trainingvalidator.poc            D  Preempting state:neck_left:PERFECT:DOWN_ZONE (20) with camera:front_view (60)
2026-02-14 21:37:07.751 13706-13706 MessageOrchestrator     com.trainingvalidator.poc            D  Preempting state:neck_left:PERFECT:DOWN_ZONE (20) with state:neck_left:NORMAL:DOWN_ZONE (30)
2026-02-14 21:37:07.843 13706-13762 PhaseStateMachine       com.trainingvalidator.poc            D  Left DOWN range, ascending: 86.44336154014415
2026-02-14 21:37:07.844 13706-13762 PhaseStateMachine       com.trainingvalidator.poc            D  Phase: BOTTOM → UP
2026-02-14 21:37:08.030 13706-13713 ngvalidator.poc         com.trainingvalidator.poc            I  Background concurrent mark compact GC freed 1588KB AllocSpace bytes, 24(28MB) LOS objects, 66% free, 13MB/41MB, paused 318us,7.208ms total 85.344ms
2026-02-14 21:37:08.298 13706-14127 TransportR...ortBackend com.trainingvalidator.poc            D  Making request to: https://firebaselogging.googleapis.com/v0cc/log/batch?format=json_proto3
2026-02-14 21:37:08.368  2312-3170  NetdEventL...nerService system_server                        D  DNS Requested by 138, 10474(com.trainingvalidator.poc), SUCCESS, 62ms
2026-02-14 21:37:08.505 13706-13762 PhaseStateMachine       com.trainingvalidator.poc            D  ★ Requesting REP completion - Entered UP range: 100.0546647130751
2026-02-14 21:37:08.505 13706-13762 PhaseStateMachine       com.trainingvalidator.poc            D  Phase: UP → START
2026-02-14 21:37:08.505 13706-13762 PhaseStateMachine       com.trainingvalidator.poc            D  ★ REP COMPLETED! (validated)
2026-02-14 21:37:08.506 13706-13762 RepCounter              com.trainingvalidator.poc            D  Weighted score: 80%, worst=NORMAL, dangerJoints=[], joints=1
2026-02-14 21:37:08.506 13706-13762 RepCounter              com.trainingvalidator.poc            D  Rep 5 completed. Score: 80.0, WorstState: NORMAL, Counted: true, Invalidated: false
2026-02-14 21:37:08.507 13706-13762 MotionRecorder          com.trainingvalidator.poc            D  Rep 5 finalized: 103 frames processed → metrics saved, frames DISCARDED
2026-02-14 21:37:08.507 13706-13762 TrainingEngine          com.trainingvalidator.poc            D  Rep 5 completed. Correct: 5/5
2026-02-14 21:37:08.507  2312-3380  VibratorManagerService  system_server                        D  vibrate - uid: 10474, opPkg: com.trainingvalidator.poc, effect: Mono{mEffect=Composed{segments=[Step{amplitude=0.0, frequencyHz=0.0, duration=0}, Step{amplitude=-1.0, frequencyHz=0.0, duration=40}], repeat=-1, mMagnitudeType=TYPE_EXTRA}}, attrs: VibrationAttributes{mUsage=TOUCH, mAudioUsage= USAGE_UNKNOWN, mFlags=0, tags=}, reason: null, token: android.os.BinderProxy@ac148f3
2026-02-14 21:37:08.507  2312-3380  VibratorManagerService  system_server                        D  Check AppOp mode VIBRATE for uid 10474 and package com.trainingvalidator.poc returned audio=allow, op=allow
2026-02-14 21:37:08.508  2312-3380  VibratorManagerService  system_server                        D  Start AppOp mode VIBRATE for uid 10474 and package com.trainingvalidator.poc returned allow
2026-02-14 21:37:08.510 13706-13706 FrameCaptureManager     com.trainingvalidator.poc            D  Max best reps (3) reached, skipping
2026-02-14 21:37:08.565  2312-2898  VibratorManagerService  system_server                        D  Finish AppOp mode VIBRATE for uid 10474 and package com.trainingvalidator.poc
2026-02-14 21:37:08.677 13706-14127 TransportR...ortBackend com.trainingvalidator.poc            I  Status Code: 200
2026-02-14 21:37:08.677 13706-14127 TransportR...ortBackend com.trainingvalidator.poc            I  Content-Type: application/json; charset=UTF-8
2026-02-14 21:37:08.677 13706-14127 TransportR...ortBackend com.trainingvalidator.poc            I  Content-Encoding: gzip
2026-02-14 21:37:08.789 13706-13713 ngvalidator.poc         com.trainingvalidator.poc            I  Background concurrent mark compact GC freed 2158KB AllocSpace bytes, 25(27MB) LOS objects, 66% free, 13MB/41MB, paused 199us,7.921ms total 56.861ms
2026-02-14 21:37:09.307 13706-13766 PhaseStateMachine       com.trainingvalidator.poc            D  Left UP range, starting descent: 92.457913125238
2026-02-14 21:37:09.308 13706-13766 PhaseStateMachine       com.trainingvalidator.poc            D  Phase: START → DOWN
2026-02-14 21:37:09.598 13706-13713 ngvalidator.poc         com.trainingvalidator.poc            I  Background concurrent mark compact GC freed 1524KB AllocSpace bytes, 24(28MB) LOS objects, 66% free, 13MB/41MB, paused 186us,7.483ms total 51.305ms
2026-02-14 21:37:09.844 13706-13766 PhaseStateMachine       com.trainingvalidator.poc            D  Entered DOWN range: 77.3165887649363 (0.0-80.0)
2026-02-14 21:37:09.844 13706-13766 PhaseStateMachine       com.trainingvalidator.poc            D  Phase: DOWN → BOTTOM
2026-02-14 21:37:09.860 13706-14300 SurfaceViewImpl         com.trainingvalidator.poc            D  PreviewView.SurfaceViewImplementation.getBitmap() succeeded
2026-02-14 21:37:09.926 13706-13706 FrameCaptureManager     com.trainingvalidator.poc            D  Captured PEAK_FRAME for rep 6: 1686a9e9
2026-02-14 21:37:09.926 13706-13706 TrainingActivity        com.trainingvalidator.poc            D  Captured peak frame for rep 6 at phase BOTTOM
2026-02-14 21:37:09.966 13706-13706 MessageOrchestrator     com.trainingvalidator.poc            D  Issue reset for state:neck_left:PERFECT:DOWN_ZONE (gap 3278ms)
2026-02-14 21:37:10.450 13706-13713 ngvalidator.poc         com.trainingvalidator.poc            I  Background concurrent mark compact GC freed 1644KB AllocSpace bytes, 24(28MB) LOS objects, 66% free, 15MB/45MB, paused 408us,7.292ms total 62.543ms
2026-02-14 21:37:11.222 13706-13762 PhaseStateMachine       com.trainingvalidator.poc            D  Left DOWN range, ascending: 86.35057689078214
2026-02-14 21:37:11.222 13706-13762 PhaseStateMachine       com.trainingvalidator.poc            D  Phase: BOTTOM → UP
2026-02-14 21:37:11.334 13706-13713 ngvalidator.poc         com.trainingvalidator.poc            I  Background concurrent mark compact GC freed 1720KB AllocSpace bytes, 27(31MB) LOS objects, 66% free, 15MB/45MB, paused 406us,8.315ms total 56.835ms
2026-02-14 21:37:11.957 13706-13766 PhaseStateMachine       com.trainingvalidator.poc            D  ★ Requesting REP completion - Entered UP range: 100.48458077306582
2026-02-14 21:37:11.957 13706-13766 PhaseStateMachine       com.trainingvalidator.poc            D  Phase: UP → START
2026-02-14 21:37:11.957 13706-13766 PhaseStateMachine       com.trainingvalidator.poc            D  ★ REP COMPLETED! (validated)
2026-02-14 21:37:11.959 13706-13766 RepCounter              com.trainingvalidator.poc            D  Weighted score: 80%, worst=NORMAL, dangerJoints=[], joints=1
2026-02-14 21:37:11.959 13706-13766 RepCounter              com.trainingvalidator.poc            D  Rep 6 completed. Score: 80.0, WorstState: NORMAL, Counted: true, Invalidated: false
2026-02-14 21:37:11.961  2312-3708  VibratorManagerService  system_server                        D  vibrate - uid: 10474, opPkg: com.trainingvalidator.poc, effect: Mono{mEffect=Composed{segments=[Step{amplitude=0.0, frequencyHz=0.0, duration=0}, Step{amplitude=-1.0, frequencyHz=0.0, duration=40}], repeat=-1, mMagnitudeType=TYPE_EXTRA}}, attrs: VibrationAttributes{mUsage=TOUCH, mAudioUsage= USAGE_UNKNOWN, mFlags=0, tags=}, reason: null, token: android.os.BinderProxy@ac148f3
2026-02-14 21:37:11.961  2312-3708  VibratorManagerService  system_server                        D  Check AppOp mode VIBRATE for uid 10474 and package com.trainingvalidator.poc returned audio=allow, op=allow
2026-02-14 21:37:11.961 13706-13766 MotionRecorder          com.trainingvalidator.poc            D  Rep 6 finalized: 102 frames processed → metrics saved, frames DISCARDED
2026-02-14 21:37:11.961 13706-13766 TrainingEngine          com.trainingvalidator.poc            D  Rep 6 completed. Correct: 6/6
2026-02-14 21:37:11.961  2312-3708  VibratorManagerService  system_server                        D  Start AppOp mode VIBRATE for uid 10474 and package com.trainingvalidator.poc returned allow
2026-02-14 21:37:11.962 13706-13706 AudioFeedbackPlayer     com.trainingvalidator.poc            D  No audio URL, using TTS for: 6...
2026-02-14 21:37:11.964 13706-13706 AudioFeedbackPlayer     com.trainingvalidator.poc            D  Playing TTS: 6
2026-02-14 21:37:11.966 13706-13706 FrameCaptureManager     com.trainingvalidator.poc            D  Max best reps (3) reached, skipping
2026-02-14 21:37:12.045  2312-2898  VibratorManagerService  system_server                        D  Finish AppOp mode VIBRATE for uid 10474 and package com.trainingvalidator.poc
2026-02-14 21:37:12.220 13706-13713 ngvalidator.poc         com.trainingvalidator.poc            I  Background concurrent mark compact GC freed 1744KB AllocSpace bytes, 27(31MB) LOS objects, 66% free, 13MB/41MB, paused 193us,8.278ms total 52.532ms
2026-02-14 21:37:12.958 13706-13766 PhaseStateMachine       com.trainingvalidator.poc            D  Left UP range, starting descent: 93.7464090645852
2026-02-14 21:37:12.958 13706-13766 PhaseStateMachine       com.trainingvalidator.poc            D  Phase: START → DOWN
2026-02-14 21:37:13.031 13706-13713 ngvalidator.poc         com.trainingvalidator.poc            I  Background concurrent mark compact GC freed 1604KB AllocSpace bytes, 24(28MB) LOS objects, 66% free, 13MB/41MB, paused 249us,8.080ms total 52.396ms
2026-02-14 21:37:13.487 13706-13762 PhaseStateMachine       com.trainingvalidator.poc            D  Entered DOWN range: 77.66512999377977 (0.0-80.0)
2026-02-14 21:37:13.487 13706-13762 PhaseStateMachine       com.trainingvalidator.poc            D  Phase: DOWN → BOTTOM
2026-02-14 21:37:13.499 13706-14304 SurfaceViewImpl         com.trainingvalidator.poc            D  PreviewView.SurfaceViewImplementation.getBitmap() succeeded
2026-02-14 21:37:13.564 13706-13706 FrameCaptureManager     com.trainingvalidator.poc            D  Captured PEAK_FRAME for rep 7: 925b5ef7
2026-02-14 21:37:13.565 13706-13706 TrainingActivity        com.trainingvalidator.poc            D  Captured peak frame for rep 7 at phase BOTTOM
2026-02-14 21:37:13.858 13706-13713 ngvalidator.poc         com.trainingvalidator.poc            I  Background concurrent mark compact GC freed 1600KB AllocSpace bytes, 24(28MB) LOS objects, 66% free, 13MB/41MB, paused 192us,8.504ms total 55.809ms
2026-02-14 21:37:14.665 13706-13713 ngvalidator.poc         com.trainingvalidator.poc            I  Background concurrent mark compact GC freed 1656KB AllocSpace bytes, 24(28MB) LOS objects, 66% free, 15MB/45MB, paused 322us,8.809ms total 53.915ms
2026-02-14 21:37:14.882 13706-13766 PhaseStateMachine       com.trainingvalidator.poc            D  Left DOWN range, ascending: 87.00457155939147
2026-02-14 21:37:14.882 13706-13766 PhaseStateMachine       com.trainingvalidator.poc            D  Phase: BOTTOM → UP
2026-02-14 21:37:15.543 13706-13762 PhaseStateMachine       com.trainingvalidator.poc            D  ★ Requesting REP completion - Entered UP range: 101.70614144444001
2026-02-14 21:37:15.543 13706-13762 PhaseStateMachine       com.trainingvalidator.poc            D  Phase: UP → START
2026-02-14 21:37:15.543 13706-13762 PhaseStateMachine       com.trainingvalidator.poc            D  ★ REP COMPLETED! (validated)
2026-02-14 21:37:15.544 13706-13762 RepCounter              com.trainingvalidator.poc            D  Weighted score: 80%, worst=NORMAL, dangerJoints=[], joints=1
2026-02-14 21:37:15.544 13706-13762 RepCounter              com.trainingvalidator.poc            D  Rep 7 completed. Score: 80.0, WorstState: NORMAL, Counted: true, Invalidated: false
2026-02-14 21:37:15.545  2312-6089  VibratorManagerService  system_server                        D  vibrate - uid: 10474, opPkg: com.trainingvalidator.poc, effect: Mono{mEffect=Composed{segments=[Step{amplitude=0.0, frequencyHz=0.0, duration=0}, Step{amplitude=-1.0, frequencyHz=0.0, duration=40}], repeat=-1, mMagnitudeType=TYPE_EXTRA}}, attrs: VibrationAttributes{mUsage=TOUCH, mAudioUsage= USAGE_UNKNOWN, mFlags=0, tags=}, reason: null, token: android.os.BinderProxy@ac148f3
2026-02-14 21:37:15.545 13706-13762 MotionRecorder          com.trainingvalidator.poc            D  Rep 7 finalized: 107 frames processed → metrics saved, frames DISCARDED
2026-02-14 21:37:15.545  2312-6089  VibratorManagerService  system_server                        D  Check AppOp mode VIBRATE for uid 10474 and package com.trainingvalidator.poc returned audio=allow, op=allow
2026-02-14 21:37:15.545 13706-13762 TrainingEngine          com.trainingvalidator.poc            D  Rep 7 completed. Correct: 7/7
2026-02-14 21:37:15.545  2312-6089  VibratorManagerService  system_server                        D  Start AppOp mode VIBRATE for uid 10474 and package com.trainingvalidator.poc returned allow
2026-02-14 21:37:15.546 13706-13706 FrameCaptureManager     com.trainingvalidator.poc            D  Max best reps (3) reached, skipping
2026-02-14 21:37:15.570 13706-13713 ngvalidator.poc         com.trainingvalidator.poc            I  Background concurrent mark compact GC freed 1744KB AllocSpace bytes, 27(31MB) LOS objects, 66% free, 15MB/45MB, paused 236us,7.790ms total 52.401ms
2026-02-14 21:37:15.617  2312-2898  VibratorManagerService  system_server                        D  Finish AppOp mode VIBRATE for uid 10474 and package com.trainingvalidator.poc
2026-02-14 21:37:15.682  2312-2543  PowerManagerService     system_server                        I  [PWL]  SCREEN_BRIGHT_WAKE_LOCK           'WindowManager/displayId:0' ON_AFTER_RELEASE ACQ=-39s809ms (uid=1000 pid=2312 ws=WorkSource{10474 com.trainingvalidator.poc} displayId=0 lock=c8e02fa)
2026-02-14 21:37:16.480 13706-13713 ngvalidator.poc         com.trainingvalidator.poc            I  Background concurrent mark compact GC freed 1800KB AllocSpace bytes, 27(31MB) LOS objects, 66% free, 15MB/45MB, paused 229us,7.332ms total 54.301ms
2026-02-14 21:37:16.576 13706-13762 PhaseStateMachine       com.trainingvalidator.poc            D  Left UP range, starting descent: 94.1488020736939
2026-02-14 21:37:16.576 13706-13762 PhaseStateMachine       com.trainingvalidator.poc            D  Phase: START → DOWN
2026-02-14 21:37:17.150 13706-13766 PhaseStateMachine       com.trainingvalidator.poc            D  Entered DOWN range: 78.25496643837583 (0.0-80.0)
2026-02-14 21:37:17.150 13706-13766 PhaseStateMachine       com.trainingvalidator.poc            D  Phase: DOWN → BOTTOM
2026-02-14 21:37:17.167 13706-14306 SurfaceViewImpl         com.trainingvalidator.poc            D  PreviewView.SurfaceViewImplementation.getBitmap() succeeded
2026-02-14 21:37:17.246 13706-13706 FrameCaptureManager     com.trainingvalidator.poc            D  Captured PEAK_FRAME for rep 8: 389eac96
2026-02-14 21:37:17.246 13706-13706 TrainingActivity        com.trainingvalidator.poc            D  Captured peak frame for rep 8 at phase BOTTOM
2026-02-14 21:37:17.457 13706-13713 ngvalidator.poc         com.trainingvalidator.poc            I  Background concurrent mark compact GC freed 1757KB AllocSpace bytes, 27(31MB) LOS objects, 66% free, 15MB/45MB, paused 371us,7.929ms total 77.544ms
2026-02-14 21:37:18.334 13706-13713 ngvalidator.poc         com.trainingvalidator.poc            I  Background concurrent mark compact GC freed 1696KB AllocSpace bytes, 28(32MB) LOS objects, 66% free, 12MB/38MB, paused 393us,8.182ms total 54.981ms
2026-02-14 21:37:18.623 13706-13762 PhaseStateMachine       com.trainingvalidator.poc            D  Left DOWN range, ascending: 86.60974669075578
