2026-02-06 17:31:27.914  2317-2446  WindowManager           system_server                        V  Sent Transition (#5328) createdAt=02-06 17:31:27.712 via request=TransitionRequestInfo { type = OPEN, triggerTask = TaskInfo{userId=0 taskId=485 effectiveUid=10427 displayId=0 isRunning=true baseIntent=Intent { act=android.intent.action.MAIN cat=[android.intent.category.LAUNCHER] flg=0x10200000 cmp=com.trainingvalidator.poc/.ui.auth.SplashActivity } baseActivity=ComponentInfo{com.trainingvalidator.poc/com.trainingvalidator.poc.ui.main.MainContainerActivity} topActivity=ComponentInfo{com.trainingvalidator.poc/com.trainingvalidator.poc.ui.report.ReportPagerActivity} origActivity=null realActivity=ComponentInfo{com.trainingvalidator.poc/com.trainingvalidator.poc.ui.auth.SplashActivity} numActivities=4 lastActiveTime=421751764 supportsMultiWindow=true resizeMode=1 isResizeable=true minWidth=-1 minHeight=-1 maxWidth=-1 maxHeight=-1 defaultMinSize=220 desktopDefaultMinSize=304 token=WCT{RemoteToken{3d60280 Task{b809d3a #485 type=standard A=10427:com.trainingvalidator.poc}}} topActivityType=1 pictureInPictureParams=null shouldDockBigOverlays=false launchIntoPipHostTaskId=-1 lastParentTaskIdBeforePip=-1 displayCutoutSafeInsets=Rect(0, 0 - 0, 0) topActivityInfo=ActivityInfo{7dd973a com.trainingvalidator.poc.ui.report.ReportPagerActivity} launchCookies=[android.os.BinderProxy@9241cfe] positionInParent=Point(0, 0) parentTaskId=-1 isFocused=true isVisible=true isVisibleRequested=true isTopActivityNoDisplay=false isSleeping=false locusId=null displayAreaFeatureId=1 isTopActivityTransparent=false isActivityStackTransparent=false lastNonFullscreenBounds=Rect(81, 549 - 999, 1707) capturedLink=null capturedLinkTimestamp=0 requestedVisibleTypes=-9 topActivityRequestOpenInBrowserEducationTimestamp=0 appCompatTaskInfo=AppCompatTaskInfo { topActivityInSizeCompat=false eligibleForLetterboxEducation= false isLetterboxEducationEnabled= false isLetterboxDoubleTapEnabled= false eligibleForUserAspectRatioButton= false topActivityBoundsLetterboxed= false isFromLetterboxDoubleTap= false topActivityLetterboxVerticalPosition= -1 topActivityLetterboxHorizontalPosition= -1 topActivityLetterboxWidth=-1 topActivityLetterboxHeight=-1 topActivityAppBounds=Rect(0, 0 - 1080, 2316) isUserFullscreenOverrideEnabled=false isSystemFullscreenOverrideEnabled=false hasMinAspectRatioOverride=false topActivityLetterboxBounds=null cameraCompatTaskInfo=CameraCompatTaskInfo { freeformCameraCompatMode=inactive} topActivityBounds=null topActivityInDisplayCompat=false singleTapFromLetterbox=false} topActivityMainWindowFrame=null originallySupportedMultiWindow=true hasWallpaper=false rootAffinity=10427:com.trainingvalidator.poc isTopTaskInStage=false CoverLauncherWidgetTask=false LaunchedFromAppsCoverLauncherTask=false LaunchedFromMultistarCoverLauncherTask=false isAllowedSeamlessRotation=false isTopTransparentActivity=true isAliasManaged=false hasConfigChanged=false snappingGuideBounds=null isAiKeyRemoveAppTask=false lastDesktopWindowingBounds=null lastExternalDesktopWindowingBounds=null isKeepScreenOn=true safeCutoutInsets=null}, pipChange = null, remoteTransition = null, displayChange = null, flags = 0, debugId = 5328 }
2026-02-06 17:31:27.914  2317-2446  WindowManager           system_server                        V      info={id=5328 t=OPEN f=0x0 trk=0 r=[0@Point(0, 0)] c=[
                                                                                                            {m=OPEN f=FILLS_TASK|IS_ACTIVITY leash=Surface(name=ActivityRecord{200178121 u0 com.trainingvalidator.poc/.ui.report.ReportPagerActivity t485})/@0x474dc30 sb=Rect(0, 0 - 0, 0) eb=Rect(0, 0 - 1080, 2316) epz=Point(1080, 2316) d=-1->0 r=-1->0:-1 bc=ff040a01 component=com.trainingvalidator.poc/.ui.report.ReportPagerActivity opt={t=FROM_STYLE mUserId=0} inset=Rect(0, 0 - 0, 0) dim=true taskIdForActivity=485},
                                                                                                            {m=CLOSE f=FILLS_TASK|IS_ACTIVITY|EDGE_EXTENSION_RESTRICTION leash=Surface(name=ActivityRecord{257061344 u0 com.trainingvalidator.poc/.ui.TrainingActivity t485})/@0x1911d8e sb=Rect(0, 0 - 1080, 2316) eb=Rect(0, 0 - 1080, 2316) epz=Point(1080, 2316) d=0 bc=ff040a01 component=com.trainingvalidator.poc/.ui.TrainingActivity opt={t=FROM_STYLE mUserId=0} inset=Rect(0, 0 - 0, 0) taskIdForActivity=485 allowAppBgLayer=true}
                                                                                                        ]}
2026-02-06 17:31:27.915  9811-9811  View                    com.trainingvalidator.poc            W  requestLayout() improperly called by com.trainingvalidator.poc.ui.components.GlassmorphicMessageView{2fe6487 G.E...... ......ID 45,226-1057,359 #7f0a0170 app:id/glassmorphicMessage} during second layout pass: posting in next frame
2026-02-06 17:31:27.915  9811-9811  View                    com.trainingvalidator.poc            W  requestLayout() improperly called by com.trainingvalidator.poc.ui.components.GlassmorphicMessageView$BlurBackgroundView{3413611 V.ED..... ........ 0,0-1012,133} during second layout pass: posting in next frame
2026-02-06 17:31:27.915  1652-1652  CompositionEngine       surfaceflinger                       D  Layer: com.trainingvalidator.poc/com.trainingvalidator.poc.ui.TrainingActivity$_9811#59199 had an out of bounds transparent region
2026-02-06 17:31:27.917  2317-2450  SurfaceComposerClient   system_server                        D  setCornerRadius ## 8ebff2c com.trainingvalidator.poc/com.trainingvalidator.poc.ui.report.ReportPagerActivity#59219 cornerRadius=0.000000
2026-02-06 17:31:27.919  2317-2450  SurfaceComposerClient   system_server                        D  setCornerRadius ## 8ebff2c com.trainingvalidator.poc/com.trainingvalidator.poc.ui.report.ReportPagerActivity#59219 cornerRadius=0.000000
2026-02-06 17:31:27.921  1652-1782  SurfaceFlinger          surfaceflinger                       I  id=59225 createSurf, flag=84000, 304d193 ActivityRecordInputSink com.trainingvalidator.poc/.ui.report.ReportPagerActivity#59225
2026-02-06 17:31:27.922  1652-1652  SurfaceFlinger          surfaceflinger                       E  alpha changed 1.000 -> 0.000 - ActivityRecord{200178121 u0 com.trainingvalidator.poc/.ui.report.ReportPagerActivity t485}#59218
2026-02-06 17:31:27.922  1652-1652  SurfaceFlinger          surfaceflinger                       I  RequestedLayer [8ebff2c com.trainingvalidator.poc/co[...].ui.report.ReportPagerActivity#59219] hidden!! flag  from(1) --> to(0)
2026-02-06 17:31:27.922  1652-1652  SurfaceFlinger          surfaceflinger                       I  RequestedLayer [com.trainingvalidator.poc/com.traini[...]port.ReportPagerActivity$_9811#59220] hidden!! flag  from(1) --> to(0)
2026-02-06 17:31:27.922  1652-1652  SurfaceFlinger          surfaceflinger                       E  alpha changed 1.000 -> 0.000 - DimTransitionLayer for Surface(name=ActivityRecord{200178121 u0 com.trainingvalidator.poc/.ui.report.ReportPagerActivity t485})/@0x9b6616c#59224
2026-02-06 17:31:27.922  1652-1652  SurfaceFlinger          surfaceflinger                       E  alpha changed 0.000 -> 1.000 - ActivityRecord{200178121 u0 com.trainingvalidator.poc/.ui.report.ReportPagerActivity t485}#59218
2026-02-06 17:31:27.922  1652-1652  SurfaceFlinger          surfaceflinger                       E  alpha changed 0.000 -> 0.000 - DimTransitionLayer for Surface(name=ActivityRecord{200178121 u0 com.trainingvalidator.poc/.ui.report.ReportPagerActivity t485})/@0x9b6616c#59224
2026-02-06 17:31:27.923  1652-1652  SurfaceFlinger          surfaceflinger                       I  [LayerHierarchy{RequestedLayerState{DimTransitionLayer for Surface(name=ActivityRecord{200178121 u0 com.trainingvalidator.poc/.ui.report.ReportPagerActivity t485})/@0x9b6616c#59224 parentId=59223 relativeParentId=59218 z=-1} no children}] RelativeParent to LayerHierarchy{RequestedLayerState{ActivityRecord{200178121 u0 com.trainingvalidator.poc/.ui.report.ReportPagerActivity t485}#59218 parentId=59223 z=5} 2 children}
2026-02-06 17:31:27.923  1652-1652  SurfaceFlinger          surfaceflinger                       I  [LayerHierarchy{RequestedLayerState{ActivityRecord{257061344 u0 com.trainingvalidator.poc/.ui.TrainingActivity t485}#59197 parentId=59223 z=2} 3 children}] reparent to LayerHierarchy{RequestedLayerState{Transition Root: ActivityRecord{200178121 u0 com.trainingvalidator.poc/.ui.report.ReportPagerActivity t485}#59223 parentId=59163 z=3} 2 children}
2026-02-06 17:31:27.923  1652-1652  SurfaceFlinger          surfaceflinger                       I  [LayerHierarchy{RequestedLayerState{ActivityRecord{200178121 u0 com.trainingvalidator.poc/.ui.report.ReportPagerActivity t485}#59218 parentId=59223 z=5} 2 children}] reparent to LayerHierarchy{RequestedLayerState{Transition Root: ActivityRecord{200178121 u0 com.trainingvalidator.poc/.ui.report.ReportPagerActivity t485}#59223 parentId=59163 z=3} 3 children}
2026-02-06 17:31:27.923  1652-1652  SurfaceFlinger          surfaceflinger                       I  [304d193 ActivityRecordInputSink com.trainingvalidator.poc/.ui.report.ReportPagerActivity#59225] attach to parent LayerHierarchy{RequestedLayerState{ActivityRecord{200178121 u0 com.trainingvalidator.poc/.ui.report.ReportPagerActivity t485}#59218 parentId=59223 z=5} 3 children}
2026-02-06 17:31:27.924  1652-1652  CompositionEngine       surfaceflinger                       E  [1b45c5f SurfaceView[com.trainingvalidator.poc/com.trainingvalidator.poc.ui.TrainingActivity]@0(BLAST)#59208] Invalid device requested composition type change: Client (1) --> Client (1)
2026-02-06 17:31:27.927  2317-6527  InputDispatcher         system_server                        D  Focus entered window (0): 8ebff2c com.trainingvalidator.poc/com.trainingvalidator.poc.ui.report.ReportPagerActivity
2026-02-06 17:31:27.927  9811-9811  VRI[Report...y]@85bd19b com.trainingvalidator.poc            D  mThreadedRenderer.initializeIfNeeded()#2 mSurface={isValid=true 0xb400007096cbdc10}
2026-02-06 17:31:27.930  9811-9811  InputMethodManagerUtils com.trainingvalidator.poc            D  startInputInner - Id : 0
2026-02-06 17:31:27.930  9811-9811  InputMethodManager      com.trainingvalidator.poc            I  startInputInner - IInputMethodManagerGlobalInvoker.startInputOrWindowGainedFocus
2026-02-06 17:31:27.932  1652-1652  CompositionEngine       surfaceflinger                       E  [1b45c5f SurfaceView[com.trainingvalidator.poc/com.trainingvalidator.poc.ui.TrainingActivity]@0(BLAST)#59208] Invalid device requested composition type change: Client (1) --> Client (1)
2026-02-06 17:31:27.933  2317-3268  ImeTracker              system_server                        I  com.trainingvalidator.poc:d710509b: onRequestHide at ORIGIN_SERVER reason HIDE_UNSPECIFIED_WINDOW fromUser false
2026-02-06 17:31:27.934  9811-5481  InputTransport          com.trainingvalidator.poc            D  Input channel constructed: 'ClientS', fd=207
2026-02-06 17:31:27.935  9811-9811  InputMethodManager      com.trainingvalidator.poc            I  handleMessage: setImeVisibility visible=false
2026-02-06 17:31:27.936  9811-9811  InsetsController        com.trainingvalidator.poc            D  hide(ime(), fromIme=false)
2026-02-06 17:31:27.936  9811-9811  ImeTracker              com.trainingvalidator.poc            I  com.trainingvalidator.poc:d710509b: onCancelled at PHASE_CLIENT_ALREADY_HIDDEN
2026-02-06 17:31:27.938  1652-1652  SurfaceFlinger          surfaceflinger                       E  alpha changed 0.000 -> 0.010 - DimTransitionLayer for Surface(name=ActivityRecord{200178121 u0 com.trainingvalidator.poc/.ui.report.ReportPagerActivity t485})/@0x9b6616c#59224
2026-02-06 17:31:27.939  2317-6527  InsetsSourceProvider    system_server                        D  updateControlForTarget: control=InsetsSourceControl: {3 mType=ime mSurfacePosition=Point(0, 75) mInsetsHint=Insets{left=0, top=0, right=0, bottom=968}}, target=Window{8ebff2c u0 com.trainingvalidator.poc/com.trainingvalidator.poc.ui.report.ReportPagerActivity}, from=com.android.server.wm.ImeInsetsSourceProvider.updateControlForTarget:17 com.android.server.wm.InsetsStateController.onControlTargetChanged:83 com.android.server.wm.DisplayContent.updateImeControlTarget:21 com.android.server.wm.DisplayContent.updateImeInputAndControlTarget:156 com.android.server.wm.WindowManagerService$LocalService.updateInputMethodTargetWindow:64 
2026-02-06 17:31:27.940  2317-2450  SurfaceComposerClient   system_server                        D  setCornerRadius ## 8ebff2c com.trainingvalidator.poc/com.trainingvalidator.poc.ui.report.ReportPagerActivity#59219 cornerRadius=0.000000
2026-02-06 17:31:27.940  1652-1652  CompositionEngine       surfaceflinger                       E  [1b45c5f SurfaceView[com.trainingvalidator.poc/com.trainingvalidator.poc.ui.TrainingActivity]@0(BLAST)#59208] Invalid device requested composition type change: Client (1) --> Client (1)
2026-02-06 17:31:27.942  1652-1652  SurfaceFlinger          surfaceflinger                       D  Display 4630947232161729154 HWC layers:
                                                                                                           CLIENT |           42137924141075 | 00000102 | 0x0000022    |    0.0  408.0 1440.0 1070.0 |    0    0 1065 2316 | 1b45c5f SurfaceView[com.trainingvali[...].ui.TrainingActivity]@0(BLAST)#59208 (1324)
                                                                                                           CLIENT |           42137924141069 | 00002100 | RGBA_8888    |   15.0    0.0 1080.0 2316.0 |    0    0 1080 2316 | com.trainingvalidator.poc/com.traini[...].poc.ui.TrainingActivity$_9811#59199 (1527)
                                                                                                      SOLID_COLOR |                        0 | 00000000 | N/A          |    0.0    0.0    0.0    0.0 |    0    0 1080 2316 | DimTransitionLayer for Surface(name=[...]agerActivity t485})/@0x9b6616c#59224 (0)
                                                                                                           DEVICE |           42137924141096 | 00002102 | RGBA_8888    |    0.0    0.0   49.0 2316.0 | 1031    0 1080 2316 | com.trainingvalidator.poc/com.traini[...]port.ReportPagerActivity$_9811#59220 (1)
                                                                                                           DEVICE |           15771119945538 | 00002140 | RGBA_8888    |    0.0    0.0 1080.0   84.0 |    0    0 1080   84 | ScreenDecorOverlay$_3672#59215 (8)
                                                                                                           DE
2026-02-06 17:31:27.943  2317-2450  SurfaceComposerClient   system_server                        D  setCornerRadius ## 8ebff2c com.trainingvalidator.poc/com.trainingvalidator.poc.ui.report.ReportPagerActivity#59219 cornerRadius=0.000000
2026-02-06 17:31:27.943  7454-7454  GoogleInpu...hodService com...gle.android.inputmethod.latin  I  GoogleInputMethodService.onStartInput():1371 onStartInput(EditorInfo{EditorInfo{packageName=com.trainingvalidator.poc, inputType=0, inputTypeString=NULL, enableLearning=false, autoCorrection=false, autoComplete=false, imeOptions=0, privateImeOptions=null, actionName=UNSPECIFIED, actionLabel=null, initialSelStart=-1, initialSelEnd=-1, initialCapsMode=0, label=null, fieldId=0, fieldName=null, extras=Bundle[{appShowRequested=false, isTextEditor=false, displayId=0}], hintText=null, hintLocales=[]}}, false)
2026-02-06 17:31:27.949  1652-1652  CompositionEngine       surfaceflinger                       E  [1b45c5f SurfaceView[com.trainingvalidator.poc/com.trainingvalidator.poc.ui.TrainingActivity]@0(BLAST)#59208] Invalid device requested composition type change: Client (1) --> Client (1)
2026-02-06 17:31:27.955  1652-1652  SurfaceFlinger          surfaceflinger                       I  [LayerHierarchy{RequestedLayerState{ImeContainer#15 parentId=59218 relativeParentId=59219 z=1} 1 children}] reparent to LayerHierarchy{RequestedLayerState{ActivityRecord{200178121 u0 com.trainingvalidator.poc/.ui.report.ReportPagerActivity t485}#59218 parentId=59223 z=5} 4 children}
2026-02-06 17:31:27.955  1652-1652  SurfaceFlinger          surfaceflinger                       I  [LayerHierarchy{RequestedLayerState{ImeContainer#15 parentId=59218 relativeParentId=59219 z=1} 1 children}] RelativeParent to LayerHierarchy{RequestedLayerState{8ebff2c com.trainingvalidator.poc/com.trainingvalidator.poc.ui.report.ReportPagerActivity#59219 parentId=59218} 2 children}
2026-02-06 17:31:27.957  1652-1652  CompositionEngine       surfaceflinger                       E  [1b45c5f SurfaceView[com.trainingvalidator.poc/com.trainingvalidator.poc.ui.TrainingActivity]@0(BLAST)#59208] Invalid device requested composition type change: Client (1) --> Client (1)
2026-02-06 17:31:27.965  1652-1652  CompositionEngine       surfaceflinger                       E  [1b45c5f SurfaceView[com.trainingvalidator.poc/com.trainingvalidator.poc.ui.TrainingActivity]@0(BLAST)#59208] Invalid device requested composition type change: Client (1) --> Client (1)
2026-02-06 17:31:27.973  1652-1652  CompositionEngine       surfaceflinger                       E  [1b45c5f SurfaceView[com.trainingvalidator.poc/com.trainingvalidator.poc.ui.TrainingActivity]@0(BLAST)#59208] Invalid device requested composition type change: Client (1) --> Client (1)
2026-02-06 17:31:27.981  1652-1652  CompositionEngine       surfaceflinger                       E  [1b45c5f SurfaceView[com.trainingvalidator.poc/com.trainingvalidator.poc.ui.TrainingActivity]@0(BLAST)#59208] Invalid device requested composition type change: Client (1) --> Client (1)
2026-02-06 17:31:27.990  1652-1652  CompositionEngine       surfaceflinger                       E  [1b45c5f SurfaceView[com.trainingvalidator.poc/com.trainingvalidator.poc.ui.TrainingActivity]@0(BLAST)#59208] Invalid device requested composition type change: Client (1) --> Client (1)
2026-02-06 17:31:27.998  1652-1652  CompositionEngine       surfaceflinger                       E  [1b45c5f SurfaceView[com.trainingvalidator.poc/com.trainingvalidator.poc.ui.TrainingActivity]@0(BLAST)#59208] Invalid device requested composition type change: Client (1) --> Client (1)
2026-02-06 17:31:28.007  1652-1652  CompositionEngine       surfaceflinger                       E  [1b45c5f SurfaceView[com.trainingvalidator.poc/com.trainingvalidator.poc.ui.TrainingActivity]@0(BLAST)#59208] Invalid device requested composition type change: Client (1) --> Client (1)
2026-02-06 17:31:28.015  1652-1652  CompositionEngine       surfaceflinger                       E  [1b45c5f SurfaceView[com.trainingvalidator.poc/com.trainingvalidator.poc.ui.TrainingActivity]@0(BLAST)#59208] Invalid device requested composition type change: Client (1) --> Client (1)
2026-02-06 17:31:28.024  1652-1652  CompositionEngine       surfaceflinger                       E  [1b45c5f SurfaceView[com.trainingvalidator.poc/com.trainingvalidator.poc.ui.TrainingActivity]@0(BLAST)#59208] Invalid device requested composition type change: Client (1) --> Client (1)
2026-02-06 17:31:28.032  1652-1652  CompositionEngine       surfaceflinger                       E  [1b45c5f SurfaceView[com.trainingvalidator.poc/com.trainingvalidator.poc.ui.TrainingActivity]@0(BLAST)#59208] Invalid device requested composition type change: Client (1) --> Client (1)
2026-02-06 17:31:28.040  1652-1652  CompositionEngine       surfaceflinger                       E  [1b45c5f SurfaceView[com.trainingvalidator.poc/com.trainingvalidator.poc.ui.TrainingActivity]@0(BLAST)#59208] Invalid device requested composition type change: Client (1) --> Client (1)
2026-02-06 17:31:28.048  1652-1652  CompositionEngine       surfaceflinger                       E  [1b45c5f SurfaceView[com.trainingvalidator.poc/com.trainingvalidator.poc.ui.TrainingActivity]@0(BLAST)#59208] Invalid device requested composition type change: Client (1) --> Client (1)
2026-02-06 17:31:28.057  1652-1652  CompositionEngine       surfaceflinger                       E  [1b45c5f SurfaceView[com.trainingvalidator.poc/com.trainingvalidator.poc.ui.TrainingActivity]@0(BLAST)#59208] Invalid device requested composition type change: Client (1) --> Client (1)
2026-02-06 17:31:28.065  1652-1652  CompositionEngine       surfaceflinger                       E  [1b45c5f SurfaceView[com.trainingvalidator.poc/com.trainingvalidator.poc.ui.TrainingActivity]@0(BLAST)#59208] Invalid device requested composition type change: Client (1) --> Client (1)
2026-02-06 17:31:28.074  1652-1652  CompositionEngine       surfaceflinger                       E  [1b45c5f SurfaceView[com.trainingvalidator.poc/com.trainingvalidator.poc.ui.TrainingActivity]@0(BLAST)#59208] Invalid device requested composition type change: Client (1) --> Client (1)
2026-02-06 17:31:28.082  1652-1652  CompositionEngine       surfaceflinger                       E  [1b45c5f SurfaceView[com.trainingvalidator.poc/com.trainingvalidator.poc.ui.TrainingActivity]@0(BLAST)#59208] Invalid device requested composition type change: Client (1) --> Client (1)
2026-02-06 17:31:28.091  1652-1652  CompositionEngine       surfaceflinger                       E  [1b45c5f SurfaceView[com.trainingvalidator.poc/com.trainingvalidator.poc.ui.TrainingActivity]@0(BLAST)#59208] Invalid device requested composition type change: Client (1) --> Client (1)
2026-02-06 17:31:28.099  1652-1652  CompositionEngine       surfaceflinger                       E  [1b45c5f SurfaceView[com.trainingvalidator.poc/com.trainingvalidator.poc.ui.TrainingActivity]@0(BLAST)#59208] Invalid device requested composition type change: Client (1) --> Client (1)
2026-02-06 17:31:28.107  1652-1652  CompositionEngine       surfaceflinger                       E  [1b45c5f SurfaceView[com.trainingvalidator.poc/com.trainingvalidator.poc.ui.TrainingActivity]@0(BLAST)#59208] Invalid device requested composition type change: Client (1) --> Client (1)
2026-02-06 17:31:28.115  1652-1652  CompositionEngine       surfaceflinger                       E  [1b45c5f SurfaceView[com.trainingvalidator.poc/com.trainingvalidator.poc.ui.TrainingActivity]@0(BLAST)#59208] Invalid device requested composition type change: Client (1) --> Client (1)
2026-02-06 17:31:28.123  1652-1652  CompositionEngine       surfaceflinger                       E  [1b45c5f SurfaceView[com.trainingvalidator.poc/com.trainingvalidator.poc.ui.TrainingActivity]@0(BLAST)#59208] Invalid device requested composition type change: Client (1) --> Client (1)
2026-02-06 17:31:28.132  1652-1652  CompositionEngine       surfaceflinger                       E  [1b45c5f SurfaceView[com.trainingvalidator.poc/com.trainingvalidator.poc.ui.TrainingActivity]@0(BLAST)#59208] Invalid device requested composition type change: Client (1) --> Client (1)
2026-02-06 17:31:28.141  1652-1652  CompositionEngine       surfaceflinger                       E  [1b45c5f SurfaceView[com.trainingvalidator.poc/com.trainingvalidator.poc.ui.TrainingActivity]@0(BLAST)#59208] Invalid device requested composition type change: Client (1) --> Client (1)
2026-02-06 17:31:28.148  1652-1652  CompositionEngine       surfaceflinger                       E  [1b45c5f SurfaceView[com.trainingvalidator.poc/com.trainingvalidator.poc.ui.TrainingActivity]@0(BLAST)#59208] Invalid device requested composition type change: Client (1) --> Client (1)
2026-02-06 17:31:28.157  1652-1652  CompositionEngine       surfaceflinger                       E  [1b45c5f SurfaceView[com.trainingvalidator.poc/com.trainingvalidator.poc.ui.TrainingActivity]@0(BLAST)#59208] Invalid device requested composition type change: Client (1) --> Client (1)
2026-02-06 17:31:28.166  1652-1652  CompositionEngine       surfaceflinger                       E  [1b45c5f SurfaceView[com.trainingvalidator.poc/com.trainingvalidator.poc.ui.TrainingActivity]@0(BLAST)#59208] Invalid device requested composition type change: Client (1) --> Client (1)
2026-02-06 17:31:28.173  1652-1652  CompositionEngine       surfaceflinger                       E  [1b45c5f SurfaceView[com.trainingvalidator.poc/com.trainingvalidator.poc.ui.TrainingActivity]@0(BLAST)#59208] Invalid device requested composition type change: Client (1) --> Client (1)
2026-02-06 17:31:28.182  1652-1652  CompositionEngine       surfaceflinger                       E  [1b45c5f SurfaceView[com.trainingvalidator.poc/com.trainingvalidator.poc.ui.TrainingActivity]@0(BLAST)#59208] Invalid device requested composition type change: Client (1) --> Client (1)
2026-02-06 17:31:28.190  1652-1652  CompositionEngine       surfaceflinger                       E  [1b45c5f SurfaceView[com.trainingvalidator.poc/com.trainingvalidator.poc.ui.TrainingActivity]@0(BLAST)#59208] Invalid device requested composition type change: Client (1) --> Client (1)
2026-02-06 17:31:28.198  1652-1652  CompositionEngine       surfaceflinger                       E  [1b45c5f SurfaceView[com.trainingvalidator.poc/com.trainingvalidator.poc.ui.TrainingActivity]@0(BLAST)#59208] Invalid device requested composition type change: Client (1) --> Client (1)
2026-02-06 17:31:28.207  1652-1652  CompositionEngine       surfaceflinger                       E  [1b45c5f SurfaceView[com.trainingvalidator.poc/com.trainingvalidator.poc.ui.TrainingActivity]@0(BLAST)#59208] Invalid device requested composition type change: Client (1) --> Client (1)
2026-02-06 17:31:28.215  1652-1652  CompositionEngine       surfaceflinger                       E  [1b45c5f SurfaceView[com.trainingvalidator.poc/com.trainingvalidator.poc.ui.TrainingActivity]@0(BLAST)#59208] Invalid device requested composition type change: Client (1) --> Client (1)
2026-02-06 17:31:28.224  1652-1652  CompositionEngine       surfaceflinger                       E  [1b45c5f SurfaceView[com.trainingvalidator.poc/com.trainingvalidator.poc.ui.TrainingActivity]@0(BLAST)#59208] Invalid device requested composition type change: Client (1) --> Client (1)
2026-02-06 17:31:28.225  2317-3241  VibratorManagerService  system_server                        D  Finish AppOp mode VIBRATE for uid 10427 and package com.trainingvalidator.poc
2026-02-06 17:31:28.232  1652-1652  CompositionEngine       surfaceflinger                       E  [1b45c5f SurfaceView[com.trainingvalidator.poc/com.trainingvalidator.poc.ui.TrainingActivity]@0(BLAST)#59208] Invalid device requested composition type change: Client (1) --> Client (1)
2026-02-06 17:31:28.240  1652-1652  CompositionEngine       surfaceflinger                       E  [1b45c5f SurfaceView[com.trainingvalidator.poc/com.trainingvalidator.poc.ui.TrainingActivity]@0(BLAST)#59208] Invalid device requested composition type change: Client (1) --> Client (1)
2026-02-06 17:31:28.248  1652-1652  CompositionEngine       surfaceflinger                       E  [1b45c5f SurfaceView[com.trainingvalidator.poc/com.trainingvalidator.poc.ui.TrainingActivity]@0(BLAST)#59208] Invalid device requested composition type change: Client (1) --> Client (1)
2026-02-06 17:31:28.257  1652-1652  CompositionEngine       surfaceflinger                       E  [1b45c5f SurfaceView[com.trainingvalidator.poc/com.trainingvalidator.poc.ui.TrainingActivity]@0(BLAST)#59208] Invalid device requested composition type change: Client (1) --> Client (1)
2026-02-06 17:31:28.265  1652-1652  CompositionEngine       surfaceflinger                       E  [1b45c5f SurfaceView[com.trainingvalidator.poc/com.trainingvalidator.poc.ui.TrainingActivity]@0(BLAST)#59208] Invalid device requested composition type change: Client (1) --> Client (1)
2026-02-06 17:31:28.274  1652-1652  CompositionEngine       surfaceflinger                       E  [1b45c5f SurfaceView[com.trainingvalidator.poc/com.trainingvalidator.poc.ui.TrainingActivity]@0(BLAST)#59208] Invalid device requested composition type change: Client (1) --> Client (1)
2026-02-06 17:31:28.282  1652-1652  CompositionEngine       surfaceflinger                       E  [1b45c5f SurfaceView[com.trainingvalidator.poc/com.trainingvalidator.poc.ui.TrainingActivity]@0(BLAST)#59208] Invalid device requested composition type change: Client (1) --> Client (1)
2026-02-06 17:31:28.290  1652-1652  CompositionEngine       surfaceflinger                       E  [1b45c5f SurfaceView[com.trainingvalidator.poc/com.trainingvalidator.poc.ui.TrainingActivity]@0(BLAST)#59208] Invalid device requested composition type change: Client (1) --> Client (1)
2026-02-06 17:31:28.299  1652-1652  CompositionEngine       surfaceflinger                       E  [1b45c5f SurfaceView[com.trainingvalidator.poc/com.trainingvalidator.poc.ui.TrainingActivity]@0(BLAST)#59208] Invalid device requested composition type change: Client (1) --> Client (1)
2026-02-06 17:31:28.307  1652-1652  CompositionEngine       surfaceflinger                       E  [1b45c5f SurfaceView[com.trainingvalidator.poc/com.trainingvalidator.poc.ui.TrainingActivity]@0(BLAST)#59208] Invalid device requested composition type change: Client (1) --> Client (1)
2026-02-06 17:31:28.315  1652-1652  CompositionEngine       surfaceflinger                       E  [1b45c5f SurfaceView[com.trainingvalidator.poc/com.trainingvalidator.poc.ui.TrainingActivity]@0(BLAST)#59208] Invalid device requested composition type change: Client (1) --> Client (1)
2026-02-06 17:31:28.324  1652-1652  CompositionEngine       surfaceflinger                       E  [1b45c5f SurfaceView[com.trainingvalidator.poc/com.trainingvalidator.poc.ui.TrainingActivity]@0(BLAST)#59208] Invalid device requested composition type change: Client (1) --> Client (1)
2026-02-06 17:31:28.332  1652-1652  CompositionEngine       surfaceflinger                       E  [1b45c5f SurfaceView[com.trainingvalidator.poc/com.trainingvalidator.poc.ui.TrainingActivity]@0(BLAST)#59208] Invalid device requested composition type change: Client (1) --> Client (1)
2026-02-06 17:31:28.340  1652-1652  CompositionEngine       surfaceflinger                       E  [1b45c5f SurfaceView[com.trainingvalidator.poc/com.trainingvalidator.poc.ui.TrainingActivity]@0(BLAST)#59208] Invalid device requested composition type change: Client (1) --> Client (1)
2026-02-06 17:31:28.348  1652-1652  CompositionEngine       surfaceflinger                       E  [1b45c5f SurfaceView[com.trainingvalidator.poc/com.trainingvalidator.poc.ui.TrainingActivity]@0(BLAST)#59208] Invalid device requested composition type change: Client (1) --> Client (1)
2026-02-06 17:31:28.357  1652-1652  CompositionEngine       surfaceflinger                       E  [1b45c5f SurfaceView[com.trainingvalidator.poc/com.trainingvalidator.poc.ui.TrainingActivity]@0(BLAST)#59208] Invalid device requested composition type change: Client (1) --> Client (1)
2026-02-06 17:31:28.365  1652-1652  CompositionEngine       surfaceflinger                       E  [1b45c5f SurfaceView[com.trainingvalidator.poc/com.trainingvalidator.poc.ui.TrainingActivity]@0(BLAST)#59208] Invalid device requested composition type change: Client (1) --> Client (1)
2026-02-06 17:31:28.374  1652-1652  SurfaceFlinger          surfaceflinger                       D  Display 4630947232161729154 HWC layers:
                                                                                                           DEVICE |           42137924141095 | 00002102 | RGBA_8888    |    0.0    0.0 1080.0 2316.0 |    0    0 1080 2316 | com.trainingvalidator.poc/com.traini[...]port.ReportPagerActivity$_9811#59220 (2)
                                                                                                           DEVICE |           15771119945538 | 00002140 | RGBA_8888    |    0.0    0.0 1080.0   84.0 |    0    0 1080   84 | ScreenDecorOverlay$_3672#59215 (8)
                                                                                                           DEVICE |           15771119945541 | 00002140 | RGBA_8888    |    0.0    0.0 1080.0   84.0 |    0 2232 1080 2316 | ScreenDecorOverlayBottom$_3672#59216 (3)
                                                                                                    
2026-02-06 17:31:28.375  2317-6496  WindowManager           system_server                        V  Finish Transition: TransitionRecord{b9a35d0 id=5328 type=OPEN flags=0x0 c=[
                                                                                                       ChangeInfo{f34defc container=Display{#0 state=ON size=1080x2316 ROTATION_0} flags=0x0}
                                                                                                       ChangeInfo{85be985 container=Task{b809d3a #485 type=standard A=10427:com.trainingvalidator.poc} flags=0x0}
                                                                                                       ChangeInfo{22723da container=ActivityRecord{200178121 u0 com.trainingvalidator.poc/.ui.report.ReportPagerActivity t485} flags=0x0}
                                                                                                       ChangeInfo{c32e00b container=DefaultTaskDisplayArea_d0@223319725 flags=0x0}
                                                                                                       ChangeInfo{ba82de2 container=ActivityRecord{257061344 u0 com.trainingvalidator.poc/.ui.TrainingActivity t485 f}} flags=0x0}
                                                                                                    ]
                                                                                                    }, caller=com.android.server.wm.WindowOrganizerController.finishTransitionInner:31 com.android.server.wm.WindowOrganizerController.finishAllTransitions:60 android.window.IWindowOrganizerController$Stub.onTransact:283 
2026-02-06 17:31:28.376  2317-6496  WindowManager           system_server                        V  Setting visibility of Window{310bd8c u0 com.trainingvalidator.poc/com.trainingvalidator.poc.ui.TrainingActivity}: false, caller=com.android.server.wm.WindowContainer.sendAppVisibilityToClients:19 com.android.server.wm.WindowToken.setClientVisible:48 com.android.server.wm.ActivityRecord.commitVisibility:186 com.android.server.wm.TransitionController.finishTransition:846 com.android.server.wm.WindowOrganizerController.finishTransitionInner:31 
2026-02-06 17:31:28.376  2317-6496  PersonaActivityHelper   system_server                        D  token.toString()  Token{81b48ce ActivityRecord{200178121 u0 com.trainingvalidator.poc/.ui.report.ReportPagerActivity t485}}
2026-02-06 17:31:28.377  2317-6496  PersonaActivityHelper   system_server                        D  token.toString()  Token{80cec99 ActivityRecord{257061344 u0 com.trainingvalidator.poc/.ui.TrainingActivity t485 f}}}
2026-02-06 17:31:28.377  2317-6496  ChangeTran...Controller system_server                        D  onTransitionFinished: TransitionRecord{b9a35d0 id=5328 type=OPEN flags=0x0 c=[
                                                                                                       ChangeInfo{f34defc container=Display{#0 state=ON size=1080x2316 ROTATION_0} flags=0x0}
                                                                                                       ChangeInfo{85be985 container=Task{b809d3a #485 type=standard A=10427:com.trainingvalidator.poc} flags=0x0}
                                                                                                       ChangeInfo{22723da container=ActivityRecord{200178121 u0 com.trainingvalidator.poc/.ui.report.ReportPagerActivity t485} flags=0x0}
                                                                                                       ChangeInfo{c32e00b container=DefaultTaskDisplayArea_d0@223319725 flags=0x0}
                                                                                                       ChangeInfo{ba82de2 container=ActivityRecord{257061344 u0 com.trainingvalidator.poc/.ui.TrainingActivity t485 f}} flags=0x0}
                                                                                                    ]
                                                                                                    }
2026-02-06 17:31:28.379  9811-9811  VRI[Traini...y]@3f31ca4 com.trainingvalidator.poc            I  handleAppVisibility mAppVisible = true visible = false
2026-02-06 17:31:28.379  9811-9811  VRI[Traini...y]@3f31ca4 com.trainingvalidator.poc            D  visibilityChanged oldVisibility=true newVisibility=false
2026-02-06 17:31:28.380  1652-1652  SurfaceFlinger          surfaceflinger                       I  [LayerHierarchy{RequestedLayerState{DimTransitionLayer for Surface(name=ActivityRecord{200178121 u0 com.trainingvalidator.poc/.ui.report.ReportPagerActivity t485})/@0x9b6616c#59224 z=-1} no children}] reparent to OffscreenRoot
2026-02-06 17:31:28.380  1652-1652  SurfaceFlinger          surfaceflinger                       I  [LayerHierarchy{RequestedLayerState{DimTransitionLayer for Surface(name=ActivityRecord{200178121 u0 com.trainingvalidator.poc/.ui.report.ReportPagerActivity t485})/@0x9b6616c#59224 z=-1} no children}] RelativeParent to null
2026-02-06 17:31:28.380  1652-1652  SurfaceFlinger          surfaceflinger                       I  [LayerHierarchy{RequestedLayerState{ActivityRecord{257061344 u0 com.trainingvalidator.poc/.ui.TrainingActivity t485}#59197 parentId=59163 z=2} 2 children}] reparent to LayerHierarchy{RequestedLayerState{Task=485#59163 parentId=10 z=14} 4 children}
2026-02-06 17:31:28.380  1652-1652  SurfaceFlinger          surfaceflinger                       I  [LayerHierarchy{RequestedLayerState{Transition Root: ActivityRecord{200178121 u0 com.trainingvalidator.poc/.ui.report.ReportPagerActivity t485}#59223 z=3} 1 children}] reparent to OffscreenRoot
2026-02-06 17:31:28.380  1652-1652  SurfaceFlinger          surfaceflinger                       I  [LayerHierarchy{RequestedLayerState{Transition Root: ActivityRecord{200178121 u0 com.trainingvalidator.poc/.ui.report.ReportPagerActivity t485}#59223 z=3} 1 children}] RelativeParent to null
2026-02-06 17:31:28.380  9811-9811  SV[2859734...gActivity] com.trainingvalidator.poc            I  onWindowVisibilityChanged(8) false android.view.SurfaceView{1b45c5f V.E...... ........ 0,0-1440,1080} of VRI[TrainingActivity]@3f31ca4
2026-02-06 17:31:28.380  1652-1652  SurfaceFlinger          surfaceflinger                       I  [LayerHierarchy{RequestedLayerState{ActivityRecord{200178121 u0 com.trainingvalidator.poc/.ui.report.ReportPagerActivity t485}#59218 parentId=59163 z=3} 3 children}] reparent to LayerHierarchy{RequestedLayerState{Task=485#59163 parentId=10 z=14} 4 children}
2026-02-06 17:31:28.380  9811-9811  SurfaceView             com.trainingvalidator.poc            I  28597343 Changes: creating=false format=false size=false visible=true alpha=false hint=false left=false top=false z=false attached=true lifecycleStrategy=false
2026-02-06 17:31:28.380  9811-9811  SurfaceView             com.trainingvalidator.poc            I  28597343 Cur surface: Surface(name=null mNativeObject=-5476376663317032832)/@0x9c23b0a
2026-02-06 17:31:28.380  9811-9811  SurfaceComposerClient   com.trainingvalidator.poc            D  setCornerRadius ## 1b45c5f SurfaceView[com.trainingvalidator.poc/com.trainingvalidator.poc.ui.TrainingActivity]@0#59207 cornerRadius=0.000000
2026-02-06 17:31:28.381  9811-9811  SurfaceView             com.trainingvalidator.poc            I  28597343 surfaceDestroyed
2026-02-06 17:31:28.381  9811-9811  SV[2859734...gActivity] com.trainingvalidator.poc            I  surfaceDestroyed callback.size 1 #2 android.view.SurfaceView{1b45c5f V.E...... ........ 0,0-1440,1080}
2026-02-06 17:31:28.381  9811-9811  SurfaceViewImpl         com.trainingvalidator.poc            D  Surface destroyed.
2026-02-06 17:31:28.381  9811-9811  SurfaceViewImpl         com.trainingvalidator.poc            D  Surface closed androidx.camera.core.SurfaceRequest@91c396f
2026-02-06 17:31:28.381  9811-9811  DeferrableSurface       com.trainingvalidator.poc            D  surface closed,  useCount=2 closed=true androidx.camera.core.SurfaceRequest$2@55e767c
2026-02-06 17:31:28.381  9811-9811  SV[2859734...gActivity] com.trainingvalidator.poc            I  updateSurface: mVisible = false mSurface.isValid() = true
2026-02-06 17:31:28.381  1652-1652  SurfaceFlinger          surfaceflinger                       I  id=59224 Removed DimTransitionLayer for Surface(name=ActivityRecord{200178121 u0 com.trainingvalidator.poc/.ui.report.ReportPagerActivity t485})/@0x9b6616c#59224 (187)
2026-02-06 17:31:28.381  1652-1652  SurfaceFlinger          surfaceflinger                       I  id=59223 Removed Transition Root: ActivityRecord{200178121 u0 com.trainingvalidator.poc/.ui.report.ReportPagerActivity t485}#59223 (187)
2026-02-06 17:31:28.386  9811-9811  SV[2859734...gActivity] com.trainingvalidator.poc            I  releaseSurfaces: viewRoot = VRI[TrainingActivity]@3f31ca4
2026-02-06 17:31:28.390  1652-1652  SurfaceFlinger          surfaceflinger                       I  RequestedLayer [com.trainingvalidator.poc/com.traini[...].poc.ui.TrainingActivity$_9811#59199] hidden!! flag  from(0) --> to(1)
2026-02-06 17:31:28.390  1652-1652  SurfaceFlinger          surfaceflinger                       I  destroyed DimTransitionLayer for Surface(name=ActivityRecord{200178121 u0 com.trainingvalidator.poc/.ui.report.ReportPagerActivity t485})/@0x9b6616c#59224 form LifecycleManager
2026-02-06 17:31:28.390  1652-1652  SurfaceFlinger          surfaceflinger                       I  destroyed Transition Root: ActivityRecord{200178121 u0 com.trainingvalidator.poc/.ui.report.ReportPagerActivity t485}#59223 form LifecycleManager
2026-02-06 17:31:28.391  1652-1652  SurfaceFlinger          surfaceflinger                       I  id=59224 onLayerDestroyed from LayerHierarchyBuilder(RequestedLayerState{DimTransitionLayer for Surface(name=ActivityRecord{200178121 u0 com.trainingvalidator.poc/.ui.report.ReportPagerActivity t485})/@0x9b6616c#59224 !handle z=-1})
2026-02-06 17:31:28.391  1652-1652  SurfaceFlinger          surfaceflinger                       I  id=59223 onLayerDestroyed from LayerHierarchyBuilder(RequestedLayerState{Transition Root: ActivityRecord{200178121 u0 com.trainingvalidator.poc/.ui.report.ReportPagerActivity t485}#59223 !handle z=3})
2026-02-06 17:31:28.392  1652-1652  Layer                   surfaceflinger                       I  id=59224 Destroyed DimTransitionLayer for Surface(name=ActivityRecord{200178121 u0 com.trainingvalidator.poc/.ui.report.ReportPagerActivity t485})/@0x9b6616c#59224
2026-02-06 17:31:28.392  1652-1652  Layer                   surfaceflinger                       I  id=59223 Destroyed Transition Root: ActivityRecord{200178121 u0 com.trainingvalidator.poc/.ui.report.ReportPagerActivity t485}#59223
2026-02-06 17:31:28.394  9811-9811  SurfaceView             com.trainingvalidator.poc            V  Layout: x=0 y=0 w=1440 h=1080, frame=Rect(0, 0 - 1440, 1080)
2026-02-06 17:31:28.395  9811-4298  SurfaceView             com.trainingvalidator.poc            D  91453293 windowPositionLost, frameNr = 0
2026-02-06 17:31:28.397  2317-3869  WindowManager           system_server                        I  Relayout Window{310bd8c u0 com.trainingvalidator.poc/com.trainingvalidator.poc.ui.TrainingActivity}: viewVisibility=8 req=1080x2316 ty=1 d0
2026-02-06 17:31:28.397  2317-3869  SurfaceComposerClient   system_server                        D  setCornerRadius ## 8ebff2c com.trainingvalidator.poc/com.trainingvalidator.poc.ui.report.ReportPagerActivity#59219 cornerRadius=0.000000
2026-02-06 17:31:28.399  2317-3869  SurfaceComposerClient   system_server                        D  setCornerRadius ## 8ebff2c com.trainingvalidator.poc/com.trainingvalidator.poc.ui.report.ReportPagerActivity#59219 cornerRadius=0.000000
2026-02-06 17:31:28.402  9811-5481  BufferQueueProducer     com.trainingvalidator.poc            E  [1b45c5f SurfaceView[com.trainingvalidator.poc/com.trainingvalidator.poc.ui.TrainingActivity]@0#4(BLAST Consumer)4](id:265300000006,api:4,p:1952,c:9811) queueBuffer: BufferQueue has been abandoned
2026-02-06 17:31:28.403  9811-9834  BufferQueueProducer     com.trainingvalidator.poc            E  [1b45c5f SurfaceView[com.trainingvalidator.poc/com.trainingvalidator.poc.ui.TrainingActivity]@0#4(BLAST Consumer)4](id:265300000006,api:4,p:1952,c:9811) dequeueBuffer: BufferQueue has been abandoned
2026-02-06 17:31:28.406  2317-2450  SurfaceComposerClient   system_server                        D  setCornerRadius ## 8ebff2c com.trainingvalidator.poc/com.trainingvalidator.poc.ui.report.ReportPagerActivity#59219 cornerRadius=0.000000
2026-02-06 17:31:28.407  9811-9811  VRI[Traini...y]@3f31ca4 com.trainingvalidator.poc            I  Relayout returned: old=(0,0,1080,2316) new=(0,0,1080,2316) relayoutAsync=false req=(1080,2316)8 dur=8 res=0x2 s={false 0x0} ch=true seqId=0
2026-02-06 17:31:28.407  9811-9811  SV[2859734...gActivity] com.trainingvalidator.poc            I  windowStopped(true) false android.view.SurfaceView{1b45c5f V.E...... ........ 0,0-1440,1080} of VRI[TrainingActivity]@3f31ca4
2026-02-06 17:31:28.407  9811-9811  SV[2859734...gActivity] com.trainingvalidator.poc            D  updateSurface: surface is not valid
2026-02-06 17:31:28.407  9811-9811  SV[2859734...gActivity] com.trainingvalidator.poc            I  releaseSurfaces: viewRoot = VRI[TrainingActivity]@3f31ca4
2026-02-06 17:31:28.407  9811-9811  VRI[Traini...y]@3f31ca4 com.trainingvalidator.poc            D  applyTransactionOnDraw applyImmediately
2026-02-06 17:31:28.407  2317-2450  SurfaceComposerClient   system_server                        D  setCornerRadius ## 8ebff2c com.trainingvalidator.poc/com.trainingvalidator.poc.ui.report.ReportPagerActivity#59219 cornerRadius=0.000000
2026-02-06 17:31:28.407  9811-9811  SV[2859734...gActivity] com.trainingvalidator.poc            D  updateSurface: surface is not valid
2026-02-06 17:31:28.408  9811-9811  SV[2859734...gActivity] com.trainingvalidator.poc            I  releaseSurfaces: viewRoot = VRI[TrainingActivity]@3f31ca4
2026-02-06 17:31:28.408  9811-9811  VRI[Traini...y]@3f31ca4 com.trainingvalidator.poc            D  applyTransactionOnDraw applyImmediately
2026-02-06 17:31:28.408  9811-9811  VRI[Traini...y]@3f31ca4 com.trainingvalidator.poc            D  Not drawing due to not visible. Reason=!mAppVisible && !mForceDecorViewVisibility
2026-02-06 17:31:28.408  9811-9811  VRI[Traini...y]@3f31ca4 com.trainingvalidator.poc            D  Pending transaction will not be applied in sync with a draw due to view not visible
2026-02-06 17:31:28.408  9811-9811  VRI[Traini...y]@3f31ca4 com.trainingvalidator.poc            I  mWNT: t=0xb4000070f6b0fa90 mBlastBufferQueue=0xnull fn= 0 HdrRenderState mRenderHdrSdrRatio=1.0 caller= android.view.ViewRootImpl.handleSyncRequestWhenNoAsyncDraw:6733 android.view.ViewRootImpl.performTraversals:5504 android.view.ViewRootImpl.doTraversal:3924 
2026-02-06 17:31:28.409  9811-9811  DeferrableSurface       com.trainingvalidator.poc            D  surface closed,  useCount=0 closed=true androidx.camera.core.processing.SurfaceEdge$SettableSurface@ab15550
2026-02-06 17:31:28.409  9811-9811  DeferrableSurface       com.trainingvalidator.poc            D  Surface terminated[total_surfaces=2, used_surfaces=2](androidx.camera.core.processing.SurfaceEdge$SettableSurface@ab15550}
2026-02-06 17:31:28.409  9811-9811  DeferrableSurface       com.trainingvalidator.poc            D  use count-1,  useCount=1 closed=true androidx.camera.core.SurfaceRequest$2@55e767c
2026-02-06 17:31:28.410  9811-9811  VRI[Traini...y]@3f31ca4 com.trainingvalidator.poc            I  stopped(true) old = false
2026-02-06 17:31:28.410  9811-9811  VRI[Traini...y]@3f31ca4 com.trainingvalidator.poc            D  WindowStopped on com.trainingvalidator.poc/com.trainingvalidator.poc.ui.TrainingActivity set to true
2026-02-06 17:31:28.410  9811-5083  Camera2CameraImpl       com.trainingvalidator.poc            D  {Camera@ae89890[id=1]} Use cases [androidx.camera.core.Preview-393f2dff-a7c5-422b-a343-908b484a4b9c49087138, androidx.camera.core.ImageAnalysis-5749401e-37c9-4991-a527-c29cb3ca9a7717017651] now DETACHED for camera
2026-02-06 17:31:28.410  9811-5083  UseCaseAttachState      com.trainingvalidator.poc            D  All use case: [] for camera: 1
2026-02-06 17:31:28.411  9811-5083  Camera2CameraImpl       com.trainingvalidator.poc            D  {Camera@ae89890[id=1]} Resetting Capture Session
2026-02-06 17:31:28.411  9811-9811  DeferrableSurface       com.trainingvalidator.poc            D  surface closed,  useCount=1 closed=true androidx.camera.core.impl.ImmediateSurface@bd47f26
2026-02-06 17:31:28.412  9811-5083  SyncCaptureSessionImpl  com.trainingvalidator.poc            D  [androidx.camera.camera2.internal.SynchronizedCaptureSessionImpl@2d2b174] Session call close()
2026-02-06 17:31:28.413  9811-5083  Camera2CameraImpl       com.trainingvalidator.poc            D  {Camera@ae89890[id=1]} Releasing session in state OPENED
2026-02-06 17:31:28.413  9811-5083  Camera2CameraControlImp com.trainingvalidator.poc            D  setActive: isActive = false
2026-02-06 17:31:28.413  9811-5083  UseCaseAttachState      com.trainingvalidator.poc            D  Active and attached use case: [] for camera: 1
2026-02-06 17:31:28.413  1652-1652  SurfaceFlinger          surfaceflinger                       I  [LayerHierarchy{RequestedLayerState{Background for 1b45c5f SurfaceView[com.trainingvalidator.poc/com.trainingvalidator.poc.ui.TrainingActivity]@0#59209 z=-2147483648} no children}] reparent to OffscreenRoot
2026-02-06 17:31:28.413  1652-1652  SurfaceFlinger          surfaceflinger                       I  [LayerHierarchy{RequestedLayerState{Background for 1b45c5f SurfaceView[com.trainingvalidator.poc/com.trainingvalidator.poc.ui.TrainingActivity]@0#59209 z=-2147483648} no children}] RelativeParent to null
