2026-02-06 17:30:59.749  2317-3241  VibratorManagerService  system_server                        D  Start AppOp mode VIBRATE for uid 10427 and package com.trainingvalidator.poc returned allow
2026-02-06 17:30:59.803  2317-3241  VibratorManagerService  system_server                        D  Finish AppOp mode VIBRATE for uid 10427 and package com.trainingvalidator.poc
2026-02-06 17:31:00.482  9811-4353  PhaseStateMachine       com.trainingvalidator.poc            D  Left UP range, starting descent: 129.8561712750087
2026-02-06 17:31:00.482  9811-4353  PhaseStateMachine       com.trainingvalidator.poc            D  Phase: START → DOWN
2026-02-06 17:31:00.833  9811-4353  PhaseStateMachine       com.trainingvalidator.poc            D  Entered DOWN range: 99.32239302043477 (0.0-100.0)
2026-02-06 17:31:00.833  9811-4353  PhaseStateMachine       com.trainingvalidator.poc            D  Phase: DOWN → BOTTOM
2026-02-06 17:31:00.848  9811-5417  SurfaceViewImpl         com.trainingvalidator.poc            D  PreviewView.SurfaceViewImplementation.getBitmap() succeeded
2026-02-06 17:31:00.924  9811-9811  FrameCaptureManager     com.trainingvalidator.poc            D  Captured PEAK_FRAME for rep 4: 424a99bf
2026-02-06 17:31:00.924  9811-9811  TrainingActivity        com.trainingvalidator.poc            D  Captured peak frame for rep 4 at phase BOTTOM
2026-02-06 17:31:00.964  9811-9811  MessageOrchestrator     com.trainingvalidator.poc            D  Preempting state:right_elbow:PERFECT:UP_ZONE (20) with state:right_elbow:NORMAL:DOWN_ZONE (30)
2026-02-06 17:31:00.964  9811-9811  FeedbackManager         com.trainingvalidator.poc            D  Message silenced: جيد، حاول الثني أكثر (repeat #1)
2026-02-06 17:31:01.058  9811-9811  FeedbackManager         com.trainingvalidator.poc            D  Message silenced: ممتاز! ثني مثالي (repeat #1)
2026-02-06 17:31:02.224  9811-9811  FeedbackManager         com.trainingvalidator.poc            D  Message silenced: جيد، حاول الثني أكثر (repeat #1)
2026-02-06 17:31:02.322  9811-4353  PhaseStateMachine       com.trainingvalidator.poc            D  Left DOWN range, ascending: 105.36502216792564
2026-02-06 17:31:02.322  9811-4353  PhaseStateMachine       com.trainingvalidator.poc            D  Phase: BOTTOM → UP
2026-02-06 17:31:02.603  9811-9811  MessageOrchestrator     com.trainingvalidator.poc            D  Issue reset for state:right_shoulder:PERFECT:UP_ZONE (gap 3017ms)
2026-02-06 17:31:02.603  9811-9811  FeedbackManager         com.trainingvalidator.poc            D  Message silenced: ممتاز - الذراع ثابتة (repeat #0)
2026-02-06 17:31:02.881  9811-4353  PhaseStateMachine       com.trainingvalidator.poc            D  ★ Requesting REP completion - Entered UP range: 135.44258547844336
2026-02-06 17:31:02.881  9811-4353  PhaseStateMachine       com.trainingvalidator.poc            D  Phase: UP → START
2026-02-06 17:31:02.881  9811-4353  PhaseStateMachine       com.trainingvalidator.poc            D  ★ REP COMPLETED! (validated)
2026-02-06 17:31:02.882  9811-4353  RepCounter              com.trainingvalidator.poc            D  Weighted score: 59%, worst=PAD, dangerJoints=[]
2026-02-06 17:31:02.882  9811-4353  RepCounter              com.trainingvalidator.poc            D  Rep 4 completed. Score: 59.999996, WorstState: PAD, Counted: true, Invalidated: false
2026-02-06 17:31:02.883  9811-4353  MotionRecorder          com.trainingvalidator.poc            D  Rep 4 finalized: 93 frames processed → metrics saved, frames DISCARDED
2026-02-06 17:31:02.883  9811-4353  TrainingEngine          com.trainingvalidator.poc            D  Rep 4 completed. Correct: 4/4
2026-02-06 17:31:02.883  2317-3869  VibratorManagerService  system_server                        D  vibrate - uid: 10427, opPkg: com.trainingvalidator.poc, effect: Mono{mEffect=Composed{segments=[Step{amplitude=0.0, frequencyHz=0.0, duration=0}, Step{amplitude=-1.0, frequencyHz=0.0, duration=40}], repeat=-1, mMagnitudeType=TYPE_EXTRA}}, attrs: VibrationAttributes{mUsage=TOUCH, mAudioUsage= USAGE_UNKNOWN, mFlags=0, tags=}, reason: null, token: android.os.BinderProxy@841311e
2026-02-06 17:31:02.884  2317-3869  VibratorManagerService  system_server                        D  Check AppOp mode VIBRATE for uid 10427 and package com.trainingvalidator.poc returned audio=allow, op=allow
2026-02-06 17:31:02.884  2317-3869  VibratorManagerService  system_server                        D  Start AppOp mode VIBRATE for uid 10427 and package com.trainingvalidator.poc returned allow
2026-02-06 17:31:02.885  9811-9811  FrameCaptureManager     com.trainingvalidator.poc            D  Max best reps (3) reached, skipping
2026-02-06 17:31:02.903  9811-9811  MessageOrchestrator     com.trainingvalidator.poc            D  Issue reset for state:right_elbow:PERFECT:UP_ZONE (gap 3183ms)
2026-02-06 17:31:02.903  9811-9811  FeedbackManager         com.trainingvalidator.poc            D  Message silenced: ممتاز! ذراعك مفرودة (repeat #0)
2026-02-06 17:31:02.960  2317-3241  VibratorManagerService  system_server                        D  Finish AppOp mode VIBRATE for uid 10427 and package com.trainingvalidator.poc
2026-02-06 17:31:03.255  9811-9811  MessageOrchestrator     com.trainingvalidator.poc            D  Message decision: random:-78141853 -> AUDIO_AND_VISUAL (repeat #1)
2026-02-06 17:31:03.255  9811-9811  AudioFeedbackPlayer     com.trainingvalidator.poc            D  No audio URL, using TTS for: استمر! أنت تتحسن!...
2026-02-06 17:31:03.257  9811-9811  AudioFeedbackPlayer     com.trainingvalidator.poc            D  Playing TTS: استمر! أنت تتحسن!
2026-02-06 17:31:03.257  2317-3869  VibratorManagerService  system_server                        D  vibrate - uid: 10427, opPkg: com.trainingvalidator.poc, effect: Mono{mEffect=Composed{segments=[Step{amplitude=-1.0, frequencyHz=0.0, duration=30}], repeat=-1, mMagnitudeType=TYPE_EXTRA}}, attrs: VibrationAttributes{mUsage=TOUCH, mAudioUsage= USAGE_UNKNOWN, mFlags=0, tags=}, reason: null, token: android.os.BinderProxy@841311e
2026-02-06 17:31:03.257  2317-3869  VibratorManagerService  system_server                        D  Check AppOp mode VIBRATE for uid 10427 and package com.trainingvalidator.poc returned audio=allow, op=allow
2026-02-06 17:31:03.258  2317-3869  VibratorManagerService  system_server                        D  Start AppOp mode VIBRATE for uid 10427 and package com.trainingvalidator.poc returned allow
2026-02-06 17:31:03.258  9811-9811  FeedbackManager         com.trainingvalidator.poc            D  Random message delivered: استمر! أنت تتحسن!
2026-02-06 17:31:03.305  2317-3241  VibratorManagerService  system_server                        D  Finish AppOp mode VIBRATE for uid 10427 and package com.trainingvalidator.poc
2026-02-06 17:31:03.704  9811-4353  PhaseStateMachine       com.trainingvalidator.poc            D  Left UP range, starting descent: 127.7778679963099
2026-02-06 17:31:03.705  9811-4353  PhaseStateMachine       com.trainingvalidator.poc            D  Phase: START → DOWN
2026-02-06 17:31:04.149  9811-4353  PhaseStateMachine       com.trainingvalidator.poc            D  Entered DOWN range: 95.99562619478131 (0.0-100.0)
2026-02-06 17:31:04.149  9811-4353  PhaseStateMachine       com.trainingvalidator.poc            D  Phase: DOWN → BOTTOM
2026-02-06 17:31:04.167  9811-5420  SurfaceViewImpl         com.trainingvalidator.poc            D  PreviewView.SurfaceViewImplementation.getBitmap() succeeded
2026-02-06 17:31:04.245  9811-9811  FrameCaptureManager     com.trainingvalidator.poc            D  Captured PEAK_FRAME for rep 5: 61b68691
2026-02-06 17:31:04.245  9811-9811  TrainingActivity        com.trainingvalidator.poc            D  Captured peak frame for rep 5 at phase BOTTOM
2026-02-06 17:31:04.246  9811-9811  MessageOrchestrator     com.trainingvalidator.poc            D  Preempting random:-78141853 (20) with state:right_elbow:NORMAL:DOWN_ZONE (30)
2026-02-06 17:31:04.246  9811-9811  FeedbackManager         com.trainingvalidator.poc            D  Message silenced: جيد، حاول الثني أكثر (repeat #1)
2026-02-06 17:31:04.286  9811-9811  FeedbackManager         com.trainingvalidator.poc            D  Message silenced: ممتاز! ثني مثالي (repeat #1)
2026-02-06 17:31:04.540  1652-1652  LayerHistory            surfaceflinger                       I  1b45c5f SurfaceView[com.trainingvalidator.poc/com.trainingvalidator.poc.ui.TrainingActivity]@0(BLAST)#59208 calculated refresh rate: 24.00 Hz
2026-02-06 17:31:04.540  1652-1652  LayerHistory            surfaceflinger                       I  com.trainingvalidator.poc/com.trainingvalidator.poc.ui.TrainingActivity$_9811#59199 Max (can't resolve refresh rate)
2026-02-06 17:31:04.540  1652-1652  SurfaceFlinger          surfaceflinger                       I  Video ignores com.trainingvalidator.poc/com.trainingvalidator.poc.ui.TrainingActivity$_9811#59199 (type=Max, weight=1.00, seamlessness=Default) 0.00 Hz's 30.00 Hz
                                                                                                    Video ignores com.trainingvalidator.poc/com.trainingvalidator.poc.ui.TrainingActivity$_9811#59199 (type=Max, weight=1.00, seamlessness=Default) 0.00 Hz's 32.00 Hz
                                                                                                    Video ignores com.trainingvalidator.poc/com.trainingvalidator.poc.ui.TrainingActivity$_9811#59199 (type=Max, weight=1.00, seamlessness=Default) 0.00 Hz's 40.00 Hz
                                                                                                    Video ignores com.trainingvalidator.poc/com.trainingvalidator.poc.ui.TrainingActivity$_9811#59199 (type=Max, weight=1.00, seamlessness=Default) 0.00 Hz's 48.00 Hz
                                                                                                    Video ignores com.trainingvalidator.poc/com.trainingvalidator.poc.ui.TrainingActivity$_9811#59199 (type=Max, weight=1.00, seamlessness=Default) 0.00 Hz's 60.00 Hz
                                                                                                    scored - choose 48.00 Hz
2026-02-06 17:31:04.587  2317-2447  SurfaceComposerClient   system_server                        D  setCornerRadius ## 310bd8c com.trainingvalidator.poc/com.trainingvalidator.poc.ui.TrainingActivity#59198 cornerRadius=0.000000
2026-02-06 17:31:05.274  9811-9811  FeedbackManager         com.trainingvalidator.poc            D  Message silenced: جيد، حاول الثني أكثر (repeat #1)
2026-02-06 17:31:05.506  9811-4353  PhaseStateMachine       com.trainingvalidator.poc            D  Left DOWN range, ascending: 105.85156163574436
2026-02-06 17:31:05.506  9811-4353  PhaseStateMachine       com.trainingvalidator.poc            D  Phase: BOTTOM → UP
2026-02-06 17:31:05.672  9811-9811  FeedbackManager         com.trainingvalidator.poc            D  Message silenced: ممتاز - الذراع ثابتة (repeat #0)
2026-02-06 17:31:05.850  9811-4353  PhaseStateMachine       com.trainingvalidator.poc            D  ★ Requesting REP completion - Entered UP range: 135.02047433746665
2026-02-06 17:31:05.850  9811-4353  PhaseStateMachine       com.trainingvalidator.poc            D  Phase: UP → START
2026-02-06 17:31:05.850  9811-4353  PhaseStateMachine       com.trainingvalidator.poc            D  ★ REP COMPLETED! (validated)
2026-02-06 17:31:05.851  9811-4353  RepCounter              com.trainingvalidator.poc            D  Weighted score: 59%, worst=PAD, dangerJoints=[]
2026-02-06 17:31:05.851  9811-4353  RepCounter              com.trainingvalidator.poc            D  Rep 5 completed. Score: 59.999996, WorstState: PAD, Counted: true, Invalidated: false
2026-02-06 17:31:05.852  9811-9811  MessageOrchestrator     com.trainingvalidator.poc            D  Message decision: streak:5 -> AUDIO_AND_VISUAL (repeat #1)
2026-02-06 17:31:05.852  9811-9811  FeedbackManager         com.trainingvalidator.poc            D  LocalizedText has NO audio URL for ar. Text: أداء رائع!...
2026-02-06 17:31:05.852  9811-9811  AudioFeedbackPlayer     com.trainingvalidator.poc            D  No audio URL, using TTS for: أداء رائع!...
2026-02-06 17:31:05.852  9811-4353  MotionRecorder          com.trainingvalidator.poc            D  Rep 5 finalized: 86 frames processed → metrics saved, frames DISCARDED
2026-02-06 17:31:05.852  9811-4353  TrainingEngine          com.trainingvalidator.poc            D  Rep 5 completed. Correct: 5/5
2026-02-06 17:31:05.853  9811-9811  AudioFeedbackPlayer     com.trainingvalidator.poc            D  Playing TTS: أداء رائع!
2026-02-06 17:31:05.855  2317-5382  VibratorManagerService  system_server                        D  vibrate - uid: 10427, opPkg: com.trainingvalidator.poc, effect: Mono{mEffect=Composed{segments=[Step{amplitude=0.0, frequencyHz=0.0, duration=0}, Step{amplitude=-1.0, frequencyHz=0.0, duration=40}], repeat=-1, mMagnitudeType=TYPE_EXTRA}}, attrs: VibrationAttributes{mUsage=TOUCH, mAudioUsage= USAGE_UNKNOWN, mFlags=0, tags=}, reason: null, token: android.os.BinderProxy@841311e
2026-02-06 17:31:05.855  2317-5382  VibratorManagerService  system_server                        D  Check AppOp mode VIBRATE for uid 10427 and package com.trainingvalidator.poc returned audio=allow, op=allow
2026-02-06 17:31:05.855  2317-5382  VibratorManagerService  system_server                        D  Start AppOp mode VIBRATE for uid 10427 and package com.trainingvalidator.poc returned allow
2026-02-06 17:31:05.856  2317-5382  VibratorManagerService  system_server                        D  vibrate - uid: 10427, opPkg: com.trainingvalidator.poc, effect: Mono{mEffect=Composed{segments=[Step{amplitude=0.0, frequencyHz=0.0, duration=0}, Step{amplitude=-1.0, frequencyHz=0.0, duration=40}], repeat=-1, mMagnitudeType=TYPE_EXTRA}}, attrs: VibrationAttributes{mUsage=TOUCH, mAudioUsage= USAGE_UNKNOWN, mFlags=0, tags=}, reason: null, token: android.os.BinderProxy@841311e
2026-02-06 17:31:05.856  2317-5382  VibratorManagerService  system_server                        D  Check AppOp mode VIBRATE for uid 10427 and package com.trainingvalidator.poc returned audio=allow, op=allow
2026-02-06 17:31:05.856  2317-5382  VibrationThread         system_server                        D  Vibration cancel requested with signal=EndInfo{status=CANCELLED_SUPERSEDED, endedBy=CallerInfo{ uid=10427, opPkg=com.trainingvalidator.poc, deviceId=0, attrs=VibrationAttributes{mUsage=TOUCH, mAudioUsage= USAGE_UNKNOWN, mFlags=0, tags=}, reason=null}}, immediate=false
2026-02-06 17:31:05.858  9811-9811  FrameCaptureManager     com.trainingvalidator.poc            D  Max best reps (3) reached, skipping
2026-02-06 17:31:05.880  2317-3241  VibrationThread         system_server                        D  Vibration 15765 finished with EndInfo{status=CANCELLED_SUPERSEDED, endedBy=CallerInfo{ uid=10427, opPkg=com.trainingvalidator.poc, deviceId=0, attrs=VibrationAttributes{mUsage=TOUCH, mAudioUsage= USAGE_UNKNOWN, mFlags=0, tags=}, reason=null}}
2026-02-06 17:31:05.881  2317-3241  VibratorManagerService  system_server                        D  Finish AppOp mode VIBRATE for uid 10427 and package com.trainingvalidator.poc
2026-02-06 17:31:05.881  2317-3241  VibratorManagerService  system_server                        D  Start AppOp mode VIBRATE for uid 10427 and package com.trainingvalidator.poc returned allow
2026-02-06 17:31:05.886  9811-9811  FeedbackManager         com.trainingvalidator.poc            D  Message silenced: ممتاز! ذراعك مفرودة (repeat #0)
2026-02-06 17:31:05.943  2317-3241  VibratorManagerService  system_server                        D  Finish AppOp mode VIBRATE for uid 10427 and package com.trainingvalidator.poc
2026-02-06 17:31:06.710  9811-4353  PhaseStateMachine       com.trainingvalidator.poc            D  Left UP range, starting descent: 129.70072307277874
2026-02-06 17:31:06.710  9811-4353  PhaseStateMachine       com.trainingvalidator.poc            D  Phase: START → DOWN
2026-02-06 17:31:07.149  9811-4353  PhaseStateMachine       com.trainingvalidator.poc            D  Entered DOWN range: 96.68538696064964 (0.0-100.0)
2026-02-06 17:31:07.149  9811-4353  PhaseStateMachine       com.trainingvalidator.poc            D  Phase: DOWN → BOTTOM
2026-02-06 17:31:07.165  9811-5428  SurfaceViewImpl         com.trainingvalidator.poc            D  PreviewView.SurfaceViewImplementation.getBitmap() succeeded
2026-02-06 17:31:07.228  9811-9811  FrameCaptureManager     com.trainingvalidator.poc            D  Captured PEAK_FRAME for rep 6: 1403388a
2026-02-06 17:31:07.228  9811-9811  TrainingActivity        com.trainingvalidator.poc            D  Captured peak frame for rep 6 at phase BOTTOM
2026-02-06 17:31:07.229  9811-9811  MessageOrchestrator     com.trainingvalidator.poc            D  Preempting streak:5 (20) with state:right_elbow:NORMAL:DOWN_ZONE (30)
2026-02-06 17:31:07.229  9811-9811  FeedbackManager         com.trainingvalidator.poc            D  Message silenced: جيد، حاول الثني أكثر (repeat #1)
2026-02-06 17:31:07.265  9811-9811  FeedbackManager         com.trainingvalidator.poc            D  Message silenced: ممتاز! ثني مثالي (repeat #1)
2026-02-06 17:31:07.625  1652-1652  LayerHistory            surfaceflinger                       I  1b45c5f SurfaceView[com.trainingvalidator.poc/com.trainingvalidator.poc.ui.TrainingActivity]@0(BLAST)#59208 calculated refresh rate: 30.00 Hz
2026-02-06 17:31:07.625  1652-1652  LayerHistory            surfaceflinger                       I  com.trainingvalidator.poc/com.trainingvalidator.poc.ui.TrainingActivity$_9811#59199 Max (can't resolve refresh rate)
2026-02-06 17:31:07.625  1652-1652  SurfaceFlinger          surfaceflinger                       I  Video ignores com.trainingvalidator.poc/com.trainingvalidator.poc.ui.TrainingActivity$_9811#59199 (type=Max, weight=1.00, seamlessness=Default) 0.00 Hz's 30.00 Hz
                                                                                                    Video ignores com.trainingvalidator.poc/com.trainingvalidator.poc.ui.TrainingActivity$_9811#59199 (type=Max, weight=1.00, seamlessness=Default) 0.00 Hz's 32.00 Hz
                                                                                                    Video ignores com.trainingvalidator.poc/com.trainingvalidator.poc.ui.TrainingActivity$_9811#59199 (type=Max, weight=1.00, seamlessness=Default) 0.00 Hz's 40.00 Hz
                                                                                                    Video ignores com.trainingvalidator.poc/com.trainingvalidator.poc.ui.TrainingActivity$_9811#59199 (type=Max, weight=1.00, seamlessness=Default) 0.00 Hz's 48.00 Hz
                                                                                                    Video ignores com.trainingvalidator.poc/com.trainingvalidator.poc.ui.TrainingActivity$_9811#59199 (type=Max, weight=1.00, seamlessness=Default) 0.00 Hz's 60.00 Hz
                                                                                                    scored - choose 30.00 Hz
2026-02-06 17:31:07.641  2317-2447  SurfaceComposerClient   system_server                        D  setCornerRadius ## 310bd8c com.trainingvalidator.poc/com.trainingvalidator.poc.ui.TrainingActivity#59198 cornerRadius=0.000000
2026-02-06 17:31:08.420  9811-9811  FeedbackManager         com.trainingvalidator.poc            D  Message silenced: جيد، حاول الثني أكثر (repeat #1)
2026-02-06 17:31:08.584  9811-4353  PhaseStateMachine       com.trainingvalidator.poc            D  Left DOWN range, ascending: 105.6558076048616
2026-02-06 17:31:08.585  9811-4353  PhaseStateMachine       com.trainingvalidator.poc            D  Phase: BOTTOM → UP
2026-02-06 17:31:09.004  9811-9811  MessageOrchestrator     com.trainingvalidator.poc            D  Message decision: state:right_shoulder:PERFECT:UP_ZONE -> AUDIO_AND_VISUAL (repeat #1)
2026-02-06 17:31:09.004  9811-9811  FeedbackManager         com.trainingvalidator.poc            D  LocalizedText has NO audio URL for ar. Text: ممتاز - الذراع ثابتة...
2026-02-06 17:31:09.004  9811-9811  AudioFeedbackPlayer     com.trainingvalidator.poc            D  No audio URL, using TTS for: ممتاز - الذراع ثابتة...
2026-02-06 17:31:09.012  9811-9811  AudioFeedbackPlayer     com.trainingvalidator.poc            D  Playing TTS: ممتاز - الذراع ثابتة
2026-02-06 17:31:09.014  2317-3872  VibratorManagerService  system_server                        D  vibrate - uid: 10427, opPkg: com.trainingvalidator.poc, effect: Mono{mEffect=Composed{segments=[Step{amplitude=0.0, frequencyHz=0.0, duration=0}, Step{amplitude=-1.0, frequencyHz=0.0, duration=40}], repeat=-1, mMagnitudeType=TYPE_EXTRA}}, attrs: VibrationAttributes{mUsage=TOUCH, mAudioUsage= USAGE_UNKNOWN, mFlags=0, tags=}, reason: null, token: android.os.BinderProxy@841311e
2026-02-06 17:31:09.014  2317-3872  VibratorManagerService  system_server                        D  Check AppOp mode VIBRATE for uid 10427 and package com.trainingvalidator.poc returned audio=allow, op=allow
2026-02-06 17:31:09.014  2317-3872  VibratorManagerService  system_server                        D  Start AppOp mode VIBRATE for uid 10427 and package com.trainingvalidator.poc returned allow
2026-02-06 17:31:09.092  2317-3241  VibratorManagerService  system_server                        D  Finish AppOp mode VIBRATE for uid 10427 and package com.trainingvalidator.poc
2026-02-06 17:31:09.233  9811-4353  PhaseStateMachine       com.trainingvalidator.poc            D  ★ Requesting REP completion - Entered UP range: 136.15586150455619
2026-02-06 17:31:09.233  9811-4353  PhaseStateMachine       com.trainingvalidator.poc            D  Phase: UP → START
2026-02-06 17:31:09.233  9811-4353  PhaseStateMachine       com.trainingvalidator.poc            D  ★ REP COMPLETED! (validated)
2026-02-06 17:31:09.234  9811-4353  RepCounter              com.trainingvalidator.poc            D  Weighted score: 59%, worst=PAD, dangerJoints=[]
2026-02-06 17:31:09.234  9811-4353  RepCounter              com.trainingvalidator.poc            D  Rep 6 completed. Score: 59.999996, WorstState: PAD, Counted: true, Invalidated: false
2026-02-06 17:31:09.235  9811-4353  MotionRecorder          com.trainingvalidator.poc            D  Rep 6 finalized: 99 frames processed → metrics saved, frames DISCARDED
2026-02-06 17:31:09.235  9811-4353  TrainingEngine          com.trainingvalidator.poc            D  Rep 6 completed. Correct: 6/6
2026-02-06 17:31:09.237  9811-9811  FeedbackManager         com.trainingvalidator.poc            D  Message silenced: ممتاز! ذراعك مفرودة (repeat #0)
2026-02-06 17:31:09.239  2317-5382  VibratorManagerService  system_server                        D  vibrate - uid: 10427, opPkg: com.trainingvalidator.poc, effect: Mono{mEffect=Composed{segments=[Step{amplitude=0.0, frequencyHz=0.0, duration=0}, Step{amplitude=-1.0, frequencyHz=0.0, duration=40}], repeat=-1, mMagnitudeType=TYPE_EXTRA}}, attrs: VibrationAttributes{mUsage=TOUCH, mAudioUsage= USAGE_UNKNOWN, mFlags=0, tags=}, reason: null, token: android.os.BinderProxy@841311e
2026-02-06 17:31:09.239  2317-5382  VibratorManagerService  system_server                        D  Check AppOp mode VIBRATE for uid 10427 and package com.trainingvalidator.poc returned audio=allow, op=allow
2026-02-06 17:31:09.240  2317-5382  VibratorManagerService  system_server                        D  Start AppOp mode VIBRATE for uid 10427 and package com.trainingvalidator.poc returned allow
2026-02-06 17:31:09.241  9811-9811  AudioFeedbackPlayer     com.trainingvalidator.poc            D  Skipping playback (cooldown): 6
2026-02-06 17:31:09.242  9811-9811  FrameCaptureManager     com.trainingvalidator.poc            D  Max best reps (3) reached, skipping
2026-02-06 17:31:09.299  2317-3241  VibratorManagerService  system_server                        D  Finish AppOp mode VIBRATE for uid 10427 and package com.trainingvalidator.poc
2026-02-06 17:31:09.586  9811-5083  Camera2PresenceSrc      com.trainingvalidator.poc            D  System onCameraAccessPrioritiesChanged.
2026-02-06 17:31:09.589  9811-5083  Camera2PresenceSrc      com.trainingvalidator.poc            D  [FetchData] Refreshed camera list: CameraIdentifier{cameraIds=0}, CameraIdentifier{cameraIds=1}, CameraIdentifier{cameraIds=2}, CameraIdentifier{cameraIds=3}
2026-02-06 17:31:09.941  9811-4353  PhaseStateMachine       com.trainingvalidator.poc            D  Left UP range, starting descent: 126.54686512907938
2026-02-06 17:31:09.942  9811-4353  PhaseStateMachine       com.trainingvalidator.poc            D  Phase: START → DOWN
2026-02-06 17:31:10.291  9811-4353  PhaseStateMachine       com.trainingvalidator.poc            D  Entered DOWN range: 99.56038585585833 (0.0-100.0)
2026-02-06 17:31:10.291  9811-4353  PhaseStateMachine       com.trainingvalidator.poc            D  Phase: DOWN → BOTTOM
2026-02-06 17:31:10.306  9811-5439  SurfaceViewImpl         com.trainingvalidator.poc            D  PreviewView.SurfaceViewImplementation.getBitmap() succeeded
2026-02-06 17:31:10.386  9811-9811  FrameCaptureManager     com.trainingvalidator.poc            D  Captured PEAK_FRAME for rep 7: 87ce16e6
2026-02-06 17:31:10.386  9811-9811  TrainingActivity        com.trainingvalidator.poc            D  Captured peak frame for rep 7 at phase BOTTOM
2026-02-06 17:31:10.421  9811-9811  MessageOrchestrator     com.trainingvalidator.poc            D  Preempting state:right_shoulder:PERFECT:UP_ZONE (20) with state:right_elbow:NORMAL:DOWN_ZONE (30)
2026-02-06 17:31:10.421  9811-9811  FeedbackManager         com.trainingvalidator.poc            D  Message silenced: جيد، حاول الثني أكثر (repeat #1)
2026-02-06 17:31:10.585  9811-9811  FeedbackManager         com.trainingvalidator.poc            D  Message silenced: ممتاز! ثني مثالي (repeat #1)
2026-02-06 17:31:11.369  1652-1652  LayerHistory            surfaceflinger                       I  1b45c5f SurfaceView[com.trainingvalidator.poc/com.trainingvalidator.poc.ui.TrainingActivity]@0(BLAST)#59208 calculated refresh rate: 24.00 Hz
2026-02-06 17:31:11.369  1652-1652  LayerHistory            surfaceflinger                       I  com.trainingvalidator.poc/com.trainingvalidator.poc.ui.TrainingActivity$_9811#59199 Max (can't resolve refresh rate)
2026-02-06 17:31:11.369  1652-1652  SurfaceFlinger          surfaceflinger                       I  Video ignores com.trainingvalidator.poc/com.trainingvalidator.poc.ui.TrainingActivity$_9811#59199 (type=Max, weight=1.00, seamlessness=Default) 0.00 Hz's 30.00 Hz
                                                                                                    Video ignores com.trainingvalidator.poc/com.trainingvalidator.poc.ui.TrainingActivity$_9811#59199 (type=Max, weight=1.00, seamlessness=Default) 0.00 Hz's 32.00 Hz
                                                                                                    Video ignores com.trainingvalidator.poc/com.trainingvalidator.poc.ui.TrainingActivity$_9811#59199 (type=Max, weight=1.00, seamlessness=Default) 0.00 Hz's 40.00 Hz
                                                                                                    Video ignores com.trainingvalidator.poc/com.trainingvalidator.poc.ui.TrainingActivity$_9811#59199 (type=Max, weight=1.00, seamlessness=Default) 0.00 Hz's 48.00 Hz
                                                                                                    Video ignores com.trainingvalidator.poc/com.trainingvalidator.poc.ui.TrainingActivity$_9811#59199 (type=Max, weight=1.00, seamlessness=Default) 0.00 Hz's 60.00 Hz
                                                                                                    scored - choose 48.00 Hz
2026-02-06 17:31:11.414  2317-2447  SurfaceComposerClient   system_server                        D  setCornerRadius ## 310bd8c com.trainingvalidator.poc/com.trainingvalidator.poc.ui.TrainingActivity#59198 cornerRadius=0.000000
2026-02-06 17:31:11.631  9811-9811  FeedbackManager         com.trainingvalidator.poc            D  Message silenced: جيد، حاول الثني أكثر (repeat #1)
2026-02-06 17:31:11.814  9811-4353  PhaseStateMachine       com.trainingvalidator.poc            D  Left DOWN range, ascending: 106.2527488502365
2026-02-06 17:31:11.814  9811-4353  PhaseStateMachine       com.trainingvalidator.poc            D  Phase: BOTTOM → UP
2026-02-06 17:31:12.118  9811-9811  MessageOrchestrator     com.trainingvalidator.poc            D  Issue reset for state:right_shoulder:PERFECT:UP_ZONE (gap 3114ms)
2026-02-06 17:31:12.118  9811-9811  FeedbackManager         com.trainingvalidator.poc            D  Message silenced: ممتاز - الذراع ثابتة (repeat #0)
2026-02-06 17:31:12.266  2317-2685  PowerManagerService     system_server                        I  [PWL]  SCREEN_BRIGHT_WAKE_LOCK           'WindowManager/displayId:0' ON_AFTER_RELEASE ACQ=-29s551ms (uid=1000 pid=2317 ws=WorkSource{10427 com.trainingvalidator.poc} displayId=0 lock=a1f04e7)
2026-02-06 17:31:12.310  9811-4353  PhaseStateMachine       com.trainingvalidator.poc            D  ★ Requesting REP completion - Entered UP range: 135.6619350520056
2026-02-06 17:31:12.310  9811-4353  PhaseStateMachine       com.trainingvalidator.poc            D  Phase: UP → START
2026-02-06 17:31:12.310  9811-4353  PhaseStateMachine       com.trainingvalidator.poc            D  ★ REP COMPLETED! (validated)
2026-02-06 17:31:12.311  9811-4353  RepCounter              com.trainingvalidator.poc            D  Weighted score: 59%, worst=PAD, dangerJoints=[]
2026-02-06 17:31:12.311  9811-4353  RepCounter              com.trainingvalidator.poc            D  Rep 7 completed. Score: 59.999996, WorstState: PAD, Counted: true, Invalidated: false
2026-02-06 17:31:12.312  9811-4353  MotionRecorder          com.trainingvalidator.poc            D  Rep 7 finalized: 91 frames processed → metrics saved, frames DISCARDED
2026-02-06 17:31:12.312  9811-4353  TrainingEngine          com.trainingvalidator.poc            D  Rep 7 completed. Correct: 7/7
2026-02-06 17:31:12.315  2317-3869  VibratorManagerService  system_server                        D  vibrate - uid: 10427, opPkg: com.trainingvalidator.poc, effect: Mono{mEffect=Composed{segments=[Step{amplitude=0.0, frequencyHz=0.0, duration=0}, Step{amplitude=-1.0, frequencyHz=0.0, duration=40}], repeat=-1, mMagnitudeType=TYPE_EXTRA}}, attrs: VibrationAttributes{mUsage=TOUCH, mAudioUsage= USAGE_UNKNOWN, mFlags=0, tags=}, reason: null, token: android.os.BinderProxy@841311e
2026-02-06 17:31:12.315  2317-3869  VibratorManagerService  system_server                        D  Check AppOp mode VIBRATE for uid 10427 and package com.trainingvalidator.poc returned audio=allow, op=allow
2026-02-06 17:31:12.315  2317-3869  VibratorManagerService  system_server                        D  Start AppOp mode VIBRATE for uid 10427 and package com.trainingvalidator.poc returned allow
2026-02-06 17:31:12.316  9811-9811  FrameCaptureManager     com.trainingvalidator.poc            D  Max best reps (3) reached, skipping
2026-02-06 17:31:12.327  9811-9811  MessageOrchestrator     com.trainingvalidator.poc            D  Message decision: state:right_elbow:PERFECT:UP_ZONE -> AUDIO_AND_VISUAL (repeat #1)
2026-02-06 17:31:12.327  9811-9811  FeedbackManager         com.trainingvalidator.poc            D  LocalizedText has NO audio URL for ar. Text: ممتاز! ذراعك مفرودة...
2026-02-06 17:31:12.327  9811-9811  AudioFeedbackPlayer     com.trainingvalidator.poc            D  No audio URL, using TTS for: ممتاز! ذراعك مفرودة...
2026-02-06 17:31:12.328  9811-9811  AudioFeedbackPlayer     com.trainingvalidator.poc            D  Playing TTS: ممتاز! ذراعك مفرودة
2026-02-06 17:31:12.329  2317-3869  VibratorManagerService  system_server                        D  vibrate - uid: 10427, opPkg: com.trainingvalidator.poc, effect: Mono{mEffect=Composed{segments=[Step{amplitude=0.0, frequencyHz=0.0, duration=0}, Step{amplitude=-1.0, frequencyHz=0.0, duration=40}], repeat=-1, mMagnitudeType=TYPE_EXTRA}}, attrs: VibrationAttributes{mUsage=TOUCH, mAudioUsage= USAGE_UNKNOWN, mFlags=0, tags=}, reason: null, token: android.os.BinderProxy@841311e
2026-02-06 17:31:12.329  2317-3869  VibratorManagerService  system_server                        D  Check AppOp mode VIBRATE for uid 10427 and package com.trainingvalidator.poc returned audio=allow, op=allow
2026-02-06 17:31:12.329  2317-3869  VibrationThread         system_server                        D  Vibration cancel requested with signal=EndInfo{status=CANCELLED_SUPERSEDED, endedBy=CallerInfo{ uid=10427, opPkg=com.trainingvalidator.poc, deviceId=0, attrs=VibrationAttributes{mUsage=TOUCH, mAudioUsage= USAGE_UNKNOWN, mFlags=0, tags=}, reason=null}}, immediate=false
2026-02-06 17:31:12.341  2317-3241  VibrationThread         system_server                        D  Vibration 15769 finished with EndInfo{status=CANCELLED_SUPERSEDED, endedBy=CallerInfo{ uid=10427, opPkg=com.trainingvalidator.poc, deviceId=0, attrs=VibrationAttributes{mUsage=TOUCH, mAudioUsage= USAGE_UNKNOWN, mFlags=0, tags=}, reason=null}}
2026-02-06 17:31:12.341  2317-3241  VibratorManagerService  system_server                        D  Finish AppOp mode VIBRATE for uid 10427 and package com.trainingvalidator.poc
2026-02-06 17:31:12.344  2317-3241  VibratorManagerService  system_server                        D  Start AppOp mode VIBRATE for uid 10427 and package com.trainingvalidator.poc returned allow
2026-02-06 17:31:12.407  2317-3241  VibratorManagerService  system_server                        D  Finish AppOp mode VIBRATE for uid 10427 and package com.trainingvalidator.poc
2026-02-06 17:31:13.081  9811-4351  PhaseStateMachine       com.trainingvalidator.poc            D  Left UP range, starting descent: 126.97839292885186
2026-02-06 17:31:13.081  9811-4351  PhaseStateMachine       com.trainingvalidator.poc            D  Phase: START → DOWN
2026-02-06 17:31:13.332  9811-9811  MessageOrchestrator     com.trainingvalidator.poc            D  Preempting state:right_elbow:PERFECT:UP_ZONE (20) with random:1741469977 (40)
2026-02-06 17:31:13.332  9811-9811  MessageOrchestrator     com.trainingvalidator.poc            D  Message decision: random:1741469977 -> VISUAL_ONLY (repeat #1)
2026-02-06 17:31:13.333  2317-3284  VibratorManagerService  system_server                        D  vibrate - uid: 10427, opPkg: com.trainingvalidator.poc, effect: Mono{mEffect=Composed{segments=[Step{amplitude=-1.0, frequencyHz=0.0, duration=30}], repeat=-1, mMagnitudeType=TYPE_EXTRA}}, attrs: VibrationAttributes{mUsage=TOUCH, mAudioUsage= USAGE_UNKNOWN, mFlags=0, tags=}, reason: null, token: android.os.BinderProxy@841311e
2026-02-06 17:31:13.333  2317-3284  VibratorManagerService  system_server                        D  Check AppOp mode VIBRATE for uid 10427 and package com.trainingvalidator.poc returned audio=allow, op=allow
2026-02-06 17:31:13.333  2317-3284  VibratorManagerService  system_server                        D  Start AppOp mode VIBRATE for uid 10427 and package com.trainingvalidator.poc returned allow
2026-02-06 17:31:13.334  9811-9811  FeedbackManager         com.trainingvalidator.poc            D  Random message delivered: حافظ على ثبات مرفقك بجانب جسمك
2026-02-06 17:31:13.382  2317-3241  VibratorManagerService  system_server                        D  Finish AppOp mode VIBRATE for uid 10427 and package com.trainingvalidator.poc
2026-02-06 17:31:13.478  9811-4351  PhaseStateMachine       com.trainingvalidator.poc            D  Entered DOWN range: 95.70472236396411 (0.0-100.0)
2026-02-06 17:31:13.478  9811-4351  PhaseStateMachine       com.trainingvalidator.poc            D  Phase: DOWN → BOTTOM
2026-02-06 17:31:13.499  9811-5445  SurfaceViewImpl         com.trainingvalidator.poc            D  PreviewView.SurfaceViewImplementation.getBitmap() succeeded
2026-02-06 17:31:13.568  9811-9811  FrameCaptureManager     com.trainingvalidator.poc            D  Captured PEAK_FRAME for rep 8: a63c70fb
2026-02-06 17:31:13.568  9811-9811  TrainingActivity        com.trainingvalidator.poc            D  Captured peak frame for rep 8 at phase BOTTOM
2026-02-06 17:31:13.569  9811-9811  FeedbackManager         com.trainingvalidator.poc            D  Message silenced: جيد، حاول الثني أكثر (repeat #1)
2026-02-06 17:31:13.616  9811-9845  TransportR...EventStore com.trainingvalidator.poc            D  Storing event with priority=DEFAULT, name=COREML_ON_DEVICE_SOLUTIONS for destination cct
2026-02-06 17:31:13.619  9811-9845  TransportR...oScheduler com.trainingvalidator.poc            D  Upload for context TransportContext(cct, DEFAULT, MSRodHRwczovL2ZpcmViYXNlbG9nZ2luZy5nb29nbGVhcGlzLmNvbS92MGNjL2xvZy9iYXRjaD9mb3JtYXQ9anNvbl9wcm90bzNc) is already scheduled. Returning...
2026-02-06 17:31:13.651  9811-9811  FeedbackManager         com.trainingvalidator.poc            D  Message silenced: ممتاز! ثني مثالي (repeat #1)
2026-02-06 17:31:13.859  9811-9811  AudioFeedbackPlayer     com.trainingvalidator.poc            D  No audio URL, using TTS for: حافظ على ثبات مرفقك بجانب جسمك...
2026-02-06 17:31:13.862  9811-9811  AudioFeedbackPlayer     com.trainingvalidator.poc            D  Playing TTS: حافظ على ثبات مرفقك بجانب جسمك
2026-02-06 17:31:14.421  1652-1652  LayerHistory            surfaceflinger                       I  1b45c5f SurfaceView[com.trainingvalidator.poc/com.trainingvalidator.poc.ui.TrainingActivity]@0(BLAST)#59208 calculated refresh rate: 30.00 Hz
2026-02-06 17:31:14.421  1652-1652  LayerHistory            surfaceflinger                       I  com.trainingvalidator.poc/com.trainingvalidator.poc.ui.TrainingActivity$_9811#59199 Max (can't resolve refresh rate)
2026-02-06 17:31:14.421  1652-1652  SurfaceFlinger          surfaceflinger                       I  Video ignores com.trainingvalidator.poc/com.trainingvalidator.poc.ui.TrainingActivity$_9811#59199 (type=Max, weight=1.00, seamlessness=Default) 0.00 Hz's 30.00 Hz
                                                                                                    Video ignores com.trainingvalidator.poc/com.trainingvalidator.poc.ui.TrainingActivity$_9811#59199 (type=Max, weight=1.00, seamlessness=Default) 0.00 Hz's 32.00 Hz
                                                                                                    Video ignores com.trainingvalidator.poc/com.trainingvalidator.poc.ui.TrainingActivity$_9811#59199 (type=Max, weight=1.00, seamlessness=Default) 0.00 Hz's 40.00 Hz
                                                                                                    Video ignores com.trainingvalidator.poc/com.trainingvalidator.poc.ui.TrainingActivity$_9811#59199 (type=Max, weight=1.00, seamlessness=Default) 0.00 Hz's 48.00 Hz
                                                                                                    Video ignores com.trainingvalidator.poc/com.trainingvalidator.poc.ui.TrainingActivity$_9811#59199 (type=Max, weight=1.00, seamlessness=Default) 0.00 Hz's 60.00 Hz
                                                                                                    scored - choose 30.00 Hz
2026-02-06 17:31:14.435  2317-2447  SurfaceComposerClient   system_server                        D  setCornerRadius ## 310bd8c com.trainingvalidator.poc/com.trainingvalidator.poc.ui.TrainingActivity#59198 cornerRadius=0.000000
2026-02-06 17:31:14.811  9811-9811  FeedbackManager         com.trainingvalidator.poc            D  Message silenced: جيد، حاول الثني أكثر (repeat #1)
2026-02-06 17:31:14.942  9811-4353  PhaseStateMachine       com.trainingvalidator.poc            D  Left DOWN range, ascending: 106.33114221806254
2026-02-06 17:31:14.942  9811-4353  PhaseStateMachine       com.trainingvalidator.poc            D  Phase: BOTTOM → UP
2026-02-06 17:31:15.311  9811-9811  FeedbackManager         com.trainingvalidator.poc            D  Message silenced: ممتاز - الذراع ثابتة (repeat #0)
2026-02-06 17:31:15.442  9811-4353  PhaseStateMachine       com.trainingvalidator.poc            D  ★ Requesting REP completion - Entered UP range: 135.98135473273757
2026-02-06 17:31:15.442  9811-4353  PhaseStateMachine       com.trainingvalidator.poc            D  Phase: UP → START
2026-02-06 17:31:15.442  9811-4353  PhaseStateMachine       com.trainingvalidator.poc            D  ★ REP COMPLETED! (validated)
2026-02-06 17:31:15.443  9811-4353  RepCounter              com.trainingvalidator.poc            D  Weighted score: 59%, worst=PAD, dangerJoints=[]
2026-02-06 17:31:15.443  9811-4353  RepCounter              com.trainingvalidator.poc            D  Rep 8 completed. Score: 59.999996, WorstState: PAD, Counted: true, Invalidated: false
2026-02-06 17:31:15.444  9811-4353  MotionRecorder          com.trainingvalidator.poc            D  Rep 8 finalized: 92 frames processed → metrics saved, frames DISCARDED
2026-02-06 17:31:15.444  9811-4353  TrainingEngine          com.trainingvalidator.poc            D  Rep 8 completed. Correct: 8/8
2026-02-06 17:31:15.446  2317-5382  VibratorManagerService  system_server                        D  vibrate - uid: 10427, opPkg: com.trainingvalidator.poc, effect: Mono{mEffect=Composed{segments=[Step{amplitude=0.0, frequencyHz=0.0, duration=0}, Step{amplitude=-1.0, frequencyHz=0.0, duration=40}], repeat=-1, mMagnitudeType=TYPE_EXTRA}}, attrs: VibrationAttributes{mUsage=TOUCH, mAudioUsage= USAGE_UNKNOWN, mFlags=0, tags=}, reason: null, token: android.os.BinderProxy@841311e
2026-02-06 17:31:15.446  2317-5382  VibratorManagerService  system_server                        D  Check AppOp mode VIBRATE for uid 10427 and package com.trainingvalidator.poc returned audio=allow, op=allow
2026-02-06 17:31:15.446  2317-5382  VibratorManagerService  system_server                        D  Start AppOp mode VIBRATE for uid 10427 and package com.trainingvalidator.poc returned allow
2026-02-06 17:31:15.447  9811-9811  FrameCaptureManager     com.trainingvalidator.poc            D  Max best reps (3) reached, skipping
2026-02-06 17:31:15.466  9811-9811  FeedbackManager         com.trainingvalidator.poc            D  Message silenced: ممتاز! ذراعك مفرودة (repeat #1)
2026-02-06 17:31:15.500  2317-3241  VibratorManagerService  system_server                        D  Finish AppOp mode VIBRATE for uid 10427 and package com.trainingvalidator.poc
2026-02-06 17:31:15.586  9811-9845  TransportR...ortBackend com.trainingvalidator.poc            D  Making request to: https://firebaselogging.googleapis.com/v0cc/log/batch?format=json_proto3
2026-02-06 17:31:15.590  2317-3589  NetdEventL...nerService system_server                        D  DNS Requested by 360, 10427(com.trainingvalidator.poc), SUCCESS, 2ms
2026-02-06 17:31:15.840  9811-9845  TransportR...ortBackend com.trainingvalidator.poc            I  Status Code: 200
2026-02-06 17:31:15.840  9811-9845  TransportR...ortBackend com.trainingvalidator.poc            I  Content-Type: application/json; charset=UTF-8
2026-02-06 17:31:15.840  9811-9845  TransportR...ortBackend com.trainingvalidator.poc            I  Content-Encoding: gzip
2026-02-06 17:31:16.147  9811-4353  PhaseStateMachine       com.trainingvalidator.poc            D  Left UP range, starting descent: 125.96294366305155
2026-02-06 17:31:16.147  9811-4353  PhaseStateMachine       com.trainingvalidator.poc            D  Phase: START → DOWN
2026-02-06 17:31:16.525  9811-4353  PhaseStateMachine       com.trainingvalidator.poc            D  Entered DOWN range: 96.60217839827833 (0.0-100.0)
2026-02-06 17:31:16.525  9811-4353  PhaseStateMachine       com.trainingvalidator.poc            D  Phase: DOWN → BOTTOM
2026-02-06 17:31:16.538  9811-5454  SurfaceViewImpl         com.trainingvalidator.poc            D  PreviewView.SurfaceViewImplementation.getBitmap() succeeded
2026-02-06 17:31:16.611  9811-9811  FrameCaptureManager     com.trainingvalidator.poc            D  Captured PEAK_FRAME for rep 9: b0383628
2026-02-06 17:31:16.611  9811-9811  TrainingActivity        com.trainingvalidator.poc            D  Captured peak frame for rep 9 at phase BOTTOM
2026-02-06 17:31:16.612  9811-9811  FeedbackManager         com.trainingvalidator.poc            D  Message silenced: جيد، حاول الثني أكثر (repeat #1)
2026-02-06 17:31:16.677  9811-9811  MessageOrchestrator     com.trainingvalidator.poc            D  Issue reset for state:right_elbow:PERFECT:DOWN_ZONE (gap 3026ms)
2026-02-06 17:31:16.678  9811-9811  MessageOrchestrator     com.trainingvalidator.poc            D  Message decision: state:right_elbow:PERFECT:DOWN_ZONE -> AUDIO_AND_VISUAL (repeat #1)
2026-02-06 17:31:16.678  9811-9811  FeedbackManager         com.trainingvalidator.poc            D  LocalizedText has NO audio URL for ar. Text: ممتاز! ثني مثالي...
2026-02-06 17:31:16.678  9811-9811  AudioFeedbackPlayer     com.trainingvalidator.poc            D  No audio URL, using TTS for: ممتاز! ثني مثالي...
2026-02-06 17:31:16.680  9811-9811  AudioFeedbackPlayer     com.trainingvalidator.poc            D  Playing TTS: ممتاز! ثني مثالي
2026-02-06 17:31:16.681  2317-5382  VibratorManagerService  system_server                        D  vibrate - uid: 10427, opPkg: com.trainingvalidator.poc, effect: Mono{mEffect=Composed{segments=[Step{amplitude=0.0, frequencyHz=0.0, duration=0}, Step{amplitude=-1.0, frequencyHz=0.0, duration=40}], repeat=-1, mMagnitudeType=TYPE_EXTRA}}, attrs: VibrationAttributes{mUsage=TOUCH, mAudioUsage= USAGE_UNKNOWN, mFlags=0, tags=}, reason: null, token: android.os.BinderProxy@841311e
2026-02-06 17:31:16.681  2317-5382  VibratorManagerService  system_server                        D  Check AppOp mode VIBRATE for uid 10427 and package com.trainingvalidator.poc returned audio=allow, op=allow
2026-02-06 17:31:16.682  2317-5382  VibratorManagerService  system_server                        D  Start AppOp mode VIBRATE for uid 10427 and package com.trainingvalidator.poc returned allow
2026-02-06 17:31:16.742  2317-3241  VibratorManagerService  system_server                        D  Finish AppOp mode VIBRATE for uid 10427 and package com.trainingvalidator.poc
2026-02-06 17:31:17.776  9811-9811  MessageOrchestrator     com.trainingvalidator.poc            D  Preempting state:right_elbow:PERFECT:DOWN_ZONE (20) with state:right_elbow:NORMAL:DOWN_ZONE (30)
2026-02-06 17:31:17.776  9811-9811  FeedbackManager         com.trainingvalidator.poc            D  Message silenced: جيد، حاول الثني أكثر (repeat #1)
2026-02-06 17:31:17.933  1652-1652  LayerHistory            surfaceflinger                       I  1b45c5f SurfaceView[com.trainingvalidator.poc/com.trainingvalidator.poc.ui.TrainingActivity]@0(BLAST)#59208 calculated refresh rate: 24.00 Hz
2026-02-06 17:31:17.933  1652-1652  LayerHistory            surfaceflinger                       I  com.trainingvalidator.poc/com.trainingvalidator.poc.ui.TrainingActivity$_9811#59199 Max (can't resolve refresh rate)
2026-02-06 17:31:17.933  1652-1652  SurfaceFlinger          surfaceflinger                       I  Video ignores com.trainingvalidator.poc/com.trainingvalidator.poc.ui.TrainingActivity$_9811#59199 (type=Max, weight=1.00, seamlessness=Default) 0.00 Hz's 30.00 Hz
                                                                                                    Video ignores com.trainingvalidator.poc/com.trainingvalidator.poc.ui.TrainingActivity$_9811#59199 (type=Max, weight=1.00, seamlessness=Default) 0.00 Hz's 32.00 Hz
                                                                                                    Video ignores com.trainingvalidator.poc/com.trainingvalidator.poc.ui.TrainingActivity$_9811#59199 (type=Max, weight=1.00, seamlessness=Default) 0.00 Hz's 40.00 Hz
                                                                                                    Video ignores com.trainingvalidator.poc/com.trainingvalidator.poc.ui.TrainingActivity$_9811#59199 (type=Max, weight=1.00, seamlessness=Default) 0.00 Hz's 48.00 Hz
                                                                                                    Video ignores com.trainingvalidator.poc/com.trainingvalidator.poc.ui.TrainingActivity$_9811#59199 (type=Max, weight=1.00, seamlessness=Default) 0.00 Hz's 60.00 Hz
                                                                                                    scored - choose 48.00 Hz
2026-02-06 17:31:17.981  2317-2447  SurfaceComposerClient   system_server                        D  setCornerRadius ## 310bd8c com.trainingvalidator.poc/com.trainingvalidator.poc.ui.TrainingActivity#59198 cornerRadius=0.000000
2026-02-06 17:31:17.988  9811-4353  PhaseStateMachine       com.trainingvalidator.poc            D  Left DOWN range, ascending: 105.40034247171172
2026-02-06 17:31:17.988  9811-4353  PhaseStateMachine       com.trainingvalidator.poc            D  Phase: BOTTOM → UP
2026-02-06 17:31:18.207  9811-9811  FeedbackManager         com.trainingvalidator.poc            D  Message silenced: ممتاز - الذراع ثابتة (repeat #0)
2026-02-06 17:31:18.507  9811-4353  PhaseStateMachine       com.trainingvalidator.poc            D  ★ Requesting REP completion - Entered UP range: 135.37196732828377
2026-02-06 17:31:18.507  9811-4353  PhaseStateMachine       com.trainingvalidator.poc            D  Phase: UP → START
2026-02-06 17:31:18.507  9811-4353  PhaseStateMachine       com.trainingvalidator.poc            D  ★ REP COMPLETED! (validated)
2026-02-06 17:31:18.511  9811-4353  RepCounter              com.trainingvalidator.poc            D  Weighted score: 59%, worst=PAD, dangerJoints=[]
2026-02-06 17:31:18.511  9811-4353  RepCounter              com.trainingvalidator.poc            D  Rep 9 completed. Score: 59.999996, WorstState: PAD, Counted: true, Invalidated: false
2026-02-06 17:31:18.513  9811-4353  MotionRecorder          com.trainingvalidator.poc            D  Rep 9 finalized: 91 frames processed → metrics saved, frames DISCARDED
2026-02-06 17:31:18.513  9811-4353  TrainingEngine          com.trainingvalidator.poc            D  Rep 9 completed. Correct: 9/9
