2026-02-06 17:30:42.267  9811-9811  VRI[PreWor...y]@b0a455d com.trainingvalidator.poc            I  ViewPostIme pointer 0
2026-02-06 17:30:42.272  9811-9811  VRI[PreWor...y]@b0a455d com.trainingvalidator.poc            I  call setFrameRateCategory for touch hint category=high hint, reason=touch, vri=VRI[PreWorkoutActivity]@b0a455d
2026-02-06 17:30:42.279  1652-1652  SurfaceFlinger          surfaceflinger                       I  [com.trainingvalidator.poc/com.trainingvalidator.poc.ui.PreWorkoutActivity$_9811#59190] setFrameRateCategory: HighHint
2026-02-06 17:30:42.318  9811-9811  VRI[PreWor...y]@b0a455d com.trainingvalidator.poc            I  ViewPostIme pointer 1
2026-02-06 17:30:42.323  9811-9811  SettingsManager         com.trainingvalidator.poc            W  SettingsManager accessed before initialization - using defaults
2026-02-06 17:30:42.332  2317-3820  WindowManager           system_server                        V  Collecting in transition 5327: ActivityRecord{257061344 u0 com.trainingvalidator.poc/.ui.TrainingActivity, caller=com.android.server.wm.TransitionController.collect:7 com.android.server.wm.ActivityStarter.startActivityUnchecked:98 com.android.server.wm.ActivityStarter.executeRequest:3651 com.android.server.wm.ActivityStarter.execute:1752 com.android.server.wm.ActivityTaskManagerService.startActivityAsUser:95 
2026-02-06 17:30:42.332  2317-3820  ActivityTaskManager     system_server                        D  DesktopModeLaunchParamsModifier: task=null activity=ActivityRecord{257061344 u0 com.trainingvalidator.poc/.ui.TrainingActivity t-1} task null, skipping
2026-02-06 17:30:42.332  2317-3820  ActivityTaskManager     system_server                        D  TaskLaunchParamsModifier:task=null activity=ActivityRecord{257061344 u0 com.trainingvalidator.poc/.ui.TrainingActivity t-1} display-area-from-source=DefaultTaskDisplayArea_d0@223319725 display-id=0 task-display-area-windowing-mode=1 suggested-display-area=DefaultTaskDisplayArea_d0@223319725
2026-02-06 17:30:42.332  2317-3820  ActivityTaskManager     system_server                        D  DesktopModeLaunchParamsModifier: task=Task{b809d3a #485 type=standard A=10427:com.trainingvalidator.poc} activity=ActivityRecord{257061344 u0 com.trainingvalidator.poc/.ui.TrainingActivity t-1} non-desktop, skipping
2026-02-06 17:30:42.332  2317-3820  ActivityTaskManager     system_server                        D  TaskLaunchParamsModifier:task=Task{b809d3a #485 type=standard A=10427:com.trainingvalidator.poc} activity=ActivityRecord{257061344 u0 com.trainingvalidator.poc/.ui.TrainingActivity t-1} display-area-from-source=DefaultTaskDisplayArea_d0@223319725 display-id=0 task-display-area-windowing-mode=1 suggested-display-area=DefaultTaskDisplayArea_d0@223319725 inherit-from-source=fullscreen non-freeform-task-display-area display-area=DefaultTaskDisplayArea_d0@223319725 activity-requested-portrait freeform-size-mismatch=Rect(81, 549 - 999, 1707)
2026-02-06 17:30:42.333  2317-3820  ActivityTaskManager     system_server                        D  DesktopModeLaunchParamsModifier: task=Task{b809d3a #485 type=standard A=10427:com.trainingvalidator.poc} activity=ActivityRecord{257061344 u0 com.trainingvalidator.poc/.ui.TrainingActivity t-1} non-desktop, skipping
2026-02-06 17:30:42.333  2317-3820  ActivityTaskManager     system_server                        D  TaskLaunchParamsModifier:task=Task{b809d3a #485 type=standard A=10427:com.trainingvalidator.poc} activity=ActivityRecord{257061344 u0 com.trainingvalidator.poc/.ui.TrainingActivity t-1} display-area-from-source=DefaultTaskDisplayArea_d0@223319725 display-id=0 task-display-area-windowing-mode=1 suggested-display-area=DefaultTaskDisplayArea_d0@223319725 inherit-from-source=fullscreen non-freeform-task-display-area display-area=DefaultTaskDisplayArea_d0@223319725 activity-requested-portrait freeform-size-mismatch=Rect(81, 549 - 999, 1707)
2026-02-06 17:30:42.334  1652-1875  SurfaceFlinger          surfaceflinger                       I  id=59197 createSurf, flag=84004, ActivityRecord{257061344 u0 com.trainingvalidator.poc/.ui.TrainingActivity t485}#59197
2026-02-06 17:30:42.335  2317-3820  ActivityTaskManager     system_server                        D  scheduleTopResumedActivityChanged, onTop=false, r=ActivityRecord{91156285 u0 com.trainingvalidator.poc/.ui.PreWorkoutActivity t485}, caller=com.android.server.wm.ActivityTaskSupervisor.scheduleTopResumedActivityStateLossIfNeeded:19 com.android.server.wm.ActivityTaskSupervisor.updateTopResumedActivityIfNeeded:20 com.android.server.wm.TaskFragment.setResumedActivity:30 com.android.server.wm.ActivityRecord.setState:91 com.android.server.wm.TaskFragment.startPausing$1:209 com.android.server.wm.TaskFragment.resumeTopActivity:699 
2026-02-06 17:30:42.337  2317-3820  WindowManager           system_server                        V  Collecting in transition 5327: ActivityRecord{257061344 u0 com.trainingvalidator.poc/.ui.TrainingActivity t485}, caller=com.android.server.wm.Transition.collectExistenceChange:40 com.android.server.wm.ActivityStarter.handleStartResult:761 com.android.server.wm.ActivityStarter.startActivityUnchecked:124 com.android.server.wm.ActivityStarter.executeRequest:3651 com.android.server.wm.ActivityStarter.execute:1752 
2026-02-06 17:30:42.337  2317-3820  WindowManager           system_server                        V  Requesting StartTransition: TransitionRecord{16733e3 id=5327 type=OPEN flags=0x0 c=[
                                                                                                       ChangeInfo{24f2b3f container=Display{#0 state=ON size=1080x2316 ROTATION_0} flags=0x0}
                                                                                                       ChangeInfo{c9ccc0c container=Task{b809d3a #485 type=standard A=10427:com.trainingvalidator.poc} flags=0x0}
                                                                                                       ChangeInfo{236b955 container=DefaultTaskDisplayArea_d0@223319725 flags=0x0}
                                                                                                       ChangeInfo{a82ff6a container=ActivityRecord{257061344 u0 com.trainingvalidator.poc/.ui.TrainingActivity t485} flags=0x0}
                                                                                                    ]
                                                                                                    }, caller=com.android.server.wm.ActivityStarter.handleStartResult:982 com.android.server.wm.ActivityStarter.startActivityUnchecked:124 com.android.server.wm.ActivityStarter.executeRequest:3651 com.android.server.wm.ActivityStarter.execute:1752 com.android.server.wm.ActivityTaskManagerService.startActivityAsUser:95 
2026-02-06 17:30:42.338  2317-3820  ActivityTaskManager     system_server                        I  START u0 {xflg=0x4 cmp=com.trainingvalidator.poc/.ui.TrainingActivity (has extras)} with LAUNCH_MULTIPLE from uid 10427 (sr=91156285) (BAL_ALLOW_VISIBLE_WINDOW) result code=0
2026-02-06 17:30:42.340  1652-1652  SurfaceFlinger          surfaceflinger                       I  [ActivityRecord{257061344 u0 com.trainingvalidator.poc/.ui.TrainingActivity t485}#59197] attach to parent LayerHierarchy{RequestedLayerState{Task=485#59163 parentId=10 z=14} 3 children}
2026-02-06 17:30:42.340  3672-3758  WindowManagerShell      com.android.systemui                 V  Transition requested (#5327): android.os.BinderProxy@1716754 TransitionRequestInfo { type = OPEN, triggerTask = TaskInfo{userId=0 taskId=485 effectiveUid=10427 displayId=0 isRunning=true baseIntent=Intent { act=android.intent.action.MAIN cat=[android.intent.category.LAUNCHER] flg=0x10200000 cmp=com.trainingvalidator.poc/.ui.auth.SplashActivity } baseActivity=ComponentInfo{com.trainingvalidator.poc/com.trainingvalidator.poc.ui.main.MainContainerActivity} topActivity=ComponentInfo{com.trainingvalidator.poc/com.trainingvalidator.poc.ui.TrainingActivity} origActivity=null realActivity=ComponentInfo{com.trainingvalidator.poc/com.trainingvalidator.poc.ui.auth.SplashActivity} numActivities=3 lastActiveTime=421706382 supportsMultiWindow=true resizeMode=1 isResizeable=true minWidth=-1 minHeight=-1 maxWidth=-1 maxHeight=-1 defaultMinSize=220 desktopDefaultMinSize=304 token=WCT{android.window.IWindowContainerToken$Stub$Proxy@9bcc6fd} topActivityType=1 pictureInPictureParams=null shouldDockBigOverlays=false launchIntoPipHostTaskId=-1 lastParentTaskIdBeforePip=-1 displayCutoutSafeInsets=Rect(0, 0 - 0, 0) topActivityInfo=ActivityInfo{eaffff2 com.trainingvalidator.poc.ui.TrainingActivity} launchCookies=[android.os.BinderProxy@2331771] positionInParent=Point(0, 0) parentTaskId=-1 isFocused=true isVisible=true isVisibleRequested=true isTopActivityNoDisplay=false isSleeping=false locusId=null displayAreaFeatureId=1 isTopActivityTransparent=false isActivityStackTransparent=false lastNonFullscreenBounds=Rect(81, 549 - 999, 1707) capturedLink=null capturedLinkTimestamp=0 requestedVisibleTypes=-9 topActivityRequestOpenInBrowserEducationTimestamp=0 appCompatTaskInfo=AppCompatTaskInfo { topActivityInSizeCompat=false eligibleForLetterboxEducation= false isLetterboxEducationEnabled= false isLetterboxDoubleTapEnabled= false eligibleForUserAspectRatioButton= false topActivityBoundsLetterboxed= false isFromLetterboxDoubleTap= false topActivityLetterboxVerticalPosition= -1 topActivityLetterboxHorizontalPosition= -1 topActivityLetterboxWidth=-1 topActivityLetterboxHeight=-1 topActivityAppBounds=Rect(0, 0 - 1080, 2316) isUserFullscreenOverrideEnabled=false isSystemFullscreenOverrideEnabled=false hasMinAspectRatioOverride=false topActivityLetterboxBounds=null cameraCompatTaskInfo=CameraCompatTaskInfo { freeformCameraCompatMode=inactive} topActivityBounds=null topActivityInDisplayCompat=false singleTapFromLetterbox=false} topActivityMainWindowFrame=null originallySupportedMultiWindow=true hasWallpaper=false rootAffinity=10427:com.trainingvalidator.poc isTopTaskInStage=false CoverLauncherWidgetTask=false LaunchedFromAppsCoverLauncherTask=false LaunchedFromMultistarCoverLauncherTask=false isAllowedSeamlessRotation=false isTopTransparentActivity=false isAliasManaged=false hasConfigChanged=false snappingGuideBounds=null isAiKeyRemoveAppTask=false lastDesktopWindowingBounds=null lastExternalDesktopWindowingBounds=null safeCutoutInsets=null}, pipChange = null, remoteTransition = null, displayChange = null, flags = 0, debugId = 5327 }
2026-02-06 17:30:42.346  2317-2449  SGM:FgCheckThread       system_server                        D  notePauseComponent(), received pkgName: com.trainingvalidator.poc, userId: 0
2026-02-06 17:30:42.347  2317-5386  WindowManager           system_server                        V  Collecting in transition 5327: ActivityRecord{257061344 u0 com.trainingvalidator.poc/.ui.TrainingActivity t485}, caller=com.android.server.wm.TransitionController.collect:7 com.android.server.wm.ActivityRecord.setVisibility:132 com.android.server.wm.ActivityRecord.makeVisibleIfNeeded:36 com.android.server.wm.EnsureActivitiesVisibleHelper.process:538 com.android.server.wm.TaskFragment.updateActivityVisibilities:12 
2026-02-06 17:30:42.347  2317-5386  WindowManager           system_server                        V  Collecting in transition 5327: ActivityRecord{91156285 u0 com.trainingvalidator.poc/.ui.PreWorkoutActivity t485}, caller=com.android.server.wm.TransitionController.collect:7 com.android.server.wm.ActivityRecord.setVisibility:132 com.android.server.wm.ActivityRecord.makeInvisible:32 com.android.server.wm.EnsureActivitiesVisibleHelper.process:542 com.android.server.wm.TaskFragment.updateActivityVisibilities:12 
2026-02-06 17:30:42.347  2317-5386  WindowManager           system_server                        D  prepareSync <SYNC_STATE_WAITING_FOR_DRAW>, mPrepareSyncSeqId=0, win=Window{67b0330 u0 com.trainingvalidator.poc/com.trainingvalidator.poc.ui.PreWorkoutActivity}
2026-02-06 17:30:42.347  2317-5386  WindowManager           system_server                        D  rotationForOrientation, orientationSource=ActivityRecord{257061344 u0 com.trainingvalidator.poc/.ui.TrainingActivity t485}
2026-02-06 17:30:42.348  2317-5386  WindowManager           system_server                        V  Collecting in transition 5327: ActivityRecord{257061344 u0 com.trainingvalidator.poc/.ui.TrainingActivity t485}, caller=com.android.server.wm.TransitionController.collect:7 com.android.server.wm.ActivityRecord.setVisibility:132 com.android.server.wm.ActivityTaskSupervisor.realStartActivityLocked:203 com.android.server.wm.ActivityTaskSupervisor.startSpecificActivity:27 com.android.server.wm.TaskFragment.resumeTopActivity:2089 
2026-02-06 17:30:42.348  2317-5386  SGM:FgCheckThread       system_server                        D  notifyAppCreated(), packageName: com.trainingvalidator.poc, userId: 0, sendRet: true
2026-02-06 17:30:42.348  2317-3275  SGM:FgCheckThread       system_server                        D  onLooperPrepared(), msg: MSG_APP_CREATE, pkgName: com.trainingvalidator.poc, userId: 0
2026-02-06 17:30:42.349  2317-5386  InputDispatcher         system_server                        D  Focused application(0): ActivityRecord{257061344 u0 com.trainingvalidator.poc/.ui.TrainingActivity t485}
2026-02-06 17:30:42.349  2317-5386  WindowManager           system_server                        D  Changing focus from Window{67b0330 u0 com.trainingvalidator.poc/com.trainingvalidator.poc.ui.PreWorkoutActivity} to null displayId=0 Callers=com.android.server.wm.ActivityTaskManagerService.setLastResumedActivityUncheckLocked:264 com.android.server.wm.ActivityTaskSupervisor.updateTopResumedActivityIfNeeded:51 com.android.server.wm.TaskFragment.setResumedActivity:30 com.android.server.wm.ActivityRecord.setState:100 
2026-02-06 17:30:42.350  2317-5386  ActivityTaskManager     system_server                        D  scheduleTopResumedActivityChanged, onTop=true, r=ActivityRecord{257061344 u0 com.trainingvalidator.poc/.ui.TrainingActivity t485}, caller=com.android.server.wm.ActivityTaskSupervisor.scheduleTopResumedActivityStateIfNeeded:18 com.android.server.wm.ActivityTaskSupervisor.updateTopResumedActivityIfNeeded:54 com.android.server.wm.TaskFragment.setResumedActivity:30 com.android.server.wm.ActivityRecord.setState:100 com.android.server.wm.ActivityTaskSupervisor.realStartActivityLocked:477 com.android.server.wm.ActivityTaskSupervisor.startSpecificActivity:27 
2026-02-06 17:30:42.350  2317-5386  WindowManagerServiceExt system_server                        D  updateTaskbarTargetIfNeeded: cn=ComponentInfo{com.trainingvalidator.poc/com.trainingvalidator.poc.ui.TrainingActivity} occludesParent=true isInSplitScreenMode=false
2026-02-06 17:30:42.351  2317-5386  BLASTSyncEngine         system_server                        D  SyncGroup 5327:  Unfinished container: ActivityRecord{257061344 u0 com.trainingvalidator.poc/.ui.TrainingActivity t485} mSyncState=2
2026-02-06 17:30:42.353  2317-3820  GraphicsStatsService    system_server                        D  requestRenderEngineFor(com.trainingvalidator.poc)
2026-02-06 17:30:42.353  9811-9811  ActivityThread          com.trainingvalidator.poc            D  com.trainingvalidator.poc will use render engine as VK
2026-02-06 17:30:42.359  2317-2449  SGM:FgCheckThread       system_server                        D  noteResumeComponent(), received pkgName: com.trainingvalidator.poc, userId: 0
2026-02-06 17:30:42.359  2317-3275  SGM:FgCheckThread       system_server                        D  onLooperPrepared(), msg: MSG_APP_RESUME, pkgName: com.trainingvalidator.poc, userid: 0
2026-02-06 17:30:42.360  4098-4098  HoneySpace...rViewModel com.sec.android.app.launcher         I  cocktailHostRepository.edgePanelOperation NoteResumeComponent(componentName=ComponentInfo{com.trainingvalidator.poc/com.trainingvalidator.poc.ui.TrainingActivity})
2026-02-06 17:30:42.360  4098-4098  HoneySpace...ivityUtils com.sec.android.app.launcher         I  HomePackage : com.sec.android.app.launcher, resumePackageName : com.trainingvalidator.poc, className : com.trainingvalidator.poc.ui.TrainingActivity
2026-02-06 17:30:42.361  6574-21481 SDHMS:k                 com.sec.android.sdhms                I  handleResumeComponent : put = com.trainingvalidator.poc, userid = 0 instanceid =135064729
2026-02-06 17:30:42.365  2317-2450  BLASTSyncEngine         system_server                        D  SyncGroup 5327:  Unfinished container: ActivityRecord{257061344 u0 com.trainingvalidator.poc/.ui.TrainingActivity t485} mSyncState=2
2026-02-06 17:30:42.367  2317-5386  InputDispatcher         system_server                        D  Focus left window (0): 67b0330 com.trainingvalidator.poc/com.trainingvalidator.poc.ui.PreWorkoutActivity
2026-02-06 17:30:42.379  9811-9811  SettingsManager         com.trainingvalidator.poc            D  Settings loaded successfully: v2.0.0
2026-02-06 17:30:42.379  9811-9811  SettingsManager         com.trainingvalidator.poc            D    Hysteresis: 5.0°
2026-02-06 17:30:42.379  9811-9811  SettingsManager         com.trainingvalidator.poc            D    Boundary Buffer: 3.0°
2026-02-06 17:30:42.379  9811-9811  SettingsManager         com.trainingvalidator.poc            D    Smoothing Window: 3
2026-02-06 17:30:42.379  9811-9811  SettingsManager         com.trainingvalidator.poc            D    Smoothing Settings:
2026-02-06 17:30:42.379  9811-9811  SettingsManager         com.trainingvalidator.poc            D      Preset: custom
2026-02-06 17:30:42.379  9811-9811  SettingsManager         com.trainingvalidator.poc            D      Use Legacy EMA: false
2026-02-06 17:30:42.379  9811-9811  SettingsManager         com.trainingvalidator.poc            D      MinCutoff: 3.0
2026-02-06 17:30:42.379  9811-9811  SettingsManager         com.trainingvalidator.poc            D      Beta: 0.05
2026-02-06 17:30:42.379  9811-9811  SettingsManager         com.trainingvalidator.poc            D      Legacy Alpha: 1.0
2026-02-06 17:30:42.380  9811-9811  LandmarkSmoother        com.trainingvalidator.poc            D  Creating smoother from settings:
2026-02-06 17:30:42.380  9811-9811  LandmarkSmoother        com.trainingvalidator.poc            D    Preset: custom
2026-02-06 17:30:42.380  9811-9811  LandmarkSmoother        com.trainingvalidator.poc            D    Use Legacy EMA: false
2026-02-06 17:30:42.380  9811-9811  LandmarkSmoother        com.trainingvalidator.poc            D    One Euro Filter - minCutoff: 3.0, beta: 0.05
2026-02-06 17:30:42.380  9811-9811  TrainingActivity        com.trainingvalidator.poc            I  Smoothing: One Euro (minCutoff=3.0, beta=0.05)
2026-02-06 17:30:42.382  9811-9811  DecorView               com.trainingvalidator.poc            I  setWindowBackground: isPopOver=false color=ff000000 d=android.graphics.drawable.ColorDrawable@c272e1c
2026-02-06 17:30:42.433  9811-9811  TrainingActivity        com.trainingvalidator.poc            D  ExerciseRepository initialized successfully
2026-02-06 17:30:42.436  9811-4351  WorkoutCacheManager     com.trainingvalidator.poc            D  Loaded metadata: CacheMetadata(lastSyncTimestamp=2026-02-04T21:17:06.804Z, workoutCount=6, serverVersion=1.0.0, lastSyncSuccessful=true)
2026-02-06 17:30:42.445  9811-4351  WorkoutCacheManager     com.trainingvalidator.poc            D  Loaded 6 workouts from cache
2026-02-06 17:30:42.445  9811-4351  WorkoutRepository       com.trainingvalidator.poc            D  Loaded 6 workouts from cache
2026-02-06 17:30:42.446  9811-9811  TrainingActivity        com.trainingvalidator.poc            D  WorkoutRepository initialized successfully
2026-02-06 17:30:42.450  9811-9811  TrainingViewModel       com.trainingvalidator.poc            D  Loaded exercise from repository: forearm_rest
2026-02-06 17:30:42.452  9811-9811  PhaseStateMachine       com.trainingvalidator.poc            D  PhaseStateMachine initialized (STATE-BASED):
2026-02-06 17:30:42.452  9811-9811  PhaseStateMachine       com.trainingvalidator.poc            D    Method: UP_DOWN
2026-02-06 17:30:42.452  9811-9811  PhaseStateMachine       com.trainingvalidator.poc            D    upRange: 135.0 - 180.0
2026-02-06 17:30:42.452  9811-9811  PhaseStateMachine       com.trainingvalidator.poc            D    downRange: 0.0 - 100.0
2026-02-06 17:30:42.452  9811-9811  PhaseStateMachine       com.trainingvalidator.poc            D    Transition Zone: 100.0 - 135.0
2026-02-06 17:30:42.452  9811-9811  PhaseStateMachine       com.trainingvalidator.poc            D    Settings (configurable):
2026-02-06 17:30:42.452  9811-9811  PhaseStateMachine       com.trainingvalidator.poc            D      Hysteresis: 5.0°
2026-02-06 17:30:42.452  9811-9811  PhaseStateMachine       com.trainingvalidator.poc            D      Min Rep Interval: 1200ms
2026-02-06 17:30:42.452  9811-9811  PhaseStateMachine       com.trainingvalidator.poc            D      Min Phase Duration: 300ms
2026-02-06 17:30:42.454  6456-12840 [AirCmd]_A...chDetector com...ng.android.service.aircommand  I  onTaskStackChanged : componentName - ComponentInfo{com.trainingvalidator.poc/com.trainingvalidator.poc.ui.TrainingActivity}
2026-02-06 17:30:42.454  9811-9811  TrainingEngine          com.trainingvalidator.poc            D  TrainingEngine initialized (STATE-BASED)
2026-02-06 17:30:42.454  6456-12840 [AirCmd]_A...chDetector com...ng.android.service.aircommand  I  onTaskStackChanged :top mTopMostActivity - ComponentInfo{com.trainingvalidator.poc/com.trainingvalidator.poc.ui.PreWorkoutActivity}
2026-02-06 17:30:42.454  9811-9811  TrainingEngine          com.trainingvalidator.poc            D  Exercise: Bicep Curl Right
2026-02-06 17:30:42.454  9811-9811  TrainingEngine          com.trainingvalidator.poc            D  Counting Method: UP_DOWN
2026-02-06 17:30:42.454  9811-9811  TrainingEngine          com.trainingvalidator.poc            D  Target Reps: 12
2026-02-06 17:30:42.454  9811-9811  TrainingEngine          com.trainingvalidator.poc            D  Tracked Joints: [right_elbow, right_shoulder]
2026-02-06 17:30:42.454  9811-9811  TrainingEngine          com.trainingvalidator.poc            D  Primary Joints: [right_elbow]
2026-02-06 17:30:42.457  9811-9811  TrainingViewModel       com.trainingvalidator.poc            D  MotionRecorder created for forearm_rest, weight: null kg
2026-02-06 17:30:42.457  9811-9811  SessionSupervisor       com.trainingvalidator.poc            D  State: IDLE → SETUP_POSE
2026-02-06 17:30:42.457  9811-9811  SessionSupervisor       com.trainingvalidator.poc            D  Exercise loaded - showing setup pose
2026-02-06 17:30:42.457  9811-9811  TrainingViewModel       com.trainingvalidator.poc            D  Loaded exercise: Bicep Curl Right
2026-02-06 17:30:42.460  9811-9811  FeedbackManager         com.trainingvalidator.poc            D  Mode changed: CAMERA
2026-02-06 17:30:42.461  9811-9811  TextToSpeech            com.trainingvalidator.poc            I  Create TextToSpeech : caller process id[9811] / name[com.trainingvalidator.poc] / target[null]
2026-02-06 17:30:42.576  5016-5041  SamsungTTS              com.samsung.SMT                      I  com.trainingvalidator.poc is invalid package.
2026-02-06 17:30:42.576  5016-5041  SamsungTTS              com.samsung.SMT                      I  [check_allowed_package] com.trainingvalidator.poc is not allowed. [-4]
2026-02-06 17:30:42.578  9811-9811  TextToSpeech            com.trainingvalidator.poc            I  com.trainingvalidator.poc is not allowed to bind to private engine.
2026-02-06 17:30:42.580  9811-9811  TextToSpeech            com.trainingvalidator.poc            I  getHighestRankedPublicEngineName = com.google.android.tts
2026-02-06 17:30:42.585  9811-9811  TextToSpeech            com.trainingvalidator.poc            I  Sucessfully bound to com.google.android.tts
2026-02-06 17:30:42.585  9811-9811  FeedbackManager         com.trainingvalidator.poc            D  Initialized with AudioFeedbackPlayer (cached audio support)
2026-02-06 17:30:42.585  9811-9811  TrainingViewModel       com.trainingvalidator.poc            D  Feedback initialized with audio cache support
2026-02-06 17:30:42.585  9811-9811  FeedbackManager         com.trainingvalidator.poc            D  Random messages set: 3 motivational, 4 tips
2026-02-06 17:30:42.591  9811-9811  FrameCaptureManager     com.trainingvalidator.poc            D  FrameCaptureManager initialized: /data/user/0/com.trainingvalidator.poc/files/frame_captures/0cc540d5-92c8-4114-ac10-d2b2c23e8593
2026-02-06 17:30:42.595  9811-9811  FrameCaptureManager     com.trainingvalidator.poc            D  Deleted old session: 8eabec8c-433c-4376-b115-478ee53c74fe
2026-02-06 17:30:42.619  9811-4351  AnalyticsStorage        com.trainingvalidator.poc            D  Analytics storage initialized: /data/user/0/com.trainingvalidator.poc/files/analytics/pending
2026-02-06 17:30:42.621  9811-9811  QuirkSettingsLoader     com.trainingvalidator.poc            D  QuirkSettings$MetadataHolderService is not found.
2026-02-06 17:30:42.621  9811-9811  CameraX                 com.trainingvalidator.poc            D  QuirkSettings from app metadata: null
2026-02-06 17:30:42.621  9811-9811  CameraX                 com.trainingvalidator.poc            D  QuirkSettings by default: QuirkSettings{enabledWhenDeviceHasQuirk=true, forceEnabledQuirks=[], forceDisabledQuirks=[]}
2026-02-06 17:30:42.633  9811-9811  ViewRootImpl            com.trainingvalidator.poc            D  desktopMode is false
2026-02-06 17:30:42.633  9811-9811  ViewRootImpl            com.trainingvalidator.poc            I  dVRR is disabled
2026-02-06 17:30:42.634  9811-4298  NativeCust...ncyManager com.trainingvalidator.poc            D  [NativeCFMS] BpCustomFrequencyManager::BpCustomFrequencyManager()
2026-02-06 17:30:42.637  9811-4351  SessionSyncService      com.trainingvalidator.poc            D  Syncing 3 pending sessions...
2026-02-06 17:30:42.638  9811-9811  InsetsController        com.trainingvalidator.poc            D  Setting requestedVisibleTypes to -528 (was -9)
2026-02-06 17:30:42.638  9811-9811  InsetsController        com.trainingvalidator.poc            I  setRequestedVisibleTypes: visible=false, mask=statusBars navigationBars captionBar systemOverlays, host=com.trainingvalidator.poc/com.trainingvalidator.poc.ui.TrainingActivity, from=android.view.InsetsController.controlAnimationUnchecked:1604 android.view.InsetsController.applyAnimation:2416 android.view.InsetsController.applyAnimation:2343 android.view.InsetsController.hide:1540 android.view.InsetsController.hide:1450 android.view.PendingInsetsController$HideRequest.replay:277 android.view.PendingInsetsController.replayAndAttach:192 android.view.ViewRootImpl.setView:1948 android.view.WindowManagerGlobal.addView:604 android.view.WindowManagerImpl.addView:158 
2026-02-06 17:30:42.640  2317-5386  WindowManager           system_server                        D  prepareSync <SYNC_STATE_WAITING_FOR_DRAW>, mPrepareSyncSeqId=0, win=Window{310bd8c u0 com.trainingvalidator.poc/com.trainingvalidator.poc.ui.TrainingActivity}
2026-02-06 17:30:42.640  1652-1781  SurfaceFlinger          surfaceflinger                       I  id=59198 createSurf, flag=84004, 310bd8c com.trainingvalidator.poc/com.trainingvalidator.poc.ui.TrainingActivity#59198
2026-02-06 17:30:42.642  9811-9811  InputTransport          com.trainingvalidator.poc            D  Input channel constructed: '310bd8c', fd=172
2026-02-06 17:30:42.642  9811-9811  InsetsController        com.trainingvalidator.poc            I  onStateChanged: host=com.trainingvalidator.poc/com.trainingvalidator.poc.ui.TrainingActivity, from=android.view.ViewRootImpl.onInsetsStateChanged:3026, state=InsetsState: {mDisplayFrame=Rect(0, 0 - 1080, 2316), mDisplayCutout=DisplayCutout{insets=Rect(0, 75 - 0, 0) waterfall=Insets{left=0, top=0, right=0, bottom=0} boundingRect={Bounds=[Rect(0, 0 - 0, 0), Rect(512, 0 - 568, 75), Rect(0, 0 - 0, 0), Rect(0, 0 - 0, 0)]} cutoutPathParserInfo={CutoutPathParserInfo{displayWidth=1080 displayHeight=2316 physicalDisplayWidth=1080 physicalDisplayHeight=2316 density={2.8125} cutoutSpec={M 0,0 H -10 V 26.66666666666667 H 10 V 0 H 0 Z @dp} rotation={0} scale={1.0} physicalPixelDisplaySizeRatio={1.0}}} sideOverrides={}}, mRoundedCorners=RoundedCorners{[RoundedCorner{position=TopLeft, radius=11, center=Point(11, 11)}, RoundedCorner{position=TopRight, radius=11, center=Point(1069, 11)}, RoundedCorner{position=BottomRight, radius=11, center=Point(1069, 2305)}, RoundedCorner{position=BottomLeft, radius=11, center=Point(11, 2305)}]}  mRoundedCornerFrame=Rect(0, 0 - 1080, 2316), mPrivacyIndicatorBounds=PrivacyIndicatorBounds {static bounds=Rect(956, 0 - 1080, 75) rotation=0}, mDisplayShape=DisplayShape{ spec=-311912193 displayWidth=1080 displayHeight=2316 physicalPixelDisplaySizeRatio=0.75 rotation=0 offsetX=0 offsetY=0 scale=1.0}, mSources= { InsetsSource: {b5160000 mType=statusBars mFrame=[0,0][1080,75] mVisible=true mFlags= mSideHint=TOP mBoundingRects=null}, InsetsSource: {b5160005 mType=mandatorySystemGestures mFrame=[0,0][1080,109] mVisible=true mFlags= mSideHint=TOP mBoundingRects=null}, InsetsSource: {b5160006 mType=tappableElement mFrame=[0,0][1080,75] mVisible=true mFlags= mSideHint=TOP mBoundingRects=null}, InsetsSource: {f9c90001 mType=navigationBars mFrame=[0,2181][1080,2316] mVisible=true mFlags= mSideHint=BOTTOM mBoundingRects=null}, InsetsSource: {f9c90004 mType=systemGestures mFrame=[0,0][0,0] mVisible=true mFlags= mSideHint=NONE mBoundingRects=null}, InsetsSource: {f9c90005 mType=mandatorySystemGestures mFrame=[0,2181][1080,2316] mVisible=true mFlags= mSideHint=BOTTOM mBoundingRects=null}, InsetsSource: {f9c90006 mType=tappableElement mFrame=[0,2181][1080,2316] mVisible=true mFlags= mSideHint=BOTTOM mBoundingRects=null}, InsetsSource: {f9c90024 mType=systemGestures mFrame=[0,0][0,0] mVisible=true mFlags= mSideHint=NONE mBoundingRects=null}, InsetsSource: {3 mType=ime mFrame=[0,0][0,0] mVisible=false mFlags= mSideHint=NONE mBoundingRects=null}, InsetsSource: {27 mType=displayCutout mFrame=[0,0][1080,75] mVisible=true mFlags= mSideHint=TOP mBoundingRects=null} }
2026-02-06 17:30:42.643  9811-9811  VRI[Traini...y]@3f31ca4 com.trainingvalidator.poc            I  synced displayState. AttachInfo displayState=2
2026-02-06 17:30:42.643  9811-5054  DeviceQuirks            com.trainingvalidator.poc            D  camera2 DeviceQuirks = 
2026-02-06 17:30:42.648  1652-1652  SurfaceFlinger          surfaceflinger                       I  [310bd8c com.trainingvalidator.poc/com.trainingvalidator.poc.ui.TrainingActivity#59198] attach to parent LayerHierarchy{RequestedLayerState{ActivityRecord{257061344 u0 com.trainingvalidator.poc/.ui.TrainingActivity t485}#59197 parentId=59163} 1 children}
2026-02-06 17:30:42.651  9811-5054  CameraManagerGlobal     com.trainingvalidator.poc            I  Connecting to camera service
2026-02-06 17:30:42.654  9811-5054  VendorTagDescriptor     com.trainingvalidator.poc            D  addVendorDescriptor: vendor tag id 14172875900359437128 added
2026-02-06 17:30:42.655  9811-9811  VRI[Traini...y]@3f31ca4 com.trainingvalidator.poc            I  setView = com.android.internal.policy.DecorView@69031a IsHRR=false mFlingFrameRateChange=0 TM=true
2026-02-06 17:30:42.656  9811-9811  Choreographer           com.trainingvalidator.poc            I  Skipped 35 frames!  The application may be doing too much work on its main thread.
2026-02-06 17:30:42.659  9811-4293  CameraManagerGlobal     com.trainingvalidator.poc            I  Camera 0 facing CAMERA_FACING_BACK state now CAMERA_STATE_CLOSED for client com.openai.chatgpt API Level 2 User Id 0Device Id 0
2026-02-06 17:30:42.660  9811-4293  CameraManagerGlobal     com.trainingvalidator.poc            I  Camera 1 facing CAMERA_FACING_FRONT state now CAMERA_STATE_CLOSED for client com.trainingvalidator.poc API Level 2 User Id 0Device Id 0
2026-02-06 17:30:42.660  9811-4293  CameraManagerGlobal     com.trainingvalidator.poc            I  Camera 2 facing CAMERA_FACING_BACK state now CAMERA_STATE_CLOSED for client android.system API Level 2 User Id 0Device Id 0
2026-02-06 17:30:42.660  9811-4293  CameraManagerGlobal     com.trainingvalidator.poc            I  Camera 20 facing CAMERA_FACING_BACK state now CAMERA_STATE_CLOSED for client com.sec.android.app.camera API Level 2 User Id 0Device Id 0
2026-02-06 17:30:42.660  9811-4293  CameraManagerGlobal     com.trainingvalidator.poc            I  Camera 21 facing CAMERA_FACING_BACK state now CAMERA_STATE_CLOSED for client android.system API Level 2 User Id 0Device Id 0
2026-02-06 17:30:42.660  9811-4293  CameraManagerGlobal     com.trainingvalidator.poc            I  Camera 23 facing CAMERA_FACING_BACK state now CAMERA_STATE_CLOSED for client android.system API Level 2 User Id 0Device Id 0
2026-02-06 17:30:42.661  9811-9834  CameraManagerGlobal     com.trainingvalidator.poc            I  Camera 3 facing CAMERA_FACING_FRONT state now CAMERA_STATE_CLOSED for client android.system API Level 2 User Id 0Device Id 0
2026-02-06 17:30:42.661  9811-9834  CameraManagerGlobal     com.trainingvalidator.poc            I  Camera 4 facing CAMERA_FACING_FRONT state now CAMERA_STATE_CLOSED for client client.pid<1531> API Level 2 User Id 0Device Id 0
2026-02-06 17:30:42.661  9811-9834  CameraManagerGlobal     com.trainingvalidator.poc            I  Camera 52 facing CAMERA_FACING_BACK state now CAMERA_STATE_CLOSED for client android.system API Level 2 User Id 0Device Id 0
2026-02-06 17:30:42.661  9811-9835  CameraManagerGlobal     com.trainingvalidator.poc            I  Camera 54 facing CAMERA_FACING_BACK state now CAMERA_STATE_CLOSED for client android.system API Level 2 User Id 0Device Id 0
2026-02-06 17:30:42.661  9811-9835  CameraManagerGlobal     com.trainingvalidator.poc            I  Camera 56 facing CAMERA_FACING_BACK state now CAMERA_STATE_CLOSED for client android.system API Level 2 User Id 0Device Id 0
2026-02-06 17:30:42.661  9811-9835  CameraManagerGlobal     com.trainingvalidator.poc            I  Camera 58 facing CAMERA_FACING_BACK state now CAMERA_STATE_CLOSED for client android.system API Level 2 User Id 0Device Id 0
2026-02-06 17:30:42.661  9811-9835  CameraManagerGlobal     com.trainingvalidator.poc            I  Camera 90 facing CAMERA_FACING_FRONT state now CAMERA_STATE_CLOSED for client android.system API Level 2 User Id 0Device Id 0
2026-02-06 17:30:42.661  2317-6503  CoreBackPreview         system_server                        D  Window{310bd8c u0 com.trainingvalidator.poc/com.trainingvalidator.poc.ui.TrainingActivity}: Setting back callback OnBackInvokedCallbackInfo{mCallback=android.window.IOnBackInvokedCallback$Stub$Proxy@7032151, mPriority=-1, mIsAnimationCallback=false, mOverrideBehavior=0}
2026-02-06 17:30:42.679  2317-3820  WindowManager           system_server                        I  Relayout Window{310bd8c u0 com.trainingvalidator.poc/com.trainingvalidator.poc.ui.TrainingActivity}: viewVisibility=0 req=1080x2316 ty=1 d0
2026-02-06 17:30:42.680  1652-1781  SurfaceFlinger          surfaceflinger                       I  id=59199 createSurf, flag=44004, com.trainingvalidator.poc/com.trainingvalidator.poc.ui.TrainingActivity$_9811#59199
2026-02-06 17:30:42.680  2317-3820  WindowManager           system_server                        D  makeSurface duration=1 name=com.trainingvalidator.poc/com.trainingvalidator.poc.ui.TrainingActivity$_9811
2026-02-06 17:30:42.681  2317-3820  SurfaceComposerClient   system_server                        D  setCornerRadius ## 310bd8c com.trainingvalidator.poc/com.trainingvalidator.poc.ui.TrainingActivity#59198 cornerRadius=0.000000
2026-02-06 17:30:42.681  2317-3820  SurfaceComposerClient   system_server                        D  setCornerRadius ## 310bd8c com.trainingvalidator.poc/com.trainingvalidator.poc.ui.TrainingActivity#59198 cornerRadius=0.000000
2026-02-06 17:30:42.681  2317-3820  BLASTSyncEngine         system_server                        D  SyncGroup 5327:  Unfinished container: ActivityRecord{257061344 u0 com.trainingvalidator.poc/.ui.TrainingActivity t485} mSyncState=2
2026-02-06 17:30:42.682  2317-3820  WindowManager           system_server                        D  Changing focus from null to Window{310bd8c u0 com.trainingvalidator.poc/com.trainingvalidator.poc.ui.TrainingActivity} displayId=0 Callers=com.android.server.wm.WindowManagerService.relayoutWindow:1350 com.android.server.wm.Session.relayout:27 android.view.IWindowSession$Stub.onTransact:829 com.android.server.wm.Session.onTransact:1 
2026-02-06 17:30:42.683  2317-3820  InsetsSourceProvider    system_server                        D  updateControlForTarget: control=InsetsSourceControl: {f9c90001 mType=navigationBars initiallyVisible mSurfacePosition=Point(0, 2181) mInsetsHint=Insets{left=0, top=0, right=0, bottom=135}}, target=Window{310bd8c u0 com.trainingvalidator.poc/com.trainingvalidator.poc.ui.TrainingActivity}, from=com.android.server.wm.InsetsStateController.onControlTargetChanged:83 com.android.server.wm.InsetsPolicy.updateBarControlTarget:225 com.android.server.wm.DisplayPolicy.updateSystemBarAttributes:262 com.android.server.wm.WindowManagerService.updateFocusedWindowLocked:372 com.android.server.wm.WindowManagerService.relayoutWindow:1350 
2026-02-06 17:30:42.684  2317-3820  InsetsSourceProvider    system_server                        D  updateControlForTarget: control=InsetsSourceControl: {b5160000 mType=statusBars initiallyVisible mSurfacePosition=Point(0, 0) mInsetsHint=Insets{left=0, top=75, right=0, bottom=0}}, target=Window{310bd8c u0 com.trainingvalidator.poc/com.trainingvalidator.poc.ui.TrainingActivity}, from=com.android.server.wm.InsetsStateController.onControlTargetChanged:83 com.android.server.wm.InsetsPolicy.updateBarControlTarget:212 com.android.server.wm.DisplayPolicy.updateSystemBarAttributes:262 com.android.server.wm.WindowManagerService.updateFocusedWindowLocked:372 com.android.server.wm.WindowManagerService.relayoutWindow:1350 
2026-02-06 17:30:42.684  2317-3820  WindowManager           system_server                        D  updateSystemBarAttributes: displayId=0, focusedCanBeNavColorWin=false, win=Window{310bd8c u0 com.trainingvalidator.poc/com.trainingvalidator.poc.ui.TrainingActivity}, navColorWin=Window{67b0330 u0 com.trainingvalidator.poc/com.trainingvalidator.poc.ui.PreWorkoutActivity}, caller=com.android.server.wm.WindowManagerService.updateFocusedWindowLocked:372 com.android.server.wm.WindowManagerService.relayoutWindow:1350 com.android.server.wm.Session.relayout:27 
2026-02-06 17:30:42.684  2317-3820  SystemKeyManager        system_server                        V  updateFocusedWindow() is called, com.trainingvalidator.poc/com.trainingvalidator.poc.ui.TrainingActivity
2026-02-06 17:30:42.686  3672-3837  CollapsedS...ragmentExt com.android.systemui                 D  fullscreen    shouldHideIconsForNextAppWindow:false, lastFullscreen(pkg:com.trainingvalidator.poc, flag:false),    keyguard(fa:false, ga:false, oc:false, show:false)
2026-02-06 17:30:42.686  9811-9811  libc                    com.trainingvalidator.poc            W  Access denied finding property "vendor.display.enable_optimal_refresh_rate"
2026-02-06 17:30:42.686  9811-9811  BufferQueueProducer     com.trainingvalidator.poc            I  [](id:265300000003,api:0,p:0,c:9811) setDequeueTimeout:2077252342
2026-02-06 17:30:42.688  9811-9811  BLASTBufferQueue_Java   com.trainingvalidator.poc            I  new BLASTBufferQueue, mName= VRI[TrainingActivity]@3f31ca4 mNativeObject= 0xb400006f56ac38e0 caller= android.view.ViewRootImpl.updateBlastSurfaceIfNeeded:3585 android.view.ViewRootImpl.relayoutWindow:11685 android.view.ViewRootImpl.performTraversals:4804 android.view.ViewRootImpl.doTraversal:3924 android.view.ViewRootImpl$TraversalRunnable.run:12903 android.view.Choreographer$CallbackRecord.run:1901 android.view.Choreographer$CallbackRecord.run:1910 android.view.Choreographer.doCallbacks:1367 android.view.Choreographer.doFrame:1292 android.view.Choreographer$FrameDisplayEventReceiver.run:1870 
2026-02-06 17:30:42.688  9811-9811  BLASTBufferQueue_Java   com.trainingvalidator.poc            I  update, w= 1080 h= 2316 mName = VRI[TrainingActivity]@3f31ca4 mNativeObject= 0xb400006f56ac38e0 sc.mNativeObject= 0xb400007026a48150 format= -1 caller= android.view.ViewRootImpl.updateBlastSurfaceIfNeeded:3590 android.view.ViewRootImpl.relayoutWindow:11685 android.view.ViewRootImpl.performTraversals:4804 android.view.ViewRootImpl.doTraversal:3924 android.view.ViewRootImpl$TraversalRunnable.run:12903 android.view.Choreographer$CallbackRecord.run:1901 
2026-02-06 17:30:42.689  9811-9811  libc                    com.trainingvalidator.poc            W  Access denied finding property "vendor.display.enable_optimal_refresh_rate"
2026-02-06 17:30:42.689  9811-9811  VRI[Traini...y]@3f31ca4 com.trainingvalidator.poc            I  Relayout returned: old=(0,0,1080,2316) new=(0,0,1080,2316) relayoutAsync=false req=(1080,2316)0 dur=7 res=0x3 s={true 0xb400007096becf00} ch=true seqId=0
2026-02-06 17:30:42.689  9811-9811  VRI[Traini...y]@3f31ca4 com.trainingvalidator.poc            I  performConfigurationChange setNightDimText nightDimLevel=0
2026-02-06 17:30:42.689  1652-1652  SurfaceFlinger          surfaceflinger                       I  [com.trainingvalidator.poc/com.trainingvalidator.poc.ui.TrainingActivity$_9811#59199] attach to parent LayerHierarchy{RequestedLayerState{310bd8c com.trainingvalidator.poc/com.trainingvalidator.poc.ui.TrainingActivity#59198 parentId=59197} 1 children}
2026-02-06 17:30:42.690  9811-9811  VRI[Traini...y]@3f31ca4 com.trainingvalidator.poc            D  mThreadedRenderer.initialize() mSurface={isValid=true 0xb400007096becf00} hwInitialized=true
2026-02-06 17:30:42.699  1652-1856  SurfaceFlinger          surfaceflinger                       D  [input] setFocusedWindow: 310bd8c com.trainingvalidator.poc/com.trainingvalidator.poc.ui.TrainingActivity
2026-02-06 17:30:42.700  2317-5386  InputDispatcher         system_server                        D  Once focus requested (0): 310bd8c com.trainingvalidator.poc/com.trainingvalidator.poc.ui.TrainingActivity
2026-02-06 17:30:42.700  2317-5386  InputDispatcher         system_server                        D  Focus request (0): 310bd8c com.trainingvalidator.poc/com.trainingvalidator.poc.ui.TrainingActivity but waiting because NO_WINDOW
2026-02-06 17:30:42.700  2317-2450  InsetsSourceProvider    system_server                        D  updateVisibility: serverVisible=true, clientVisible=false, source=InsetsSource: {f9c90001 mType=navigationBars mFrame=[0,2181][1080,2316] mVisible=false mFlags= mSideHint=BOTTOM mBoundingRects=null}, controlTarget=Window{310bd8c u0 com.trainingvalidator.poc/com.trainingvalidator.poc.ui.TrainingActivity}, from=com.android.server.wm.InsetsSourceProvider.setClientVisible:8 com.android.server.wm.InsetsSourceProvider.updateClientVisibility:20 com.android.server.wm.InsetsStateController.onRequestedVisibleTypesChanged:44 com.android.server.wm.InsetsStateController$$ExternalSyntheticLambda1.run:172 com.android.server.wm.WindowAnimator$$ExternalSyntheticLambda2.onTransactionCommitted:26 android.view.SurfaceControl$Transaction$$ExternalSyntheticLambda4.run:0 android.os.Handler.handleCallback:995 android.os.Handler.dispatchMessage:103 android.os.Looper.loopOnce:273 android.os.Looper.loop:363 
2026-02-06 17:30:42.700  2317-2450  InsetsSourceProvider    system_server                        D  updateVisibility: serverVisible=true, clientVisible=false, source=InsetsSource: {b5160000 mType=statusBars mFrame=[0,0][1080,75] mVisible=false mFlags= mSideHint=TOP mBoundingRects=null}, controlTarget=Window{310bd8c u0 com.trainingvalidator.poc/com.trainingvalidator.poc.ui.TrainingActivity}, from=com.android.server.wm.InsetsSourceProvider.setClientVisible:8 com.android.server.wm.InsetsSourceProvider.updateClientVisibility:20 com.android.server.wm.InsetsStateController.onRequestedVisibleTypesChanged:44 com.android.server.wm.InsetsStateController$$ExternalSyntheticLambda1.run:172 com.android.server.wm.WindowAnimator$$ExternalSyntheticLambda2.onTransactionCommitted:26 android.view.SurfaceControl$Transaction$$ExternalSyntheticLambda4.run:0 android.os.Handler.handleCallback:995 android.os.Handler.dispatchMessage:103 android.os.Looper.loopOnce:273 android.os.Looper.loop:363 
2026-02-06 17:30:42.701  9811-9811  VRI[Traini...y]@3f31ca4 com.trainingvalidator.poc            D  reportNextDraw android.view.ViewRootImpl.performTraversals:5443 android.view.ViewRootImpl.doTraversal:3924 android.view.ViewRootImpl$TraversalRunnable.run:12903 android.view.Choreographer$CallbackRecord.run:1901 android.view.Choreographer$CallbackRecord.run:1910 
2026-02-06 17:30:42.701  9811-9811  VRI[Traini...y]@3f31ca4 com.trainingvalidator.poc            D  Setup new sync=wmsSync-VRI[TrainingActivity]@3f31ca4#6
2026-02-06 17:30:42.701  9811-9811  VRI[Traini...y]@3f31ca4 com.trainingvalidator.poc            I  Creating new active sync group VRI[TrainingActivity]@3f31ca4#7
2026-02-06 17:30:42.701  9811-9811  VRI[Traini...y]@3f31ca4 com.trainingvalidator.poc            D  registerCallbacksForSync syncBuffer=false
2026-02-06 17:30:42.702  2317-6503  SurfaceComposerClient   system_server                        D  setCornerRadius ## 310bd8c com.trainingvalidator.poc/com.trainingvalidator.poc.ui.TrainingActivity#59198 cornerRadius=0.000000
2026-02-06 17:30:42.703  9811-4306  VRI[Traini...y]@3f31ca4 com.trainingvalidator.poc            D  Received frameDrawingCallback syncResult=0 frameNum=1.
2026-02-06 17:30:42.703  9811-4306  VRI[Traini...y]@3f31ca4 com.trainingvalidator.poc            I  mWNT: t=0xb4000070f6a3b410 mBlastBufferQueue=0xb400006f56ac38e0 fn= 1 HdrRenderState mRenderHdrSdrRatio=1.0 caller= android.view.ViewRootImpl$12.onFrameDraw:15441 android.view.ThreadedRenderer$1.onFrameDraw:718 <bottom of call stack> 
2026-02-06 17:30:42.703  9811-4306  VRI[Traini...y]@3f31ca4 com.trainingvalidator.poc            I  Setting up sync and frameCommitCallback
2026-02-06 17:30:42.705  9811-4353  nativeloader            com.trainingvalidator.poc            D  Load /data/app/~~lSJThZ5xtNQJZFYlrHFVWg==/com.trainingvalidator.poc-VtLkfk1brxIMasEYsOFnbw==/base.apk!/lib/arm64-v8a/libmediapipe_tasks_vision_jni.so using class loader ns clns-9 (caller=/data/app/~~lSJThZ5xtNQJZFYlrHFVWg==/com.trainingvalidator.poc-VtLkfk1brxIMasEYsOFnbw==/base.apk!classes18.dex): ok
2026-02-06 17:30:42.705  2317-6503  SurfaceComposerClient   system_server                        D  setCornerRadius ## 310bd8c com.trainingvalidator.poc/com.trainingvalidator.poc.ui.TrainingActivity#59198 cornerRadius=0.000000
2026-02-06 17:30:42.706  2317-6503  BLASTSyncEngine         system_server                        D  SyncGroup 5327:  Unfinished container: ActivityRecord{257061344 u0 com.trainingvalidator.poc/.ui.TrainingActivity t485} mSyncState=2
2026-02-06 17:30:42.708  9811-4298  BLASTBufferQueue        com.trainingvalidator.poc            I  [VRI[TrainingActivity]@3f31ca4#3](f:0,a:0,s:0) onFrameAvailable the first frame is available
2026-02-06 17:30:42.708  9811-4298  SurfaceComposerClient   com.trainingvalidator.poc            I  apply transaction with the first frame. layerId: 59199, bufferData(ID: 42137924141071, frameNumber: 1)
2026-02-06 17:30:42.708  9811-4298  VRI[Traini...y]@3f31ca4 com.trainingvalidator.poc            I  Received frameCommittedCallback lastAttemptedDrawFrameNum=1 didProduceBuffer=true
2026-02-06 17:30:42.709  2317-2450  SurfaceComposerClient   system_server                        D  setCornerRadius ## 310bd8c com.trainingvalidator.poc/com.trainingvalidator.poc.ui.TrainingActivity#59198 cornerRadius=0.000000
2026-02-06 17:30:42.709  2317-2450  BLASTSyncEngine         system_server                        D  SyncGroup 5327:  Unfinished container: ActivityRecord{257061344 u0 com.trainingvalidator.poc/.ui.TrainingActivity t485} mSyncState=2
2026-02-06 17:30:42.709  9811-4298  HWUI                    com.trainingvalidator.poc            D  CFMS:: SetUp Pid : 9811    Tid : 4298
2026-02-06 17:30:42.709  9811-9811  VRI[Traini...y]@3f31ca4 com.trainingvalidator.poc            D  reportDrawFinished seqId=0
2026-02-06 17:30:42.709  1652-3304  SurfaceFlinger          surfaceflinger                       I  [com.trainingvalidator.poc/com.trainingvalidator.poc.ui.TrainingActivity$_9811#59199] setTransactionState with the first frame. bufferData(ID: 42137924141071, frameNumber: 1)
2026-02-06 17:30:42.710  2317-6503  SurfaceComposerClient   system_server                        D  setCornerRadius ## 310bd8c com.trainingvalidator.poc/com.trainingvalidator.poc.ui.TrainingActivity#59198 cornerRadius=0.000000
2026-02-06 17:30:42.711  2317-6503  SurfaceComposerClient   system_server                        D  setCornerRadius ## 310bd8c com.trainingvalidator.poc/com.trainingvalidator.poc.ui.TrainingActivity#59198 cornerRadius=0.000000
2026-02-06 17:30:42.711  2317-6503  BLASTSyncEngine         system_server                        D  SyncGroup 5327:  Unfinished container: ActivityRecord{257061344 u0 com.trainingvalidator.poc/.ui.TrainingActivity t485} mSyncState=2
2026-02-06 17:30:42.711  1652-1652  SurfaceFlinger          surfaceflinger                       D  Display 4630947232161729154 HWC layers:
                                                                                                           DEVICE |           42137924141064 | 00002102 | RGBA_8888    |    0.0    0.0 1080.0 2316.0 |    0    0 1080 2316 | com.trainingvalidator.poc/com.traini[...]oc.ui.PreWorkoutActivity$_9811#59190 (48)
                                                                                                           DEVICE |           15771119945512 | 00002100 | RGBA_8888    |    0.0    0.0 1080.0   75.0 |    0    0 1080   75 | StatusBar$_3672#108 (90174)
