2026-02-06 17:31:28.413  1652-1652  SurfaceFlinger          surfaceflinger                       I  [LayerHierarchy{RequestedLayerState{1b45c5f SurfaceView[com.trainingvalidator.poc/com.trainingvalidator.poc.ui.TrainingActivity]@0#59207 z=-2} 1 children}] reparent to OffscreenRoot
2026-02-06 17:31:28.413  1652-1652  SurfaceFlinger          surfaceflinger                       I  [LayerHierarchy{RequestedLayerState{1b45c5f SurfaceView[com.trainingvalidator.poc/com.trainingvalidator.poc.ui.TrainingActivity]@0#59207 z=-2} 1 children}] RelativeParent to null
2026-02-06 17:31:28.413  1652-1652  SurfaceFlinger          surfaceflinger                       I  [LayerHierarchy{RequestedLayerState{1b45c5f SurfaceView[com.trainingvalidator.poc/com.trainingvalidator.poc.ui.TrainingActivity]@0(BLAST)#59208} no children}] reparent to OffscreenRoot
2026-02-06 17:31:28.413  1652-1652  SurfaceFlinger          surfaceflinger                       I  [LayerHierarchy{RequestedLayerState{1b45c5f SurfaceView[com.trainingvalidator.poc/com.trainingvalidator.poc.ui.TrainingActivity]@0(BLAST)#59208} no children}] RelativeParent to null
2026-02-06 17:31:28.413  1652-1652  SurfaceFlinger          surfaceflinger                       I  [LayerHierarchy{RequestedLayerState{Bounds for - com.trainingvalidator.poc/com.trainingvalidator.poc.ui.TrainingActivity@0#59206} no children}] reparent to OffscreenRoot
2026-02-06 17:31:28.413  1652-1652  SurfaceFlinger          surfaceflinger                       I  [LayerHierarchy{RequestedLayerState{Bounds for - com.trainingvalidator.poc/com.trainingvalidator.poc.ui.TrainingActivity@0#59206} no children}] RelativeParent to null
2026-02-06 17:31:28.414  1652-1652  SurfaceFlinger          surfaceflinger                       I  id=59208 Removed 1b45c5f SurfaceView[com.trainingvalidator.poc/com.trainingvalidator.poc.ui.TrainingActivity]@0(BLAST)#59208 (185)
2026-02-06 17:31:28.414  1652-1652  SurfaceFlinger          surfaceflinger                       I  id=59207 Removed 1b45c5f SurfaceView[com.trainingvalidator.poc/com.trainingvalidator.poc.ui.TrainingActivity]@0#59207 (185)
2026-02-06 17:31:28.414  1652-1652  SurfaceFlinger          surfaceflinger                       I  id=59209 Removed Background for 1b45c5f SurfaceView[com.trainingvalidator.poc/com.trainingvalidator.poc.ui.TrainingActivity]@0#59209 (185)
2026-02-06 17:31:28.414  1652-1652  SurfaceFlinger          surfaceflinger                       I  id=59206 Removed Bounds for - com.trainingvalidator.poc/com.trainingvalidator.poc.ui.TrainingActivity@0#59206 (185)
2026-02-06 17:31:28.414  1652-1652  LayerHistory            surfaceflinger                       I  com.trainingvalidator.poc/com.trainingvalidator.poc.ui.report.ReportPagerActivity$_9811#59220 Max (can't resolve refresh rate)
2026-02-06 17:31:28.415  9811-5083  UseCaseAttachState      com.trainingvalidator.poc            D  Active and attached use case: [] for camera: 1
2026-02-06 17:31:28.417  9811-5083  VideoUsageControl       com.trainingvalidator.poc            D  resetDirectly: mVideoUsage reset!
2026-02-06 17:31:28.417  9811-5083  Camera2CameraImpl       com.trainingvalidator.poc            D  {Camera@ae89890[id=1]} Closing camera.
2026-02-06 17:31:28.418  9811-5083  Camera2CameraImpl       com.trainingvalidator.poc            D  {Camera@ae89890[id=1]} Transitioning camera internal state: OPENED --> CLOSING
2026-02-06 17:31:28.418  9811-5414  BufferQueueProducer     com.trainingvalidator.poc            E  [1b45c5f SurfaceView[com.trainingvalidator.poc/com.trainingvalidator.poc.ui.TrainingActivity]@0#4(BLAST Consumer)4](id:265300000006,api:4,p:1952,c:9811) queueBuffer: BufferQueue has been abandoned
2026-02-06 17:31:28.418  9811-5083  CameraStateRegistry     com.trainingvalidator.poc            D  Recalculating open cameras:
                                                                                                    Camera                                       State                 
                                                                                                    -------------------------------------------------------------------
                                                                                                    Camera@910fd51[id=0]                         UNKNOWN               
                                                                                                    Camera@ae89890[id=1]                         CLOSING               
                                                                                                    Camera@48f7145[id=2]                         UNKNOWN               
                                                                                                    Camera@ad783fd[id=3]                         UNKNOWN               
                                                                                                    -------------------------------------------------------------------
                                                                                                    Open count: 1 (Max allowed: 1)
2026-02-06 17:31:28.419  9811-5083  CameraStateMachine      com.trainingvalidator.poc            D  New public camera state CameraState{type=CLOSING, error=null} from CLOSING and null
2026-02-06 17:31:28.419  9811-5083  CameraStateMachine      com.trainingvalidator.poc            D  Publishing new public camera state CameraState{type=CLOSING, error=null}
2026-02-06 17:31:28.419  9811-5083  Camera2CameraImpl       com.trainingvalidator.poc            D  {Camera@ae89890[id=1]} Resetting Capture Session
2026-02-06 17:31:28.419  9811-5083  Camera2CameraImpl       com.trainingvalidator.poc            D  {Camera@ae89890[id=1]} Skipping Capture Session state check due to current camera state: CLOSING and previous session status: false
2026-02-06 17:31:28.419  9811-5083  Camera2CameraImpl       com.trainingvalidator.poc            D  {Camera@ae89890[id=1]} Releasing session in state CLOSING
2026-02-06 17:31:28.419  9811-5083  SyncCaptureSessionImpl  com.trainingvalidator.poc            D  [androidx.camera.camera2.internal.SynchronizedCaptureSessionImpl@2d2b174] Session call super.close()
2026-02-06 17:31:28.420  9811-5083  UseCaseAttachState      com.trainingvalidator.poc            D  Active and attached use case: [] for camera: 1
2026-02-06 17:31:28.420  9811-5083  CaptureSession          com.trainingvalidator.poc            D  onSessionFinished()
2026-02-06 17:31:28.420  9811-5083  Camera2CameraImpl       com.trainingvalidator.poc            D  {Camera@ae89890[id=1]} closing camera
2026-02-06 17:31:28.423  2317-2447  SurfaceComposerClient   system_server                        D  setCornerRadius ## 8ebff2c com.trainingvalidator.poc/com.trainingvalidator.poc.ui.report.ReportPagerActivity#59219 cornerRadius=0.000000
2026-02-06 17:31:28.427  9811-9811  SessionSupervisor       com.trainingvalidator.poc            D  Supervisor reset to IDLE
2026-02-06 17:31:28.427  9811-9811  WindowOnBackDispatcher  com.trainingvalidator.poc            W  sendCancelIfRunning: isInProgress=false callback=android.app.Activity$$ExternalSyntheticLambda0@bc46e4b
2026-02-06 17:31:28.428  9811-9811  CameraManager           com.trainingvalidator.poc            D  Camera stopped
2026-02-06 17:31:28.428  9811-9811  native                  com.trainingvalidator.poc            I  I0000 00:00:1770391888.428596    9811 graph.cc:562] Close all input streams.
2026-02-06 17:31:28.428  2317-6527  CoreBackPreview         system_server                        D  Window{310bd8c u0 com.trainingvalidator.poc/com.trainingvalidator.poc.ui.TrainingActivity}: Setting back callback null
2026-02-06 17:31:28.436  9811-5414  TextToSpeech            com.trainingvalidator.poc            I  Disconnected from TTS engine
2026-02-06 17:31:28.439  1652-1652  SurfaceFlinger          surfaceflinger                       I  destroyed Background for 1b45c5f SurfaceView[com.trainingvalidator.poc/com.trainingvalidator.poc.ui.TrainingActivity]@0#59209 form LifecycleManager
2026-02-06 17:31:28.439  1652-1652  SurfaceFlinger          surfaceflinger                       I  destroyed 1b45c5f SurfaceView[com.trainingvalidator.poc/com.trainingvalidator.poc.ui.TrainingActivity]@0#59207 form LifecycleManager
2026-02-06 17:31:28.439  1652-1652  SurfaceFlinger          surfaceflinger                       I  destroyed 1b45c5f SurfaceView[com.trainingvalidator.poc/com.trainingvalidator.poc.ui.TrainingActivity]@0(BLAST)#59208 form LifecycleManager
2026-02-06 17:31:28.439  1652-1652  SurfaceFlinger          surfaceflinger                       I  destroyed Bounds for - com.trainingvalidator.poc/com.trainingvalidator.poc.ui.TrainingActivity@0#59206 form LifecycleManager
2026-02-06 17:31:28.439  1652-1652  SurfaceFlinger          surfaceflinger                       I  id=59209 onLayerDestroyed from LayerHierarchyBuilder(RequestedLayerState{Background for 1b45c5f SurfaceView[com.trainingvalidator.poc/com.trainingvalidator.poc.ui.TrainingActivity]@0#59209 !handle z=-2147483648})
2026-02-06 17:31:28.439  1652-1652  SurfaceFlinger          surfaceflinger                       I  id=59207 onLayerDestroyed from LayerHierarchyBuilder(RequestedLayerState{1b45c5f SurfaceView[com.trainingvalidator.poc/com.trainingvalidator.poc.ui.TrainingActivity]@0#59207 !handle z=-2})
2026-02-06 17:31:28.439  1652-1652  SurfaceFlinger          surfaceflinger                       I  id=59208 onLayerDestroyed from LayerHierarchyBuilder(RequestedLayerState{1b45c5f SurfaceView[com.trainingvalidator.poc/com.trainingvalidator.poc.ui.TrainingActivity]@0(BLAST)#59208 !handle})
2026-02-06 17:31:28.439  1652-1652  SurfaceFlinger          surfaceflinger                       I  id=59206 onLayerDestroyed from LayerHierarchyBuilder(RequestedLayerState{Bounds for - com.trainingvalidator.poc/com.trainingvalidator.poc.ui.TrainingActivity@0#59206 !handle})
2026-02-06 17:31:28.439  1652-1652  Layer                   surfaceflinger                       I  id=59209 Destroyed Background for 1b45c5f SurfaceView[com.trainingvalidator.poc/com.trainingvalidator.poc.ui.TrainingActivity]@0#59209
2026-02-06 17:31:28.439  1652-1652  Layer                   surfaceflinger                       I  id=59207 Destroyed 1b45c5f SurfaceView[com.trainingvalidator.poc/com.trainingvalidator.poc.ui.TrainingActivity]@0#59207
2026-02-06 17:31:28.439  1652-1652  Layer                   surfaceflinger                       I  id=59208 Destroyed 1b45c5f SurfaceView[com.trainingvalidator.poc/com.trainingvalidator.poc.ui.TrainingActivity]@0(BLAST)#59208
2026-02-06 17:31:28.439  1652-1652  Layer                   surfaceflinger                       I  id=59206 Destroyed Bounds for - com.trainingvalidator.poc/com.trainingvalidator.poc.ui.TrainingActivity@0#59206
2026-02-06 17:31:28.440  2317-2449  SGM:GameManager         system_server                        D  identifyForegroundApp. com.trainingvalidator.poc, mCurrentUserId: 0, callerUserId: 0
2026-02-06 17:31:28.445  9811-5136  native                  com.trainingvalidator.poc            I  I0000 00:00:1770391888.445543    5136 jni_util.cc:93] Exiting thread. Detach thread.
2026-02-06 17:31:28.445  9811-5132  native                  com.trainingvalidator.poc            I  I0000 00:00:1770391888.445816    5132 jni_util.cc:93] Exiting thread. Detach thread.
2026-02-06 17:31:28.445  9811-5129  native                  com.trainingvalidator.poc            I  I0000 00:00:1770391888.445911    5129 jni_util.cc:93] Exiting thread. Detach thread.
2026-02-06 17:31:28.446  9811-5137  native                  com.trainingvalidator.poc            I  I0000 00:00:1770391888.446036    5137 jni_util.cc:93] Exiting thread. Detach thread.
2026-02-06 17:31:28.446  9811-5128  native                  com.trainingvalidator.poc            I  I0000 00:00:1770391888.446104    5128 jni_util.cc:93] Exiting thread. Detach thread.
2026-02-06 17:31:28.446  9811-5133  native                  com.trainingvalidator.poc            I  I0000 00:00:1770391888.446163    5133 jni_util.cc:93] Exiting thread. Detach thread.
2026-02-06 17:31:28.446  9811-5130  native                  com.trainingvalidator.poc            I  I0000 00:00:1770391888.446230    5130 jni_util.cc:93] Exiting thread. Detach thread.
2026-02-06 17:31:28.446  9811-5124  native                  com.trainingvalidator.poc            I  I0000 00:00:1770391888.446304    5124 jni_util.cc:93] Exiting thread. Detach thread.
2026-02-06 17:31:28.463  9811-5481  BufferQueueProducer     com.trainingvalidator.poc            E  [1b45c5f SurfaceView[com.trainingvalidator.poc/com.trainingvalidator.poc.ui.TrainingActivity]@0#4(BLAST Consumer)4](id:265300000006,api:4,p:1952,c:9811) cancelBuffer: BufferQueue has been abandoned
2026-02-06 17:31:28.464  9811-5481  BufferQueueProducer     com.trainingvalidator.poc            E  [1b45c5f SurfaceView[com.trainingvalidator.poc/com.trainingvalidator.poc.ui.TrainingActivity]@0#4(BLAST Consumer)4](id:265300000006,api:4,p:1952,c:9811) cancelBuffer: BufferQueue has been abandoned
2026-02-06 17:31:28.466  9811-5481  BufferQueueProducer     com.trainingvalidator.poc            E  [1b45c5f SurfaceView[com.trainingvalidator.poc/com.trainingvalidator.poc.ui.TrainingActivity]@0#4(BLAST Consumer)4](id:265300000006,api:4,p:1952,c:9811) cancelBuffer: BufferQueue has been abandoned
2026-02-06 17:31:28.466  9811-5481  BufferQueueProducer     com.trainingvalidator.poc            E  [1b45c5f SurfaceView[com.trainingvalidator.poc/com.trainingvalidator.poc.ui.TrainingActivity]@0#4(BLAST Consumer)4](id:265300000006,api:4,p:1952,c:9811) queueBuffer: BufferQueue has been abandoned
2026-02-06 17:31:28.467  1952-5094  CameraService           cameraserver                         I  finishCameraStreamingOps: finish camera streaming ops, package name = com.trainingvalidator.poc, client UID = 10427
2026-02-06 17:31:28.468  1952-5094  CameraServ...oxyWrapper cameraserver                         I  updateProxyDeviceState: notifyCameraState for Camera ID 1, newState 2, facing 1, clientName com.trainingvalidator.poc, apiLevel 2
2026-02-06 17:31:28.468  2317-6496  CameraService_proxy     system_server                        I  wmi.removeRefreshRateRangeForPackage clientName = com.trainingvalidator.poc
2026-02-06 17:31:28.468  2317-3869  CameraManagerGlobal     system_server                        I  Camera 1 facing CAMERA_FACING_FRONT state now CAMERA_STATE_IDLE for client com.trainingvalidator.poc API Level 2 User Id 0Device Id 0
2026-02-06 17:31:28.468  3672-11272 CameraManagerGlobal     com.android.systemui                 I  Camera 1 facing CAMERA_FACING_FRONT state now CAMERA_STATE_IDLE for client com.trainingvalidator.poc API Level 2 User Id 0Device Id 0
2026-02-06 17:31:28.468  6734-9933  CameraManagerGlobal     com.samsung.android.mcfds            I  Camera 1 facing CAMERA_FACING_FRONT state now CAMERA_STATE_IDLE for client com.trainingvalidator.poc API Level 2 User Id 0Device Id 0
2026-02-06 17:31:28.468  6574-21481 CameraManagerGlobal     com.sec.android.sdhms                I  Camera 1 facing CAMERA_FACING_FRONT state now CAMERA_STATE_IDLE for client com.trainingvalidator.poc API Level 2 User Id 0Device Id 0
2026-02-06 17:31:28.468 29507-29518 CameraManagerGlobal     com.samsung.android.wifi.ai          I  Camera 1 facing CAMERA_FACING_FRONT state now CAMERA_STATE_IDLE for client com.trainingvalidator.poc API Level 2 User Id 0Device Id 0
2026-02-06 17:31:28.468  6456-12840 CameraManagerGlobal     com...ng.android.service.aircommand  I  Camera 1 facing CAMERA_FACING_FRONT state now CAMERA_STATE_IDLE for client com.trainingvalidator.poc API Level 2 User Id 0Device Id 0
2026-02-06 17:31:28.469  2317-2450  SurfaceComposerClient   system_server                        D  setCornerRadius ## 8ebff2c com.trainingvalidator.poc/com.trainingvalidator.poc.ui.report.ReportPagerActivity#59219 cornerRadius=0.000000
2026-02-06 17:31:28.469  5342-5416  CameraManagerGlobal     com.google.android.gms               I  Camera 1 facing CAMERA_FACING_FRONT state now CAMERA_STATE_IDLE for client com.trainingvalidator.poc API Level 2 User Id 0Device Id 0
2026-02-06 17:31:28.469 12794-12802 CameraManagerGlobal     com.android.chrome                   I  Camera 1 facing CAMERA_FACING_FRONT state now CAMERA_STATE_IDLE for client com.trainingvalidator.poc API Level 2 User Id 0Device Id 0
2026-02-06 17:31:28.470 11773-28937 CameraManagerGlobal     com...ooglequicksearchbox:googleapp  I  Camera 1 facing CAMERA_FACING_FRONT state now CAMERA_STATE_IDLE for client com.trainingvalidator.poc API Level 2 User Id 0Device Id 0
2026-02-06 17:31:28.470  3957-19059 CameraManagerGlobal     com.sec.sve                          I  Camera 1 facing CAMERA_FACING_FRONT state now CAMERA_STATE_IDLE for client com.trainingvalidator.poc API Level 2 User Id 0Device Id 0
2026-02-06 17:31:28.470  2317-2450  SurfaceComposerClient   system_server                        D  setCornerRadius ## 8ebff2c com.trainingvalidator.poc/com.trainingvalidator.poc.ui.report.ReportPagerActivity#59219 cornerRadius=0.000000
2026-02-06 17:31:28.473  9811-5481  CameraManagerGlobal     com.trainingvalidator.poc            I  Camera 1 facing CAMERA_FACING_FRONT state now CAMERA_STATE_IDLE for client com.trainingvalidator.poc API Level 2 User Id 0Device Id 0
2026-02-06 17:31:28.475  9811-9811  PoseLandmarkerHelper    com.trainingvalidator.poc            D  PoseLandmarker closed
2026-02-06 17:31:28.475  9811-9811  PoseLandmarkerHelper    com.trainingvalidator.poc            D  VIDEO mode landmarker closed
2026-02-06 17:31:28.475  9811-9845  TransportR...EventStore com.trainingvalidator.poc            D  Storing event with priority=DEFAULT, name=COREML_ON_DEVICE_SOLUTIONS for destination cct
2026-02-06 17:31:28.475  9811-9811  SurfaceView             com.trainingvalidator.poc            I  28597343 Detaching SV
2026-02-06 17:31:28.475  9811-9811  SV[2859734...gActivity] com.trainingvalidator.poc            D  updateSurface: surface is not valid
2026-02-06 17:31:28.476  9811-9811  SV[2859734...gActivity] com.trainingvalidator.poc            I  releaseSurfaces: viewRoot = VRI[TrainingActivity]@3f31ca4
2026-02-06 17:31:28.476  9811-9811  VRI[Traini...y]@3f31ca4 com.trainingvalidator.poc            D  applyTransactionOnDraw applyImmediately
2026-02-06 17:31:28.476  9811-9811  SV[2859734...gActivity] com.trainingvalidator.poc            I  onDetachedFromWindow: tryReleaseSurfaces()
2026-02-06 17:31:28.476  9811-9811  SV[2859734...gActivity] com.trainingvalidator.poc            I  releaseSurfaces: viewRoot = VRI[TrainingActivity]@3f31ca4
2026-02-06 17:31:28.476  9811-9811  VRI[Traini...y]@3f31ca4 com.trainingvalidator.poc            D  applyTransactionOnDraw applyImmediately
2026-02-06 17:31:28.479  2317-3869  SurfaceComposerClient   system_server                        D  setCornerRadius ## 8ebff2c com.trainingvalidator.poc/com.trainingvalidator.poc.ui.report.ReportPagerActivity#59219 cornerRadius=0.000000
2026-02-06 17:31:28.479  2317-3869  SurfaceComposerClient   system_server                        D  setCornerRadius ## 8ebff2c com.trainingvalidator.poc/com.trainingvalidator.poc.ui.report.ReportPagerActivity#59219 cornerRadius=0.000000
2026-02-06 17:31:28.483  9811-9845  TransportR...oScheduler com.trainingvalidator.poc            D  Scheduling upload for context TransportContext(cct, DEFAULT, MSRodHRwczovL2ZpcmViYXNlbG9nZ2luZy5nb29nbGVhcGlzLmNvbS92MGNjL2xvZy9iYXRjaD9mb3JtYXQ9anNvbl9wcm90bzNc) with jobId=898246501 in 887363ms(Backend next call timestamp 1770392775846). Attempt 1
2026-02-06 17:31:28.484  9811-9811  ViewRootImpl            com.trainingvalidator.poc            D  Skipping stats log for color mode
2026-02-06 17:31:28.484  9811-9811  VRI[Traini...y]@3f31ca4 com.trainingvalidator.poc            I  dispatchDetachedFromWindow
2026-02-06 17:31:28.485  2317-3872  SurfaceComposerClient   system_server                        D  setCornerRadius ## 8ebff2c com.trainingvalidator.poc/com.trainingvalidator.poc.ui.report.ReportPagerActivity#59219 cornerRadius=0.000000
2026-02-06 17:31:28.485  2317-3872  SurfaceComposerClient   system_server                        D  setCornerRadius ## 8ebff2c com.trainingvalidator.poc/com.trainingvalidator.poc.ui.report.ReportPagerActivity#59219 cornerRadius=0.000000
2026-02-06 17:31:28.486  2317-6496  WindowManager           system_server                        V  Remove Window{310bd8c u0 com.trainingvalidator.poc/com.trainingvalidator.poc.ui.TrainingActivity}: mSurfaceControl=Surface(name=com.trainingvalidator.poc/com.trainingvalidator.poc.ui.TrainingActivity$_9811)/@0x4e23290 mAnimatingExit=false mRemoveOnExit=false mHasSurface=true surfaceShowing=false animating=false app-animation=false callers=com.android.server.wm.Session.remove:16 android.view.IWindowSession$Stub.onTransact:804 com.android.server.wm.Session.onTransact:1 android.os.Binder.execTransactInternal:1457 android.os.Binder.execTransact:1401 <bottom of call stack> 
2026-02-06 17:31:28.486  2317-6496  SurfaceComposerClient   system_server                        D  setCornerRadius ## 8ebff2c com.trainingvalidator.poc/com.trainingvalidator.poc.ui.report.ReportPagerActivity#59219 cornerRadius=0.000000
2026-02-06 17:31:28.486  2317-6496  SurfaceComposerClient   system_server                        D  setCornerRadius ## 8ebff2c com.trainingvalidator.poc/com.trainingvalidator.poc.ui.report.ReportPagerActivity#59219 cornerRadius=0.000000
2026-02-06 17:31:28.487  9811-9811  InputTransport          com.trainingvalidator.poc            D  Input channel destroyed: '310bd8c', fd=172
2026-02-06 17:31:28.489  1652-1652  LayerHistory            surfaceflinger                       I  com.trainingvalidator.poc/com.trainingvalidator.poc.ui.report.ReportPagerActivity$_9811#59220 Max (can't resolve refresh rate)
2026-02-06 17:31:28.490  9811-9811  StreamStateObserver     com.trainingvalidator.poc            D  Update Preview stream state to IDLE
2026-02-06 17:31:28.490  1652-1782  SurfaceFlinger          surfaceflinger                       I  id=59203 Removed fdb8012 ActivityRecordInputSink com.trainingvalidator.poc/.ui.TrainingActivity#59203 (181)
2026-02-06 17:31:28.491  2317-2449  SGM:FgCheckThread       system_server                        D  getForegroundApp(), foregroundPkgName=com.trainingvalidator.poc
2026-02-06 17:31:28.491  2317-2449  SGM:FgCheckThread       system_server                        D  pkgName: com.trainingvalidator.poc is in foreground
2026-02-06 17:31:28.507  2317-2447  SurfaceComposerClient   system_server                        D  setCornerRadius ## 8ebff2c com.trainingvalidator.poc/com.trainingvalidator.poc.ui.report.ReportPagerActivity#59219 cornerRadius=0.000000
2026-02-06 17:31:28.515  1652-1652  SurfaceFlinger          surfaceflinger                       I  [LayerHierarchy{RequestedLayerState{ActivityRecord{257061344 u0 com.trainingvalidator.poc/.ui.TrainingActivity t485}#59197 z=2} 2 children}] reparent to OffscreenRoot
2026-02-06 17:31:28.515  1652-1652  SurfaceFlinger          surfaceflinger                       I  [LayerHierarchy{RequestedLayerState{ActivityRecord{257061344 u0 com.trainingvalidator.poc/.ui.TrainingActivity t485}#59197 z=2} 2 children}] RelativeParent to null
2026-02-06 17:31:28.515  1652-1652  SurfaceFlinger          surfaceflinger                       I  [LayerHierarchy{RequestedLayerState{310bd8c com.trainingvalidator.poc/com.trainingvalidator.poc.ui.TrainingActivity#59198} 1 children}] reparent to OffscreenRoot
2026-02-06 17:31:28.515  1652-1652  SurfaceFlinger          surfaceflinger                       I  [LayerHierarchy{RequestedLayerState{310bd8c com.trainingvalidator.poc/com.trainingvalidator.poc.ui.TrainingActivity#59198} 1 children}] RelativeParent to null
2026-02-06 17:31:28.515  1652-1652  SurfaceFlinger          surfaceflinger                       I  [LayerHierarchy{RequestedLayerState{com.trainingvalidator.poc/com.trainingvalidator.poc.ui.TrainingActivity$_9811#59199} no children}] reparent to OffscreenRoot
2026-02-06 17:31:28.515  1652-1652  SurfaceFlinger          surfaceflinger                       I  [LayerHierarchy{RequestedLayerState{com.trainingvalidator.poc/com.trainingvalidator.poc.ui.TrainingActivity$_9811#59199} no children}] RelativeParent to null
2026-02-06 17:31:28.515  1652-1652  SurfaceFlinger          surfaceflinger                       I  id=59198 Removed 310bd8c com.trainingvalidator.poc/com.trainingvalidator.poc.ui.TrainingActivity#59198 (181)
2026-02-06 17:31:28.516  1652-1652  SurfaceFlinger          surfaceflinger                       I  id=59199 Removed com.trainingvalidator.poc/com.trainingvalidator.poc.ui.TrainingActivity$_9811#59199 (181)
2026-02-06 17:31:28.517  1652-1652  SurfaceFlinger          surfaceflinger                       D  Display 4630947232161729154 HWC layers:
                                                                                                           DEVICE |           42137924141095 | 00002102 | RGBA_8888    |    0.0    0.0 1080.0 2316.0 |    0    0 1080 2316 | com.trainingvalidator.poc/com.traini[...]port.ReportPagerActivity$_9811#59220 (2)
                                                                                                    
2026-02-06 17:31:28.522  1652-1652  SurfaceFlinger          surfaceflinger                       I  destroyed 310bd8c com.trainingvalidator.poc/com.trainingvalidator.poc.ui.TrainingActivity#59198 form LifecycleManager
2026-02-06 17:31:28.522  1652-1652  SurfaceFlinger          surfaceflinger                       I  destroyed com.trainingvalidator.poc/com.trainingvalidator.poc.ui.TrainingActivity$_9811#59199 form LifecycleManager
2026-02-06 17:31:28.522  1652-1652  SurfaceFlinger          surfaceflinger                       I  id=59198 onLayerDestroyed from LayerHierarchyBuilder(RequestedLayerState{310bd8c com.trainingvalidator.poc/com.trainingvalidator.poc.ui.TrainingActivity#59198 !handle})
2026-02-06 17:31:28.522  1652-1652  SurfaceFlinger          surfaceflinger                       I  id=59199 onLayerDestroyed from LayerHierarchyBuilder(RequestedLayerState{com.trainingvalidator.poc/com.trainingvalidator.poc.ui.TrainingActivity$_9811#59199 !handle})
2026-02-06 17:31:28.522  1652-1652  Layer                   surfaceflinger                       I  id=59198 Destroyed 310bd8c com.trainingvalidator.poc/com.trainingvalidator.poc.ui.TrainingActivity#59198
2026-02-06 17:31:28.523  1652-1652  Layer                   surfaceflinger                       I  id=59199 Destroyed com.trainingvalidator.poc/com.trainingvalidator.poc.ui.TrainingActivity$_9811#59199
2026-02-06 17:31:28.618  1952-2239  CameraServ...oxyWrapper cameraserver                         I  updateProxyDeviceState: notifyCameraState for Camera ID 1, newState 3, facing 1, clientName com.trainingvalidator.poc, apiLevel 2
2026-02-06 17:31:28.619  1952-2239  CameraService           cameraserver                         I  notifyCameraClosing: Finish camera ops, package name = com.trainingvalidator.poc, client UID = 10427
2026-02-06 17:31:28.620  2317-5382  CameraManagerGlobal     system_server                        I  Camera 1 facing CAMERA_FACING_FRONT state now CAMERA_STATE_CLOSED for client com.trainingvalidator.poc API Level 2 User Id 0Device Id 0
2026-02-06 17:31:28.620  9811-5294  CameraManagerGlobal     com.trainingvalidator.poc            I  postSingleUpdate device: camera id 1 status STATUS_PRESENT
2026-02-06 17:31:28.620  9811-5294  CameraManagerGlobal     com.trainingvalidator.poc            I  postSingleUpdate device: camera id 1 status STATUS_PRESENT
2026-02-06 17:31:28.620  5342-5416  CameraManagerGlobal     com.google.android.gms               I  Camera 1 facing CAMERA_FACING_FRONT state now CAMERA_STATE_CLOSED for client com.trainingvalidator.poc API Level 2 User Id 0Device Id 0
2026-02-06 17:31:28.620  9811-5294  CameraManagerGlobal     com.trainingvalidator.poc            I  postSingleUpdate device: camera id 1 status STATUS_PRESENT
2026-02-06 17:31:28.620  9811-5294  CameraManagerGlobal     com.trainingvalidator.poc            I  postSingleUpdate device: camera id 1 status STATUS_PRESENT
2026-02-06 17:31:28.620 12794-12802 CameraManagerGlobal     com.android.chrome                   I  Camera 1 facing CAMERA_FACING_FRONT state now CAMERA_STATE_CLOSED for client com.trainingvalidator.poc API Level 2 User Id 0Device Id 0
2026-02-06 17:31:28.620  9811-5294  CameraManagerGlobal     com.trainingvalidator.poc            I  postSingleUpdate device: camera id 1 status STATUS_PRESENT
2026-02-06 17:31:28.620  9811-5294  CameraManagerGlobal     com.trainingvalidator.poc            I  Camera 1 facing CAMERA_FACING_FRONT state now CAMERA_STATE_CLOSED for client com.trainingvalidator.poc API Level 2 User Id 0Device Id 0
2026-02-06 17:31:28.620 11773-28937 CameraManagerGlobal     com...ooglequicksearchbox:googleapp  I  Camera 1 facing CAMERA_FACING_FRONT state now CAMERA_STATE_CLOSED for client com.trainingvalidator.poc API Level 2 User Id 0Device Id 0
2026-02-06 17:31:28.620  6574-21481 CameraManagerGlobal     com.sec.android.sdhms                I  Camera 1 facing CAMERA_FACING_FRONT state now CAMERA_STATE_CLOSED for client com.trainingvalidator.poc API Level 2 User Id 0Device Id 0
2026-02-06 17:31:28.620  9811-5054  Camera2PresenceSrc      com.trainingvalidator.poc            D  System onCameraAvailable: 1
2026-02-06 17:31:28.621  9811-5054  Camera2PresenceSrc      com.trainingvalidator.poc            D  [FetchData] Refreshed camera list: CameraIdentifier{cameraIds=0}, CameraIdentifier{cameraIds=1}, CameraIdentifier{cameraIds=2}, CameraIdentifier{cameraIds=3}
2026-02-06 17:31:28.621 29507-29518 CameraManagerGlobal     com.samsung.android.wifi.ai          I  Camera 1 facing CAMERA_FACING_FRONT state now CAMERA_STATE_CLOSED for client com.trainingvalidator.poc API Level 2 User Id 0Device Id 0
2026-02-06 17:31:28.621  6734-9933  CameraManagerGlobal     com.samsung.android.mcfds            I  Camera 1 facing CAMERA_FACING_FRONT state now CAMERA_STATE_CLOSED for client com.trainingvalidator.poc API Level 2 User Id 0Device Id 0
2026-02-06 17:31:28.623  6456-16333 CameraManagerGlobal     com...ng.android.service.aircommand  I  Camera 1 facing CAMERA_FACING_FRONT state now CAMERA_STATE_CLOSED for client com.trainingvalidator.poc API Level 2 User Id 0Device Id 0
2026-02-06 17:31:28.623  3957-19059 CameraManagerGlobal     com.sec.sve                          I  Camera 1 facing CAMERA_FACING_FRONT state now CAMERA_STATE_CLOSED for client com.trainingvalidator.poc API Level 2 User Id 0Device Id 0
2026-02-06 17:31:28.624  9811-5084  DeferrableSurface       com.trainingvalidator.poc            D  use count-1,  useCount=0 closed=true androidx.camera.core.SurfaceRequest$2@55e767c
2026-02-06 17:31:28.624  9811-5084  DeferrableSurface       com.trainingvalidator.poc            D  Surface no longer in use[total_surfaces=2, used_surfaces=1](androidx.camera.core.SurfaceRequest$2@55e767c}
2026-02-06 17:31:28.624  9811-5084  DeferrableSurface       com.trainingvalidator.poc            D  Surface terminated[total_surfaces=1, used_surfaces=1](androidx.camera.core.SurfaceRequest$2@55e767c}
2026-02-06 17:31:28.624   441-464   CameraManagerGlobal     com...sung.android.vtcamerasettings  I  Camera 1 facing CAMERA_FACING_FRONT state now CAMERA_STATE_IDLE for client com.trainingvalidator.poc API Level 2 User Id 0Device Id 0
2026-02-06 17:31:28.624  9811-5084  DeferrableSurface       com.trainingvalidator.poc            D  use count-1,  useCount=0 closed=true androidx.camera.core.impl.ImmediateSurface@bd47f26
2026-02-06 17:31:28.624   441-464   CameraManagerGlobal     com...sung.android.vtcamerasettings  I  Camera 1 facing CAMERA_FACING_FRONT state now CAMERA_STATE_CLOSED for client com.trainingvalidator.poc API Level 2 User Id 0Device Id 0
2026-02-06 17:31:28.624  9811-5084  DeferrableSurface       com.trainingvalidator.poc            D  Surface no longer in use[total_surfaces=1, used_surfaces=0](androidx.camera.core.impl.ImmediateSurface@bd47f26}
2026-02-06 17:31:28.624  9811-5084  DeferrableSurface       com.trainingvalidator.poc            D  Surface terminated[total_surfaces=0, used_surfaces=0](androidx.camera.core.impl.ImmediateSurface@bd47f26}
2026-02-06 17:31:28.625  9811-9811  SurfaceViewImpl         com.trainingvalidator.poc            D  Safe to release surface.
2026-02-06 17:31:28.625  9811-5084  Camera2CameraImpl       com.trainingvalidator.poc            D  {Camera@ae89890[id=1]} CameraDevice.onClosed()
2026-02-06 17:31:28.625  9811-5084  Camera2CameraImpl       com.trainingvalidator.poc            D  {Camera@ae89890[id=1]} Transitioning camera internal state: CLOSING --> INITIALIZED
2026-02-06 17:31:28.625  9811-5084  CameraStateRegistry     com.trainingvalidator.poc            D  Recalculating open cameras:
                                                                                                    Camera                                       State                 
                                                                                                    -------------------------------------------------------------------
                                                                                                    Camera@910fd51[id=0]                         UNKNOWN               
                                                                                                    Camera@ae89890[id=1]                         CLOSED                
                                                                                                    Camera@48f7145[id=2]                         UNKNOWN               
                                                                                                    Camera@ad783fd[id=3]                         UNKNOWN               
                                                                                                    -------------------------------------------------------------------
                                                                                                    Open count: 0 (Max allowed: 1)
2026-02-06 17:31:28.625  9811-5084  CameraStateMachine      com.trainingvalidator.poc            D  New public camera state CameraState{type=CLOSED, error=null} from CLOSED and null
2026-02-06 17:31:28.625  9811-5084  CameraStateMachine      com.trainingvalidator.poc            D  Publishing new public camera state CameraState{type=CLOSED, error=null}
2026-02-06 17:31:28.625  9811-5084  SyncCaptureSessionImpl  com.trainingvalidator.poc            D  [androidx.camera.camera2.internal.SynchronizedCaptureSessionImpl@2d2b174] onClosed()
2026-02-06 17:31:28.625  3672-5704  CameraManagerGlobal     com.android.systemui                 I  Camera 1 facing CAMERA_FACING_FRONT state now CAMERA_STATE_CLOSED for client com.trainingvalidator.poc API Level 2 User Id 0Device Id 0
2026-02-06 17:31:28.630  9811-5082  Camera2PresenceSrc      com.trainingvalidator.poc            D  System onCameraAccessPrioritiesChanged.
2026-02-06 17:31:28.630  9811-5083  Camera2PresenceSrc      com.trainingvalidator.poc            D  [FetchData] Refreshed camera list: CameraIdentifier{cameraIds=0}, CameraIdentifier{cameraIds=1}, CameraIdentifier{cameraIds=2}, CameraIdentifier{cameraIds=3}
2026-02-06 17:31:34.395  2317-3464  MdnieScena...rolService system_server                        D   packageName : com.trainingvalidator.poc    className : com.trainingvalidator.poc.ui.report.ReportPagerActivity
2026-02-06 17:31:34.640  9811-5084  Camera2PresenceSrc      com.trainingvalidator.poc            D  System onCameraAccessPrioritiesChanged.
2026-02-06 17:31:34.641  9811-5084  Camera2PresenceSrc      com.trainingvalidator.poc            D  [FetchData] Refreshed camera list: CameraIdentifier{cameraIds=0}, CameraIdentifier{cameraIds=1}, CameraIdentifier{cameraIds=2}, CameraIdentifier{cameraIds=3}
