2026-04-25 19:40:56.980  2789-3067  AppsFilter              system_server                        I  interaction: PackageSetting{426c6d9 com.trainingvalidator.poc/10488} -> PackageSetting{eaf11b com.facebook.appmanager/10170} BLOCKED
2026-04-25 19:40:57.176 13058-13058 VRI[Subscr...y]@36f6b4f com.trainingvalidator.poc            I  ViewPostIme pointer 0
2026-04-25 19:40:57.177 13058-13058 VRI[Subscr...y]@36f6b4f com.trainingvalidator.poc            I  call setFrameRateCategory for touch hint category=high hint, reason=touch, vri=VRI[SubscriptionActivity]@36f6b4f
2026-04-25 19:40:57.179  2045-2045  SurfaceFlinger          surfaceflinger                       I  [com.trainingvalidator.poc/com.trainingvalidator.poc.ui.subscription.SubscriptionActivity$_13058#26299] setFrameRateCategory: HighHint
2026-04-25 19:40:57.281 13058-13058 VRI[Subscr...y]@36f6b4f com.trainingvalidator.poc            I  ViewPostIme pointer 1
2026-04-25 19:40:57.292 13058-13109 ApiClient               com.trainingvalidator.poc            D  --> POST https://back.mongz.online/api/mobile/subscriptions/checkout (98-byte body)
2026-04-25 19:40:57.466 13058-13109 ApiClient               com.trainingvalidator.poc            D  <-- 500 Internal Server Error https://back.mongz.online/api/mobile/subscriptions/checkout (174ms, 53-byte body)
2026-04-25 19:40:57.471 13058-13058 Toast                   com.trainingvalidator.poc            I  show: caller = com.trainingvalidator.poc.ui.subscription.SubscriptionActivity$startMyFatoorahCheckout$1.invokeSuspend:266 
2026-04-25 19:40:57.471 13058-13058 Toast                   com.trainingvalidator.poc            I  show: contextDispId = 0 mCustomDisplayId = -1 focusedDisplayId = 0 isActivityContext = true
2026-04-25 19:40:57.480  3865-3865  AppIconSolution         com.android.systemui                 I  return adaptive icon for com.trainingvalidator.poc, isNight = true
2026-04-25 19:40:57.502  2789-4359  SurfaceComposerClient   system_server                        D  setCornerRadius ## e7b3f8b com.trainingvalidator.poc/com.trainingvalidator.poc.ui.subscription.SubscriptionActivity#26298 cornerRadius=0.000000
2026-04-25 19:40:57.503  2789-4359  SurfaceComposerClient   system_server                        D  setCornerRadius ## e7b3f8b com.trainingvalidator.poc/com.trainingvalidator.poc.ui.subscription.SubscriptionActivity#26298 cornerRadius=0.000000
2026-04-25 19:40:57.519  2789-2893  SurfaceComposerClient   system_server                        D  setCornerRadius ## e7b3f8b com.trainingvalidator.poc/com.trainingvalidator.poc.ui.subscription.SubscriptionActivity#26298 cornerRadius=0.000000
2026-04-25 19:40:57.521  2789-2893  SurfaceComposerClient   system_server                        D  setCornerRadius ## e7b3f8b com.trainingvalidator.poc/com.trainingvalidator.poc.ui.subscription.SubscriptionActivity#26298 cornerRadius=0.000000
2026-04-25 19:40:57.550  2789-2893  SurfaceComposerClient   system_server                        D  setCornerRadius ## e7b3f8b com.trainingvalidator.poc/com.trainingvalidator.poc.ui.subscription.SubscriptionActivity#26298 cornerRadius=0.000000
2026-04-25 19:40:57.567  2789-2893  SurfaceComposerClient   system_server                        D  setCornerRadius ## e7b3f8b com.trainingvalidator.poc/com.trainingvalidator.poc.ui.subscription.SubscriptionActivity#26298 cornerRadius=0.000000
2026-04-25 19:40:57.568  2045-2045  SurfaceFlinger          surfaceflinger                       D  Display 4630947232161729154 HWC layers:
                                                                                                           DEVICE |           56083682951184 | 00002102 | RGBA_8888    |    0.0    0.0 1080.0 2316.0 |    0    0 1080 2316 | com.trainingvalidator.poc/com.traini[...]on.SubscriptionActivity$_13058#26299 (48)
                                                                                                           DEVICE |           16600048615062 | 00002100 | RGBA_8888    |    0.0    0.0  661.0  124.0 |  209 1877  870 2001 | Toast$_3865#26319 (1)
                                                                                                    
2026-04-25 19:40:57.659  4312-11744 SearchEngine            com.sec.android.app.launcher         I  isComponentInApps() packageName : com.trainingvalidator.poc / className : com.trainingvalidator.poc.ui.auth.SplashActivity / userId : 0 / enable true / enabledSetting 0
2026-04-25 19:40:57.666  4312-11744 SearchEngine            com.sec.android.app.launcher         I  isComponentInApps() packageName : com.trainingvalidator.poc / className : com.trainingvalidator.poc.ui.auth.SplashActivity / userId : 0 / enable true / enabledSetting 0
2026-04-25 19:40:57.668  4312-11744 SearchEngine            com.sec.android.app.launcher         I  isComponentInApps() packageName : com.trainingvalidator.poc / className : com.trainingvalidator.poc.ui.auth.SplashActivity / userId : 0 / enable true / enabledSetting 0
2026-04-25 19:40:58.032  2789-2893  SurfaceComposerClient   system_server                        D  setCornerRadius ## e7b3f8b com.trainingvalidator.poc/com.trainingvalidator.poc.ui.subscription.SubscriptionActivity#26298 cornerRadius=0.000000
2026-04-25 19:40:58.048  2789-2893  SurfaceComposerClient   system_server                        D  setCornerRadius ## e7b3f8b com.trainingvalidator.poc/com.trainingvalidator.poc.ui.subscription.SubscriptionActivity#26298 cornerRadius=0.000000
2026-04-25 19:40:58.071  2789-2893  SurfaceComposerClient   system_server                        D  setCornerRadius ## e7b3f8b com.trainingvalidator.poc/com.trainingvalidator.poc.ui.subscription.SubscriptionActivity#26298 cornerRadius=0.000000
2026-04-25 19:40:59.666 13446-13446 SCallUI                 com.samsung.android.incallui         I  ScreenLauncher - isNoActivityOnAnyScreen - false, topActivityName: com.trainingvalidator.poc.ui.subscription.SubscriptionActivity, homeActivityName: com.sec.android.app.launcher.Launcher, desktopHomeActivityName: null, isSamsungVideoRecording: false
2026-04-25 19:40:59.666  2789-3831  SGM:GameManager         system_server                        D  identifyForegroundApp. com.trainingvalidator.poc, mCurrentUserId: 0, callerUserId: 0
2026-04-25 19:40:59.670  2789-4013  SGM:GameManager         system_server                        D  identifyForegroundApp. com.trainingvalidator.poc, mCurrentUserId: 0, callerUserId: 0
2026-04-25 19:40:59.718  2789-4013  SurfaceComposerClient   system_server                        D  setCornerRadius ## e7b3f8b com.trainingvalidator.poc/com.trainingvalidator.poc.ui.subscription.SubscriptionActivity#26298 cornerRadius=0.000000
2026-04-25 19:40:59.719  2789-4013  SurfaceComposerClient   system_server                        D  setCornerRadius ## e7b3f8b com.trainingvalidator.poc/com.trainingvalidator.poc.ui.subscription.SubscriptionActivity#26298 cornerRadius=0.000000
2026-04-25 19:40:59.756  2789-2893  SurfaceComposerClient   system_server                        D  setCornerRadius ## e7b3f8b com.trainingvalidator.poc/com.trainingvalidator.poc.ui.subscription.SubscriptionActivity#26298 cornerRadius=0.000000
2026-04-25 19:40:59.762  2789-2893  SurfaceComposerClient   system_server                        D  setCornerRadius ## e7b3f8b com.trainingvalidator.poc/com.trainingvalidator.poc.ui.subscription.SubscriptionActivity#26298 cornerRadius=0.000000
2026-04-25 19:40:59.791  2789-2893  SurfaceComposerClient   system_server                        D  setCornerRadius ## e7b3f8b com.trainingvalidator.poc/com.trainingvalidator.poc.ui.subscription.SubscriptionActivity#26298 cornerRadius=0.000000
2026-04-25 19:40:59.799  2045-2045  SurfaceFlinger          surfaceflinger                       D  Display 4630947232161729154 HWC layers:
                                                                                                           DEVICE |           56083682951184 | 00002102 | RGBA_8888    |    0.0    0.0 1080.0 2316.0 |    0    0 1080 2316 | com.trainingvalidator.poc/com.traini[...]on.SubscriptionActivity$_13058#26299 (56)
                                                                                                           DEVICE |           57750130262024 | 00002100 | RGBA_8888    |    0.0  423.0 1057.0  502.0 |   11    0 1068   79 | $_13446#26323 (1)
                                                                                                           DEVICE |           16600048615062 | 00002100 | RGBA_8888    |    0.0    0.0  661.0  124.0 |  209 1877  870 2001 | Toast$_3865#26319 (1)
                                                                                                    
2026-04-25 19:40:59.804  2789-2893  SurfaceComposerClient   system_server                        D  setCornerRadius ## e7b3f8b com.trainingvalidator.poc/com.trainingvalidator.poc.ui.subscription.SubscriptionActivity#26298 cornerRadius=0.000000
2026-04-25 19:40:59.826  2789-5524  SurfaceComposerClient   system_server                        D  setCornerRadius ## e7b3f8b com.trainingvalidator.poc/com.trainingvalidator.poc.ui.subscription.SubscriptionActivity#26298 cornerRadius=0.000000
2026-04-25 19:40:59.826  2789-5524  SurfaceComposerClient   system_server                        D  setCornerRadius ## e7b3f8b com.trainingvalidator.poc/com.trainingvalidator.poc.ui.subscription.SubscriptionActivity#26298 cornerRadius=0.000000
2026-04-25 19:41:00.066  2789-2893  SurfaceComposerClient   system_server                        D  setCornerRadius ## e7b3f8b com.trainingvalidator.poc/com.trainingvalidator.poc.ui.subscription.SubscriptionActivity#26298 cornerRadius=0.000000
2026-04-25 19:41:00.082  2789-2893  SurfaceComposerClient   system_server                        D  setCornerRadius ## e7b3f8b com.trainingvalidator.poc/com.trainingvalidator.poc.ui.subscription.SubscriptionActivity#26298 cornerRadius=0.000000
2026-04-25 19:41:00.105  2789-2893  SurfaceComposerClient   system_server                        D  setCornerRadius ## e7b3f8b com.trainingvalidator.poc/com.trainingvalidator.poc.ui.subscription.SubscriptionActivity#26298 cornerRadius=0.000000
2026-04-25 19:41:00.283 13058-13058 VRI[Subscr...y]@36f6b4f com.trainingvalidator.poc            I  call setFrameRateCategory for touch hint category=no preference, reason=boost timeout, vri=VRI[SubscriptionActivity]@36f6b4f
2026-04-25 19:41:00.297  2045-2045  SurfaceFlinger          surfaceflinger                       I  [com.trainingvalidator.poc/com.trainingvalidator.poc.ui.subscription.SubscriptionActivity$_13058#26299] setFrameRateCategory: NoPreference
2026-04-25 19:41:00.703 13058-13058 VRI[Subscr...y]@36f6b4f com.trainingvalidator.poc            I  ViewPostIme pointer 0
2026-04-25 19:41:00.705 13058-13058 VRI[Subscr...y]@36f6b4f com.trainingvalidator.poc            I  call setFrameRateCategory for touch hint category=high hint, reason=touch, vri=VRI[SubscriptionActivity]@36f6b4f
2026-04-25 19:41:00.715  2045-2045  SurfaceFlinger          surfaceflinger                       I  [com.trainingvalidator.poc/com.trainingvalidator.poc.ui.subscription.SubscriptionActivity$_13058#26299] setFrameRateCategory: HighHint
2026-04-25 19:41:00.827 13058-13058 VRI[Subscr...y]@36f6b4f com.trainingvalidator.poc            I  ViewPostIme pointer 1
2026-04-25 19:41:00.832 13058-13058 Toast                   com.trainingvalidator.poc            I  show: caller = com.trainingvalidator.poc.ui.subscription.SubscriptionActivity.startGooglePlayCheckout:299 
2026-04-25 19:41:00.833 13058-13058 Toast                   com.trainingvalidator.poc            I  show: contextDispId = 0 mCustomDisplayId = -1 focusedDisplayId = 0 isActivityContext = true
2026-04-25 19:41:01.324  2789-4013  SurfaceComposerClient   system_server                        D  setCornerRadius ## e7b3f8b com.trainingvalidator.poc/com.trainingvalidator.poc.ui.subscription.SubscriptionActivity#26298 cornerRadius=0.000000
2026-04-25 19:41:01.324  2789-4013  SurfaceComposerClient   system_server                        D  setCornerRadius ## e7b3f8b com.trainingvalidator.poc/com.trainingvalidator.poc.ui.subscription.SubscriptionActivity#26298 cornerRadius=0.000000
2026-04-25 19:41:01.325  2789-2893  SurfaceComposerClient   system_server                        D  setCornerRadius ## e7b3f8b com.trainingvalidator.poc/com.trainingvalidator.poc.ui.subscription.SubscriptionActivity#26298 cornerRadius=0.000000
2026-04-25 19:41:01.326  2789-4013  NotificationService     system_server                        W  Toast already killed. pkg=com.trainingvalidator.poc token=android.os.BinderProxy@60a71b8
2026-04-25 19:41:01.329  3865-3865  AppIconSolution         com.android.systemui                 I  return adaptive icon for com.trainingvalidator.poc, isNight = true
2026-04-25 19:41:01.353  2789-4013  SurfaceComposerClient   system_server                        D  setCornerRadius ## e7b3f8b com.trainingvalidator.poc/com.trainingvalidator.poc.ui.subscription.SubscriptionActivity#26298 cornerRadius=0.000000
2026-04-25 19:41:01.354  2789-4013  SurfaceComposerClient   system_server                        D  setCornerRadius ## e7b3f8b com.trainingvalidator.poc/com.trainingvalidator.poc.ui.subscription.SubscriptionActivity#26298 cornerRadius=0.000000
2026-04-25 19:41:01.359  2789-2893  SurfaceComposerClient   system_server                        D  setCornerRadius ## e7b3f8b com.trainingvalidator.poc/com.trainingvalidator.poc.ui.subscription.SubscriptionActivity#26298 cornerRadius=0.000000
2026-04-25 19:41:01.390  2789-2893  SurfaceComposerClient   system_server                        D  setCornerRadius ## e7b3f8b com.trainingvalidator.poc/com.trainingvalidator.poc.ui.subscription.SubscriptionActivity#26298 cornerRadius=0.000000
2026-04-25 19:41:01.394  2789-2893  SurfaceComposerClient   system_server                        D  setCornerRadius ## e7b3f8b com.trainingvalidator.poc/com.trainingvalidator.poc.ui.subscription.SubscriptionActivity#26298 cornerRadius=0.000000
2026-04-25 19:41:01.436  2045-2045  SurfaceFlinger          surfaceflinger                       D  Display 4630947232161729154 HWC layers:
                                                                                                           DEVICE |           56083682951187 | 00002102 | RGBA_8888    |    0.0    0.0 1080.0 2316.0 |    0    0 1080 2316 | com.trainingvalidator.poc/com.traini[...]on.SubscriptionActivity$_13058#26299 (81)
                                                                                                           DEVICE |           57750130262028 | 00002100 | RGBA_8888    |    0.0    0.0 1057.0  509.0 |   11   75 1068  584 | $_13446#26323 (42)
                                                                                                           DEVICE |           16600048615062 | 00002100 | RGBA_8888    |    0.0    0.0  661.0  124.0 |  209 1877  870 2001 | Toast$_3865#26319 (1)
                                                                                                           DEVICE |           16600048615066 | 00002100 | RGBA_8888    |    0.0    0.0  900.0  162.0 |   90 1839  990 2001 | Toast$_3865#26329 (1)
                                                                                                    
2026-04-25 19:41:01.592  2789-2892  SurfaceComposerClient   system_server                        D  setCornerRadius ## e7b3f8b com.trainingvalidator.poc/com.trainingvalidator.poc.ui.subscription.SubscriptionActivity#26298 cornerRadius=0.000000
2026-04-25 19:41:01.593  2789-2892  SurfaceComposerClient   system_server                        D  setCornerRadius ## e7b3f8b com.trainingvalidator.poc/com.trainingvalidator.poc.ui.subscription.SubscriptionActivity#26298 cornerRadius=0.000000
2026-04-25 19:41:01.851  2789-2893  SurfaceComposerClient   system_server                        D  setCornerRadius ## e7b3f8b com.trainingvalidator.poc/com.trainingvalidator.poc.ui.subscription.SubscriptionActivity#26298 cornerRadius=0.000000
2026-04-25 19:41:01.853  2045-2045  SurfaceFlinger          surfaceflinger                       D  Display 4630947232161729154 HWC layers:
                                                                                                           DEVICE |           56083682951187 | 00002102 | RGBA_8888    |    0.0    0.0 1080.0 2316.0 |    0    0 1080 2316 | com.trainingvalidator.poc/com.traini[...]on.SubscriptionActivity$_13058#26299 (81)
                                                                                                           DEVICE |           57750130262029 | 00002100 | RGBA_8888    |    0.0    0.0 1057.0  509.0 |   11   75 1068  584 | $_13446#26323 (67)
                                                                                                           DEVICE |           16600048615066 | 00002100 | RGBA_8888    |    0.0    0.0  900.0  162.0 |   90 1839  990 2001 | Toast$_3865#26329 (1)
                                                                                                    
2026-04-25 19:41:01.855  2789-2893  SurfaceComposerClient   system_server                        D  setCornerRadius ## e7b3f8b com.trainingvalidator.poc/com.trainingvalidator.poc.ui.subscription.SubscriptionActivity#26298 cornerRadius=0.000000
2026-04-25 19:41:01.901  2789-2893  SurfaceComposerClient   system_server                        D  setCornerRadius ## e7b3f8b com.trainingvalidator.poc/com.trainingvalidator.poc.ui.subscription.SubscriptionActivity#26298 cornerRadius=0.000000
2026-04-25 19:41:01.920  2789-2893  SurfaceComposerClient   system_server                        D  setCornerRadius ## e7b3f8b com.trainingvalidator.poc/com.trainingvalidator.poc.ui.subscription.SubscriptionActivity#26298 cornerRadius=0.000000
2026-04-25 19:41:01.939  2789-2893  SurfaceComposerClient   system_server                        D  setCornerRadius ## e7b3f8b com.trainingvalidator.poc/com.trainingvalidator.poc.ui.subscription.SubscriptionActivity#26298 cornerRadius=0.000000
2026-04-25 19:41:03.830 13058-13058 VRI[Subscr...y]@36f6b4f com.trainingvalidator.poc            I  call setFrameRateCategory for touch hint category=no preference, reason=boost timeout, vri=VRI[SubscriptionActivity]@36f6b4f
2026-04-25 19:41:03.832  2045-2045  SurfaceFlinger          surfaceflinger                       I  [com.trainingvalidator.poc/com.trainingvalidator.poc.ui.subscription.SubscriptionActivity$_13058#26299] setFrameRateCategory: NoPreference
2026-04-25 19:41:05.415  2789-4013  SurfaceComposerClient   system_server                        D  setCornerRadius ## e7b3f8b com.trainingvalidator.poc/com.trainingvalidator.poc.ui.subscription.SubscriptionActivity#26298 cornerRadius=0.000000
2026-04-25 19:41:05.416  2789-4013  SurfaceComposerClient   system_server                        D  setCornerRadius ## e7b3f8b com.trainingvalidator.poc/com.trainingvalidator.poc.ui.subscription.SubscriptionActivity#26298 cornerRadius=0.000000
2026-04-25 19:41:05.417  2789-5489  NotificationService     system_server                        W  Toast already killed. pkg=com.trainingvalidator.poc token=android.os.BinderProxy@8d46aee
2026-04-25 19:41:05.444  2789-2892  SurfaceComposerClient   system_server                        D  setCornerRadius ## e7b3f8b com.trainingvalidator.poc/com.trainingvalidator.poc.ui.subscription.SubscriptionActivity#26298 cornerRadius=0.000000
2026-04-25 19:41:05.445  2789-2892  SurfaceComposerClient   system_server                        D  setCornerRadius ## e7b3f8b com.trainingvalidator.poc/com.trainingvalidator.poc.ui.subscription.SubscriptionActivity#26298 cornerRadius=0.000000
2026-04-25 19:41:05.450  2789-2893  SurfaceComposerClient   system_server                        D  setCornerRadius ## e7b3f8b com.trainingvalidator.poc/com.trainingvalidator.poc.ui.subscription.SubscriptionActivity#26298 cornerRadius=0.000000

---

## تشخيص سريع (نفس الجلسة)

### 1) MyFatoorah → `500` / رسالة السيرفر

على السيرفر (`pose-backend` / `back.mongz.online`) الـ log يوضح:

`Error: MYFATOORAH_API_TOKEN is not configured`

**المعنى:** الباكند كان يقرأ فقط `MYFATOORAH_API_TOKEN` / `MYFATOORAH_TOKEN`. إذا كان عندك المفتاح تحت اسم **`MYFATOORAH_API_KEY`** (مثل ميزة الحجوزات)، الاشتراك كان يفشل رغم أن MyFatoorah شغّال. تم توحيد الكود ليقبل **`MYFATOORAH_API_KEY`** أيضاً، ولـ **`MYFATOORAH_ENV=sandbox`** يختار تلقائياً `https://apitest.myfatoorah.com` ما لم تضبط `MYFATOORAH_API_BASE_URL`.

**ما تفعله على السيرفر:**

1. أضف في `.env` (أو في إعدادات PM2 ecosystem) القيمة:
   - `MYFATOORAH_API_TOKEN=...` (من بوابة MyFatoorah)
2. (مُستحسن) `MYFATOORAH_WEBHOOK_SECRET=...` للـ webhook
3. `BACKEND_PUBLIC_URL=https://back.mongz.online` (بدون `/` في النهاية) حتى تُبنى روابط الـ callback/webhook بشكل صحيح
4. أعد تشغيل الباكند: `pm2 restart pose-backend` (أو ما يعادل عندكم)

بعد التعديل، الـ API يعيد **503** مع رسالة واضحة إذا ما زال التوكن ناقصاً (بعد نشر الكود المحدّث)، بدل 500 عام.

### 2) Google Play → Toast من `SubscriptionActivity` (حوالي السطر 299)

هذا مسار مختلف عن MyFatoorah. غالباً أحد التالي:

- **Billing لم يجهّز بعد** (`billingReady == false`) — انتظر ثانية بعد فتح الشاشة أو أعد المحاولة.
- **الخطة في DB بدون** `monthlyGooglePlayProductId` / `yearlyGooglePlayProductId` — يجب ربط معرف المنتج في Play Console بحقل الخطة من الأدمن ثم إعادة المحاولة.

راجع `backend/.env.example` لقائمة متغيرات MyFatoorah المذكورة هناك.
