2026-02-07 17:45:10.398  7788-7788  InputMethodManager      com.trainingvalidator.poc            I  startInputInner - IInputMethodManagerGlobalInvoker.startInputOrWindowGainedFocus
2026-02-07 17:45:10.401  1652-1652  CompositionEngine       surfaceflinger                       E  [571235b SurfaceView[com.trainingvalidator.poc/com.trainingvalidator.poc.ui.TrainingActivity]@0(BLAST)#72777] Invalid device requested composition type change: Client (1) --> Client (1)
2026-02-07 17:45:10.401  2317-3268  ImeTracker              system_server                        I  com.trainingvalidator.poc:d7378ade: onRequestHide at ORIGIN_SERVER reason HIDE_UNSPECIFIED_WINDOW fromUser false
2026-02-07 17:45:10.401  7788-7788  InputMethodManager      com.trainingvalidator.poc            I  handleMessage: setImeVisibility visible=false
2026-02-07 17:45:10.401  7788-7788  InsetsController        com.trainingvalidator.poc            D  hide(ime(), fromIme=false)
2026-02-07 17:45:10.401  7788-7788  ImeTracker              com.trainingvalidator.poc            I  com.trainingvalidator.poc:d7378ade: onCancelled at PHASE_CLIENT_ALREADY_HIDDEN
2026-02-07 17:45:10.407  1652-1652  SurfaceFlinger          surfaceflinger                       E  alpha changed 0.000 -> 0.010 - DimTransitionLayer for Surface(name=ActivityRecord{34048015 u0 com.trainingvalidator.poc/.ui.report.ReportPagerActivity t569})/@0xa3ed4cf#72795
2026-02-07 17:45:10.410  1652-1652  CompositionEngine       surfaceflinger                       E  [571235b SurfaceView[com.trainingvalidator.poc/com.trainingvalidator.poc.ui.TrainingActivity]@0(BLAST)#72777] Invalid device requested composition type change: Client (1) --> Client (1)
2026-02-07 17:45:10.411  7788-8993  InputTransport          com.trainingvalidator.poc            D  Input channel constructed: 'ClientS', fd=226
2026-02-07 17:45:10.413  1652-1652  SurfaceFlinger          surfaceflinger                       D  Display 4630947232161729154 HWC layers:
                                                                                                           CLIENT |           33449205301350 | 00000102 | 0x0000022    |    0.0  408.0 1440.0 1070.0 |    0    0 1065 2316 | 571235b SurfaceView[com.trainingvali[...].ui.TrainingActivity]@0(BLAST)#72777 (1191)
                                                                                                           CLIENT |           33449205301341 | 00002100 | RGBA_8888    |   15.0    0.0 1080.0 2316.0 |    0    0 1080 2316 | com.trainingvalidator.poc/com.traini[...].poc.ui.TrainingActivity$_7788#72769 (1155)
                                                                                                      SOLID_COLOR |                        0 | 00000000 | N/A          |    0.0    0.0    0.0    0.0 |    0    0 1080 2316 | DimTransitionLayer for Surface(name=[...]agerActivity t569})/@0xa3ed4cf#72795 (0)
                                                                                                           DEVICE |           33449205301369 | 00002102 | RGBA_8888    |    0.0    0.0   49.0 2316.0 | 1031    0 1080 2316 | com.trainingvalidator.poc/com.traini[...]port.ReportPagerActivity$_7788#72790 (1)
                                                                                                           DEVICE |           15771119952343 | 00002140 | RGBA_8888    |    0.0    0.0 1080.0   84.0 |    0    0 1080   84 | ScreenDecorOverlay$_3672#72785 (8)
                                                                                                           DE
2026-02-07 17:45:10.413  7454-7454  GoogleInpu...hodService com...gle.android.inputmethod.latin  I  GoogleInputMethodService.onStartInput():1371 onStartInput(EditorInfo{EditorInfo{packageName=com.trainingvalidator.poc, inputType=0, inputTypeString=NULL, enableLearning=false, autoCorrection=false, autoComplete=false, imeOptions=0, privateImeOptions=null, actionName=UNSPECIFIED, actionLabel=null, initialSelStart=-1, initialSelEnd=-1, initialCapsMode=0, label=null, fieldId=0, fieldName=null, extras=Bundle[{appShowRequested=false, isTextEditor=false, displayId=0}], hintText=null, hintLocales=[]}}, false)
2026-02-07 17:45:10.417  2317-5018  InsetsSourceProvider    system_server                        D  updateControlForTarget: control=InsetsSourceControl: {3 mType=ime mSurfacePosition=Point(0, 75) mInsetsHint=Insets{left=0, top=0, right=0, bottom=852}}, target=Window{68b153a u0 com.trainingvalidator.poc/com.trainingvalidator.poc.ui.report.ReportPagerActivity}, from=com.android.server.wm.ImeInsetsSourceProvider.updateControlForTarget:17 com.android.server.wm.InsetsStateController.onControlTargetChanged:83 com.android.server.wm.DisplayContent.updateImeControlTarget:21 com.android.server.wm.DisplayContent.updateImeInputAndControlTarget:156 com.android.server.wm.WindowManagerService$LocalService.updateInputMethodTargetWindow:64 
2026-02-07 17:45:10.418  1652-1652  CompositionEngine       surfaceflinger                       E  [571235b SurfaceView[com.trainingvalidator.poc/com.trainingvalidator.poc.ui.TrainingActivity]@0(BLAST)#72777] Invalid device requested composition type change: Client (1) --> Client (1)
2026-02-07 17:45:10.418  2317-2450  SurfaceComposerClient   system_server                        D  setCornerRadius ## 68b153a com.trainingvalidator.poc/com.trainingvalidator.poc.ui.report.ReportPagerActivity#72789 cornerRadius=0.000000
2026-02-07 17:45:10.426  1652-1652  CompositionEngine       surfaceflinger                       E  [571235b SurfaceView[com.trainingvalidator.poc/com.trainingvalidator.poc.ui.TrainingActivity]@0(BLAST)#72777] Invalid device requested composition type change: Client (1) --> Client (1)
2026-02-07 17:45:10.433  1652-1652  SurfaceFlinger          surfaceflinger                       I  [LayerHierarchy{RequestedLayerState{ImeContainer#15 parentId=72788 relativeParentId=72789 z=1} 1 children}] reparent to LayerHierarchy{RequestedLayerState{ActivityRecord{34048015 u0 com.trainingvalidator.poc/.ui.report.ReportPagerActivity t569}#72788 parentId=72793 z=5} 4 children}
2026-02-07 17:45:10.433  1652-1652  SurfaceFlinger          surfaceflinger                       I  [LayerHierarchy{RequestedLayerState{ImeContainer#15 parentId=72788 relativeParentId=72789 z=1} 1 children}] RelativeParent to LayerHierarchy{RequestedLayerState{68b153a com.trainingvalidator.poc/com.trainingvalidator.poc.ui.report.ReportPagerActivity#72789 parentId=72788} 2 children}
2026-02-07 17:45:10.434  1652-1652  CompositionEngine       surfaceflinger                       E  [571235b SurfaceView[com.trainingvalidator.poc/com.trainingvalidator.poc.ui.TrainingActivity]@0(BLAST)#72777] Invalid device requested composition type change: Client (1) --> Client (1)
2026-02-07 17:45:10.443  1652-1652  CompositionEngine       surfaceflinger                       E  [571235b SurfaceView[com.trainingvalidator.poc/com.trainingvalidator.poc.ui.TrainingActivity]@0(BLAST)#72777] Invalid device requested composition type change: Client (1) --> Client (1)
2026-02-07 17:45:10.451  1652-1652  CompositionEngine       surfaceflinger                       E  [571235b SurfaceView[com.trainingvalidator.poc/com.trainingvalidator.poc.ui.TrainingActivity]@0(BLAST)#72777] Invalid device requested composition type change: Client (1) --> Client (1)
2026-02-07 17:45:10.460  1652-1652  CompositionEngine       surfaceflinger                       E  [571235b SurfaceView[com.trainingvalidator.poc/com.trainingvalidator.poc.ui.TrainingActivity]@0(BLAST)#72777] Invalid device requested composition type change: Client (1) --> Client (1)
2026-02-07 17:45:10.469  1652-1652  CompositionEngine       surfaceflinger                       E  [571235b SurfaceView[com.trainingvalidator.poc/com.trainingvalidator.poc.ui.TrainingActivity]@0(BLAST)#72777] Invalid device requested composition type change: Client (1) --> Client (1)
2026-02-07 17:45:10.476  1652-1652  CompositionEngine       surfaceflinger                       E  [571235b SurfaceView[com.trainingvalidator.poc/com.trainingvalidator.poc.ui.TrainingActivity]@0(BLAST)#72777] Invalid device requested composition type change: Client (1) --> Client (1)
2026-02-07 17:45:10.484  1652-1652  CompositionEngine       surfaceflinger                       E  [571235b SurfaceView[com.trainingvalidator.poc/com.trainingvalidator.poc.ui.TrainingActivity]@0(BLAST)#72777] Invalid device requested composition type change: Client (1) --> Client (1)
2026-02-07 17:45:10.493  1652-1652  CompositionEngine       surfaceflinger                       E  [571235b SurfaceView[com.trainingvalidator.poc/com.trainingvalidator.poc.ui.TrainingActivity]@0(BLAST)#72777] Invalid device requested composition type change: Client (1) --> Client (1)
2026-02-07 17:45:10.501  1652-1652  CompositionEngine       surfaceflinger                       E  [571235b SurfaceView[com.trainingvalidator.poc/com.trainingvalidator.poc.ui.TrainingActivity]@0(BLAST)#72777] Invalid device requested composition type change: Client (1) --> Client (1)
2026-02-07 17:45:10.509  1652-1652  CompositionEngine       surfaceflinger                       E  [571235b SurfaceView[com.trainingvalidator.poc/com.trainingvalidator.poc.ui.TrainingActivity]@0(BLAST)#72777] Invalid device requested composition type change: Client (1) --> Client (1)
2026-02-07 17:45:10.518  1652-1652  CompositionEngine       surfaceflinger                       E  [571235b SurfaceView[com.trainingvalidator.poc/com.trainingvalidator.poc.ui.TrainingActivity]@0(BLAST)#72777] Invalid device requested composition type change: Client (1) --> Client (1)
2026-02-07 17:45:10.527  1652-1652  CompositionEngine       surfaceflinger                       E  [571235b SurfaceView[com.trainingvalidator.poc/com.trainingvalidator.poc.ui.TrainingActivity]@0(BLAST)#72777] Invalid device requested composition type change: Client (1) --> Client (1)
2026-02-07 17:45:10.535  1652-1652  CompositionEngine       surfaceflinger                       E  [571235b SurfaceView[com.trainingvalidator.poc/com.trainingvalidator.poc.ui.TrainingActivity]@0(BLAST)#72777] Invalid device requested composition type change: Client (1) --> Client (1)
2026-02-07 17:45:10.543  1652-1652  CompositionEngine       surfaceflinger                       E  [571235b SurfaceView[com.trainingvalidator.poc/com.trainingvalidator.poc.ui.TrainingActivity]@0(BLAST)#72777] Invalid device requested composition type change: Client (1) --> Client (1)
2026-02-07 17:45:10.551  1652-1652  CompositionEngine       surfaceflinger                       E  [571235b SurfaceView[com.trainingvalidator.poc/com.trainingvalidator.poc.ui.TrainingActivity]@0(BLAST)#72777] Invalid device requested composition type change: Client (1) --> Client (1)
2026-02-07 17:45:10.559  1652-1652  CompositionEngine       surfaceflinger                       E  [571235b SurfaceView[com.trainingvalidator.poc/com.trainingvalidator.poc.ui.TrainingActivity]@0(BLAST)#72777] Invalid device requested composition type change: Client (1) --> Client (1)
2026-02-07 17:45:10.568  1652-1652  CompositionEngine       surfaceflinger                       E  [571235b SurfaceView[com.trainingvalidator.poc/com.trainingvalidator.poc.ui.TrainingActivity]@0(BLAST)#72777] Invalid device requested composition type change: Client (1) --> Client (1)
2026-02-07 17:45:10.576  1652-1652  CompositionEngine       surfaceflinger                       E  [571235b SurfaceView[com.trainingvalidator.poc/com.trainingvalidator.poc.ui.TrainingActivity]@0(BLAST)#72777] Invalid device requested composition type change: Client (1) --> Client (1)
2026-02-07 17:45:10.584  1652-1652  CompositionEngine       surfaceflinger                       E  [571235b SurfaceView[com.trainingvalidator.poc/com.trainingvalidator.poc.ui.TrainingActivity]@0(BLAST)#72777] Invalid device requested composition type change: Client (1) --> Client (1)
2026-02-07 17:45:10.593  1652-1652  CompositionEngine       surfaceflinger                       E  [571235b SurfaceView[com.trainingvalidator.poc/com.trainingvalidator.poc.ui.TrainingActivity]@0(BLAST)#72777] Invalid device requested composition type change: Client (1) --> Client (1)
2026-02-07 17:45:10.601  1652-1652  CompositionEngine       surfaceflinger                       E  [571235b SurfaceView[com.trainingvalidator.poc/com.trainingvalidator.poc.ui.TrainingActivity]@0(BLAST)#72777] Invalid device requested composition type change: Client (1) --> Client (1)
2026-02-07 17:45:10.609  1652-1652  CompositionEngine       surfaceflinger                       E  [571235b SurfaceView[com.trainingvalidator.poc/com.trainingvalidator.poc.ui.TrainingActivity]@0(BLAST)#72777] Invalid device requested composition type change: Client (1) --> Client (1)
2026-02-07 17:45:10.618  1652-1652  CompositionEngine       surfaceflinger                       E  [571235b SurfaceView[com.trainingvalidator.poc/com.trainingvalidator.poc.ui.TrainingActivity]@0(BLAST)#72777] Invalid device requested composition type change: Client (1) --> Client (1)
2026-02-07 17:45:10.626  1652-1652  CompositionEngine       surfaceflinger                       E  [571235b SurfaceView[com.trainingvalidator.poc/com.trainingvalidator.poc.ui.TrainingActivity]@0(BLAST)#72777] Invalid device requested composition type change: Client (1) --> Client (1)
2026-02-07 17:45:10.634  1652-1652  CompositionEngine       surfaceflinger                       E  [571235b SurfaceView[com.trainingvalidator.poc/com.trainingvalidator.poc.ui.TrainingActivity]@0(BLAST)#72777] Invalid device requested composition type change: Client (1) --> Client (1)
2026-02-07 17:45:10.643  1652-1652  CompositionEngine       surfaceflinger                       E  [571235b SurfaceView[com.trainingvalidator.poc/com.trainingvalidator.poc.ui.TrainingActivity]@0(BLAST)#72777] Invalid device requested composition type change: Client (1) --> Client (1)
2026-02-07 17:45:10.651  1652-1652  CompositionEngine       surfaceflinger                       E  [571235b SurfaceView[com.trainingvalidator.poc/com.trainingvalidator.poc.ui.TrainingActivity]@0(BLAST)#72777] Invalid device requested composition type change: Client (1) --> Client (1)
2026-02-07 17:45:10.660  1652-1652  CompositionEngine       surfaceflinger                       E  [571235b SurfaceView[com.trainingvalidator.poc/com.trainingvalidator.poc.ui.TrainingActivity]@0(BLAST)#72777] Invalid device requested composition type change: Client (1) --> Client (1)
2026-02-07 17:45:10.667  1652-1652  CompositionEngine       surfaceflinger                       E  [571235b SurfaceView[com.trainingvalidator.poc/com.trainingvalidator.poc.ui.TrainingActivity]@0(BLAST)#72777] Invalid device requested composition type change: Client (1) --> Client (1)
2026-02-07 17:45:10.676  1652-1652  CompositionEngine       surfaceflinger                       E  [571235b SurfaceView[com.trainingvalidator.poc/com.trainingvalidator.poc.ui.TrainingActivity]@0(BLAST)#72777] Invalid device requested composition type change: Client (1) --> Client (1)
2026-02-07 17:45:10.684  1652-1652  CompositionEngine       surfaceflinger                       E  [571235b SurfaceView[com.trainingvalidator.poc/com.trainingvalidator.poc.ui.TrainingActivity]@0(BLAST)#72777] Invalid device requested composition type change: Client (1) --> Client (1)
2026-02-07 17:45:10.693  1652-1652  CompositionEngine       surfaceflinger                       E  [571235b SurfaceView[com.trainingvalidator.poc/com.trainingvalidator.poc.ui.TrainingActivity]@0(BLAST)#72777] Invalid device requested composition type change: Client (1) --> Client (1)
2026-02-07 17:45:10.701  1652-1652  CompositionEngine       surfaceflinger                       E  [571235b SurfaceView[com.trainingvalidator.poc/com.trainingvalidator.poc.ui.TrainingActivity]@0(BLAST)#72777] Invalid device requested composition type change: Client (1) --> Client (1)
2026-02-07 17:45:10.710  1652-1652  CompositionEngine       surfaceflinger                       E  [571235b SurfaceView[com.trainingvalidator.poc/com.trainingvalidator.poc.ui.TrainingActivity]@0(BLAST)#72777] Invalid device requested composition type change: Client (1) --> Client (1)
2026-02-07 17:45:10.718  1652-1652  CompositionEngine       surfaceflinger                       E  [571235b SurfaceView[com.trainingvalidator.poc/com.trainingvalidator.poc.ui.TrainingActivity]@0(BLAST)#72777] Invalid device requested composition type change: Client (1) --> Client (1)
2026-02-07 17:45:10.726  1652-1652  CompositionEngine       surfaceflinger                       E  [571235b SurfaceView[com.trainingvalidator.poc/com.trainingvalidator.poc.ui.TrainingActivity]@0(BLAST)#72777] Invalid device requested composition type change: Client (1) --> Client (1)
2026-02-07 17:45:10.734  1652-1652  CompositionEngine       surfaceflinger                       E  [571235b SurfaceView[com.trainingvalidator.poc/com.trainingvalidator.poc.ui.TrainingActivity]@0(BLAST)#72777] Invalid device requested composition type change: Client (1) --> Client (1)
2026-02-07 17:45:10.750  1652-1652  CompositionEngine       surfaceflinger                       E  [571235b SurfaceView[com.trainingvalidator.poc/com.trainingvalidator.poc.ui.TrainingActivity]@0(BLAST)#72777] Invalid device requested composition type change: Client (1) --> Client (1)
2026-02-07 17:45:10.761  1652-1652  CompositionEngine       surfaceflinger                       E  [571235b SurfaceView[com.trainingvalidator.poc/com.trainingvalidator.poc.ui.TrainingActivity]@0(BLAST)#72777] Invalid device requested composition type change: Client (1) --> Client (1)
2026-02-07 17:45:10.767  1652-1652  CompositionEngine       surfaceflinger                       E  [571235b SurfaceView[com.trainingvalidator.poc/com.trainingvalidator.poc.ui.TrainingActivity]@0(BLAST)#72777] Invalid device requested composition type change: Client (1) --> Client (1)
2026-02-07 17:45:10.776  1652-1652  CompositionEngine       surfaceflinger                       E  [571235b SurfaceView[com.trainingvalidator.poc/com.trainingvalidator.poc.ui.TrainingActivity]@0(BLAST)#72777] Invalid device requested composition type change: Client (1) --> Client (1)
2026-02-07 17:45:10.785  1652-1652  CompositionEngine       surfaceflinger                       E  [571235b SurfaceView[com.trainingvalidator.poc/com.trainingvalidator.poc.ui.TrainingActivity]@0(BLAST)#72777] Invalid device requested composition type change: Client (1) --> Client (1)
2026-02-07 17:45:10.793  1652-1652  CompositionEngine       surfaceflinger                       E  [571235b SurfaceView[com.trainingvalidator.poc/com.trainingvalidator.poc.ui.TrainingActivity]@0(BLAST)#72777] Invalid device requested composition type change: Client (1) --> Client (1)
2026-02-07 17:45:10.801  1652-1652  CompositionEngine       surfaceflinger                       E  [571235b SurfaceView[com.trainingvalidator.poc/com.trainingvalidator.poc.ui.TrainingActivity]@0(BLAST)#72777] Invalid device requested composition type change: Client (1) --> Client (1)
2026-02-07 17:45:10.809  1652-1652  CompositionEngine       surfaceflinger                       E  [571235b SurfaceView[com.trainingvalidator.poc/com.trainingvalidator.poc.ui.TrainingActivity]@0(BLAST)#72777] Invalid device requested composition type change: Client (1) --> Client (1)
2026-02-07 17:45:10.818  1652-1652  CompositionEngine       surfaceflinger                       E  [571235b SurfaceView[com.trainingvalidator.poc/com.trainingvalidator.poc.ui.TrainingActivity]@0(BLAST)#72777] Invalid device requested composition type change: Client (1) --> Client (1)
2026-02-07 17:45:10.826  1652-1652  CompositionEngine       surfaceflinger                       E  [571235b SurfaceView[com.trainingvalidator.poc/com.trainingvalidator.poc.ui.TrainingActivity]@0(BLAST)#72777] Invalid device requested composition type change: Client (1) --> Client (1)
2026-02-07 17:45:10.835  1652-1652  CompositionEngine       surfaceflinger                       E  [571235b SurfaceView[com.trainingvalidator.poc/com.trainingvalidator.poc.ui.TrainingActivity]@0(BLAST)#72777] Invalid device requested composition type change: Client (1) --> Client (1)
2026-02-07 17:45:10.844  2317-5018  WindowManager           system_server                        V  Finish Transition: TransitionRecord{2b7283b id=6460 type=OPEN flags=0x0 c=[
                                                                                                       ChangeInfo{a5b7734 container=ActivityRecord{34048015 u0 com.trainingvalidator.poc/.ui.report.ReportPagerActivity t569} flags=0x0}
                                                                                                       ChangeInfo{d7bc95d container=Task{938a9b6 #569 type=standard A=10442:com.trainingvalidator.poc} flags=0x0}
                                                                                                       ChangeInfo{ffd42d2 container=Display{#0 state=ON size=1080x2316 ROTATION_0} flags=0x0}
                                                                                                       ChangeInfo{37340ea container=ActivityRecord{222203619 u0 com.trainingvalidator.poc/.ui.TrainingActivity t569 f}} flags=0x0}
                                                                                                       ChangeInfo{99d9fa3 container=DefaultTaskDisplayArea_d0@223319725 flags=0x0}
                                                                                                    ]
                                                                                                    }, caller=com.android.server.wm.WindowOrganizerController.finishTransitionInner:31 com.android.server.wm.WindowOrganizerController.finishAllTransitions:60 android.window.IWindowOrganizerController$Stub.onTransact:283 
2026-02-07 17:45:10.844  1652-1652  SurfaceFlinger          surfaceflinger                       D  Display 4630947232161729154 HWC layers:
                                                                                                           DEVICE |           33449205301369 | 00002102 | RGBA_8888    |    0.0    0.0 1080.0 2316.0 |    0    0 1080 2316 | com.trainingvalidator.poc/com.traini[...]port.ReportPagerActivity$_7788#72790 (1)
                                                                                                           DEVICE |           15771119952343 | 00002140 | RGBA_8888    |    0.0    0.0 1080.0   84.0 |    0    0 1080   84 | ScreenDecorOverlay$_3672#72785 (8)
                                                                                                           DEVICE |           15771119952342 | 00002140 | RGBA_8888    |    0.0    0.0 1080.0   84.0 |    0 2232 1080 2316 | ScreenDecorOverlayBottom$_3672#72786 (3)
                                                                                                    
2026-02-07 17:45:10.844  2317-5018  WindowManager           system_server                        V  Setting visibility of Window{8c9327 u0 com.trainingvalidator.poc/com.trainingvalidator.poc.ui.TrainingActivity}: false, caller=com.android.server.wm.WindowContainer.sendAppVisibilityToClients:19 com.android.server.wm.WindowToken.setClientVisible:48 com.android.server.wm.ActivityRecord.commitVisibility:186 com.android.server.wm.TransitionController.finishTransition:846 com.android.server.wm.WindowOrganizerController.finishTransitionInner:31 
2026-02-07 17:45:10.844  2317-5018  PersonaActivityHelper   system_server                        D  token.toString()  Token{a0ae846 ActivityRecord{34048015 u0 com.trainingvalidator.poc/.ui.report.ReportPagerActivity t569}}
2026-02-07 17:45:10.845  2317-5018  PersonaActivityHelper   system_server                        D  token.toString()  Token{9be30e0 ActivityRecord{222203619 u0 com.trainingvalidator.poc/.ui.TrainingActivity t569 f}}}
2026-02-07 17:45:10.845  7788-7788  VRI[Traini...y]@874a58e com.trainingvalidator.poc            I  handleAppVisibility mAppVisible = true visible = false
2026-02-07 17:45:10.845  7788-7788  VRI[Traini...y]@874a58e com.trainingvalidator.poc            D  visibilityChanged oldVisibility=true newVisibility=false
2026-02-07 17:45:10.845  2317-5018  ChangeTran...Controller system_server                        D  onTransitionFinished: TransitionRecord{2b7283b id=6460 type=OPEN flags=0x0 c=[
                                                                                                       ChangeInfo{a5b7734 container=ActivityRecord{34048015 u0 com.trainingvalidator.poc/.ui.report.ReportPagerActivity t569} flags=0x0}
                                                                                                       ChangeInfo{d7bc95d container=Task{938a9b6 #569 type=standard A=10442:com.trainingvalidator.poc} flags=0x0}
                                                                                                       ChangeInfo{ffd42d2 container=Display{#0 state=ON size=1080x2316 ROTATION_0} flags=0x0}
                                                                                                       ChangeInfo{37340ea container=ActivityRecord{222203619 u0 com.trainingvalidator.poc/.ui.TrainingActivity t569 f}} flags=0x0}
                                                                                                       ChangeInfo{99d9fa3 container=DefaultTaskDisplayArea_d0@223319725 flags=0x0}
                                                                                                    ]
                                                                                                    }
2026-02-07 17:45:10.850  1652-1652  SurfaceFlinger          surfaceflinger                       I  [LayerHierarchy{RequestedLayerState{Transition Root: ActivityRecord{34048015 u0 com.trainingvalidator.poc/.ui.report.ReportPagerActivity t569}#72793 z=3} 3 children}] reparent to OffscreenRoot
2026-02-07 17:45:10.850  1652-1652  SurfaceFlinger          surfaceflinger                       I  [LayerHierarchy{RequestedLayerState{Transition Root: ActivityRecord{34048015 u0 com.trainingvalidator.poc/.ui.report.ReportPagerActivity t569}#72793 z=3} 3 children}] RelativeParent to null
2026-02-07 17:45:10.850  1652-1652  SurfaceFlinger          surfaceflinger                       I  [LayerHierarchy{RequestedLayerState{ActivityRecord{222203619 u0 com.trainingvalidator.poc/.ui.TrainingActivity t569}#72767 parentId=72587 z=2} 2 children}] reparent to LayerHierarchy{RequestedLayerState{Task=569#72587 parentId=10 z=19} 3 children}
2026-02-07 17:45:10.850  1652-1652  SurfaceFlinger          surfaceflinger                       I  [LayerHierarchy{RequestedLayerState{ActivityRecord{34048015 u0 com.trainingvalidator.poc/.ui.report.ReportPagerActivity t569}#72788 parentId=72587 z=3} 4 children}] reparent to LayerHierarchy{RequestedLayerState{Task=569#72587 parentId=10 z=19} 4 children}
2026-02-07 17:45:10.850  1652-1652  SurfaceFlinger          surfaceflinger                       I  [LayerHierarchy{RequestedLayerState{DimTransitionLayer for Surface(name=ActivityRecord{34048015 u0 com.trainingvalidator.poc/.ui.report.ReportPagerActivity t569})/@0xa3ed4cf#72795 z=-1} no children}] reparent to OffscreenRoot
2026-02-07 17:45:10.850  1652-1652  SurfaceFlinger          surfaceflinger                       I  [LayerHierarchy{RequestedLayerState{DimTransitionLayer for Surface(name=ActivityRecord{34048015 u0 com.trainingvalidator.poc/.ui.report.ReportPagerActivity t569})/@0xa3ed4cf#72795 z=-1} no children}] RelativeParent to null
2026-02-07 17:45:10.851  7788-7788  SV[9130069...gActivity] com.trainingvalidator.poc            I  onWindowVisibilityChanged(8) false android.view.SurfaceView{571235b V.E...... ........ 0,0-1440,1080} of VRI[TrainingActivity]@874a58e
2026-02-07 17:45:10.851  1652-1652  SurfaceFlinger          surfaceflinger                       I  id=72795 Removed DimTransitionLayer for Surface(name=ActivityRecord{34048015 u0 com.trainingvalidator.poc/.ui.report.ReportPagerActivity t569})/@0xa3ed4cf#72795 (218)
2026-02-07 17:45:10.851  1652-1652  SurfaceFlinger          surfaceflinger                       I  id=72793 Removed Transition Root: ActivityRecord{34048015 u0 com.trainingvalidator.poc/.ui.report.ReportPagerActivity t569}#72793 (218)
2026-02-07 17:45:10.851  7788-7788  SurfaceView             com.trainingvalidator.poc            I  91300699 Changes: creating=false format=false size=false visible=true alpha=false hint=false left=false top=false z=false attached=true lifecycleStrategy=false
2026-02-07 17:45:10.852  7788-7788  SurfaceView             com.trainingvalidator.poc            I  91300699 Cur surface: Surface(name=null mNativeObject=-5476376663315966576)/@0xcc9ba4
2026-02-07 17:45:10.852  7788-7788  SurfaceComposerClient   com.trainingvalidator.poc            D  setCornerRadius ## 571235b SurfaceView[com.trainingvalidator.poc/com.trainingvalidator.poc.ui.TrainingActivity]@0#72776 cornerRadius=0.000000
2026-02-07 17:45:10.852  7788-7788  SurfaceView             com.trainingvalidator.poc            I  91300699 surfaceDestroyed
2026-02-07 17:45:10.852  7788-7788  SV[9130069...gActivity] com.trainingvalidator.poc            I  surfaceDestroyed callback.size 1 #2 android.view.SurfaceView{571235b V.E...... ........ 0,0-1440,1080}
2026-02-07 17:45:10.852  7788-7788  SurfaceViewImpl         com.trainingvalidator.poc            D  Surface destroyed.
2026-02-07 17:45:10.852  7788-7788  SurfaceViewImpl         com.trainingvalidator.poc            D  Surface closed androidx.camera.core.SurfaceRequest@ab99edc
2026-02-07 17:45:10.852  7788-7788  DeferrableSurface       com.trainingvalidator.poc            D  surface closed,  useCount=2 closed=true androidx.camera.core.SurfaceRequest$2@997dbe5
2026-02-07 17:45:10.854  7788-7788  SV[9130069...gActivity] com.trainingvalidator.poc            I  updateSurface: mVisible = false mSurface.isValid() = true
2026-02-07 17:45:10.858  1652-1652  SurfaceFlinger          surfaceflinger                       I  RequestedLayer [com.trainingvalidator.poc/com.traini[...].poc.ui.TrainingActivity$_7788#72769] hidden!! flag  from(0) --> to(1)
2026-02-07 17:45:10.858  1652-1652  SurfaceFlinger          surfaceflinger                       I  destroyed Transition Root: ActivityRecord{34048015 u0 com.trainingvalidator.poc/.ui.report.ReportPagerActivity t569}#72793 form LifecycleManager
2026-02-07 17:45:10.858  1652-1652  SurfaceFlinger          surfaceflinger                       I  destroyed DimTransitionLayer for Surface(name=ActivityRecord{34048015 u0 com.trainingvalidator.poc/.ui.report.ReportPagerActivity t569})/@0xa3ed4cf#72795 form LifecycleManager
2026-02-07 17:45:10.858  1652-1652  SurfaceFlinger          surfaceflinger                       I  id=72793 onLayerDestroyed from LayerHierarchyBuilder(RequestedLayerState{Transition Root: ActivityRecord{34048015 u0 com.trainingvalidator.poc/.ui.report.ReportPagerActivity t569}#72793 !handle z=3})
2026-02-07 17:45:10.858  1652-1652  SurfaceFlinger          surfaceflinger                       I  id=72795 onLayerDestroyed from LayerHierarchyBuilder(RequestedLayerState{DimTransitionLayer for Surface(name=ActivityRecord{34048015 u0 com.trainingvalidator.poc/.ui.report.ReportPagerActivity t569})/@0xa3ed4cf#72795 !handle z=-1})
2026-02-07 17:45:10.859  1652-1652  Layer                   surfaceflinger                       I  id=72793 Destroyed Transition Root: ActivityRecord{34048015 u0 com.trainingvalidator.poc/.ui.report.ReportPagerActivity t569}#72793
2026-02-07 17:45:10.859  1652-1652  Layer                   surfaceflinger                       I  id=72795 Destroyed DimTransitionLayer for Surface(name=ActivityRecord{34048015 u0 com.trainingvalidator.poc/.ui.report.ReportPagerActivity t569})/@0xa3ed4cf#72795
2026-02-07 17:45:10.861  2317-2450  SurfaceComposerClient   system_server                        D  setCornerRadius ## 68b153a com.trainingvalidator.poc/com.trainingvalidator.poc.ui.report.ReportPagerActivity#72789 cornerRadius=0.000000
2026-02-07 17:45:10.863  7788-7788  SV[9130069...gActivity] com.trainingvalidator.poc            I  releaseSurfaces: viewRoot = VRI[TrainingActivity]@874a58e
2026-02-07 17:45:10.863  7788-7788  SurfaceView             com.trainingvalidator.poc            V  Layout: x=0 y=0 w=1440 h=1080, frame=Rect(0, 0 - 1440, 1080)
2026-02-07 17:45:10.863  2317-2450  SurfaceComposerClient   system_server                        D  setCornerRadius ## 68b153a com.trainingvalidator.poc/com.trainingvalidator.poc.ui.report.ReportPagerActivity#72789 cornerRadius=0.000000
2026-02-07 17:45:10.863  7788-7867  SurfaceView             com.trainingvalidator.poc            D  226657910 windowPositionLost, frameNr = 0
2026-02-07 17:45:10.867  1652-1652  LayerHistory            surfaceflinger                       I  com.trainingvalidator.poc/com.trainingvalidator.poc.ui.report.ReportPagerActivity$_7788#72790 Max (can't resolve refresh rate)
2026-02-07 17:45:10.867  2317-3823  WindowManager           system_server                        I  Relayout Window{8c9327 u0 com.trainingvalidator.poc/com.trainingvalidator.poc.ui.TrainingActivity}: viewVisibility=8 req=1080x2316 ty=1 d0
2026-02-07 17:45:10.868  2317-3823  SurfaceComposerClient   system_server                        D  setCornerRadius ## 68b153a com.trainingvalidator.poc/com.trainingvalidator.poc.ui.report.ReportPagerActivity#72789 cornerRadius=0.000000
2026-02-07 17:45:10.868  2317-3823  SurfaceComposerClient   system_server                        D  setCornerRadius ## 68b153a com.trainingvalidator.poc/com.trainingvalidator.poc.ui.report.ReportPagerActivity#72789 cornerRadius=0.000000
2026-02-07 17:45:10.872  7788-7788  VRI[Traini...y]@874a58e com.trainingvalidator.poc            I  Relayout returned: old=(0,0,1080,2316) new=(0,0,1080,2316) relayoutAsync=false req=(1080,2316)8 dur=5 res=0x2 s={false 0x0} ch=true seqId=0
2026-02-07 17:45:10.872  7788-7788  SV[9130069...gActivity] com.trainingvalidator.poc            I  windowStopped(true) false android.view.SurfaceView{571235b V.E...... ........ 0,0-1440,1080} of VRI[TrainingActivity]@874a58e
2026-02-07 17:45:10.872  7788-7788  SV[9130069...gActivity] com.trainingvalidator.poc            D  updateSurface: surface is not valid
2026-02-07 17:45:10.872  7788-7788  SV[9130069...gActivity] com.trainingvalidator.poc            I  releaseSurfaces: viewRoot = VRI[TrainingActivity]@874a58e
2026-02-07 17:45:10.872  7788-7788  VRI[Traini...y]@874a58e com.trainingvalidator.poc            D  applyTransactionOnDraw applyImmediately
2026-02-07 17:45:10.872  7788-7788  SV[9130069...gActivity] com.trainingvalidator.poc            D  updateSurface: surface is not valid
2026-02-07 17:45:10.872  7788-7788  SV[9130069...gActivity] com.trainingvalidator.poc            I  releaseSurfaces: viewRoot = VRI[TrainingActivity]@874a58e
2026-02-07 17:45:10.872  7788-7788  VRI[Traini...y]@874a58e com.trainingvalidator.poc            D  applyTransactionOnDraw applyImmediately
2026-02-07 17:45:10.872  7788-7788  VRI[Traini...y]@874a58e com.trainingvalidator.poc            D  Not drawing due to not visible. Reason=!mAppVisible && !mForceDecorViewVisibility
2026-02-07 17:45:10.872  7788-7788  VRI[Traini...y]@874a58e com.trainingvalidator.poc            D  Pending transaction will not be applied in sync with a draw due to view not visible
2026-02-07 17:45:10.872  7788-7788  VRI[Traini...y]@874a58e com.trainingvalidator.poc            I  mWNT: t=0xb4000070f6b217d0 mBlastBufferQueue=0xnull fn= 0 HdrRenderState mRenderHdrSdrRatio=1.0 caller= android.view.ViewRootImpl.handleSyncRequestWhenNoAsyncDraw:6733 android.view.ViewRootImpl.performTraversals:5504 android.view.ViewRootImpl.doTraversal:3924 
2026-02-07 17:45:10.873  7788-7788  VRI[Traini...y]@874a58e com.trainingvalidator.poc            I  stopped(true) old = false
2026-02-07 17:45:10.873  7788-7788  VRI[Traini...y]@874a58e com.trainingvalidator.poc            D  WindowStopped on com.trainingvalidator.poc/com.trainingvalidator.poc.ui.TrainingActivity set to true
2026-02-07 17:45:10.875  7788-8366  Camera2CameraImpl       com.trainingvalidator.poc            D  {Camera@95c4f9d[id=1]} Use cases [androidx.camera.core.Preview-089bb895-87e7-4aaf-938e-e6993011ca1a35670907, androidx.camera.core.ImageAnalysis-6349479a-18cf-47b4-bfa4-11d46e155d9f182570392] now DETACHED for camera
2026-02-07 17:45:10.875  7788-7788  DeferrableSurface       com.trainingvalidator.poc            D  surface closed,  useCount=0 closed=true androidx.camera.core.processing.SurfaceEdge$SettableSurface@64e0629
2026-02-07 17:45:10.875  7788-7788  DeferrableSurface       com.trainingvalidator.poc            D  Surface terminated[total_surfaces=2, used_surfaces=2](androidx.camera.core.processing.SurfaceEdge$SettableSurface@64e0629}
2026-02-07 17:45:10.875  7788-7788  DeferrableSurface       com.trainingvalidator.poc            D  use count-1,  useCount=1 closed=true androidx.camera.core.SurfaceRequest$2@997dbe5
2026-02-07 17:45:10.875  7788-7788  DeferrableSurface       com.trainingvalidator.poc            D  surface closed,  useCount=1 closed=true androidx.camera.core.impl.ImmediateSurface@a5ad147
2026-02-07 17:45:10.876  7788-8366  UseCaseAttachState      com.trainingvalidator.poc            D  All use case: [] for camera: 1
2026-02-07 17:45:10.878  2317-2447  SurfaceComposerClient   system_server                        D  setCornerRadius ## 68b153a com.trainingvalidator.poc/com.trainingvalidator.poc.ui.report.ReportPagerActivity#72789 cornerRadius=0.000000
2026-02-07 17:45:10.879  7788-8366  Camera2CameraImpl       com.trainingvalidator.poc            D  {Camera@95c4f9d[id=1]} Resetting Capture Session
2026-02-07 17:45:10.880  7788-8366  SyncCaptureSessionImpl  com.trainingvalidator.poc            D  [androidx.camera.camera2.internal.SynchronizedCaptureSessionImpl@515e6c3] Session call close()
2026-02-07 17:45:10.880  7788-8366  Camera2CameraImpl       com.trainingvalidator.poc            D  {Camera@95c4f9d[id=1]} Releasing session in state OPENED
2026-02-07 17:45:10.880  7788-8366  Camera2CameraControlImp com.trainingvalidator.poc            D  setActive: isActive = false
2026-02-07 17:45:10.881  7788-8366  UseCaseAttachState      com.trainingvalidator.poc            D  Active and attached use case: [] for camera: 1
2026-02-07 17:45:10.883  7788-8366  UseCaseAttachState      com.trainingvalidator.poc            D  Active and attached use case: [] for camera: 1
2026-02-07 17:45:10.884  7788-8366  VideoUsageControl       com.trainingvalidator.poc            D  resetDirectly: mVideoUsage reset!
2026-02-07 17:45:10.885  7788-8366  Camera2CameraImpl       com.trainingvalidator.poc            D  {Camera@95c4f9d[id=1]} Closing camera.
2026-02-07 17:45:10.885  7788-8366  Camera2CameraImpl       com.trainingvalidator.poc            D  {Camera@95c4f9d[id=1]} Transitioning camera internal state: OPENED --> CLOSING
2026-02-07 17:45:10.887  7788-8366  CameraStateRegistry     com.trainingvalidator.poc            D  Recalculating open cameras:
                                                                                                    Camera                                       State                 
                                                                                                    -------------------------------------------------------------------
                                                                                                    Camera@95c4f9d[id=1]                         CLOSING               
                                                                                                    Camera@fcab75e[id=2]                         UNKNOWN               
                                                                                                    Camera@1307f37[id=3]                         UNKNOWN               
                                                                                                    Camera@8c71fba[id=0]                         UNKNOWN               
                                                                                                    -------------------------------------------------------------------
                                                                                                    Open count: 1 (Max allowed: 1)
2026-02-07 17:45:10.887  7788-8366  CameraStateMachine      com.trainingvalidator.poc            D  New public camera state CameraState{type=CLOSING, error=null} from CLOSING and null
2026-02-07 17:45:10.887  7788-8366  CameraStateMachine      com.trainingvalidator.poc            D  Publishing new public camera state CameraState{type=CLOSING, error=null}
2026-02-07 17:45:10.888  7788-8366  Camera2CameraImpl       com.trainingvalidator.poc            D  {Camera@95c4f9d[id=1]} Resetting Capture Session
2026-02-07 17:45:10.888  1652-1652  SurfaceFlinger          surfaceflinger                       I  [LayerHierarchy{RequestedLayerState{Bounds for - com.trainingvalidator.poc/com.trainingvalidator.poc.ui.TrainingActivity@0#72775} 1 children}] reparent to OffscreenRoot
2026-02-07 17:45:10.888  1652-1652  SurfaceFlinger          surfaceflinger                       I  [LayerHierarchy{RequestedLayerState{Bounds for - com.trainingvalidator.poc/com.trainingvalidator.poc.ui.TrainingActivity@0#72775} 1 children}] RelativeParent to null
2026-02-07 17:45:10.888  1652-1652  SurfaceFlinger          surfaceflinger                       I  [LayerHierarchy{RequestedLayerState{571235b SurfaceView[com.trainingvalidator.poc/com.trainingvalidator.poc.ui.TrainingActivity]@0(BLAST)#72777} no children}] reparent to OffscreenRoot
2026-02-07 17:45:10.888  1652-1652  SurfaceFlinger          surfaceflinger                       I  [LayerHierarchy{RequestedLayerState{571235b SurfaceView[com.trainingvalidator.poc/com.trainingvalidator.poc.ui.TrainingActivity]@0(BLAST)#72777} no children}] RelativeParent to null
2026-02-07 17:45:10.888  1652-1652  SurfaceFlinger          surfaceflinger                       I  [LayerHierarchy{RequestedLayerState{Background for 571235b SurfaceView[com.trainingvalidator.poc/com.trainingvalidator.poc.ui.TrainingActivity]@0#72778 z=-2147483648} no children}] reparent to OffscreenRoot
2026-02-07 17:45:10.888  1652-1652  SurfaceFlinger          surfaceflinger                       I  [LayerHierarchy{RequestedLayerState{Background for 571235b SurfaceView[com.trainingvalidator.poc/com.trainingvalidator.poc.ui.TrainingActivity]@0#72778 z=-2147483648} no children}] RelativeParent to null
2026-02-07 17:45:10.888  1652-1652  SurfaceFlinger          surfaceflinger                       I  [LayerHierarchy{RequestedLayerState{571235b SurfaceView[com.trainingvalidator.poc/com.trainingvalidator.poc.ui.TrainingActivity]@0#72776 z=-2} no children}] reparent to OffscreenRoot
2026-02-07 17:45:10.888  1652-1652  SurfaceFlinger          surfaceflinger                       I  [LayerHierarchy{RequestedLayerState{571235b SurfaceView[com.trainingvalidator.poc/com.trainingvalidator.poc.ui.TrainingActivity]@0#72776 z=-2} no children}] RelativeParent to null
2026-02-07 17:45:10.888  7788-8366  Camera2CameraImpl       com.trainingvalidator.poc            D  {Camera@95c4f9d[id=1]} Skipping Capture Session state check due to current camera state: CLOSING and previous session status: false
2026-02-07 17:45:10.889  7788-8366  Camera2CameraImpl       com.trainingvalidator.poc            D  {Camera@95c4f9d[id=1]} Releasing session in state CLOSING
2026-02-07 17:45:10.889  1652-1652  SurfaceFlinger          surfaceflinger                       I  id=72777 Removed 571235b SurfaceView[com.trainingvalidator.poc/com.trainingvalidator.poc.ui.TrainingActivity]@0(BLAST)#72777 (216)
2026-02-07 17:45:10.889  1652-1652  SurfaceFlinger          surfaceflinger                       I  id=72776 Removed 571235b SurfaceView[com.trainingvalidator.poc/com.trainingvalidator.poc.ui.TrainingActivity]@0#72776 (216)
2026-02-07 17:45:10.889  1652-1652  SurfaceFlinger          surfaceflinger                       I  id=72778 Removed Background for 571235b SurfaceView[com.trainingvalidator.poc/com.trainingvalidator.poc.ui.TrainingActivity]@0#72778 (216)
2026-02-07 17:45:10.889  1652-1652  SurfaceFlinger          surfaceflinger                       I  id=72775 Removed Bounds for - com.trainingvalidator.poc/com.trainingvalidator.poc.ui.TrainingActivity@0#72775 (216)
2026-02-07 17:45:10.889  7788-8366  SyncCaptureSessionImpl  com.trainingvalidator.poc            D  [androidx.camera.camera2.internal.SynchronizedCaptureSessionImpl@515e6c3] Session call super.close()
2026-02-07 17:45:10.891  7788-8366  UseCaseAttachState      com.trainingvalidator.poc            D  Active and attached use case: [] for camera: 1
2026-02-07 17:45:10.894  7788-8366  CaptureSession          com.trainingvalidator.poc            D  onSessionFinished()
2026-02-07 17:45:10.894  7788-7895  BufferQueueProducer     com.trainingvalidator.poc            E  [571235b SurfaceView[com.trainingvalidator.poc/com.trainingvalidator.poc.ui.TrainingActivity]@0#16(BLAST Consumer)16](id:1e6c00000016,api:4,p:1952,c:7788) queueBuffer: BufferQueue has been abandoned
2026-02-07 17:45:10.894  7788-7788  SessionSupervisor       com.trainingvalidator.poc            D  Supervisor reset to IDLE
2026-02-07 17:45:10.895  7788-7788  WindowOnBackDispatcher  com.trainingvalidator.poc            W  sendCancelIfRunning: isInProgress=false callback=android.app.Activity$$ExternalSyntheticLambda0@9998c9a
2026-02-07 17:45:10.895  7788-7788  CameraManager           com.trainingvalidator.poc            D  Camera stopped
2026-02-07 17:45:10.895  7788-8366  Camera2CameraImpl       com.trainingvalidator.poc            D  {Camera@95c4f9d[id=1]} closing camera
2026-02-07 17:45:10.895  7788-7788  native                  com.trainingvalidator.poc            I  I0000 00:00:1770479110.895850    7788 graph.cc:562] Close all input streams.
2026-02-07 17:45:10.896  2317-3822  CoreBackPreview         system_server                        D  Window{8c9327 u0 com.trainingvalidator.poc/com.trainingvalidator.poc.ui.TrainingActivity}: Setting back callback null
2026-02-07 17:45:10.898  7788-7895  TextToSpeech            com.trainingvalidator.poc            I  Disconnected from TTS engine
2026-02-07 17:45:10.899  1652-1652  SurfaceFlinger          surfaceflinger                       I  destroyed Bounds for - com.trainingvalidator.poc/com.trainingvalidator.poc.ui.TrainingActivity@0#72775 form LifecycleManager
2026-02-07 17:45:10.899  1652-1652  SurfaceFlinger          surfaceflinger                       I  destroyed 571235b SurfaceView[com.trainingvalidator.poc/com.trainingvalidator.poc.ui.TrainingActivity]@0(BLAST)#72777 form LifecycleManager
2026-02-07 17:45:10.899  1652-1652  SurfaceFlinger          surfaceflinger                       I  destroyed Background for 571235b SurfaceView[com.trainingvalidator.poc/com.trainingvalidator.poc.ui.TrainingActivity]@0#72778 form LifecycleManager
2026-02-07 17:45:10.899  1652-1652  SurfaceFlinger          surfaceflinger                       I  destroyed 571235b SurfaceView[com.trainingvalidator.poc/com.trainingvalidator.poc.ui.TrainingActivity]@0#72776 form LifecycleManager
2026-02-07 17:45:10.899  1652-1652  SurfaceFlinger          surfaceflinger                       I  id=72775 onLayerDestroyed from LayerHierarchyBuilder(RequestedLayerState{Bounds for - com.trainingvalidator.poc/com.trainingvalidator.poc.ui.TrainingActivity@0#72775 !handle})
2026-02-07 17:45:10.899  1652-1652  SurfaceFlinger          surfaceflinger                       I  id=72777 onLayerDestroyed from LayerHierarchyBuilder(RequestedLayerState{571235b SurfaceView[com.trainingvalidator.poc/com.trainingvalidator.poc.ui.TrainingActivity]@0(BLAST)#72777 !handle})
2026-02-07 17:45:10.899  1652-1652  SurfaceFlinger          surfaceflinger                       I  id=72778 onLayerDestroyed from LayerHierarchyBuilder(RequestedLayerState{Background for 571235b SurfaceView[com.trainingvalidator.poc/com.trainingvalidator.poc.ui.TrainingActivity]@0#72778 !handle z=-2147483648})
2026-02-07 17:45:10.899  1652-1652  SurfaceFlinger          surfaceflinger                       I  id=72776 onLayerDestroyed from LayerHierarchyBuilder(RequestedLayerState{571235b SurfaceView[com.trainingvalidator.poc/com.trainingvalidator.poc.ui.TrainingActivity]@0#72776 !handle z=-2})
2026-02-07 17:45:10.900  1652-1652  Layer                   surfaceflinger                       I  id=72775 Destroyed Bounds for - com.trainingvalidator.poc/com.trainingvalidator.poc.ui.TrainingActivity@0#72775
2026-02-07 17:45:10.900  1652-1652  Layer                   surfaceflinger                       I  id=72777 Destroyed 571235b SurfaceView[com.trainingvalidator.poc/com.trainingvalidator.poc.ui.TrainingActivity]@0(BLAST)#72777
2026-02-07 17:45:10.900  1652-1652  Layer                   surfaceflinger                       I  id=72778 Destroyed Background for 571235b SurfaceView[com.trainingvalidator.poc/com.trainingvalidator.poc.ui.TrainingActivity]@0#72778
2026-02-07 17:45:10.900  1652-1652  Layer                   surfaceflinger                       I  id=72776 Destroyed 571235b SurfaceView[com.trainingvalidator.poc/com.trainingvalidator.poc.ui.TrainingActivity]@0#72776
2026-02-07 17:45:10.907  7788-8871  native                  com.trainingvalidator.poc            I  I0000 00:00:1770479110.907276    8871 jni_util.cc:93] Exiting thread. Detach thread.
2026-02-07 17:45:10.907  7788-8872  native                  com.trainingvalidator.poc            I  I0000 00:00:1770479110.907342    8872 jni_util.cc:93] Exiting thread. Detach thread.
2026-02-07 17:45:10.907  7788-8870  native                  com.trainingvalidator.poc            I  I0000 00:00:1770479110.907311    8870 jni_util.cc:93] Exiting thread. Detach thread.
