2026-02-07 17:44:33.607  1652-1652  CompositionEngine       surfaceflinger                       D  Layer: com.trainingvalidator.poc/com.trainingvalidator.poc.ui.TrainingActivity$_7788#72769 had an out of bounds transparent region
2026-02-07 17:44:33.630  1652-1652  CompositionEngine       surfaceflinger                       D  Layer: com.trainingvalidator.poc/com.trainingvalidator.poc.ui.TrainingActivity$_7788#72769 had an out of bounds transparent region
2026-02-07 17:44:33.640  1652-1652  CompositionEngine       surfaceflinger                       D  Layer: com.trainingvalidator.poc/com.trainingvalidator.poc.ui.TrainingActivity$_7788#72769 had an out of bounds transparent region
2026-02-07 17:44:33.658  1652-1652  CompositionEngine       surfaceflinger                       D  Layer: com.trainingvalidator.poc/com.trainingvalidator.poc.ui.TrainingActivity$_7788#72769 had an out of bounds transparent region
2026-02-07 17:44:33.674  1652-1652  CompositionEngine       surfaceflinger                       D  Layer: com.trainingvalidator.poc/com.trainingvalidator.poc.ui.TrainingActivity$_7788#72769 had an out of bounds transparent region
2026-02-07 17:44:33.691  1652-1652  CompositionEngine       surfaceflinger                       D  Layer: com.trainingvalidator.poc/com.trainingvalidator.poc.ui.TrainingActivity$_7788#72769 had an out of bounds transparent region
2026-02-07 17:44:33.707  1652-1652  CompositionEngine       surfaceflinger                       D  Layer: com.trainingvalidator.poc/com.trainingvalidator.poc.ui.TrainingActivity$_7788#72769 had an out of bounds transparent region
2026-02-07 17:44:33.724  1652-1652  CompositionEngine       surfaceflinger                       D  Layer: com.trainingvalidator.poc/com.trainingvalidator.poc.ui.TrainingActivity$_7788#72769 had an out of bounds transparent region
2026-02-07 17:44:33.741  1652-1652  CompositionEngine       surfaceflinger                       D  Layer: com.trainingvalidator.poc/com.trainingvalidator.poc.ui.TrainingActivity$_7788#72769 had an out of bounds transparent region
2026-02-07 17:44:33.757  1652-1652  CompositionEngine       surfaceflinger                       D  Layer: com.trainingvalidator.poc/com.trainingvalidator.poc.ui.TrainingActivity$_7788#72769 had an out of bounds transparent region
2026-02-07 17:44:33.774  1652-1652  CompositionEngine       surfaceflinger                       D  Layer: com.trainingvalidator.poc/com.trainingvalidator.poc.ui.TrainingActivity$_7788#72769 had an out of bounds transparent region
2026-02-07 17:44:33.790  1652-1652  CompositionEngine       surfaceflinger                       D  Layer: com.trainingvalidator.poc/com.trainingvalidator.poc.ui.TrainingActivity$_7788#72769 had an out of bounds transparent region
2026-02-07 17:44:33.807  1652-1652  CompositionEngine       surfaceflinger                       D  Layer: com.trainingvalidator.poc/com.trainingvalidator.poc.ui.TrainingActivity$_7788#72769 had an out of bounds transparent region
2026-02-07 17:44:33.824  1652-1652  CompositionEngine       surfaceflinger                       D  Layer: com.trainingvalidator.poc/com.trainingvalidator.poc.ui.TrainingActivity$_7788#72769 had an out of bounds transparent region
2026-02-07 17:44:33.840  1652-1652  CompositionEngine       surfaceflinger                       D  Layer: com.trainingvalidator.poc/com.trainingvalidator.poc.ui.TrainingActivity$_7788#72769 had an out of bounds transparent region
2026-02-07 17:44:33.857  1652-1652  CompositionEngine       surfaceflinger                       D  Layer: com.trainingvalidator.poc/com.trainingvalidator.poc.ui.TrainingActivity$_7788#72769 had an out of bounds transparent region
2026-02-07 17:44:33.874  1652-1652  CompositionEngine       surfaceflinger                       D  Layer: com.trainingvalidator.poc/com.trainingvalidator.poc.ui.TrainingActivity$_7788#72769 had an out of bounds transparent region
2026-02-07 17:44:33.891  1652-1652  CompositionEngine       surfaceflinger                       D  Layer: com.trainingvalidator.poc/com.trainingvalidator.poc.ui.TrainingActivity$_7788#72769 had an out of bounds transparent region
2026-02-07 17:44:33.895  1652-1652  SurfaceFlinger          surfaceflinger                       D  Display 4630947232161729154 HWC layers:
                                                                                                           CLIENT |           33449205301361 | 00000102 | 0x0000022    |    0.0  408.0 1440.0 1080.0 |    0    0 1080 2316 | 571235b SurfaceView[com.trainingvali[...].ui.TrainingActivity]@0(BLAST)#72777 (96)
                                                                                                           DEVICE |           33449205301341 | 00002100 | RGBA_8888    |    0.0    0.0 1080.0 2316.0 |    0    0 1080 2316 | com.trainingvalidator.poc/com.traini[...].poc.ui.TrainingActivity$_7788#72769 (163)
                                                                                                           DEVICE |           15771119952343 | 00002140 | RGBA_8888    |    0.0    0.0 1080.0   84.0 |    0    0 1080   84 | ScreenDecorOverlay$_3672#72785 (8)
                                                                                                           DEVICE |           15771119952342 | 00002140 | RGBA_8888    |    0.0    0.0 1080.0   84.0 |    0 2232 1080 2316 | ScreenDecorOverlayBottom$_3672#72786 (3)
                                                                                                    
2026-02-07 17:44:33.928  7788-7788  InsetsController        com.trainingvalidator.poc            I  cancelAnimation: types=statusBars, animType=1, host=com.trainingvalidator.poc/com.trainingvalidator.poc.ui.TrainingActivity, from=android.view.InsetsController.notifyFinished:2006 android.view.InsetsAnimationThreadControlRunner$1.lambda$notifyFinished$0:82 android.view.InsetsAnimationThreadControlRunner$1.$r8$lambda$cDFF0h4Ncq-8EXdGszv69jrUu7c:0 
2026-02-07 17:44:33.941  1652-1652  CompositionEngine       surfaceflinger                       D  Layer: com.trainingvalidator.poc/com.trainingvalidator.poc.ui.TrainingActivity$_7788#72769 had an out of bounds transparent region
2026-02-07 17:44:34.084  7788-7788  CountdownController     com.trainingvalidator.poc            D  Countdown finished!
2026-02-07 17:44:34.086  7788-7788  AudioFeedbackPlayer     com.trainingvalidator.poc            D  No audio URL, using TTS for: ابدأ!...
2026-02-07 17:44:34.086  7788-7788  AudioFeedbackPlayer     com.trainingvalidator.poc            D  Playing TTS: ابدأ!
2026-02-07 17:44:34.436  7788-7799  ngvalidator.poc         com.trainingvalidator.poc            I  Background concurrent mark compact GC freed 1868KB AllocSpace bytes, 25(29MB) LOS objects, 66% free, 14MB/42MB, paused 775us,9.397ms total 80.638ms
2026-02-07 17:44:34.440  1652-1652  LayerHistory            surfaceflinger                       I  571235b SurfaceView[com.trainingvalidator.poc/com.trainingvalidator.poc.ui.TrainingActivity]@0(BLAST)#72777 calculated refresh rate: 30.00 Hz
2026-02-07 17:44:34.440  1652-1652  LayerHistory            surfaceflinger                       I  com.trainingvalidator.poc/com.trainingvalidator.poc.ui.TrainingActivity$_7788#72769 Max (can't resolve refresh rate)
2026-02-07 17:44:34.440  1652-1652  SurfaceFlinger          surfaceflinger                       I  Video ignores com.trainingvalidator.poc/com.trainingvalidator.poc.ui.TrainingActivity$_7788#72769 (type=Max, weight=1.00, seamlessness=Default) 0.00 Hz's 30.00 Hz
                                                                                                    Video ignores com.trainingvalidator.poc/com.trainingvalidator.poc.ui.TrainingActivity$_7788#72769 (type=Max, weight=1.00, seamlessness=Default) 0.00 Hz's 32.00 Hz
                                                                                                    Video ignores com.trainingvalidator.poc/com.trainingvalidator.poc.ui.TrainingActivity$_7788#72769 (type=Max, weight=1.00, seamlessness=Default) 0.00 Hz's 40.00 Hz
                                                                                                    Video ignores com.trainingvalidator.poc/com.trainingvalidator.poc.ui.TrainingActivity$_7788#72769 (type=Max, weight=1.00, seamlessness=Default) 0.00 Hz's 48.00 Hz
                                                                                                    Video ignores com.trainingvalidator.poc/com.trainingvalidator.poc.ui.TrainingActivity$_7788#72769 (type=Max, weight=1.00, seamlessness=Default) 0.00 Hz's 60.00 Hz
                                                                                                    scored - choose 30.00 Hz
2026-02-07 17:44:34.453  2317-2447  SurfaceComposerClient   system_server                        D  setCornerRadius ## 8c9327 com.trainingvalidator.poc/com.trainingvalidator.poc.ui.TrainingActivity#72768 cornerRadius=0.000000
2026-02-07 17:44:34.630  1652-3303  SurfaceFlinger          surfaceflinger                       I  id=72588 Removed ActivityRecord{167569642 u0 com.trainingvalidator.poc/.ui.auth.SplashActivity t569}#72588 (226)
2026-02-07 17:44:34.631  1652-3303  SurfaceFlinger          surfaceflinger                       I  id=72631 Removed ActivityRecord{44367035 u0 com.trainingvalidator.poc/.ui.TrainingActivity t569}#72631 (226)
2026-02-07 17:44:34.641  1652-1652  SurfaceFlinger          surfaceflinger                       I  destroyed ActivityRecord{167569642 u0 com.trainingvalidator.poc/.ui.auth.SplashActivity t569}#72588 form LifecycleManager
2026-02-07 17:44:34.641  1652-1652  SurfaceFlinger          surfaceflinger                       I  destroyed 408aab5 ActivityRecordInputSink com.trainingvalidator.poc/.ui.TrainingActivity#72648 form LifecycleManager
2026-02-07 17:44:34.641  1652-1652  SurfaceFlinger          surfaceflinger                       I  destroyed 1db398c ActivityRecordInputSink com.trainingvalidator.poc/.ui.auth.SplashActivity#72594 form LifecycleManager
2026-02-07 17:44:34.641  1652-1652  SurfaceFlinger          surfaceflinger                       I  destroyed ActivityRecord{44367035 u0 com.trainingvalidator.poc/.ui.TrainingActivity t569}#72631 form LifecycleManager
2026-02-07 17:44:34.642  1652-1652  SurfaceFlinger          surfaceflinger                       I  id=72588 onLayerDestroyed from LayerHierarchyBuilder(RequestedLayerState{ActivityRecord{167569642 u0 com.trainingvalidator.poc/.ui.auth.SplashActivity t569}#72588 !handle})
2026-02-07 17:44:34.642  1652-1652  SurfaceFlinger          surfaceflinger                       I  id=72648 onLayerDestroyed from LayerHierarchyBuilder(RequestedLayerState{408aab5 ActivityRecordInputSink com.trainingvalidator.poc/.ui.TrainingActivity#72648 !handle z=-2147483648})
2026-02-07 17:44:34.642  1652-1652  SurfaceFlinger          surfaceflinger                       I  id=72594 onLayerDestroyed from LayerHierarchyBuilder(RequestedLayerState{1db398c ActivityRecordInputSink com.trainingvalidator.poc/.ui.auth.SplashActivity#72594 !handle z=-2147483648})
2026-02-07 17:44:34.642  1652-1652  SurfaceFlinger          surfaceflinger                       I  id=72631 onLayerDestroyed from LayerHierarchyBuilder(RequestedLayerState{ActivityRecord{44367035 u0 com.trainingvalidator.poc/.ui.TrainingActivity t569}#72631 !handle z=2})
2026-02-07 17:44:34.645  1652-1652  Layer                   surfaceflinger                       I  id=72588 Destroyed ActivityRecord{167569642 u0 com.trainingvalidator.poc/.ui.auth.SplashActivity t569}#72588
2026-02-07 17:44:34.645  1652-1652  Layer                   surfaceflinger                       I  id=72648 Destroyed 408aab5 ActivityRecordInputSink com.trainingvalidator.poc/.ui.TrainingActivity#72648
2026-02-07 17:44:34.645  1652-1652  Layer                   surfaceflinger                       I  id=72594 Destroyed 1db398c ActivityRecordInputSink com.trainingvalidator.poc/.ui.auth.SplashActivity#72594
2026-02-07 17:44:34.645  1652-1652  Layer                   surfaceflinger                       I  id=72631 Destroyed ActivityRecord{44367035 u0 com.trainingvalidator.poc/.ui.TrainingActivity t569}#72631
2026-02-07 17:44:34.646  1652-1652  CompositionEngine       surfaceflinger                       D  Layer: com.trainingvalidator.poc/com.trainingvalidator.poc.ui.TrainingActivity$_7788#72769 had an out of bounds transparent region
2026-02-07 17:44:34.912  7788-7788  SessionSupervisor       com.trainingvalidator.poc            D  State: COUNTDOWN → TRAINING
2026-02-07 17:44:34.912  7788-7788  MessageOrchestrator     com.trainingvalidator.poc            D  All message states reset
2026-02-07 17:44:34.912  7788-7788  FeedbackManager         com.trainingvalidator.poc            D  Message states reset
2026-02-07 17:44:34.912  7788-7788  FormValidator           com.trainingvalidator.poc            D  FormValidator state reset
2026-02-07 17:44:34.912  7788-7788  VisibilityMonitor       com.trainingvalidator.poc            D  VisibilityMonitor reset
2026-02-07 17:44:34.913  7788-7788  MotionRecorder          com.trainingvalidator.poc            D  Motion recording started. Tracking 2 joints: [right_elbow, right_shoulder]
2026-02-07 17:44:34.913  7788-7788  TrainingEngine          com.trainingvalidator.poc            D  Training started (REPS mode)
2026-02-07 17:44:34.917  7788-7788  SessionSupervisor       com.trainingvalidator.poc            D  Countdown finished - starting training
2026-02-07 17:44:34.944  7788-7788  MessageOrchestrator     com.trainingvalidator.poc            D  Message decision: state:right_shoulder:PERFECT:UP_ZONE -> AUDIO_AND_VISUAL (repeat #1)
2026-02-07 17:44:34.944  7788-7788  FeedbackManager         com.trainingvalidator.poc            D  LocalizedText has NO audio URL for ar. Text: ممتاز - الذراع ثابتة...
2026-02-07 17:44:34.944  7788-7788  AudioFeedbackPlayer     com.trainingvalidator.poc            D  Skipping playback (cooldown): ممتاز - الذراع ثابتة
2026-02-07 17:44:34.945  1652-1652  CompositionEngine       surfaceflinger                       D  Layer: com.trainingvalidator.poc/com.trainingvalidator.poc.ui.TrainingActivity$_7788#72769 had an out of bounds transparent region
2026-02-07 17:44:34.947  2317-6504  VibratorManagerService  system_server                        D  vibrate - uid: 10442, opPkg: com.trainingvalidator.poc, effect: Mono{mEffect=Composed{segments=[Step{amplitude=0.0, frequencyHz=0.0, duration=0}, Step{amplitude=-1.0, frequencyHz=0.0, duration=40}], repeat=-1, mMagnitudeType=TYPE_EXTRA}}, attrs: VibrationAttributes{mUsage=TOUCH, mAudioUsage= USAGE_UNKNOWN, mFlags=0, tags=}, reason: null, token: android.os.BinderProxy@af0a253
2026-02-07 17:44:34.947  2317-6504  VibratorManagerService  system_server                        D  Check AppOp mode VIBRATE for uid 10442 and package com.trainingvalidator.poc returned audio=allow, op=allow
2026-02-07 17:44:34.947  2317-6504  VibratorManagerService  system_server                        D  Start AppOp mode VIBRATE for uid 10442 and package com.trainingvalidator.poc returned allow
2026-02-07 17:44:35.008  1652-1652  CompositionEngine       surfaceflinger                       D  Layer: com.trainingvalidator.poc/com.trainingvalidator.poc.ui.TrainingActivity$_7788#72769 had an out of bounds transparent region
2026-02-07 17:44:35.025  2317-3241  VibratorManagerService  system_server                        D  Finish AppOp mode VIBRATE for uid 10442 and package com.trainingvalidator.poc
2026-02-07 17:44:35.040  1652-1652  CompositionEngine       surfaceflinger                       D  Layer: com.trainingvalidator.poc/com.trainingvalidator.poc.ui.TrainingActivity$_7788#72769 had an out of bounds transparent region
2026-02-07 17:44:35.074  1652-1652  CompositionEngine       surfaceflinger                       D  Layer: com.trainingvalidator.poc/com.trainingvalidator.poc.ui.TrainingActivity$_7788#72769 had an out of bounds transparent region
2026-02-07 17:44:35.207  7788-7799  ngvalidator.poc         com.trainingvalidator.poc            I  Background concurrent mark compact GC freed 1640KB AllocSpace bytes, 24(28MB) LOS objects, 66% free, 14MB/42MB, paused 344us,7.905ms total 53.761ms
2026-02-07 17:44:35.889  7788-7788  MessageOrchestrator     com.trainingvalidator.poc            D  Preempting state:right_shoulder:PERFECT:UP_ZONE (20) with state:right_elbow:NORMAL:DOWN_ZONE (30)
2026-02-07 17:44:35.889  7788-7788  MessageOrchestrator     com.trainingvalidator.poc            D  Message decision: state:right_elbow:NORMAL:DOWN_ZONE -> VISUAL_ONLY (repeat #1)
2026-02-07 17:44:35.890  2317-2360  VibratorManagerService  system_server                        D  vibrate - uid: 10442, opPkg: com.trainingvalidator.poc, effect: Mono{mEffect=Composed{segments=[Step{amplitude=-1.0, frequencyHz=0.0, duration=30}], repeat=-1, mMagnitudeType=TYPE_EXTRA}}, attrs: VibrationAttributes{mUsage=TOUCH, mAudioUsage= USAGE_UNKNOWN, mFlags=0, tags=}, reason: null, token: android.os.BinderProxy@af0a253
2026-02-07 17:44:35.890  2317-2360  VibratorManagerService  system_server                        D  Check AppOp mode VIBRATE for uid 10442 and package com.trainingvalidator.poc returned audio=allow, op=allow
2026-02-07 17:44:35.890  2317-2360  VibratorManagerService  system_server                        D  Start AppOp mode VIBRATE for uid 10442 and package com.trainingvalidator.poc returned allow
2026-02-07 17:44:35.935  2317-3241  VibratorManagerService  system_server                        D  Finish AppOp mode VIBRATE for uid 10442 and package com.trainingvalidator.poc
2026-02-07 17:44:36.008  7788-7799  ngvalidator.poc         com.trainingvalidator.poc            I  Background concurrent mark compact GC freed 1572KB AllocSpace bytes, 24(28MB) LOS objects, 66% free, 14MB/42MB, paused 283us,8.621ms total 54.204ms
2026-02-07 17:44:36.042  7788-7788  FeedbackManager         com.trainingvalidator.poc            D  Message silenced: ممتاز! ثني مثالي (repeat #0)
2026-02-07 17:44:36.319  7788-7788  FeedbackManager         com.trainingvalidator.poc            D  Message silenced: جيد، حاول الثني أكثر (repeat #1)
2026-02-07 17:44:36.684  7788-7788  FeedbackManager         com.trainingvalidator.poc            D  Message silenced: ممتاز! ثني مثالي (repeat #0)
2026-02-07 17:44:36.866  7788-7799  ngvalidator.poc         com.trainingvalidator.poc            I  Background concurrent mark compact GC freed 1532KB AllocSpace bytes, 24(28MB) LOS objects, 66% free, 15MB/46MB, paused 483us,25.170ms total 112.272ms
2026-02-07 17:44:36.935  7788-7788  FeedbackManager         com.trainingvalidator.poc            D  Message silenced: ممتاز - الذراع ثابتة (repeat #1)
2026-02-07 17:44:36.992  7788-7788  FeedbackManager         com.trainingvalidator.poc            D  Message silenced: جيد، حاول الثني أكثر (repeat #1)
2026-02-07 17:44:37.459  7788-8034  PhaseStateMachine       com.trainingvalidator.poc            D  Entered UP range: 136.53400560358875 (135.0-180.0)
2026-02-07 17:44:37.459  7788-8034  PhaseStateMachine       com.trainingvalidator.poc            D  Phase: IDLE → START
2026-02-07 17:44:37.468  7788-7788  FeedbackManager         com.trainingvalidator.poc            D  Message silenced: ممتاز! ذراعك مفرودة (repeat #0)
2026-02-07 17:44:37.728  7788-7799  ngvalidator.poc         com.trainingvalidator.poc            I  Background concurrent mark compact GC freed 1740KB AllocSpace bytes, 27(31MB) LOS objects, 66% free, 15MB/45MB, paused 204us,8.053ms total 63.888ms
2026-02-07 17:44:38.086  7788-8036  PhaseStateMachine       com.trainingvalidator.poc            D  Left UP range, starting descent: 126.76202216391175
2026-02-07 17:44:38.086  7788-8036  PhaseStateMachine       com.trainingvalidator.poc            D  Phase: START → DOWN
2026-02-07 17:44:38.442  7788-8036  PhaseStateMachine       com.trainingvalidator.poc            D  Entered DOWN range: 99.5532914486651 (0.0-100.0)
2026-02-07 17:44:38.442  7788-8036  PhaseStateMachine       com.trainingvalidator.poc            D  Phase: DOWN → BOTTOM
2026-02-07 17:44:38.459  7788-9015  SurfaceViewImpl         com.trainingvalidator.poc            D  PreviewView.SurfaceViewImplementation.getBitmap() succeeded
2026-02-07 17:44:38.528  7788-7788  FrameCaptureManager     com.trainingvalidator.poc            D  Captured PEAK_FRAME for rep 1: f90d3e09
2026-02-07 17:44:38.528  7788-7788  TrainingActivity        com.trainingvalidator.poc            D  Captured peak frame for rep 1 at phase BOTTOM
2026-02-07 17:44:38.537  7788-7788  FeedbackManager         com.trainingvalidator.poc            D  Message silenced: جيد، حاول الثني أكثر (repeat #1)
2026-02-07 17:44:38.629  7788-7788  FeedbackManager         com.trainingvalidator.poc            D  Message silenced: ممتاز! ثني مثالي (repeat #0)
2026-02-07 17:44:38.687  7788-7799  ngvalidator.poc         com.trainingvalidator.poc            I  Background concurrent mark compact GC freed 1796KB AllocSpace bytes, 27(31MB) LOS objects, 66% free, 14MB/42MB, paused 238us,13.077ms total 63.791ms
2026-02-07 17:44:38.935  7788-7788  FeedbackManager         com.trainingvalidator.poc            D  Message silenced: ممتاز - الذراع ثابتة (repeat #1)
2026-02-07 17:44:39.462  7788-7788  FeedbackManager         com.trainingvalidator.poc            D  Message silenced: جيد، حاول الثني أكثر (repeat #1)
2026-02-07 17:44:39.494  7788-7799  ngvalidator.poc         com.trainingvalidator.poc            I  Background concurrent mark compact GC freed 1664KB AllocSpace bytes, 25(29MB) LOS objects, 66% free, 14MB/42MB, paused 439us,8.847ms total 58.794ms
2026-02-07 17:44:39.563  7788-8036  PhaseStateMachine       com.trainingvalidator.poc            D  Left DOWN range, ascending: 107.26314485438643
2026-02-07 17:44:39.563  7788-8036  PhaseStateMachine       com.trainingvalidator.poc            D  Phase: BOTTOM → UP
2026-02-07 17:44:39.939  7788-7788  MessageOrchestrator     com.trainingvalidator.poc            D  Message decision: random:612906524 -> VISUAL_ONLY (repeat #1)
2026-02-07 17:44:39.939  7788-7788  AudioFeedbackPlayer     com.trainingvalidator.poc            D  No audio URL, using TTS for: لا تحرك مرفقك - فقط الساعد...
2026-02-07 17:44:39.940  7788-7788  AudioFeedbackPlayer     com.trainingvalidator.poc            D  Playing TTS: لا تحرك مرفقك - فقط الساعد
2026-02-07 17:44:39.941  2317-3657  VibratorManagerService  system_server                        D  vibrate - uid: 10442, opPkg: com.trainingvalidator.poc, effect: Mono{mEffect=Composed{segments=[Step{amplitude=-1.0, frequencyHz=0.0, duration=30}], repeat=-1, mMagnitudeType=TYPE_EXTRA}}, attrs: VibrationAttributes{mUsage=TOUCH, mAudioUsage= USAGE_UNKNOWN, mFlags=0, tags=}, reason: null, token: android.os.BinderProxy@af0a253
2026-02-07 17:44:39.941  2317-3657  VibratorManagerService  system_server                        D  Check AppOp mode VIBRATE for uid 10442 and package com.trainingvalidator.poc returned audio=allow, op=allow
2026-02-07 17:44:39.941  2317-3657  VibratorManagerService  system_server                        D  Start AppOp mode VIBRATE for uid 10442 and package com.trainingvalidator.poc returned allow
2026-02-07 17:44:39.941  7788-7788  FeedbackManager         com.trainingvalidator.poc            D  Random message delivered: لا تحرك مرفقك - فقط الساعد
2026-02-07 17:44:39.999  2317-3241  VibratorManagerService  system_server                        D  Finish AppOp mode VIBRATE for uid 10442 and package com.trainingvalidator.poc
2026-02-07 17:44:40.036  7788-8036  PhaseStateMachine       com.trainingvalidator.poc            D  ★ Requesting REP completion - Entered UP range: 138.44484411986278
2026-02-07 17:44:40.036  7788-8036  PhaseStateMachine       com.trainingvalidator.poc            D  Phase: UP → START
2026-02-07 17:44:40.036  7788-8036  PhaseStateMachine       com.trainingvalidator.poc            D  ★ REP COMPLETED! (validated)
2026-02-07 17:44:40.037  7788-7788  FeedbackManager         com.trainingvalidator.poc            D  Message silenced: ممتاز! ذراعك مفرودة (repeat #0)
2026-02-07 17:44:40.037  7788-8036  RepCounter              com.trainingvalidator.poc            D  Weighted score: 100%, worst=PERFECT, dangerJoints=[]
2026-02-07 17:44:40.037  7788-8036  RepCounter              com.trainingvalidator.poc            D  Rep 1 completed. Score: 100.0, WorstState: NORMAL, Counted: true, Invalidated: false
2026-02-07 17:44:40.040  2317-3657  VibratorManagerService  system_server                        D  vibrate - uid: 10442, opPkg: com.trainingvalidator.poc, effect: Mono{mEffect=Composed{segments=[Step{amplitude=0.0, frequencyHz=0.0, duration=0}, Step{amplitude=-1.0, frequencyHz=0.0, duration=40}], repeat=-1, mMagnitudeType=TYPE_EXTRA}}, attrs: VibrationAttributes{mUsage=TOUCH, mAudioUsage= USAGE_UNKNOWN, mFlags=0, tags=}, reason: null, token: android.os.BinderProxy@af0a253
2026-02-07 17:44:40.040  2317-3657  VibratorManagerService  system_server                        D  Check AppOp mode VIBRATE for uid 10442 and package com.trainingvalidator.poc returned audio=allow, op=allow
2026-02-07 17:44:40.041  2317-3657  VibratorManagerService  system_server                        D  Start AppOp mode VIBRATE for uid 10442 and package com.trainingvalidator.poc returned allow
2026-02-07 17:44:40.041  7788-8036  MotionRecorder          com.trainingvalidator.poc            D  Rep 1 finalized: 152 frames processed → metrics saved, frames DISCARDED
2026-02-07 17:44:40.041  7788-8036  TrainingEngine          com.trainingvalidator.poc            D  Rep 1 completed. Correct: 1/1
2026-02-07 17:44:40.043  7788-7788  FrameCaptureManager     com.trainingvalidator.poc            D  Marked rep 1 as BEST_REP (total: 1)
2026-02-07 17:44:40.103  2317-3241  VibratorManagerService  system_server                        D  Finish AppOp mode VIBRATE for uid 10442 and package com.trainingvalidator.poc
2026-02-07 17:44:40.317  7788-7799  ngvalidator.poc         com.trainingvalidator.poc            I  Background concurrent mark compact GC freed 1760KB AllocSpace bytes, 24(28MB) LOS objects, 66% free, 14MB/42MB, paused 262us,8.502ms total 55.027ms
2026-02-07 17:44:40.501  7788-8034  PhaseStateMachine       com.trainingvalidator.poc            D  Left UP range, starting descent: 124.79780908323941
2026-02-07 17:44:40.501  7788-8034  PhaseStateMachine       com.trainingvalidator.poc            D  Phase: START → DOWN
2026-02-07 17:44:40.824  7788-8034  PhaseStateMachine       com.trainingvalidator.poc            D  Entered DOWN range: 98.34859837695531 (0.0-100.0)
2026-02-07 17:44:40.824  7788-8034  PhaseStateMachine       com.trainingvalidator.poc            D  Phase: DOWN → BOTTOM
2026-02-07 17:44:40.837  7788-9018  SurfaceViewImpl         com.trainingvalidator.poc            D  PreviewView.SurfaceViewImplementation.getBitmap() succeeded
2026-02-07 17:44:40.912  7788-7788  FrameCaptureManager     com.trainingvalidator.poc            D  Captured PEAK_FRAME for rep 2: 357d5cdd
2026-02-07 17:44:40.912  7788-7788  TrainingActivity        com.trainingvalidator.poc            D  Captured peak frame for rep 2 at phase BOTTOM
2026-02-07 17:44:40.912  7788-7788  FeedbackManager         com.trainingvalidator.poc            D  Message silenced: جيد، حاول الثني أكثر (repeat #1)
2026-02-07 17:44:40.959  7788-7788  FeedbackManager         com.trainingvalidator.poc            D  Message silenced: ممتاز - الذراع ثابتة (repeat #1)
2026-02-07 17:44:41.085  7788-7788  FeedbackManager         com.trainingvalidator.poc            D  Message silenced: ممتاز! ثني مثالي (repeat #0)
2026-02-07 17:44:41.176  7788-7799  ngvalidator.poc         com.trainingvalidator.poc            I  Background concurrent mark compact GC freed 1736KB AllocSpace bytes, 24(28MB) LOS objects, 66% free, 15MB/45MB, paused 4.119ms,8.301ms total 61.164ms
2026-02-07 17:44:41.903  7788-7788  FeedbackManager         com.trainingvalidator.poc            D  Message silenced: جيد، حاول الثني أكثر (repeat #1)
2026-02-07 17:44:41.995  7788-8036  PhaseStateMachine       com.trainingvalidator.poc            D  Left DOWN range, ascending: 105.33036684222152
2026-02-07 17:44:41.996  7788-8036  PhaseStateMachine       com.trainingvalidator.poc            D  Phase: BOTTOM → UP
2026-02-07 17:44:42.058  7788-7799  ngvalidator.poc         com.trainingvalidator.poc            I  Background concurrent mark compact GC freed 1756KB AllocSpace bytes, 27(31MB) LOS objects, 66% free, 15MB/46MB, paused 247us,8.626ms total 68.395ms
2026-02-07 17:44:42.419  7788-8365  Camera2PresenceSrc      com.trainingvalidator.poc            D  System onCameraAccessPrioritiesChanged.
2026-02-07 17:44:42.420  7788-8360  Camera2PresenceSrc      com.trainingvalidator.poc            D  [FetchData] Refreshed camera list: CameraIdentifier{cameraIds=0}, CameraIdentifier{cameraIds=1}, CameraIdentifier{cameraIds=2}, CameraIdentifier{cameraIds=3}
2026-02-07 17:44:42.484  7788-8034  PhaseStateMachine       com.trainingvalidator.poc            D  ★ Requesting REP completion - Entered UP range: 136.13083913221803
2026-02-07 17:44:42.484  7788-8034  PhaseStateMachine       com.trainingvalidator.poc            D  Phase: UP → START
2026-02-07 17:44:42.484  7788-8034  PhaseStateMachine       com.trainingvalidator.poc            D  ★ REP COMPLETED! (validated)
2026-02-07 17:44:42.485  7788-8034  RepCounter              com.trainingvalidator.poc            D  Weighted score: 100%, worst=PERFECT, dangerJoints=[]
2026-02-07 17:44:42.485  7788-7788  FeedbackManager         com.trainingvalidator.poc            D  Message silenced: ممتاز! ذراعك مفرودة (repeat #0)
2026-02-07 17:44:42.486  7788-8034  RepCounter              com.trainingvalidator.poc            D  Rep 2 completed. Score: 100.0, WorstState: NORMAL, Counted: true, Invalidated: false
2026-02-07 17:44:42.487  7788-8034  MotionRecorder          com.trainingvalidator.poc            D  Rep 2 finalized: 73 frames processed → metrics saved, frames DISCARDED
2026-02-07 17:44:42.487  7788-8034  TrainingEngine          com.trainingvalidator.poc            D  Rep 2 completed. Correct: 2/2
2026-02-07 17:44:42.487  2317-3823  VibratorManagerService  system_server                        D  vibrate - uid: 10442, opPkg: com.trainingvalidator.poc, effect: Mono{mEffect=Composed{segments=[Step{amplitude=0.0, frequencyHz=0.0, duration=0}, Step{amplitude=-1.0, frequencyHz=0.0, duration=40}], repeat=-1, mMagnitudeType=TYPE_EXTRA}}, attrs: VibrationAttributes{mUsage=TOUCH, mAudioUsage= USAGE_UNKNOWN, mFlags=0, tags=}, reason: null, token: android.os.BinderProxy@af0a253
2026-02-07 17:44:42.488  2317-3823  VibratorManagerService  system_server                        D  Check AppOp mode VIBRATE for uid 10442 and package com.trainingvalidator.poc returned audio=allow, op=allow
2026-02-07 17:44:42.488  2317-3823  VibratorManagerService  system_server                        D  Start AppOp mode VIBRATE for uid 10442 and package com.trainingvalidator.poc returned allow
2026-02-07 17:44:42.489  7788-7788  FrameCaptureManager     com.trainingvalidator.poc            D  Marked rep 2 as BEST_REP (total: 2)
2026-02-07 17:44:42.546  2317-3241  VibratorManagerService  system_server                        D  Finish AppOp mode VIBRATE for uid 10442 and package com.trainingvalidator.poc
2026-02-07 17:44:42.976  7788-8036  PhaseStateMachine       com.trainingvalidator.poc            D  Left UP range, starting descent: 127.81168506644549
2026-02-07 17:44:42.977  7788-8036  PhaseStateMachine       com.trainingvalidator.poc            D  Phase: START → DOWN
2026-02-07 17:44:42.978  7788-7799  ngvalidator.poc         com.trainingvalidator.poc            I  Background concurrent mark compact GC freed 1804KB AllocSpace bytes, 28(32MB) LOS objects, 66% free, 14MB/42MB, paused 618us,15.375ms total 88.004ms
2026-02-07 17:44:42.978  7788-7788  FeedbackManager         com.trainingvalidator.poc            D  Message silenced: ممتاز - الذراع ثابتة (repeat #1)
2026-02-07 17:44:43.401  7788-8034  PhaseStateMachine       com.trainingvalidator.poc            D  Entered DOWN range: 97.79161530628663 (0.0-100.0)
2026-02-07 17:44:43.401  7788-8034  PhaseStateMachine       com.trainingvalidator.poc            D  Phase: DOWN → BOTTOM
2026-02-07 17:44:43.415  7788-9022  SurfaceViewImpl         com.trainingvalidator.poc            D  PreviewView.SurfaceViewImplementation.getBitmap() succeeded
2026-02-07 17:44:43.488  7788-7788  FrameCaptureManager     com.trainingvalidator.poc            D  Captured PEAK_FRAME for rep 3: 489ae7d6
2026-02-07 17:44:43.488  7788-7788  TrainingActivity        com.trainingvalidator.poc            D  Captured peak frame for rep 3 at phase BOTTOM
2026-02-07 17:44:43.489  7788-7788  FeedbackManager         com.trainingvalidator.poc            D  Message silenced: جيد، حاول الثني أكثر (repeat #1)
2026-02-07 17:44:43.527  7788-7788  MessageOrchestrator     com.trainingvalidator.poc            D  Message decision: state:right_elbow:PERFECT:DOWN_ZONE -> AUDIO_AND_VISUAL (repeat #1)
2026-02-07 17:44:43.527  7788-7788  FeedbackManager         com.trainingvalidator.poc            D  LocalizedText has NO audio URL for ar. Text: ممتاز! ثني مثالي...
2026-02-07 17:44:43.527  7788-7788  AudioFeedbackPlayer     com.trainingvalidator.poc            D  No audio URL, using TTS for: ممتاز! ثني مثالي...
2026-02-07 17:44:43.529  7788-7788  AudioFeedbackPlayer     com.trainingvalidator.poc            D  Playing TTS: ممتاز! ثني مثالي
2026-02-07 17:44:43.530  2317-3823  VibratorManagerService  system_server                        D  vibrate - uid: 10442, opPkg: com.trainingvalidator.poc, effect: Mono{mEffect=Composed{segments=[Step{amplitude=0.0, frequencyHz=0.0, duration=0}, Step{amplitude=-1.0, frequencyHz=0.0, duration=40}], repeat=-1, mMagnitudeType=TYPE_EXTRA}}, attrs: VibrationAttributes{mUsage=TOUCH, mAudioUsage= USAGE_UNKNOWN, mFlags=0, tags=}, reason: null, token: android.os.BinderProxy@ee16a40
2026-02-07 17:44:43.530  2317-3823  VibratorManagerService  system_server                        D  Check AppOp mode VIBRATE for uid 10442 and package com.trainingvalidator.poc returned audio=allow, op=allow
2026-02-07 17:44:43.530  2317-3823  VibratorManagerService  system_server                        D  Start AppOp mode VIBRATE for uid 10442 and package com.trainingvalidator.poc returned allow
2026-02-07 17:44:43.594  2317-3241  VibratorManagerService  system_server                        D  Finish AppOp mode VIBRATE for uid 10442 and package com.trainingvalidator.poc
2026-02-07 17:44:43.871  7788-7799  ngvalidator.poc         com.trainingvalidator.poc            I  Background concurrent mark compact GC freed 1804KB AllocSpace bytes, 25(29MB) LOS objects, 66% free, 14MB/42MB, paused 380us,9.288ms total 71.330ms
2026-02-07 17:44:44.334  7788-7788  MessageOrchestrator     com.trainingvalidator.poc            D  Preempting state:right_elbow:PERFECT:DOWN_ZONE (20) with state:right_elbow:NORMAL:DOWN_ZONE (30)
2026-02-07 17:44:44.334  7788-7788  FeedbackManager         com.trainingvalidator.poc            D  Message silenced: جيد، حاول الثني أكثر (repeat #1)
2026-02-07 17:44:44.501  7788-8036  PhaseStateMachine       com.trainingvalidator.poc            D  Left DOWN range, ascending: 107.19039619341508
2026-02-07 17:44:44.501  7788-8036  PhaseStateMachine       com.trainingvalidator.poc            D  Phase: BOTTOM → UP
2026-02-07 17:44:44.675  7788-7799  ngvalidator.poc         com.trainingvalidator.poc            I  Background concurrent mark compact GC freed 1608KB AllocSpace bytes, 24(28MB) LOS objects, 66% free, 14MB/42MB, paused 1.117ms,8.122ms total 59.523ms
2026-02-07 17:44:44.834  7788-8034  PhaseStateMachine       com.trainingvalidator.poc            D  ★ Requesting REP completion - Entered UP range: 136.90412665874084
2026-02-07 17:44:44.834  7788-8034  PhaseStateMachine       com.trainingvalidator.poc            D  Phase: UP → START
2026-02-07 17:44:44.834  7788-8034  PhaseStateMachine       com.trainingvalidator.poc            D  ★ REP COMPLETED! (validated)
2026-02-07 17:44:44.835  7788-8034  RepCounter              com.trainingvalidator.poc            D  Weighted score: 100%, worst=PERFECT, dangerJoints=[]
2026-02-07 17:44:44.835  7788-8034  RepCounter              com.trainingvalidator.poc            D  Rep 3 completed. Score: 100.0, WorstState: NORMAL, Counted: true, Invalidated: false
2026-02-07 17:44:44.835  7788-7788  FeedbackManager         com.trainingvalidator.poc            D  Message silenced: ممتاز! ذراعك مفرودة (repeat #0)
2026-02-07 17:44:44.835  7788-7788  FeedbackManager         com.trainingvalidator.poc            D  Message silenced: جيد! (repeat #0)
2026-02-07 17:44:44.836  7788-8034  MotionRecorder          com.trainingvalidator.poc            D  Rep 3 finalized: 68 frames processed → metrics saved, frames DISCARDED
2026-02-07 17:44:44.836  7788-8034  TrainingEngine          com.trainingvalidator.poc            D  Rep 3 completed. Correct: 3/3
2026-02-07 17:44:44.836  2317-5382  VibratorManagerService  system_server                        D  vibrate - uid: 10442, opPkg: com.trainingvalidator.poc, effect: Mono{mEffect=Composed{segments=[Step{amplitude=0.0, frequencyHz=0.0, duration=0}, Step{amplitude=-1.0, frequencyHz=0.0, duration=40}], repeat=-1, mMagnitudeType=TYPE_EXTRA}}, attrs: VibrationAttributes{mUsage=TOUCH, mAudioUsage= USAGE_UNKNOWN, mFlags=0, tags=}, reason: null, token: android.os.BinderProxy@ee16a40
2026-02-07 17:44:44.836  2317-5382  VibratorManagerService  system_server                        D  Check AppOp mode VIBRATE for uid 10442 and package com.trainingvalidator.poc returned audio=allow, op=allow
2026-02-07 17:44:44.836  2317-5382  VibratorManagerService  system_server                        D  Start AppOp mode VIBRATE for uid 10442 and package com.trainingvalidator.poc returned allow
2026-02-07 17:44:44.837  7788-7788  AudioFeedbackPlayer     com.trainingvalidator.poc            D  No audio URL, using TTS for: 3...
2026-02-07 17:44:44.840  7788-7788  AudioFeedbackPlayer     com.trainingvalidator.poc            D  Playing TTS: 3
2026-02-07 17:44:44.841  7788-7788  FrameCaptureManager     com.trainingvalidator.poc            D  Marked rep 3 as BEST_REP (total: 3)
2026-02-07 17:44:44.902  2317-3241  VibratorManagerService  system_server                        D  Finish AppOp mode VIBRATE for uid 10442 and package com.trainingvalidator.poc
2026-02-07 17:44:44.995  7788-7788  FeedbackManager         com.trainingvalidator.poc            D  Message silenced: ممتاز - الذراع ثابتة (repeat #1)
2026-02-07 17:44:45.477  7788-7799  ngvalidator.poc         com.trainingvalidator.poc            I  Background concurrent mark compact GC freed 1736KB AllocSpace bytes, 24(28MB) LOS objects, 66% free, 14MB/42MB, paused 237us,9.351ms total 57.722ms
2026-02-07 17:44:45.521  7788-8036  PhaseStateMachine       com.trainingvalidator.poc            D  Left UP range, starting descent: 128.94314169944485
2026-02-07 17:44:45.521  7788-8036  PhaseStateMachine       com.trainingvalidator.poc            D  Phase: START → DOWN
2026-02-07 17:44:45.867  7788-8035  PhaseStateMachine       com.trainingvalidator.poc            D  Entered DOWN range: 96.36895197396485 (0.0-100.0)
2026-02-07 17:44:45.867  7788-8035  PhaseStateMachine       com.trainingvalidator.poc            D  Phase: DOWN → BOTTOM
2026-02-07 17:44:45.887  7788-9029  SurfaceViewImpl         com.trainingvalidator.poc            D  PreviewView.SurfaceViewImplementation.getBitmap() succeeded
2026-02-07 17:44:45.965  7788-7788  FrameCaptureManager     com.trainingvalidator.poc            D  Captured PEAK_FRAME for rep 4: 9c4f4e59
2026-02-07 17:44:45.965  7788-7788  TrainingActivity        com.trainingvalidator.poc            D  Captured peak frame for rep 4 at phase BOTTOM
2026-02-07 17:44:45.966  7788-7788  FeedbackManager         com.trainingvalidator.poc            D  Message silenced: جيد، حاول الثني أكثر (repeat #1)
2026-02-07 17:44:46.032  7788-7788  FeedbackManager         com.trainingvalidator.poc            D  Message silenced: ممتاز! ثني مثالي (repeat #1)
2026-02-07 17:44:46.356  7788-7799  ngvalidator.poc         com.trainingvalidator.poc            I  Background concurrent mark compact GC freed 1652KB AllocSpace bytes, 24(28MB) LOS objects, 66% free, 14MB/42MB, paused 204us,9.460ms total 62.299ms
2026-02-07 17:44:46.792  7788-7788  FeedbackManager         com.trainingvalidator.poc            D  Message silenced: جيد، حاول الثني أكثر (repeat #1)
2026-02-07 17:44:46.925  7788-8034  PhaseStateMachine       com.trainingvalidator.poc            D  Left DOWN range, ascending: 106.15912043475868
2026-02-07 17:44:46.925  7788-8034  PhaseStateMachine       com.trainingvalidator.poc            D  Phase: BOTTOM → UP
2026-02-07 17:44:46.995  7788-7788  MessageOrchestrator     com.trainingvalidator.poc            D  Max repeats (1) reached for state:right_shoulder:PERFECT:UP_ZONE - going silent
2026-02-07 17:44:46.995  7788-7788  FeedbackManager         com.trainingvalidator.poc            D  Message silenced: ممتاز - الذراع ثابتة (repeat #1)
2026-02-07 17:44:47.157  7788-7799  ngvalidator.poc         com.trainingvalidator.poc            I  Background concurrent mark compact GC freed 1632KB AllocSpace bytes, 25(29MB) LOS objects, 66% free, 14MB/42MB, paused 361us,8.264ms total 60.510ms
2026-02-07 17:44:47.306  7788-8035  PhaseStateMachine       com.trainingvalidator.poc            D  ★ Requesting REP completion - Entered UP range: 136.27340092223184
2026-02-07 17:44:47.306  7788-8035  PhaseStateMachine       com.trainingvalidator.poc            D  Phase: UP → START
2026-02-07 17:44:47.306  7788-8035  PhaseStateMachine       com.trainingvalidator.poc            D  ★ REP COMPLETED! (validated)
2026-02-07 17:44:47.306  7788-8035  RepCounter              com.trainingvalidator.poc            D  Weighted score: 100%, worst=PERFECT, dangerJoints=[]
2026-02-07 17:44:47.307  7788-8035  RepCounter              com.trainingvalidator.poc            D  Rep 4 completed. Score: 100.0, WorstState: NORMAL, Counted: true, Invalidated: false
2026-02-07 17:44:47.307  7788-7788  MessageOrchestrator     com.trainingvalidator.poc            D  Message decision: state:right_elbow:PERFECT:UP_ZONE -> AUDIO_AND_VISUAL (repeat #1)
2026-02-07 17:44:47.307  7788-7788  FeedbackManager         com.trainingvalidator.poc            D  LocalizedText has NO audio URL for ar. Text: ممتاز! ذراعك مفرودة...
2026-02-07 17:44:47.307  7788-7788  AudioFeedbackPlayer     com.trainingvalidator.poc            D  No audio URL, using TTS for: ممتاز! ذراعك مفرودة...
2026-02-07 17:44:47.310  7788-8035  MotionRecorder          com.trainingvalidator.poc            D  Rep 4 finalized: 72 frames processed → metrics saved, frames DISCARDED
2026-02-07 17:44:47.310  7788-8035  TrainingEngine          com.trainingvalidator.poc            D  Rep 4 completed. Correct: 4/4
2026-02-07 17:44:47.315  7788-7788  AudioFeedbackPlayer     com.trainingvalidator.poc            D  Playing TTS: ممتاز! ذراعك مفرودة
2026-02-07 17:44:47.316  2317-3657  VibratorManagerService  system_server                        D  vibrate - uid: 10442, opPkg: com.trainingvalidator.poc, effect: Mono{mEffect=Composed{segments=[Step{amplitude=0.0, frequencyHz=0.0, duration=0}, Step{amplitude=-1.0, frequencyHz=0.0, duration=40}], repeat=-1, mMagnitudeType=TYPE_EXTRA}}, attrs: VibrationAttributes{mUsage=TOUCH, mAudioUsage= USAGE_UNKNOWN, mFlags=0, tags=}, reason: null, token: android.os.BinderProxy@ee16a40
2026-02-07 17:44:47.316  2317-3657  VibratorManagerService  system_server                        D  Check AppOp mode VIBRATE for uid 10442 and package com.trainingvalidator.poc returned audio=allow, op=allow
2026-02-07 17:44:47.316  2317-3657  VibratorManagerService  system_server                        D  Start AppOp mode VIBRATE for uid 10442 and package com.trainingvalidator.poc returned allow
2026-02-07 17:44:47.317  2317-3657  VibratorManagerService  system_server                        D  vibrate - uid: 10442, opPkg: com.trainingvalidator.poc, effect: Mono{mEffect=Composed{segments=[Step{amplitude=0.0, frequencyHz=0.0, duration=0}, Step{amplitude=-1.0, frequencyHz=0.0, duration=40}], repeat=-1, mMagnitudeType=TYPE_EXTRA}}, attrs: VibrationAttributes{mUsage=TOUCH, mAudioUsage= USAGE_UNKNOWN, mFlags=0, tags=}, reason: null, token: android.os.BinderProxy@ee16a40
2026-02-07 17:44:47.318  2317-3657  VibratorManagerService  system_server                        D  Check AppOp mode VIBRATE for uid 10442 and package com.trainingvalidator.poc returned audio=allow, op=allow
2026-02-07 17:44:47.318  2317-3657  VibrationThread         system_server                        D  Vibration cancel requested with signal=EndInfo{status=CANCELLED_SUPERSEDED, endedBy=CallerInfo{ uid=10442, opPkg=com.trainingvalidator.poc, deviceId=0, attrs=VibrationAttributes{mUsage=TOUCH, mAudioUsage= USAGE_UNKNOWN, mFlags=0, tags=}, reason=null}}, immediate=false
2026-02-07 17:44:47.319  7788-7788  FrameCaptureManager     com.trainingvalidator.poc            D  Max best reps (3) reached, skipping
2026-02-07 17:44:47.326  2317-3241  VibrationThread         system_server                        D  Vibration 19204 finished with EndInfo{status=CANCELLED_SUPERSEDED, endedBy=CallerInfo{ uid=10442, opPkg=com.trainingvalidator.poc, deviceId=0, attrs=VibrationAttributes{mUsage=TOUCH, mAudioUsage= USAGE_UNKNOWN, mFlags=0, tags=}, reason=null}}
2026-02-07 17:44:47.326  2317-3241  VibratorManagerService  system_server                        D  Finish AppOp mode VIBRATE for uid 10442 and package com.trainingvalidator.poc
2026-02-07 17:44:47.326  2317-3241  VibratorManagerService  system_server                        D  Start AppOp mode VIBRATE for uid 10442 and package com.trainingvalidator.poc returned allow
2026-02-07 17:44:47.389  2317-3241  VibratorManagerService  system_server                        D  Finish AppOp mode VIBRATE for uid 10442 and package com.trainingvalidator.poc
2026-02-07 17:44:47.926  7788-8035  PhaseStateMachine       com.trainingvalidator.poc            D  Left UP range, starting descent: 127.28464477830828
2026-02-07 17:44:47.926  7788-8035  PhaseStateMachine       com.trainingvalidator.poc            D  Phase: START → DOWN
2026-02-07 17:44:48.023  7788-7799  ngvalidator.poc         com.trainingvalidator.poc            I  Background concurrent mark compact GC freed 1888KB AllocSpace bytes, 24(28MB) LOS objects, 66% free, 14MB/42MB, paused 259us,10.191ms total 72.740ms
2026-02-07 17:44:48.304  7788-8035  PhaseStateMachine       com.trainingvalidator.poc            D  Entered DOWN range: 99.14381616977084 (0.0-100.0)
2026-02-07 17:44:48.304  7788-8035  PhaseStateMachine       com.trainingvalidator.poc            D  Phase: DOWN → BOTTOM
2026-02-07 17:44:48.317  7788-9042  SurfaceViewImpl         com.trainingvalidator.poc            D  PreviewView.SurfaceViewImplementation.getBitmap() succeeded
2026-02-07 17:44:48.389  7788-7788  FrameCaptureManager     com.trainingvalidator.poc            D  Captured PEAK_FRAME for rep 5: 6a28d89a
2026-02-07 17:44:48.389  7788-7788  TrainingActivity        com.trainingvalidator.poc            D  Captured peak frame for rep 5 at phase BOTTOM
2026-02-07 17:44:48.396  7788-7788  MessageOrchestrator     com.trainingvalidator.poc            D  Preempting state:right_elbow:PERFECT:UP_ZONE (20) with state:right_elbow:NORMAL:DOWN_ZONE (30)
2026-02-07 17:44:48.396  7788-7788  FeedbackManager         com.trainingvalidator.poc            D  Message silenced: جيد، حاول الثني أكثر (repeat #1)
2026-02-07 17:44:48.455  7788-7788  FeedbackManager         com.trainingvalidator.poc            D  Message silenced: ممتاز! ثني مثالي (repeat #1)
2026-02-07 17:44:48.877  7788-7799  ngvalidator.poc         com.trainingvalidator.poc            I  Background concurrent mark compact GC freed 1768KB AllocSpace bytes, 24(28MB) LOS objects, 66% free, 14MB/42MB, paused 393us,8.904ms total 58.166ms
2026-02-07 17:44:49.025  7788-7788  FeedbackManager         com.trainingvalidator.poc            D  Message silenced: ممتاز - الذراع ثابتة (repeat #1)
2026-02-07 17:44:49.246  7788-7788  MessageOrchestrator     com.trainingvalidator.poc            D  Preempting state:right_elbow:PERFECT:UP_ZONE (20) with state:right_elbow:NORMAL:DOWN_ZONE (30)
2026-02-07 17:44:49.246  7788-7788  FeedbackManager         com.trainingvalidator.poc            D  Message silenced: جيد، حاول الثني أكثر (repeat #1)
2026-02-07 17:44:49.366  7788-8036  PhaseStateMachine       com.trainingvalidator.poc            D  Left DOWN range, ascending: 107.08426555285534
2026-02-07 17:44:49.366  7788-8036  PhaseStateMachine       com.trainingvalidator.poc            D  Phase: BOTTOM → UP
2026-02-07 17:44:49.692  7788-7799  ngvalidator.poc         com.trainingvalidator.poc            I  Background concurrent mark compact GC freed 1620KB AllocSpace bytes, 24(28MB) LOS objects, 66% free, 15MB/45MB, paused 226us,9.164ms total 65.525ms
2026-02-07 17:44:49.733  7788-8034  PhaseStateMachine       com.trainingvalidator.poc            D  ★ Requesting REP completion - Entered UP range: 135.54629540769514
2026-02-07 17:44:49.733  7788-8034  PhaseStateMachine       com.trainingvalidator.poc            D  Phase: UP → START
2026-02-07 17:44:49.733  7788-8034  PhaseStateMachine       com.trainingvalidator.poc            D  ★ REP COMPLETED! (validated)
2026-02-07 17:44:49.734  7788-8034  RepCounter              com.trainingvalidator.poc            D  Weighted score: 100%, worst=PERFECT, dangerJoints=[]
2026-02-07 17:44:49.734  7788-8034  RepCounter              com.trainingvalidator.poc            D  Rep 5 completed. Score: 100.0, WorstState: NORMAL, Counted: true, Invalidated: false
2026-02-07 17:44:49.734  7788-7788  MessageOrchestrator     com.trainingvalidator.poc            D  Message decision: streak:5 -> AUDIO_AND_VISUAL (repeat #1)
