2026-02-07 17:45:10.268  2317-3869  WindowManager           system_server                        D  prepareSync <SYNC_STATE_WAITING_FOR_DRAW>, mPrepareSyncSeqId=0, win=Window{68b153a u0 com.trainingvalidator.poc/com.trainingvalidator.poc.ui.report.ReportPagerActivity}
2026-02-07 17:45:10.268  1652-1782  SurfaceFlinger          surfaceflinger                       I  id=72789 createSurf, flag=84004, 68b153a com.trainingvalidator.poc/com.trainingvalidator.poc.ui.report.ReportPagerActivity#72789
2026-02-07 17:45:10.271  7788-7788  InputTransport          com.trainingvalidator.poc            D  Input channel constructed: '68b153a', fd=168
2026-02-07 17:45:10.272  7788-7788  InsetsController        com.trainingvalidator.poc            I  onStateChanged: host=com.trainingvalidator.poc/com.trainingvalidator.poc.ui.report.ReportPagerActivity, from=android.view.ViewRootImpl.onInsetsStateChanged:3026, state=InsetsState: {mDisplayFrame=Rect(0, 0 - 1080, 2316), mDisplayCutout=DisplayCutout{insets=Rect(0, 75 - 0, 0) waterfall=Insets{left=0, top=0, right=0, bottom=0} boundingRect={Bounds=[Rect(0, 0 - 0, 0), Rect(512, 0 - 568, 75), Rect(0, 0 - 0, 0), Rect(0, 0 - 0, 0)]} cutoutPathParserInfo={CutoutPathParserInfo{displayWidth=1080 displayHeight=2316 physicalDisplayWidth=1080 physicalDisplayHeight=2316 density={2.8125} cutoutSpec={M 0,0 H -10 V 26.66666666666667 H 10 V 0 H 0 Z @dp} rotation={0} scale={1.0} physicalPixelDisplaySizeRatio={1.0}}} sideOverrides={}}, mRoundedCorners=RoundedCorners{[RoundedCorner{position=TopLeft, radius=11, center=Point(11, 11)}, RoundedCorner{position=TopRight, radius=11, center=Point(1069, 11)}, RoundedCorner{position=BottomRight, radius=11, center=Point(1069, 2305)}, RoundedCorner{position=BottomLeft, radius=11, center=Point(11, 2305)}]}  mRoundedCornerFrame=Rect(0, 0 - 1080, 2316), mPrivacyIndicatorBounds=PrivacyIndicatorBounds {static bounds=Rect(956, 0 - 1080, 75) rotation=0}, mDisplayShape=DisplayShape{ spec=-311912193 displayWidth=1080 displayHeight=2316 physicalPixelDisplaySizeRatio=0.75 rotation=0 offsetX=0 offsetY=0 scale=1.0}, mSources= { InsetsSource: {b5160000 mType=statusBars mFrame=[0,0][1080,75] mVisible=false mFlags= mSideHint=TOP mBoundingRects=null}, InsetsSource: {b5160005 mType=mandatorySystemGestures mFrame=[0,0][1080,109] mVisible=true mFlags= mSideHint=TOP mBoundingRects=null}, InsetsSource: {b5160006 mType=tappableElement mFrame=[0,0][1080,75] mVisible=true mFlags= mSideHint=TOP mBoundingRects=null}, InsetsSource: {f9c90001 mType=navigationBars mFrame=[0,2181][1080,2316] mVisible=false mFlags= mSideHint=BOTTOM mBoundingRects=null}, InsetsSource: {f9c90004 mType=systemGestures mFrame=[0,0][0,0] mVisible=true mFlags= mSideHint=NONE mBoundingRects=null}, InsetsSource: {f9c90005 mType=mandatorySystemGestures mFrame=[0,2181][1080,2316] mVisible=true mFlags= mSideHint=BOTTOM mBoundingRects=null}, InsetsSource: {f9c90006 mType=tappableElement mFrame=[0,2181][1080,2316] mVisible=true mFlags= mSideHint=BOTTOM mBoundingRects=null}, InsetsSource: {f9c90024 mType=systemGestures mFrame=[0,0][0,0] mVisible=true mFlags= mSideHint=NONE mBoundingRects=null}, InsetsSource: {3 mType=ime mFrame=[0,0][0,0] mVisible=false mFlags= mSideHint=NONE mBoundingRects=null}, InsetsSource: {27 mType=displayCutout mFrame=[0,0][1080,75] mVisible=true mFlags= mSideHint=TOP mBoundingRects=null} }
2026-02-07 17:45:10.272  7788-7788  VRI[Report...y]@c65b06b com.trainingvalidator.poc            I  synced displayState. AttachInfo displayState=2
2026-02-07 17:45:10.277  7788-7788  VRI[Report...y]@c65b06b com.trainingvalidator.poc            I  setView = com.android.internal.policy.DecorView@cb77786 IsHRR=false mFlingFrameRateChange=0 TM=true
2026-02-07 17:45:10.281  2317-3869  CoreBackPreview         system_server                        D  Window{68b153a u0 com.trainingvalidator.poc/com.trainingvalidator.poc.ui.report.ReportPagerActivity}: Setting back callback OnBackInvokedCallbackInfo{mCallback=android.window.IOnBackInvokedCallback$Stub$Proxy@842c1e1, mPriority=-1, mIsAnimationCallback=false, mOverrideBehavior=0}
2026-02-07 17:45:10.282  1652-1652  SurfaceFlinger          surfaceflinger                       I  [68b153a com.trainingvalidator.poc/com.trainingvalidator.poc.ui.report.ReportPagerActivity#72789] attach to parent LayerHierarchy{RequestedLayerState{ActivityRecord{34048015 u0 com.trainingvalidator.poc/.ui.report.ReportPagerActivity t569}#72788 parentId=72587} 1 children}
2026-02-07 17:45:10.283  2317-3869  WindowManager           system_server                        I  Relayout Window{68b153a u0 com.trainingvalidator.poc/com.trainingvalidator.poc.ui.report.ReportPagerActivity}: viewVisibility=0 req=1080x2316 ty=1 d0
2026-02-07 17:45:10.283  1652-1782  SurfaceFlinger          surfaceflinger                       I  id=72790 createSurf, flag=44004, com.trainingvalidator.poc/com.trainingvalidator.poc.ui.report.ReportPagerActivity$_7788#72790
2026-02-07 17:45:10.283  1652-1652  CompositionEngine       surfaceflinger                       D  Layer: com.trainingvalidator.poc/com.trainingvalidator.poc.ui.TrainingActivity$_7788#72769 had an out of bounds transparent region
2026-02-07 17:45:10.285  2317-3869  WindowManager           system_server                        D  makeSurface duration=2 name=com.trainingvalidator.poc/com.trainingvalidator.poc.ui.report.ReportPagerActivity$_7788
2026-02-07 17:45:10.285  2317-3869  SurfaceComposerClient   system_server                        D  setCornerRadius ## 68b153a com.trainingvalidator.poc/com.trainingvalidator.poc.ui.report.ReportPagerActivity#72789 cornerRadius=0.000000
2026-02-07 17:45:10.286  2317-3869  SurfaceComposerClient   system_server                        D  setCornerRadius ## 68b153a com.trainingvalidator.poc/com.trainingvalidator.poc.ui.report.ReportPagerActivity#72789 cornerRadius=0.000000
2026-02-07 17:45:10.286  2317-3869  BLASTSyncEngine         system_server                        D  SyncGroup 6460:  Unfinished container: ActivityRecord{34048015 u0 com.trainingvalidator.poc/.ui.report.ReportPagerActivity t569} mSyncState=2
2026-02-07 17:45:10.287  2317-3869  WindowManager           system_server                        D  Changing focus from null to Window{68b153a u0 com.trainingvalidator.poc/com.trainingvalidator.poc.ui.report.ReportPagerActivity} displayId=0 Callers=com.android.server.wm.WindowManagerService.relayoutWindow:1350 com.android.server.wm.Session.relayout:27 android.view.IWindowSession$Stub.onTransact:829 com.android.server.wm.Session.onTransact:1 
2026-02-07 17:45:10.290  2317-3869  InsetsSourceProvider    system_server                        D  updateControlForTarget: control=InsetsSourceControl: {f9c90001 mType=navigationBars mSurfacePosition=Point(0, 2181) mInsetsHint=Insets{left=0, top=0, right=0, bottom=135}}, target=Window{68b153a u0 com.trainingvalidator.poc/com.trainingvalidator.poc.ui.report.ReportPagerActivity}, from=com.android.server.wm.InsetsStateController.onControlTargetChanged:83 com.android.server.wm.InsetsPolicy.updateBarControlTarget:225 com.android.server.wm.DisplayPolicy.updateSystemBarAttributes:262 com.android.server.wm.WindowManagerService.updateFocusedWindowLocked:372 com.android.server.wm.WindowManagerService.relayoutWindow:1350 
2026-02-07 17:45:10.293  2317-3869  InsetsSourceProvider    system_server                        D  updateControlForTarget: control=InsetsSourceControl: {b5160000 mType=statusBars mSurfacePosition=Point(0, 0) mInsetsHint=Insets{left=0, top=75, right=0, bottom=0}}, target=Window{68b153a u0 com.trainingvalidator.poc/com.trainingvalidator.poc.ui.report.ReportPagerActivity}, from=com.android.server.wm.InsetsStateController.onControlTargetChanged:83 com.android.server.wm.InsetsPolicy.updateBarControlTarget:212 com.android.server.wm.DisplayPolicy.updateSystemBarAttributes:262 com.android.server.wm.WindowManagerService.updateFocusedWindowLocked:372 com.android.server.wm.WindowManagerService.relayoutWindow:1350 
2026-02-07 17:45:10.294  2317-3869  SystemKeyManager        system_server                        V  updateFocusedWindow() is called, com.trainingvalidator.poc/com.trainingvalidator.poc.ui.report.ReportPagerActivity
2026-02-07 17:45:10.297  7788-7788  libc                    com.trainingvalidator.poc            W  Access denied finding property "vendor.display.enable_optimal_refresh_rate"
2026-02-07 17:45:10.297  7788-7788  BufferQueueProducer     com.trainingvalidator.poc            I  [](id:1e6c00000017,api:0,p:0,c:7788) setDequeueTimeout:2077252342
2026-02-07 17:45:10.297  7788-7788  BLASTBufferQueue_Java   com.trainingvalidator.poc            I  new BLASTBufferQueue, mName= VRI[ReportPagerActivity]@c65b06b mNativeObject= 0xb400006f56f41070 caller= android.view.ViewRootImpl.updateBlastSurfaceIfNeeded:3585 android.view.ViewRootImpl.relayoutWindow:11685 android.view.ViewRootImpl.performTraversals:4804 android.view.ViewRootImpl.doTraversal:3924 android.view.ViewRootImpl$TraversalRunnable.run:12903 android.view.Choreographer$CallbackRecord.run:1901 android.view.Choreographer$CallbackRecord.run:1910 android.view.Choreographer.doCallbacks:1367 android.view.Choreographer.doFrame:1292 android.view.Choreographer$FrameDisplayEventReceiver.run:1870 
2026-02-07 17:45:10.297  7788-7788  BLASTBufferQueue_Java   com.trainingvalidator.poc            I  update, w= 1080 h= 2316 mName = VRI[ReportPagerActivity]@c65b06b mNativeObject= 0xb400006f56f41070 sc.mNativeObject= 0xb400007026e99b90 format= -1 caller= android.view.ViewRootImpl.updateBlastSurfaceIfNeeded:3590 android.view.ViewRootImpl.relayoutWindow:11685 android.view.ViewRootImpl.performTraversals:4804 android.view.ViewRootImpl.doTraversal:3924 android.view.ViewRootImpl$TraversalRunnable.run:12903 android.view.Choreographer$CallbackRecord.run:1901 
2026-02-07 17:45:10.298  7788-7788  libc                    com.trainingvalidator.poc            W  Access denied finding property "vendor.display.enable_optimal_refresh_rate"
2026-02-07 17:45:10.298  7788-7788  VRI[Report...y]@c65b06b com.trainingvalidator.poc            I  Relayout returned: old=(0,0,1080,2316) new=(0,0,1080,2316) relayoutAsync=false req=(1080,2316)0 dur=15 res=0x3 s={true 0xb400007096c28150} ch=true seqId=0
2026-02-07 17:45:10.298  7788-7788  VRI[Report...y]@c65b06b com.trainingvalidator.poc            I  performConfigurationChange setNightDimText nightDimLevel=0
2026-02-07 17:45:10.299  7788-7788  VRI[Report...y]@c65b06b com.trainingvalidator.poc            D  mThreadedRenderer.initialize() mSurface={isValid=true 0xb400007096c28150} hwInitialized=true
2026-02-07 17:45:10.299  1652-1652  SurfaceFlinger          surfaceflinger                       I  [com.trainingvalidator.poc/com.trainingvalidator.poc.ui.report.ReportPagerActivity$_7788#72790] attach to parent LayerHierarchy{RequestedLayerState{68b153a com.trainingvalidator.poc/com.trainingvalidator.poc.ui.report.ReportPagerActivity#72789 parentId=72788} 1 children}
2026-02-07 17:45:10.300  1652-1652  CompositionEngine       surfaceflinger                       D  Layer: com.trainingvalidator.poc/com.trainingvalidator.poc.ui.TrainingActivity$_7788#72769 had an out of bounds transparent region
2026-02-07 17:45:10.303  1652-1856  SurfaceFlinger          surfaceflinger                       D  [input] setFocusedWindow: 68b153a com.trainingvalidator.poc/com.trainingvalidator.poc.ui.report.ReportPagerActivity
2026-02-07 17:45:10.303  2317-3823  InputDispatcher         system_server                        D  Once focus requested (0): 68b153a com.trainingvalidator.poc/com.trainingvalidator.poc.ui.report.ReportPagerActivity
2026-02-07 17:45:10.303  2317-3823  InputDispatcher         system_server                        D  Focus request (0): 68b153a com.trainingvalidator.poc/com.trainingvalidator.poc.ui.report.ReportPagerActivity but waiting because NO_WINDOW
2026-02-07 17:45:10.308  7788-7788  ScrollView              com.trainingvalidator.poc            D  initGoToTop
2026-02-07 17:45:10.314  7788-7788  ScrollView              com.trainingvalidator.poc            D   onsize change changed 
2026-02-07 17:45:10.314  7788-7788  ReportPagerActivity     com.trainingvalidator.poc            D  Page selected: 0 - Exercise Summary
2026-02-07 17:45:10.315  7788-7788  BitmapFactory           com.trainingvalidator.poc            W  Null Options, creating a new one.
2026-02-07 17:45:10.316  7788-7788  Kumiho-Kumiho           com.trainingvalidator.poc            I  getPackageName: com.trainingvalidator.poc
2026-02-07 17:45:10.319  7788-7788  Kumiho-Kumiho           com.trainingvalidator.poc            I  getPackageName: com.trainingvalidator.poc
2026-02-07 17:45:10.332  7788-7788  View                    com.trainingvalidator.poc            W  requestLayout() improperly called by android.widget.FrameLayout{16bc04b V.E...... ......ID 0,0-1080,2316 #2} during layout: running second layout pass
2026-02-07 17:45:10.332  7788-7788  View                    com.trainingvalidator.poc            W  requestLayout() improperly called by android.widget.LinearLayout{6c40ca V.E...... ......ID 68,45-1012,271 #7f0a03ed app:id/primaryStatsRow} during layout: running second layout pass
2026-02-07 17:45:10.332  7788-7788  View                    com.trainingvalidator.poc            W  requestLayout() improperly called by android.widget.LinearLayout{6ab4f70 V.E...... ......ID 540,2063-540,2063 #7f0a03eb app:id/pageIndicatorContainer} during layout: running second layout pass
2026-02-07 17:45:10.332  7788-7788  View                    com.trainingvalidator.poc            W  requestLayout() improperly called by com.google.android.material.textview.MaterialTextView{55d640 V.ED..... ......ID 68,225-68,272 #7f0a03f4 app:id/tvPageType} during layout: running second layout pass
2026-02-07 17:45:10.332  7788-7788  View                    com.trainingvalidator.poc            W  requestLayout() improperly called by com.google.android.material.textview.MaterialTextView{e7376be V.ED..... ......ID 68,283-68,391 #7f0a030a app:id/tvExerciseName} during layout: running second layout pass
2026-02-07 17:45:10.332  7788-7788  View                    com.trainingvalidator.poc            W  requestLayout() improperly called by androidx.appcompat.widget.AppCompatImageView{3baa27d V.ED..... ......ID 0,0-1080,2316 #7f0a03ea app:id/ivFullScreenImage} during layout: running second layout pass
2026-02-07 17:45:10.332  7788-7788  View                    com.trainingvalidator.poc            W  requestLayout() improperly called by com.google.android.material.textview.MaterialTextView{6e2166c V.ED..... ......ID 142,0-142,95 #7f0a03f6 app:id/tvStat1Value} during layout: running second layout pass
2026-02-07 17:45:10.332  7788-7788  View                    com.trainingvalidator.poc            W  requestLayout() improperly called by com.google.android.material.textview.MaterialTextView{3102d58 V.ED..... ......ID 142,95-142,136 #7f0a03f5 app:id/tvStat1Label} during layout: running second layout pass
2026-02-07 17:45:10.332  7788-7788  View                    com.trainingvalidator.poc            W  requestLayout() improperly called by com.google.android.material.textview.MaterialTextView{5c44eb1 V.ED..... ......ID 142,0-142,95 #7f0a03f8 app:id/tvStat2Value} during layout: running second layout pass
2026-02-07 17:45:10.332  7788-7788  View                    com.trainingvalidator.poc            W  requestLayout() improperly called by com.google.android.material.textview.MaterialTextView{6b8d717 V.ED..... ......ID 142,95-142,136 #7f0a03f7 app:id/tvStat2Label} during layout: running second layout pass
2026-02-07 17:45:10.332  7788-7788  View                    com.trainingvalidator.poc            W  requestLayout() improperly called by com.google.android.material.textview.MaterialTextView{106c704 V.ED..... ......ID 142,0-142,95 #7f0a03fa app:id/tvStat3Value} during layout: running second layout pass
2026-02-07 17:45:10.332  7788-7788  View                    com.trainingvalidator.poc            W  requestLayout() improperly called by com.google.android.material.textview.MaterialTextView{be41f22 V.ED..... ......ID 142,95-142,136 #7f0a03f9 app:id/tvStat3Label} during layout: running second layout pass
2026-02-07 17:45:10.332  7788-7788  View                    com.trainingvalidator.poc            W  requestLayout() improperly called by com.google.android.material.textview.MaterialTextView{7e9cdb3 V.ED..... ......ID 68,316-1012,372 #7f0a03f3 app:id/tvMessage} during layout: running second layout pass
2026-02-07 17:45:10.332  7788-7788  View                    com.trainingvalidator.poc            W  requestLayout() improperly called by android.widget.LinearLayout{2abf934 V.E...... ......I. 0,0-0,0 #7f0a03ee app:id/secondaryMetricsContainer} during layout: running second layout pass
2026-02-07 17:45:10.332  7788-7788  View                    com.trainingvalidator.poc            W  requestLayout() improperly called by com.google.android.material.textview.MaterialTextView{eda1764 V.ED..... ......I. 0,0-0,0 #7f0a03fb app:id/tvSwipeHint} during layout: running second layout pass
2026-02-07 17:45:10.341  7788-7788  ScrollView              com.trainingvalidator.poc            D   onsize change changed 
2026-02-07 17:45:10.341  7788-7788  VRI[Report...y]@c65b06b com.trainingvalidator.poc            D  reportNextDraw android.view.ViewRootImpl.performTraversals:5443 android.view.ViewRootImpl.doTraversal:3924 android.view.ViewRootImpl$TraversalRunnable.run:12903 android.view.Choreographer$CallbackRecord.run:1901 android.view.Choreographer$CallbackRecord.run:1910 
2026-02-07 17:45:10.341  7788-7788  VRI[Report...y]@c65b06b com.trainingvalidator.poc            D  Setup new sync=wmsSync-VRI[ReportPagerActivity]@c65b06b#41
2026-02-07 17:45:10.341  7788-7788  VRI[Report...y]@c65b06b com.trainingvalidator.poc            I  Creating new active sync group VRI[ReportPagerActivity]@c65b06b#42
2026-02-07 17:45:10.342  7788-7788  VRI[Report...y]@c65b06b com.trainingvalidator.poc            D  registerCallbacksForSync syncBuffer=false
2026-02-07 17:45:10.346  7788-7879  VRI[Report...y]@c65b06b com.trainingvalidator.poc            D  Received frameDrawingCallback syncResult=0 frameNum=1.
2026-02-07 17:45:10.346  7788-7879  VRI[Report...y]@c65b06b com.trainingvalidator.poc            I  mWNT: t=0xb4000070f6ce02d0 mBlastBufferQueue=0xb400006f56f41070 fn= 1 HdrRenderState mRenderHdrSdrRatio=1.0 caller= android.view.ViewRootImpl$12.onFrameDraw:15441 android.view.ThreadedRenderer$1.onFrameDraw:718 <bottom of call stack> 
2026-02-07 17:45:10.346  7788-7879  VRI[Report...y]@c65b06b com.trainingvalidator.poc            I  Setting up sync and frameCommitCallback
2026-02-07 17:45:10.357  7788-7867  BLASTBufferQueue        com.trainingvalidator.poc            I  [VRI[ReportPagerActivity]@c65b06b#17](f:0,a:0,s:0) onFrameAvailable the first frame is available
2026-02-07 17:45:10.357  7788-7867  SurfaceComposerClient   com.trainingvalidator.poc            I  apply transaction with the first frame. layerId: 72790, bufferData(ID: 33449205301369, frameNumber: 1)
2026-02-07 17:45:10.358  1652-1782  SurfaceFlinger          surfaceflinger                       I  [com.trainingvalidator.poc/com.trainingvalidator.poc.ui.report.ReportPagerActivity$_7788#72790] setTransactionState with the first frame. bufferData(ID: 33449205301369, frameNumber: 1)
2026-02-07 17:45:10.358  7788-7867  VRI[Report...y]@c65b06b com.trainingvalidator.poc            I  Received frameCommittedCallback lastAttemptedDrawFrameNum=1 didProduceBuffer=true
2026-02-07 17:45:10.359  7788-7867  HWUI                    com.trainingvalidator.poc            D  CFMS:: SetUp Pid : 7788    Tid : 7867
2026-02-07 17:45:10.359  7788-7788  VRI[Report...y]@c65b06b com.trainingvalidator.poc            D  reportDrawFinished seqId=0
2026-02-07 17:45:10.359  2317-3823  WindowManager           system_server                        D  finishDrawingWindow: Window{68b153a u0 com.trainingvalidator.poc/com.trainingvalidator.poc.ui.report.ReportPagerActivity} mDrawState=DRAW_PENDING seqId=0
2026-02-07 17:45:10.360  2317-2450  SurfaceComposerClient   system_server                        D  setCornerRadius ## 68b153a com.trainingvalidator.poc/com.trainingvalidator.poc.ui.report.ReportPagerActivity#72789 cornerRadius=0.000000
2026-02-07 17:45:10.361  2317-2450  SurfaceComposerClient   system_server                        D  setCornerRadius ## 68b153a com.trainingvalidator.poc/com.trainingvalidator.poc.ui.report.ReportPagerActivity#72789 cornerRadius=0.000000
2026-02-07 17:45:10.361  2317-2450  PowerManagerService     system_server                        D  [api] release WakeLock SCREEN_BRIGHT_WAKE_LOCK           'WindowManager/displayId:0' ON_AFTER_RELEASE ACQ=-40s686ms (uid=1000 pid=2317 ws=WorkSource{10442 com.trainingvalidator.poc} displayId=0 lock=a1f04e7)
2026-02-07 17:45:10.361  2317-2450  PowerManagerService     system_server                        D  [api] applyWakeLockFlagsOnReleaseLocked : userActivityNoUpdateLocked is called : SCREEN_BRIGHT_WAKE_LOCK           'WindowManager/displayId:0' ON_AFTER_RELEASE DISABLED (uid=1000 pid=2317 ws=WorkSource{10442 com.trainingvalidator.poc} displayId=0 lock=a1f04e7)
2026-02-07 17:45:10.362  2317-2450  WindowManager           system_server                        V  performShowLocked: mDrawState=HAS_DRAWN in Window{68b153a u0 com.trainingvalidator.poc/com.trainingvalidator.poc.ui.report.ReportPagerActivity}
2026-02-07 17:45:10.362  2317-2450  ChangeTran...Controller system_server                        D  onTransactionReady: TransitionRecord{2b7283b id=6460 type=OPEN flags=0x0 c=[
                                                                                                       ChangeInfo{a5b7734 container=ActivityRecord{34048015 u0 com.trainingvalidator.poc/.ui.report.ReportPagerActivity t569} flags=0x0}
                                                                                                       ChangeInfo{d7bc95d container=Task{938a9b6 #569 type=standard A=10442:com.trainingvalidator.poc} flags=0x0}
                                                                                                       ChangeInfo{ffd42d2 container=Display{#0 state=ON size=1080x2316 ROTATION_0} flags=0x0}
                                                                                                       ChangeInfo{37340ea container=ActivityRecord{222203619 u0 com.trainingvalidator.poc/.ui.TrainingActivity t569 f}} flags=0x0}
                                                                                                       ChangeInfo{99d9fa3 container=DefaultTaskDisplayArea_d0@223319725 flags=0x0}
                                                                                                    ]
                                                                                                    }
2026-02-07 17:45:10.362  2317-2450  WindowManager           system_server                        V  Start calculating TransitionInfo based on participants: {ActivityRecord{34048015 u0 com.trainingvalidator.poc/.ui.report.ReportPagerActivity t569}, ActivityRecord{222203619 u0 com.trainingvalidator.poc/.ui.TrainingActivity t569 f}}}
2026-02-07 17:45:10.363  2317-2450  WindowManager           system_server                        V    Final targets: [ChangeInfo{a5b7734 container=ActivityRecord{34048015 u0 com.trainingvalidator.poc/.ui.report.ReportPagerActivity t569} flags=0x0}, ChangeInfo{37340ea container=ActivityRecord{222203619 u0 com.trainingvalidator.poc/.ui.TrainingActivity t569 f}} flags=0x0}]
2026-02-07 17:45:10.363  1652-1782  SurfaceFlinger          surfaceflinger                       I  id=72793 createSurf, flag=84004, Transition Root: ActivityRecord{34048015 u0 com.trainingvalidator.poc/.ui.report.ReportPagerActivity t569}#72793
2026-02-07 17:45:10.364  7788-7867  HWUI                    com.trainingvalidator.poc            D  HWUI - treat SMPTE_170M as sRGB
2026-02-07 17:45:10.365  7788-7788  ImeFocusController      com.trainingvalidator.poc            I  onPreWindowFocus: skipped hasWindowFocus=false mHasImeFocus=true
2026-02-07 17:45:10.365  7788-7788  ImeFocusController      com.trainingvalidator.poc            I  onPostWindowFocus: skipped hasWindowFocus=false mHasImeFocus=true
2026-02-07 17:45:10.366  7788-7788  InsetsSourceConsumer    com.trainingvalidator.poc            I  applyRequestedVisibilityToControl: visible=false, type=navigationBars, host=com.trainingvalidator.poc/com.trainingvalidator.poc.ui.report.ReportPagerActivity
2026-02-07 17:45:10.366  1652-1652  SurfaceFlinger          surfaceflinger                       I  [Transition Root: ActivityRecord{34048015 u0 com.trainingvalidator.poc/.ui.report.ReportPagerActivity t569}#72793] attach to parent LayerHierarchy{RequestedLayerState{Task=569#72587 parentId=10 z=19} 5 children}
2026-02-07 17:45:10.366  2317-2450  SurfaceControlRegistry  system_server                        I  show, t=StartTransaction_SyncId<6460> sc=ActivityRecord{34048015 u0 com.trainingvalidator.poc/.ui.report.ReportPagerActivity t569}, caller=android.view.SurfaceControl$Transaction.show:3557 com.android.server.wm.Transition.onTransactionReady:2048 com.android.server.wm.BLASTSyncEngine$SyncGroup.finishNow:240 com.android.server.wm.BLASTSyncEngine.onSurfacePlacement:263 com.android.server.wm.RootWindowContainer.performSurfacePlacementNoTrace:1083 com.android.server.wm.WindowSurfacePlacer.performSurfacePlacement:166 
2026-02-07 17:45:10.366  2317-2450  SurfaceComposerClient   system_server                        D  setCornerRadius ## ActivityRecord{222203619 u0 com.trainingvalidator.poc/.ui.TrainingActivity t569}#72767 cornerRadius=0.000000
2026-02-07 17:45:10.366  2317-2450  SurfaceComposerClient   system_server                        D  setCornerRadius ## ActivityRecord{34048015 u0 com.trainingvalidator.poc/.ui.report.ReportPagerActivity t569}#72788 cornerRadius=0.000000
2026-02-07 17:45:10.366  7788-7788  InsetsSourceConsumer    com.trainingvalidator.poc            I  applyRequestedVisibilityToControl: visible=false, type=statusBars, host=com.trainingvalidator.poc/com.trainingvalidator.poc.ui.report.ReportPagerActivity
2026-02-07 17:45:10.367  2317-2450  WindowManager           system_server                        V  Calling onTransitionReady: {id=6460 t=OPEN f=0x0 trk=0 r=[0@Point(0, 0)] c=[
                                                                                                            {m=OPEN f=FILLS_TASK|IS_ACTIVITY leash=Surface(name=ActivityRecord{34048015 u0 com.trainingvalidator.poc/.ui.report.ReportPagerActivity t569})/@0x4d61fdb sb=Rect(0, 0 - 0, 0) eb=Rect(0, 0 - 1080, 2316) epz=Point(1080, 2316) d=-1->0 r=-1->0:-1 bc=ff040a01 component=com.trainingvalidator.poc/.ui.report.ReportPagerActivity opt={t=FROM_STYLE mUserId=0} inset=Rect(0, 0 - 0, 0) dim=true taskIdForActivity=569},
                                                                                                            {m=CLOSE f=FILLS_TASK|IS_ACTIVITY|EDGE_EXTENSION_RESTRICTION leash=Surface(name=ActivityRecord{222203619 u0 com.trainingvalidator.poc/.ui.TrainingActivity t569})/@0xea0f7e9 sb=Rect(0, 0 - 1080, 2316) eb=Rect(0, 0 - 1080, 2316) epz=Point(1080, 2316) d=0 bc=ff040a01 component=com.trainingvalidator.poc/.ui.TrainingActivity opt={t=FROM_STYLE mUserId=0} inset=Rect(0, 0 - 0, 0) taskIdForActivity=569 allowAppBgLayer=true}
                                                                                                        ]}
2026-02-07 17:45:10.367  1652-1652  CompositionEngine       surfaceflinger                       D  Layer: com.trainingvalidator.poc/com.trainingvalidator.poc.ui.TrainingActivity$_7788#72769 had an out of bounds transparent region
2026-02-07 17:45:10.369  2317-2450  ActivityTaskManager     system_server                        I  done cause=notifyTransitionStarting drawn timestamp=276282816820646 info=TransitionInfo{d6ee551 a=ActivityRecord{34048015 u0 com.trainingvalidator.poc/.ui.report.ReportPagerActivity t569} d=true}
2026-02-07 17:45:10.371  2317-2446  ActivityTaskManager     system_server                        I  Displayed com.trainingvalidator.poc/.ui.report.ReportPagerActivity for user 0: +329ms
2026-02-07 17:45:10.372  2317-2446  Pageboost               system_server                        I  Launch time gathered : pid 7788 com.trainingvalidator.poc 329
2026-02-07 17:45:10.370  7788-7788  View                    com.trainingvalidator.poc            W  requestLayout() improperly called by android.widget.LinearLayout{e80300b V.E...... ........ 0,22-944,152} during second layout pass: posting in next frame
2026-02-07 17:45:10.372  7788-7788  View                    com.trainingvalidator.poc            W  requestLayout() improperly called by android.widget.LinearLayout{317b3da V.E...... ........ 0,0-450,130} during second layout pass: posting in next frame
2026-02-07 17:45:10.372  7788-7788  View                    com.trainingvalidator.poc            W  requestLayout() improperly called by android.widget.LinearLayout{795943d V.E...... ........ 472,0-922,130} during second layout pass: posting in next frame
2026-02-07 17:45:10.372  7788-7788  View                    com.trainingvalidator.poc            W  requestLayout() improperly called by android.widget.LinearLayout{34a0f2c V.E...... ........ 0,174-944,304} during second layout pass: posting in next frame
2026-02-07 17:45:10.372  7788-7788  View                    com.trainingvalidator.poc            W  requestLayout() improperly called by android.widget.LinearLayout{36906df V.E...... ........ 0,0-450,130} during second layout pass: posting in next frame
2026-02-07 17:45:10.372  7788-7788  View                    com.trainingvalidator.poc            W  requestLayout() improperly called by android.widget.LinearLayout{9409471 V.E...... ........ 472,0-922,130} during second layout pass: posting in next frame
2026-02-07 17:45:10.372  7788-7788  View                    com.trainingvalidator.poc            W  requestLayout() improperly called by android.widget.LinearLayout{87de573 V.E...... ........ 0,326-944,456} during second layout pass: posting in next frame
2026-02-07 17:45:10.372  7788-7788  View                    com.trainingvalidator.poc            W  requestLayout() improperly called by android.widget.LinearLayout{1debde2 V.E...... ........ 0,0-461,130} during second layout pass: posting in next frame
2026-02-07 17:45:10.373  1652-1782  SurfaceFlinger          surfaceflinger                       I  Capture layer list: 	 Background for 571235b SurfaceView[com.trainingvalidator.poc/com.trainingvalidator.poc.ui.TrainingActivity]@0#72778(seamlessTransition:0)
2026-02-07 17:45:10.373  1652-1782  SurfaceFlinger          surfaceflinger                       I  Capture layer list: 	 571235b SurfaceView[com.trainingvalidator.poc/com.trainingvalidator.poc.ui.TrainingActivity]@0(BLAST)#72777(seamlessTransition:0)
2026-02-07 17:45:10.373  1652-1782  SurfaceFlinger          surfaceflinger                       I  Capture layer list: 	 com.trainingvalidator.poc/com.trainingvalidator.poc.ui.TrainingActivity$_7788#72769(seamlessTransition:0)
2026-02-07 17:45:10.373  1652-1782  CompositionEngine       surfaceflinger                       D  Layer: com.trainingvalidator.poc/com.trainingvalidator.poc.ui.TrainingActivity$_7788#72769 had an out of bounds transparent region
2026-02-07 17:45:10.374  1652-1795  RenderEngine            surfaceflinger                       D  [SEC_SF_EFFECTS] drawLayersInternal,1483, Rendering layer 571235b SurfaceView[com.trainingvalidator.poc/com.trainingvalidator.poc.ui.TrainingActivity]@0(BLAST)#72777 at index 1
2026-02-07 17:45:10.374  1652-1795  RenderEngine            surfaceflinger                       D  [SEC_SF_EFFECTS] drawLayersInternal,1483, Rendering layer com.trainingvalidator.poc/com.trainingvalidator.poc.ui.TrainingActivity$_7788#72769 at index 2
2026-02-07 17:45:10.375  1652-1652  CompositionEngine       surfaceflinger                       D  Layer: com.trainingvalidator.poc/com.trainingvalidator.poc.ui.TrainingActivity$_7788#72769 had an out of bounds transparent region
2026-02-07 17:45:10.376  3672-3758  WindowManagerShell      com.android.systemui                 V  onTransitionReady (#6460) android.os.BinderProxy@3b3c30d: {id=6460 t=OPEN f=0x0 trk=0 r=[0@Point(0, 0)] c=[
                                                                                                            {m=OPEN f=FILLS_TASK|IS_ACTIVITY leash=Surface(name=ActivityRecord{34048015 u0 com.trainingvalidator.poc/.ui.report.ReportPagerActivity t569})/@0xa3ed4cf sb=Rect(0, 0 - 0, 0) eb=Rect(0, 0 - 1080, 2316) epz=Point(1080, 2316) d=-1->0 r=-1->0:-1 bc=ff040a01 component=com.trainingvalidator.poc/.ui.report.ReportPagerActivity opt={t=FROM_STYLE mUserId=0} inset=Rect(0, 0 - 0, 0) dim=true taskIdForActivity=569},
                                                                                                            {m=CLOSE f=FILLS_TASK|IS_ACTIVITY|EDGE_EXTENSION_RESTRICTION leash=Surface(name=ActivityRecord{222203619 u0 com.trainingvalidator.poc/.ui.TrainingActivity t569})/@0x8b1de5c sb=Rect(0, 0 - 1080, 2316) eb=Rect(0, 0 - 1080, 2316) epz=Point(1080, 2316) d=0 bc=ff040a01 component=com.trainingvalidator.poc/.ui.TrainingActivity opt={t=FROM_STYLE mUserId=0} inset=Rect(0, 0 - 0, 0) taskIdForActivity=569 allowAppBgLayer=true}
                                                                                                        ]}
2026-02-07 17:45:10.379  3672-3758  SurfaceControlRegistry  com.android.systemui                 I  hide, t=FinishTransaction_SyncId<6460> sc=ActivityRecord{222203619 u0 com.trainingvalidator.poc/.ui.TrainingActivity t569}, caller=android.view.SurfaceControl$Transaction.hide:3583 com.android.wm.shell.transition.Transitions.dispatchReady:1263 com.android.wm.shell.transition.Transitions.onTransitionReady:251 com.android.wm.shell.transition.Transitions$TransitionPlayerImpl$$ExternalSyntheticLambda0.run:13 android.os.Handler.handleCallback:995 android.os.Handler.dispatchMessage:103 
2026-02-07 17:45:10.379  3672-3758  SurfaceControlRegistry  com.android.systemui                 I  show, t=StartTransaction_SyncId<6460> sc=ActivityRecord{34048015 u0 com.trainingvalidator.poc/.ui.report.ReportPagerActivity t569}, caller=android.view.SurfaceControl$Transaction.show:3557 com.android.wm.shell.transition.Transitions.dispatchReady:1279 com.android.wm.shell.transition.Transitions.onTransitionReady:251 com.android.wm.shell.transition.Transitions$TransitionPlayerImpl$$ExternalSyntheticLambda0.run:13 android.os.Handler.handleCallback:995 android.os.Handler.dispatchMessage:103 
2026-02-07 17:45:10.379  3672-3758  SurfaceControlRegistry  com.android.systemui                 I  show, t=FinishTransaction_SyncId<6460> sc=ActivityRecord{34048015 u0 com.trainingvalidator.poc/.ui.report.ReportPagerActivity t569}, caller=android.view.SurfaceControl$Transaction.show:3557 com.android.wm.shell.transition.Transitions.dispatchReady:1330 com.android.wm.shell.transition.Transitions.onTransitionReady:251 com.android.wm.shell.transition.Transitions$TransitionPlayerImpl$$ExternalSyntheticLambda0.run:13 android.os.Handler.handleCallback:995 android.os.Handler.dispatchMessage:103 
2026-02-07 17:45:10.379  3672-3758  SurfaceControlRegistry  com.android.systemui                 I  show, t=StartTransaction_SyncId<6460> sc=Transition Root: ActivityRecord{34048015 u0 com.trainingvalidator.poc/.ui.report.ReportPagerActivity t569}, caller=android.view.SurfaceControl$Transaction.show:3557 com.android.wm.shell.transition.Transitions.playTransition:79 com.android.wm.shell.transition.Transitions.processReadyQueue:239 com.android.wm.shell.transition.Transitions.dispatchReady:1352 com.android.wm.shell.transition.Transitions.onTransitionReady:251 com.android.wm.shell.transition.Transitions$TransitionPlayerImpl$$ExternalSyntheticLambda0.run:13 
2026-02-07 17:45:10.379  2317-2450  SurfaceComposerClient   system_server                        D  setCornerRadius ## 68b153a com.trainingvalidator.poc/com.trainingvalidator.poc.ui.report.ReportPagerActivity#72789 cornerRadius=0.000000
2026-02-07 17:45:10.379  2317-2446  WindowManager           system_server                        V  Sent Transition (#6460) createdAt=02-07 17:45:10.035 via request=TransitionRequestInfo { type = OPEN, triggerTask = TaskInfo{userId=0 taskId=569 effectiveUid=10442 displayId=0 isRunning=true baseIntent=Intent { act=android.intent.action.MAIN cat=[android.intent.category.LAUNCHER] flg=0x10000000 cmp=com.trainingvalidator.poc/.ui.auth.SplashActivity } baseActivity=ComponentInfo{com.trainingvalidator.poc/com.trainingvalidator.poc.ui.main.MainContainerActivity} topActivity=ComponentInfo{com.trainingvalidator.poc/com.trainingvalidator.poc.ui.report.ReportPagerActivity} origActivity=null realActivity=ComponentInfo{com.trainingvalidator.poc/com.trainingvalidator.poc.ui.auth.SplashActivity} numActivities=4 lastActiveTime=508974097 supportsMultiWindow=true resizeMode=1 isResizeable=true minWidth=-1 minHeight=-1 maxWidth=-1 maxHeight=-1 defaultMinSize=220 desktopDefaultMinSize=304 token=WCT{RemoteToken{f672d8b Task{938a9b6 #569 type=standard A=10442:com.trainingvalidator.poc}}} topActivityType=1 pictureInPictureParams=null shouldDockBigOverlays=false launchIntoPipHostTaskId=-1 lastParentTaskIdBeforePip=-1 displayCutoutSafeInsets=Rect(0, 0 - 0, 0) topActivityInfo=ActivityInfo{b8cdeb7 com.trainingvalidator.poc.ui.report.ReportPagerActivity} launchCookies=[] positionInParent=Point(0, 0) parentTaskId=-1 isFocused=true isVisible=true isVisibleRequested=true isTopActivityNoDisplay=false isSleeping=false locusId=null displayAreaFeatureId=1 isTopActivityTransparent=false isActivityStackTransparent=false lastNonFullscreenBounds=Rect(81, 549 - 999, 1707) capturedLink=null capturedLinkTimestamp=0 requestedVisibleTypes=-9 topActivityRequestOpenInBrowserEducationTimestamp=0 appCompatTaskInfo=AppCompatTaskInfo { topActivityInSizeCompat=false eligibleForLetterboxEducation= false isLetterboxEducationEnabled= false isLetterboxDoubleTapEnabled= false eligibleForUserAspectRatioButton= false topActivityBoundsLetterboxed= false isFromLetterboxDoubleTap= false topActivityLetterboxVerticalPosition= -1 topActivityLetterboxHorizontalPosition= -1 topActivityLetterboxWidth=-1 topActivityLetterboxHeight=-1 topActivityAppBounds=Rect(0, 0 - 1080, 2316) isUserFullscreenOverrideEnabled=false isSystemFullscreenOverrideEnabled=false hasMinAspectRatioOverride=false topActivityLetterboxBounds=null cameraCompatTaskInfo=CameraCompatTaskInfo { freeformCameraCompatMode=inactive} topActivityBounds=null topActivityInDisplayCompat=false singleTapFromLetterbox=false} topActivityMainWindowFrame=null originallySupportedMultiWindow=true hasWallpaper=false rootAffinity=10442:com.trainingvalidator.poc isTopTaskInStage=false CoverLauncherWidgetTask=false LaunchedFromAppsCoverLauncherTask=false LaunchedFromMultistarCoverLauncherTask=false isAllowedSeamlessRotation=false isTopTransparentActivity=true isAliasManaged=false hasConfigChanged=false snappingGuideBounds=null isAiKeyRemoveAppTask=false lastDesktopWindowingBounds=null lastExternalDesktopWindowingBounds=null isKeepScreenOn=true safeCutoutInsets=null}, pipChange = null, remoteTransition = null, displayChange = null, flags = 0, debugId = 6460 }
2026-02-07 17:45:10.379  2317-2446  WindowManager           system_server                        V      info={id=6460 t=OPEN f=0x0 trk=0 r=[0@Point(0, 0)] c=[
                                                                                                            {m=OPEN f=FILLS_TASK|IS_ACTIVITY leash=Surface(name=ActivityRecord{34048015 u0 com.trainingvalidator.poc/.ui.report.ReportPagerActivity t569})/@0x4d61fdb sb=Rect(0, 0 - 0, 0) eb=Rect(0, 0 - 1080, 2316) epz=Point(1080, 2316) d=-1->0 r=-1->0:-1 bc=ff040a01 component=com.trainingvalidator.poc/.ui.report.ReportPagerActivity opt={t=FROM_STYLE mUserId=0} inset=Rect(0, 0 - 0, 0) dim=true taskIdForActivity=569},
                                                                                                            {m=CLOSE f=FILLS_TASK|IS_ACTIVITY|EDGE_EXTENSION_RESTRICTION leash=Surface(name=ActivityRecord{222203619 u0 com.trainingvalidator.poc/.ui.TrainingActivity t569})/@0xea0f7e9 sb=Rect(0, 0 - 1080, 2316) eb=Rect(0, 0 - 1080, 2316) epz=Point(1080, 2316) d=0 bc=ff040a01 component=com.trainingvalidator.poc/.ui.TrainingActivity opt={t=FROM_STYLE mUserId=0} inset=Rect(0, 0 - 0, 0) taskIdForActivity=569 allowAppBgLayer=true}
                                                                                                        ]}
2026-02-07 17:45:10.380  2317-2450  SurfaceComposerClient   system_server                        D  setCornerRadius ## 68b153a com.trainingvalidator.poc/com.trainingvalidator.poc.ui.report.ReportPagerActivity#72789 cornerRadius=0.000000
2026-02-07 17:45:10.380  3672-3758  WindowManagerShell      com.android.systemui                 V  Transition doesn't have explicit remote, search filters for match for {id=6460 t=OPEN f=0x0 trk=0 r=[0@Point(0, 0)] c=[{m=OPEN f=FILLS_TASK|IS_ACTIVITY leash=Surface(name=ActivityRecord{34048015 u0 com.trainingvalidator.poc/.ui.report.ReportPagerActivity t569})/@0xa3ed4cf sb=Rect(0, 0 - 0, 0) eb=Rect(0, 0 - 1080, 2316) epz=Point(1080, 2316) d=-1->0 r=-1->0:-1 bc=ff040a01 component=com.trainingvalidator.poc/.ui.report.ReportPagerActivity opt={t=FROM_STYLE mUserId=0} inset=Rect(0, 0 - 0, 0) dim=true taskIdForActivity=569},{m=CLOSE f=FILLS_TASK|IS_ACTIVITY|EDGE_EXTENSION_RESTRICTION leash=Surface(name=ActivityRecord{222203619 u0 com.trainingvalidator.poc/.ui.TrainingActivity t569})/@0x8b1de5c sb=Rect(0, 0 - 1080, 2316) eb=Rect(0, 0 - 1080, 2316) epz=Point(1080, 2316) d=0 bc=ff040a01 component=com.trainingvalidator.poc/.ui.TrainingActivity opt={t=FROM_STYLE mUserId=0} inset=Rect(0, 0 - 0, 0) taskIdForActivity=569 allowAppBgLayer=true}]}
2026-02-07 17:45:10.380  3672-3758  WindowManagerShell      com.android.systemui                 V  start default transition animation, info = {id=6460 t=OPEN f=0x0 trk=0 r=[0@Point(0, 0)] c=[{m=OPEN f=FILLS_TASK|IS_ACTIVITY leash=Surface(name=ActivityRecord{34048015 u0 com.trainingvalidator.poc/.ui.report.ReportPagerActivity t569})/@0xa3ed4cf sb=Rect(0, 0 - 0, 0) eb=Rect(0, 0 - 1080, 2316) epz=Point(1080, 2316) d=-1->0 r=-1->0:-1 bc=ff040a01 component=com.trainingvalidator.poc/.ui.report.ReportPagerActivity opt={t=FROM_STYLE mUserId=0} inset=Rect(0, 0 - 0, 0) dim=true taskIdForActivity=569},{m=CLOSE f=FILLS_TASK|IS_ACTIVITY|EDGE_EXTENSION_RESTRICTION leash=Surface(name=ActivityRecord{222203619 u0 com.trainingvalidator.poc/.ui.TrainingActivity t569})/@0x8b1de5c sb=Rect(0, 0 - 1080, 2316) eb=Rect(0, 0 - 1080, 2316) epz=Point(1080, 2316) d=0 bc=ff040a01 component=com.trainingvalidator.poc/.ui.TrainingActivity opt={t=FROM_STYLE mUserId=0} inset=Rect(0, 0 - 0, 0) taskIdForActivity=569 allowAppBgLayer=true}]}
2026-02-07 17:45:10.381  3672-3758  WindowManagerShell      com.android.systemui                 V     change={m=CLOSE f=FILLS_TASK|IS_ACTIVITY|EDGE_EXTENSION_RESTRICTION leash=Surface(name=ActivityRecord{222203619 u0 com.trainingvalidator.poc/.ui.TrainingActivity t569})/@0x8b1de5c sb=Rect(0, 0 - 1080, 2316) eb=Rect(0, 0 - 1080, 2316) epz=Point(1080, 2316) d=0 bc=ff040a01 component=com.trainingvalidator.poc/.ui.TrainingActivity opt={t=FROM_STYLE mUserId=0} inset=Rect(0, 0 - 0, 0) taskIdForActivity=569 allowAppBgLayer=true}
2026-02-07 17:45:10.382  3672-3758  SurfaceComposerClient   com.android.systemui                 D  [ActivityRecord{222203619 u0 com.trainingvalidator.poc/.ui.TrainingActivity t569}#72767] setEdgeExtension Right
2026-02-07 17:45:10.382  1652-3304  SurfaceFlinger          surfaceflinger                       I  id=72794 createSurf, flag=84000, c10a35 ActivityRecordInputSink com.trainingvalidator.poc/.ui.report.ReportPagerActivity#72794
2026-02-07 17:45:10.382  3672-3758  WindowManagerShell      com.android.systemui                 V     change={m=OPEN f=FILLS_TASK|IS_ACTIVITY leash=Surface(name=ActivityRecord{34048015 u0 com.trainingvalidator.poc/.ui.report.ReportPagerActivity t569})/@0xa3ed4cf sb=Rect(0, 0 - 0, 0) eb=Rect(0, 0 - 1080, 2316) epz=Point(1080, 2316) d=-1->0 r=-1->0:-1 bc=ff040a01 component=com.trainingvalidator.poc/.ui.report.ReportPagerActivity opt={t=FROM_STYLE mUserId=0} inset=Rect(0, 0 - 0, 0) dim=true taskIdForActivity=569}
2026-02-07 17:45:10.383  1652-1782  SurfaceFlinger          surfaceflinger                       I  id=72795 createSurf, flag=20004, DimTransitionLayer for Surface(name=ActivityRecord{34048015 u0 com.trainingvalidator.poc/.ui.report.ReportPagerActivity t569})/@0xa3ed4cf#72795
2026-02-07 17:45:10.383  3672-3758  SurfaceControlRegistry  com.android.systemui                 I  show, t=StartTransaction_SyncId<6460> sc=DimTransitionLayer for Surface(name=ActivityRecord{34048015 u0 com.trainingvalidator.poc/.ui.report.ReportPagerActivity t569})/@0xa3ed4cf, caller=android.view.SurfaceControl$Transaction.show:3557 com.android.wm.shell.transition.DefaultTransitionHandler.startAnimation:2931 com.android.wm.shell.transition.Transitions.dispatchTransition:90 com.android.wm.shell.transition.Transitions.playTransition:774 com.android.wm.shell.transition.Transitions.processReadyQueue:239 com.android.wm.shell.transition.Transitions.dispatchReady:1352 
2026-02-07 17:45:10.384  3672-3758  WindowManagerShell      com.android.systemui                 V  attach dim transition, change={m=OPEN f=FILLS_TASK|IS_ACTIVITY leash=Surface(name=ActivityRecord{34048015 u0 com.trainingvalidator.poc/.ui.report.ReportPagerActivity t569})/@0xa3ed4cf sb=Rect(0, 0 - 0, 0) eb=Rect(0, 0 - 1080, 2316) epz=Point(1080, 2316) d=-1->0 r=-1->0:-1 bc=ff040a01 component=com.trainingvalidator.poc/.ui.report.ReportPagerActivity opt={t=FROM_STYLE mUserId=0} inset=Rect(0, 0 - 0, 0) dim=true taskIdForActivity=569}
2026-02-07 17:45:10.391  1652-1652  SurfaceFlinger          surfaceflinger                       E  alpha changed 1.000 -> 0.000 - ActivityRecord{34048015 u0 com.trainingvalidator.poc/.ui.report.ReportPagerActivity t569}#72788
2026-02-07 17:45:10.391  1652-1652  SurfaceFlinger          surfaceflinger                       I  RequestedLayer [68b153a com.trainingvalidator.poc/co[...].ui.report.ReportPagerActivity#72789] hidden!! flag  from(1) --> to(0)
2026-02-07 17:45:10.391  1652-1652  SurfaceFlinger          surfaceflinger                       I  RequestedLayer [com.trainingvalidator.poc/com.traini[...]port.ReportPagerActivity$_7788#72790] hidden!! flag  from(1) --> to(0)
2026-02-07 17:45:10.391  1652-1652  SurfaceFlinger          surfaceflinger                       E  alpha changed 1.000 -> 0.000 - DimTransitionLayer for Surface(name=ActivityRecord{34048015 u0 com.trainingvalidator.poc/.ui.report.ReportPagerActivity t569})/@0xa3ed4cf#72795
2026-02-07 17:45:10.391  1652-1652  SurfaceFlinger          surfaceflinger                       E  alpha changed 0.000 -> 1.000 - ActivityRecord{34048015 u0 com.trainingvalidator.poc/.ui.report.ReportPagerActivity t569}#72788
2026-02-07 17:45:10.391  1652-1652  SurfaceFlinger          surfaceflinger                       E  alpha changed 0.000 -> 0.000 - DimTransitionLayer for Surface(name=ActivityRecord{34048015 u0 com.trainingvalidator.poc/.ui.report.ReportPagerActivity t569})/@0xa3ed4cf#72795
2026-02-07 17:45:10.391  1652-1652  SurfaceFlinger          surfaceflinger                       I  [LayerHierarchy{RequestedLayerState{ActivityRecord{222203619 u0 com.trainingvalidator.poc/.ui.TrainingActivity t569}#72767 parentId=72793 z=2} 3 children}] reparent to LayerHierarchy{RequestedLayerState{Transition Root: ActivityRecord{34048015 u0 com.trainingvalidator.poc/.ui.report.ReportPagerActivity t569}#72793 parentId=72587 z=3} 1 children}
2026-02-07 17:45:10.391  1652-1652  SurfaceFlinger          surfaceflinger                       I  [LayerHierarchy{RequestedLayerState{ActivityRecord{34048015 u0 com.trainingvalidator.poc/.ui.report.ReportPagerActivity t569}#72788 parentId=72793 z=5} 1 children}] reparent to LayerHierarchy{RequestedLayerState{Transition Root: ActivityRecord{34048015 u0 com.trainingvalidator.poc/.ui.report.ReportPagerActivity t569}#72793 parentId=72587 z=3} 2 children}
2026-02-07 17:45:10.391  1652-1652  SurfaceFlinger          surfaceflinger                       I  [c10a35 ActivityRecordInputSink com.trainingvalidator.poc/.ui.report.ReportPagerActivity#72794] attach to parent LayerHierarchy{RequestedLayerState{ActivityRecord{34048015 u0 com.trainingvalidator.poc/.ui.report.ReportPagerActivity t569}#72788 parentId=72793 z=5} 2 children}
2026-02-07 17:45:10.391  1652-1652  SurfaceFlinger          surfaceflinger                       I  [DimTransitionLayer for Surface(name=ActivityRecord{34048015 u0 com.trainingvalidator.poc/.ui.report.ReportPagerActivity t569})/@0xa3ed4cf#72795] attach to parent LayerHierarchy{RequestedLayerState{Transition Root: ActivityRecord{34048015 u0 com.trainingvalidator.poc/.ui.report.ReportPagerActivity t569}#72793 parentId=72587 z=3} 3 children}
2026-02-07 17:45:10.393  1652-1652  CompositionEngine       surfaceflinger                       E  [571235b SurfaceView[com.trainingvalidator.poc/com.trainingvalidator.poc.ui.TrainingActivity]@0(BLAST)#72777] Invalid device requested composition type change: Client (1) --> Client (1)
2026-02-07 17:45:10.396  2317-3823  InputDispatcher         system_server                        D  Focus entered window (0): 68b153a com.trainingvalidator.poc/com.trainingvalidator.poc.ui.report.ReportPagerActivity
2026-02-07 17:45:10.397  7788-7788  VRI[Report...y]@c65b06b com.trainingvalidator.poc            D  mThreadedRenderer.initializeIfNeeded()#2 mSurface={isValid=true 0xb400007096c28150}
2026-02-07 17:45:10.398  7788-7788  InputMethodManagerUtils com.trainingvalidator.poc            D  startInputInner - Id : 0
