2026-02-07 17:44:30.163  1652-1652  SurfaceFlinger          surfaceflinger                       I  RequestedLayer [com.trainingvalidator.poc/com.traini[...]oc.ui.PreWorkoutActivity$_7788#72760] hidden!! flag  from(0) --> to(1)
2026-02-07 17:44:30.163  1652-1652  SurfaceFlinger          surfaceflinger                       I  destroyed DimTransitionLayer for Surface(name=ActivityRecord{222203619 u0 com.trainingvalidator.poc/.ui.TrainingActivity t569})/@0xa8e310#72773 form LifecycleManager
2026-02-07 17:44:30.163  1652-1652  SurfaceFlinger          surfaceflinger                       I  destroyed Transition Root: ActivityRecord{222203619 u0 com.trainingvalidator.poc/.ui.TrainingActivity t569}#72772 form LifecycleManager
2026-02-07 17:44:30.164  1652-1652  SurfaceFlinger          surfaceflinger                       I  id=72773 onLayerDestroyed from LayerHierarchyBuilder(RequestedLayerState{DimTransitionLayer for Surface(name=ActivityRecord{222203619 u0 com.trainingvalidator.poc/.ui.TrainingActivity t569})/@0xa8e310#72773 !handle z=-1})
2026-02-07 17:44:30.164  1652-1652  SurfaceFlinger          surfaceflinger                       I  id=72772 onLayerDestroyed from LayerHierarchyBuilder(RequestedLayerState{Transition Root: ActivityRecord{222203619 u0 com.trainingvalidator.poc/.ui.TrainingActivity t569}#72772 !handle z=2})
2026-02-07 17:44:30.164  1652-1652  Layer                   surfaceflinger                       I  id=72773 Destroyed DimTransitionLayer for Surface(name=ActivityRecord{222203619 u0 com.trainingvalidator.poc/.ui.TrainingActivity t569})/@0xa8e310#72773
2026-02-07 17:44:30.164  1652-1652  Layer                   surfaceflinger                       I  id=72772 Destroyed Transition Root: ActivityRecord{222203619 u0 com.trainingvalidator.poc/.ui.TrainingActivity t569}#72772
2026-02-07 17:44:30.165  1652-1652  CompositionEngine       surfaceflinger                       D  Layer: com.trainingvalidator.poc/com.trainingvalidator.poc.ui.TrainingActivity$_7788#72769 had an out of bounds transparent region
2026-02-07 17:44:30.166  2317-2450  SurfaceComposerClient   system_server                        D  setCornerRadius ## 8c9327 com.trainingvalidator.poc/com.trainingvalidator.poc.ui.TrainingActivity#72768 cornerRadius=0.000000
2026-02-07 17:44:30.170  7788-7788  VRI[PreWor...y]@2d5cc13 com.trainingvalidator.poc            I  Relayout returned: old=(0,0,1080,2316) new=(0,0,1080,2316) relayoutAsync=false req=(1080,2316)8 dur=7 res=0x2 s={false 0x0} ch=true seqId=0
2026-02-07 17:44:30.171  7788-7788  VRI[PreWor...y]@2d5cc13 com.trainingvalidator.poc            D  Not drawing due to not visible. Reason=!mAppVisible && !mForceDecorViewVisibility
2026-02-07 17:44:30.176  7788-7788  VRI[PreWor...y]@2d5cc13 com.trainingvalidator.poc            I  stopped(true) old = false
2026-02-07 17:44:30.176  7788-7788  VRI[PreWor...y]@2d5cc13 com.trainingvalidator.poc            D  WindowStopped on com.trainingvalidator.poc/com.trainingvalidator.poc.ui.PreWorkoutActivity set to true
2026-02-07 17:44:30.190  2317-2449  SGM:FgCheckThread       system_server                        D  getForegroundApp(), foregroundPkgName=com.trainingvalidator.poc
2026-02-07 17:44:30.190  2317-6527  WindowManager           system_server                        E  win=Window{c4750f6 u0 com.trainingvalidator.poc/com.trainingvalidator.poc.ui.PreWorkoutActivity} destroySurfaces: appStopped=true cleanupOnResume=false win.mWindowRemovalAllowed=false win.mRemoveOnExit=false win.mViewVisibility=8 caller=com.android.server.wm.ActivityRecord.destroySurfaces:25 com.android.server.wm.ActivityRecord.activityStopped:192 com.android.server.wm.ActivityClientController.activityStopped:97 android.app.IActivityClientController$Stub.onTransact:740 com.android.server.wm.ActivityClientController.onTransact:1 android.os.Binder.execTransactInternal:1462 android.os.Binder.execTransact:1401 
2026-02-07 17:44:30.190  2317-2449  SGM:FgCheckThread       system_server                        D  pkgName: com.trainingvalidator.poc is in foreground
2026-02-07 17:44:30.197  1652-1652  SurfaceFlinger          surfaceflinger                       I  [LayerHierarchy{RequestedLayerState{com.trainingvalidator.poc/com.trainingvalidator.poc.ui.PreWorkoutActivity$_7788#72760} no children}] reparent to OffscreenRoot
2026-02-07 17:44:30.197  1652-1652  SurfaceFlinger          surfaceflinger                       I  [LayerHierarchy{RequestedLayerState{com.trainingvalidator.poc/com.trainingvalidator.poc.ui.PreWorkoutActivity$_7788#72760} no children}] RelativeParent to null
2026-02-07 17:44:30.197  1652-1652  SurfaceFlinger          surfaceflinger                       I  id=72760 Removed com.trainingvalidator.poc/com.trainingvalidator.poc.ui.PreWorkoutActivity$_7788#72760 (221)
2026-02-07 17:44:30.198  1652-1652  CompositionEngine       surfaceflinger                       D  Layer: com.trainingvalidator.poc/com.trainingvalidator.poc.ui.TrainingActivity$_7788#72769 had an out of bounds transparent region
2026-02-07 17:44:30.204  7788-8042  TextToSpeech            com.trainingvalidator.poc            I  Connected to TTS engine
2026-02-07 17:44:30.205  1652-1652  SurfaceFlinger          surfaceflinger                       I  destroyed com.trainingvalidator.poc/com.trainingvalidator.poc.ui.PreWorkoutActivity$_7788#72760 form LifecycleManager
2026-02-07 17:44:30.205  1652-1652  SurfaceFlinger          surfaceflinger                       I  id=72760 onLayerDestroyed from LayerHierarchyBuilder(RequestedLayerState{com.trainingvalidator.poc/com.trainingvalidator.poc.ui.PreWorkoutActivity$_7788#72760 !handle})
2026-02-07 17:44:30.206  1652-1652  Layer                   surfaceflinger                       I  id=72760 Destroyed com.trainingvalidator.poc/com.trainingvalidator.poc.ui.PreWorkoutActivity$_7788#72760
2026-02-07 17:44:30.206  1652-1652  CompositionEngine       surfaceflinger                       D  Layer: com.trainingvalidator.poc/com.trainingvalidator.poc.ui.TrainingActivity$_7788#72769 had an out of bounds transparent region
2026-02-07 17:44:30.312  7788-8876  tflite                  com.trainingvalidator.poc            I  Replacing 332 out of 332 node(s) with delegate (unknown) node, yielding 1 partitions for subgraph 0.
2026-02-07 17:44:30.322  7788-8876  tflite                  com.trainingvalidator.poc            I  Replacing 332 out of 332 node(s) with delegate (unknown) node, yielding 1 partitions for subgraph 0.
2026-02-07 17:44:30.337  2317-2449  SGM:GameManager         system_server                        D  identifyForegroundApp. com.trainingvalidator.poc, mCurrentUserId: 0, callerUserId: 0
2026-02-07 17:44:30.459  7788-8887  ngvalidator.poc         com.trainingvalidator.poc            W  Long monitor contention with owner CameraX-core_camera_1 (8365) at void android.hardware.camera2.impl.CameraDeviceImpl.waitUntilIdle()(CameraDeviceImpl.java:1762) waiters=0 in void android.hardware.camera2.impl.CameraDeviceImpl$6.run() for 613ms
2026-02-07 17:44:30.459  7788-8365  SyncCaptureSessionImpl  com.trainingvalidator.poc            D  [androidx.camera.camera2.internal.SynchronizedCaptureSessionImpl@515e6c3] Session onConfigured()
2026-02-07 17:44:30.460  7788-8365  CaptureSession          com.trainingvalidator.poc            D  Attempting to send capture request onConfigured
2026-02-07 17:44:30.460  7788-8365  CaptureSession          com.trainingvalidator.poc            D  Issuing request for session.
2026-02-07 17:44:30.460  7788-8365  Camera2Cap...estBuilder com.trainingvalidator.poc            D  createCaptureRequest
2026-02-07 17:44:30.461  7788-8365  Camera2Cap...estBuilder com.trainingvalidator.poc            D  applyAeFpsRange: expectedFrameRateRange = [0, 0]
2026-02-07 17:44:30.461  7788-8365  Camera2Cap...estBuilder com.trainingvalidator.poc            D  applyVideoStabilization: mode = null
2026-02-07 17:44:30.467  1952-8883  CameraService           cameraserver                         I  startCameraStreamingOps: Start camera streaming ops, package name = com.trainingvalidator.poc, client UID = 10442
2026-02-07 17:44:30.468  7788-8365  CaptureSession          com.trainingvalidator.poc            D  CameraCaptureSession.onConfigured() mState=OPENED
2026-02-07 17:44:30.469  7788-8365  CaptureSession          com.trainingvalidator.poc            D  CameraCaptureSession.onReady() OPENED
2026-02-07 17:44:30.470  1952-8883  CameraServ...oxyWrapper cameraserver                         I  updateProxyDeviceState: notifyCameraState for Camera ID 1, newState 1, facing 1, clientName com.trainingvalidator.poc, apiLevel 2
2026-02-07 17:44:30.470  2317-3824  CameraService_proxy     system_server                        I  wmi.addRefreshRateRangeForPackage minFPS = 30.000002, maxFPS = 60.0, clientName = com.trainingvalidator.poc
2026-02-07 17:44:30.471  2317-2450  SurfaceComposerClient   system_server                        D  setCornerRadius ## 8c9327 com.trainingvalidator.poc/com.trainingvalidator.poc.ui.TrainingActivity#72768 cornerRadius=0.000000
2026-02-07 17:44:30.471  2317-3824  CameraManagerGlobal     system_server                        I  Camera 1 facing CAMERA_FACING_FRONT state now CAMERA_STATE_ACTIVE for client com.trainingvalidator.poc API Level 2 User Id 0Device Id 0
2026-02-07 17:44:30.471  3672-3828  CameraManagerGlobal     com.android.systemui                 I  Camera 1 facing CAMERA_FACING_FRONT state now CAMERA_STATE_ACTIVE for client com.trainingvalidator.poc API Level 2 User Id 0Device Id 0
2026-02-07 17:44:30.471  2317-2487  SensorPrivacyService    system_server                        D  onOpNoted  com.trainingvalidator.poc  code=26  uid=10442
2026-02-07 17:44:30.471  2317-2450  SurfaceComposerClient   system_server                        D  setCornerRadius ## 8c9327 com.trainingvalidator.poc/com.trainingvalidator.poc.ui.TrainingActivity#72768 cornerRadius=0.000000
2026-02-07 17:44:30.471  3957-4078  CameraManagerGlobal     com.sec.sve                          I  Camera 1 facing CAMERA_FACING_FRONT state now CAMERA_STATE_ACTIVE for client com.trainingvalidator.poc API Level 2 User Id 0Device Id 0
2026-02-07 17:44:30.471 25849-31343 CameraManagerGlobal     com...ooglequicksearchbox:googleapp  I  Camera 1 facing CAMERA_FACING_FRONT state now CAMERA_STATE_ACTIVE for client com.trainingvalidator.poc API Level 2 User Id 0Device Id 0
2026-02-07 17:44:30.471  6574-10039 CameraManagerGlobal     com.sec.android.sdhms                I  Camera 1 facing CAMERA_FACING_FRONT state now CAMERA_STATE_ACTIVE for client com.trainingvalidator.poc API Level 2 User Id 0Device Id 0
2026-02-07 17:44:30.471 30536-7980  CameraManagerGlobal     com.samsung.android.scloud           I  Camera 1 facing CAMERA_FACING_FRONT state now CAMERA_STATE_ACTIVE for client com.trainingvalidator.poc API Level 2 User Id 0Device Id 0
2026-02-07 17:44:30.472  6734-7082  CameraManagerGlobal     com.samsung.android.mcfds            I  Camera 1 facing CAMERA_FACING_FRONT state now CAMERA_STATE_ACTIVE for client com.trainingvalidator.poc API Level 2 User Id 0Device Id 0
2026-02-07 17:44:30.472  6456-17483 CameraManagerGlobal     com...ng.android.service.aircommand  I  Camera 1 facing CAMERA_FACING_FRONT state now CAMERA_STATE_ACTIVE for client com.trainingvalidator.poc API Level 2 User Id 0Device Id 0
2026-02-07 17:44:30.473  7788-8363  CameraManagerGlobal     com.trainingvalidator.poc            I  Camera 1 facing CAMERA_FACING_FRONT state now CAMERA_STATE_ACTIVE for client com.trainingvalidator.poc API Level 2 User Id 0Device Id 0
2026-02-07 17:44:30.474  2317-2450  SurfaceComposerClient   system_server                        D  setCornerRadius ## 8c9327 com.trainingvalidator.poc/com.trainingvalidator.poc.ui.TrainingActivity#72768 cornerRadius=0.000000
2026-02-07 17:44:30.475  7788-8036  PoseLandmarkerHelper    com.trainingvalidator.poc            D  PoseLandmarker initialized successfully with GPU=true, Model=Full (Balanced)
2026-02-07 17:44:30.477  7788-7788  TrainingActivity        com.trainingvalidator.poc            D  Pose detection ready
2026-02-07 17:44:30.477 23550-27403 CameraManagerGlobal     com...sung.android.vtcamerasettings  I  Camera 1 facing CAMERA_FACING_FRONT state now CAMERA_STATE_ACTIVE for client com.trainingvalidator.poc API Level 2 User Id 0Device Id 0
2026-02-07 17:44:30.478  1652-1652  LayerHistory            surfaceflinger                       I  com.trainingvalidator.poc/com.trainingvalidator.poc.ui.TrainingActivity$_7788#72769 Max (can't resolve refresh rate)
2026-02-07 17:44:30.479  7788-8368  TransportR...EventStore com.trainingvalidator.poc            D  Storing event with priority=DEFAULT, name=COREML_ON_DEVICE_SOLUTIONS for destination cct
2026-02-07 17:44:30.487  2317-2447  SurfaceComposerClient   system_server                        D  setCornerRadius ## 8c9327 com.trainingvalidator.poc/com.trainingvalidator.poc.ui.TrainingActivity#72768 cornerRadius=0.000000
2026-02-07 17:44:30.490  7788-8368  TransportR...oScheduler com.trainingvalidator.poc            D  Scheduling upload for context TransportContext(cct, DEFAULT, MSRodHRwczovL2ZpcmViYXNlbG9nZ2luZy5nb29nbGVhcGlzLmNvbS92MGNjL2xvZy9iYXRjaD9mb3JtYXQ9anNvbl9wcm90bzNc) with jobId=898246501 in 886154ms(Backend next call timestamp 1770479956644). Attempt 1
2026-02-07 17:44:30.511  6883-6912  CameraManagerGlobal     com.samsung.android.wifi.ai          I  Camera 1 facing CAMERA_FACING_FRONT state now CAMERA_STATE_ACTIVE for client com.trainingvalidator.poc API Level 2 User Id 0Device Id 0
2026-02-07 17:44:30.589  7788-8039  TextToSpeech            com.trainingvalidator.poc            I  Setting up the connection to TTS engine...
2026-02-07 17:44:30.665  7788-7788  AudioFeedbackPlayer     com.trainingvalidator.poc            D  TTS initialized with language: ar
2026-02-07 17:44:30.681  7788-8367  StreamStateObserver     com.trainingvalidator.poc            D  Update Preview stream state to STREAMING
2026-02-07 17:44:30.683  7788-8363  BLASTBufferQueue        com.trainingvalidator.poc            I  [571235b SurfaceView[com.trainingvalidator.poc/com.trainingvalidator.poc.ui.TrainingActivity]@0#16](f:0,a:0,s:0) onFrameAvailable the first frame is available
2026-02-07 17:44:30.683  7788-8363  SurfaceComposerClient   com.trainingvalidator.poc            I  apply transaction with the first frame. layerId: 72777, bufferData(ID: 33449205301344, frameNumber: 1)
2026-02-07 17:44:30.684  1652-3304  SurfaceFlinger          surfaceflinger                       I  [571235b SurfaceView[com.trainingvalidator.poc/com.trainingvalidator.poc.ui.TrainingActivity]@0(BLAST)#72777] setTransactionState with the first frame. bufferData(ID: 33449205301344, frameNumber: 1)
2026-02-07 17:44:30.690  1652-1652  CompositionEngine       surfaceflinger                       D  Layer: com.trainingvalidator.poc/com.trainingvalidator.poc.ui.TrainingActivity$_7788#72769 had an out of bounds transparent region
2026-02-07 17:44:30.692  1652-1652  SurfaceFlinger          surfaceflinger                       D  Display 4630947232161729154 HWC layers:
                                                                                                           CLIENT |           33449205301344 | 00000102 | 0x0000022    |    0.0  408.0 1440.0 1080.0 |    0    0 1080 2316 | 571235b SurfaceView[com.trainingvali[...].ui.TrainingActivity]@0(BLAST)#72777 (1)
                                                                                                           DEVICE |           33449205301341 | 00002100 | RGBA_8888    |    0.0    0.0 1080.0 2316.0 |    0    0 1080 2316 | com.trainingvalidator.poc/com.traini[...].poc.ui.TrainingActivity$_7788#72769 (11)
                                                                                                    
2026-02-07 17:44:30.789  7788-8868  native                  com.trainingvalidator.poc            I  I0000 00:00:1770479070.789303    8868 jni_util.cc:43] GetEnv: not attached
2026-02-07 17:44:30.821  7788-8871  native                  com.trainingvalidator.poc            I  I0000 00:00:1770479070.821767    8871 jni_util.cc:43] GetEnv: not attached
2026-02-07 17:44:30.878  7788-8869  native                  com.trainingvalidator.poc            I  I0000 00:00:1770479070.878696    8869 jni_util.cc:43] GetEnv: not attached
2026-02-07 17:44:30.924  7788-8875  native                  com.trainingvalidator.poc            I  I0000 00:00:1770479070.924383    8875 jni_util.cc:43] GetEnv: not attached
2026-02-07 17:44:30.965  7788-8873  native                  com.trainingvalidator.poc            I  I0000 00:00:1770479070.965889    8873 jni_util.cc:43] GetEnv: not attached
2026-02-07 17:44:30.992  2317-6527  SurfaceComposerClient   system_server                        D  setCornerRadius ## 8c9327 com.trainingvalidator.poc/com.trainingvalidator.poc.ui.TrainingActivity#72768 cornerRadius=0.000000
2026-02-07 17:44:30.998  2317-6527  InsetsSourceProvider    system_server                        D  updateFakeControlTarget: fakeControl=InsetsSourceControl: {b5160000 mType=statusBars mSurfacePosition=Point(0, 0) mInsetsHint=Insets{left=0, top=0, right=0, bottom=0}}, fakeTarget=Window{8c9327 u0 com.trainingvalidator.poc/com.trainingvalidator.poc.ui.TrainingActivity}
2026-02-07 17:44:30.998  2317-6527  SurfaceComposerClient   system_server                        D  setCornerRadius ## 8c9327 com.trainingvalidator.poc/com.trainingvalidator.poc.ui.TrainingActivity#72768 cornerRadius=0.000000
2026-02-07 17:44:31.010  1652-1652  CompositionEngine       surfaceflinger                       D  Layer: com.trainingvalidator.poc/com.trainingvalidator.poc.ui.TrainingActivity$_7788#72769 had an out of bounds transparent region
2026-02-07 17:44:31.023  1652-1652  CompositionEngine       surfaceflinger                       D  Layer: com.trainingvalidator.poc/com.trainingvalidator.poc.ui.TrainingActivity$_7788#72769 had an out of bounds transparent region
2026-02-07 17:44:31.030  2317-2449  SurfaceComposerClient   system_server                        D  setCornerRadius ## 8c9327 com.trainingvalidator.poc/com.trainingvalidator.poc.ui.TrainingActivity#72768 cornerRadius=0.000000
2026-02-07 17:44:31.030  2317-2449  SurfaceComposerClient   system_server                        D  setCornerRadius ## 8c9327 com.trainingvalidator.poc/com.trainingvalidator.poc.ui.TrainingActivity#72768 cornerRadius=0.000000
2026-02-07 17:44:31.032  2317-2450  SurfaceComposerClient   system_server                        D  setCornerRadius ## 8c9327 com.trainingvalidator.poc/com.trainingvalidator.poc.ui.TrainingActivity#72768 cornerRadius=0.000000
2026-02-07 17:44:31.032  7788-7788  VRI[Traini...y]@874a58e com.trainingvalidator.poc            I  handleResized, frames=ClientWindowFrames{frame=[0,0][1080,2316] display=[0,0][1080,2316] parentFrame=[0,0][0,0]} displayId=0 dragResizing=false compatScale=1.0 frameChanged=false attachedFrameChanged=false configChanged=false displayChanged=false compatScaleChanged=false dragResizingChanged=false
2026-02-07 17:44:31.040  1652-1652  CompositionEngine       surfaceflinger                       D  Layer: com.trainingvalidator.poc/com.trainingvalidator.poc.ui.TrainingActivity$_7788#72769 had an out of bounds transparent region
2026-02-07 17:44:31.076  1652-1652  CompositionEngine       surfaceflinger                       D  Layer: com.trainingvalidator.poc/com.trainingvalidator.poc.ui.TrainingActivity$_7788#72769 had an out of bounds transparent region
2026-02-07 17:44:31.083  7788-7788  SessionSupervisor       com.trainingvalidator.poc            D  State: SETUP_POSE → COUNTDOWN
2026-02-07 17:44:31.083  7788-7788  SessionSupervisor       com.trainingvalidator.poc            D  Pose confirmed - starting countdown
2026-02-07 17:44:31.084  7788-7788  CountdownController     com.trainingvalidator.poc            D  Starting countdown from 3
2026-02-07 17:44:31.090  7788-7788  CountdownController     com.trainingvalidator.poc            D  Countdown tick: 3
2026-02-07 17:44:31.092  1652-1652  CompositionEngine       surfaceflinger                       D  Layer: com.trainingvalidator.poc/com.trainingvalidator.poc.ui.TrainingActivity$_7788#72769 had an out of bounds transparent region
2026-02-07 17:44:31.094  7788-7788  AudioFeedbackPlayer     com.trainingvalidator.poc            D  No audio URL, using TTS for: 3...
2026-02-07 17:44:31.099  1652-1652  SurfaceFlinger          surfaceflinger                       D  Display 4630947232161729154 HWC layers:
                                                                                                           CLIENT |           33449205301350 | 00000102 | 0x0000022    |    0.0  408.0 1440.0 1080.0 |    0    0 1080 2316 | 571235b SurfaceView[com.trainingvali[...].ui.TrainingActivity]@0(BLAST)#72777 (12)
                                                                                                           DEVICE |           33449205301341 | 00002100 | RGBA_8888    |    0.0    0.0 1080.0 2316.0 |    0    0 1080 2316 | com.trainingvalidator.poc/com.traini[...].poc.ui.TrainingActivity$_7788#72769 (19)
                                                                                                           DEVICE |           15771119952025 | 00002100 | RGBA_8888    |    0.0   73.0 1080.0   75.0 |    0    0 1080    2 | StatusBar$_3672#108 (108858)
                                                                                                    
2026-02-07 17:44:31.106  7788-7788  AudioFeedbackPlayer     com.trainingvalidator.poc            D  Playing TTS: 3
2026-02-07 17:44:31.108  1652-1652  CompositionEngine       surfaceflinger                       D  Layer: com.trainingvalidator.poc/com.trainingvalidator.poc.ui.TrainingActivity$_7788#72769 had an out of bounds transparent region
2026-02-07 17:44:31.126  1652-1652  CompositionEngine       surfaceflinger                       D  Layer: com.trainingvalidator.poc/com.trainingvalidator.poc.ui.TrainingActivity$_7788#72769 had an out of bounds transparent region
2026-02-07 17:44:31.142  1652-1652  CompositionEngine       surfaceflinger                       D  Layer: com.trainingvalidator.poc/com.trainingvalidator.poc.ui.TrainingActivity$_7788#72769 had an out of bounds transparent region
2026-02-07 17:44:31.159  1652-1652  CompositionEngine       surfaceflinger                       D  Layer: com.trainingvalidator.poc/com.trainingvalidator.poc.ui.TrainingActivity$_7788#72769 had an out of bounds transparent region
2026-02-07 17:44:31.173  1652-1652  CompositionEngine       surfaceflinger                       D  Layer: com.trainingvalidator.poc/com.trainingvalidator.poc.ui.TrainingActivity$_7788#72769 had an out of bounds transparent region
2026-02-07 17:44:31.190  1652-1652  CompositionEngine       surfaceflinger                       D  Layer: com.trainingvalidator.poc/com.trainingvalidator.poc.ui.TrainingActivity$_7788#72769 had an out of bounds transparent region
2026-02-07 17:44:31.195  7788-8872  native                  com.trainingvalidator.poc            I  I0000 00:00:1770479071.194936    8872 jni_util.cc:43] GetEnv: not attached
2026-02-07 17:44:31.207  1652-1652  CompositionEngine       surfaceflinger                       D  Layer: com.trainingvalidator.poc/com.trainingvalidator.poc.ui.TrainingActivity$_7788#72769 had an out of bounds transparent region
2026-02-07 17:44:31.225  1652-1652  CompositionEngine       surfaceflinger                       D  Layer: com.trainingvalidator.poc/com.trainingvalidator.poc.ui.TrainingActivity$_7788#72769 had an out of bounds transparent region
2026-02-07 17:44:31.242  1652-1652  CompositionEngine       surfaceflinger                       D  Layer: com.trainingvalidator.poc/com.trainingvalidator.poc.ui.TrainingActivity$_7788#72769 had an out of bounds transparent region
2026-02-07 17:44:31.250  7788-7799  ngvalidator.poc         com.trainingvalidator.poc            I  Background concurrent mark compact GC freed 10MB AllocSpace bytes, 24(21MB) LOS objects, 66% free, 13MB/41MB, paused 909us,12.453ms total 135.496ms
2026-02-07 17:44:31.251  1952-17795 Camera2ClientBase       cameraserver                         I  ~Camera2ClientBase: Client object's dtor for Camera Id 1 completed. Client was: com.trainingvalidator.poc (PID 7788, UID 10442)
2026-02-07 17:44:31.258  1652-1652  CompositionEngine       surfaceflinger                       D  Layer: com.trainingvalidator.poc/com.trainingvalidator.poc.ui.TrainingActivity$_7788#72769 had an out of bounds transparent region
2026-02-07 17:44:31.274  7788-7800  InputTransport          com.trainingvalidator.poc            D  Input channel destroyed: 'ClientS', fd=162
2026-02-07 17:44:31.275  1652-1652  CompositionEngine       surfaceflinger                       D  Layer: com.trainingvalidator.poc/com.trainingvalidator.poc.ui.TrainingActivity$_7788#72769 had an out of bounds transparent region
2026-02-07 17:44:31.276  7788-7800  InputTransport          com.trainingvalidator.poc            D  Input channel destroyed: 'ClientS', fd=199
2026-02-07 17:44:31.276  7788-7800  InputTransport          com.trainingvalidator.poc            D  Input channel destroyed: 'ClientS', fd=170
2026-02-07 17:44:31.283  7788-8870  native                  com.trainingvalidator.poc            I  I0000 00:00:1770479071.283215    8870 jni_util.cc:43] GetEnv: not attached
2026-02-07 17:44:31.292  1652-1652  CompositionEngine       surfaceflinger                       D  Layer: com.trainingvalidator.poc/com.trainingvalidator.poc.ui.TrainingActivity$_7788#72769 had an out of bounds transparent region
2026-02-07 17:44:31.309  1652-1652  CompositionEngine       surfaceflinger                       D  Layer: com.trainingvalidator.poc/com.trainingvalidator.poc.ui.TrainingActivity$_7788#72769 had an out of bounds transparent region
2026-02-07 17:44:31.342  1652-1652  CompositionEngine       surfaceflinger                       D  Layer: com.trainingvalidator.poc/com.trainingvalidator.poc.ui.TrainingActivity$_7788#72769 had an out of bounds transparent region
2026-02-07 17:44:31.762  7788-8874  native                  com.trainingvalidator.poc            I  I0000 00:00:1770479071.762476    8874 jni_util.cc:43] GetEnv: not attached
2026-02-07 17:44:32.054  7788-7799  ngvalidator.poc         com.trainingvalidator.poc            I  Background concurrent mark compact GC freed 2590KB AllocSpace bytes, 23(27MB) LOS objects, 66% free, 14MB/42MB, paused 1.562ms,10.872ms total 96.627ms
2026-02-07 17:44:32.089  7788-7788  CountdownController     com.trainingvalidator.poc            D  Countdown tick: 2
2026-02-07 17:44:32.094  7788-7788  AudioFeedbackPlayer     com.trainingvalidator.poc            D  No audio URL, using TTS for: 2...
2026-02-07 17:44:32.101  7788-7788  AudioFeedbackPlayer     com.trainingvalidator.poc            D  Playing TTS: 2
2026-02-07 17:44:32.690  1652-1652  LayerHistory            surfaceflinger                       I  571235b SurfaceView[com.trainingvalidator.poc/com.trainingvalidator.poc.ui.TrainingActivity]@0(BLAST)#72777 calculated refresh rate: 30.00 Hz
2026-02-07 17:44:32.690  1652-1652  LayerHistory            surfaceflinger                       I  com.trainingvalidator.poc/com.trainingvalidator.poc.ui.TrainingActivity$_7788#72769 Max (can't resolve refresh rate)
2026-02-07 17:44:32.690  1652-1652  SurfaceFlinger          surfaceflinger                       I  Video ignores com.trainingvalidator.poc/com.trainingvalidator.poc.ui.TrainingActivity$_7788#72769 (type=Max, weight=1.00, seamlessness=Default) 0.00 Hz's 30.00 Hz
                                                                                                    Video ignores com.trainingvalidator.poc/com.trainingvalidator.poc.ui.TrainingActivity$_7788#72769 (type=Max, weight=1.00, seamlessness=Default) 0.00 Hz's 32.00 Hz
                                                                                                    Video ignores com.trainingvalidator.poc/com.trainingvalidator.poc.ui.TrainingActivity$_7788#72769 (type=Max, weight=1.00, seamlessness=Default) 0.00 Hz's 40.00 Hz
                                                                                                    Video ignores com.trainingvalidator.poc/com.trainingvalidator.poc.ui.TrainingActivity$_7788#72769 (type=Max, weight=1.00, seamlessness=Default) 0.00 Hz's 48.00 Hz
                                                                                                    Video ignores com.trainingvalidator.poc/com.trainingvalidator.poc.ui.TrainingActivity$_7788#72769 (type=Max, weight=1.00, seamlessness=Default) 0.00 Hz's 60.00 Hz
                                                                                                    scored - choose 30.00 Hz
2026-02-07 17:44:32.712  2317-2447  SurfaceComposerClient   system_server                        D  setCornerRadius ## 8c9327 com.trainingvalidator.poc/com.trainingvalidator.poc.ui.TrainingActivity#72768 cornerRadius=0.000000
2026-02-07 17:44:32.871  7788-7799  ngvalidator.poc         com.trainingvalidator.poc            I  Background concurrent mark compact GC freed 1700KB AllocSpace bytes, 24(28MB) LOS objects, 66% free, 12MB/38MB, paused 240us,8.406ms total 52.440ms
2026-02-07 17:44:33.016  1652-1652  CompositionEngine       surfaceflinger                       D  Layer: com.trainingvalidator.poc/com.trainingvalidator.poc.ui.TrainingActivity$_7788#72769 had an out of bounds transparent region
2026-02-07 17:44:33.021  2317-3822  SurfaceComposerClient   system_server                        D  setCornerRadius ## 8c9327 com.trainingvalidator.poc/com.trainingvalidator.poc.ui.TrainingActivity#72768 cornerRadius=0.000000
2026-02-07 17:44:33.022  2317-3822  SurfaceComposerClient   system_server                        D  setCornerRadius ## 8c9327 com.trainingvalidator.poc/com.trainingvalidator.poc.ui.TrainingActivity#72768 cornerRadius=0.000000
2026-02-07 17:44:33.030  2317-6504  SurfaceComposerClient   system_server                        D  setCornerRadius ## 8c9327 com.trainingvalidator.poc/com.trainingvalidator.poc.ui.TrainingActivity#72768 cornerRadius=0.000000
2026-02-07 17:44:33.030  2317-6504  SurfaceComposerClient   system_server                        D  setCornerRadius ## 8c9327 com.trainingvalidator.poc/com.trainingvalidator.poc.ui.TrainingActivity#72768 cornerRadius=0.000000
2026-02-07 17:44:33.043  2317-3822  SurfaceComposerClient   system_server                        D  setCornerRadius ## 8c9327 com.trainingvalidator.poc/com.trainingvalidator.poc.ui.TrainingActivity#72768 cornerRadius=0.000000
2026-02-07 17:44:33.044  2317-3822  SurfaceComposerClient   system_server                        D  setCornerRadius ## 8c9327 com.trainingvalidator.poc/com.trainingvalidator.poc.ui.TrainingActivity#72768 cornerRadius=0.000000
2026-02-07 17:44:33.046  2317-2450  SurfaceComposerClient   system_server                        D  setCornerRadius ## 8c9327 com.trainingvalidator.poc/com.trainingvalidator.poc.ui.TrainingActivity#72768 cornerRadius=0.000000
2026-02-07 17:44:33.046  2317-2450  SurfaceComposerClient   system_server                        D  setCornerRadius ## 8c9327 com.trainingvalidator.poc/com.trainingvalidator.poc.ui.TrainingActivity#72768 cornerRadius=0.000000
2026-02-07 17:44:33.049  1652-1652  CompositionEngine       surfaceflinger                       D  Layer: com.trainingvalidator.poc/com.trainingvalidator.poc.ui.TrainingActivity$_7788#72769 had an out of bounds transparent region
2026-02-07 17:44:33.058  2317-6504  SurfaceComposerClient   system_server                        D  setCornerRadius ## 8c9327 com.trainingvalidator.poc/com.trainingvalidator.poc.ui.TrainingActivity#72768 cornerRadius=0.000000
2026-02-07 17:44:33.058  2317-6504  SurfaceComposerClient   system_server                        D  setCornerRadius ## 8c9327 com.trainingvalidator.poc/com.trainingvalidator.poc.ui.TrainingActivity#72768 cornerRadius=0.000000
2026-02-07 17:44:33.061  2317-2450  SurfaceComposerClient   system_server                        D  setCornerRadius ## 8c9327 com.trainingvalidator.poc/com.trainingvalidator.poc.ui.TrainingActivity#72768 cornerRadius=0.000000
2026-02-07 17:44:33.061  2317-2450  SurfaceComposerClient   system_server                        D  setCornerRadius ## 8c9327 com.trainingvalidator.poc/com.trainingvalidator.poc.ui.TrainingActivity#72768 cornerRadius=0.000000
2026-02-07 17:44:33.062  2317-6504  SurfaceComposerClient   system_server                        D  setCornerRadius ## 8c9327 com.trainingvalidator.poc/com.trainingvalidator.poc.ui.TrainingActivity#72768 cornerRadius=0.000000
2026-02-07 17:44:33.062  2317-6504  SurfaceComposerClient   system_server                        D  setCornerRadius ## 8c9327 com.trainingvalidator.poc/com.trainingvalidator.poc.ui.TrainingActivity#72768 cornerRadius=0.000000
2026-02-07 17:44:33.064  2317-6504  SurfaceComposerClient   system_server                        D  setCornerRadius ## 8c9327 com.trainingvalidator.poc/com.trainingvalidator.poc.ui.TrainingActivity#72768 cornerRadius=0.000000
2026-02-07 17:44:33.065  2317-6504  SurfaceComposerClient   system_server                        D  setCornerRadius ## 8c9327 com.trainingvalidator.poc/com.trainingvalidator.poc.ui.TrainingActivity#72768 cornerRadius=0.000000
2026-02-07 17:44:33.083  1652-1652  LayerHistory            surfaceflinger                       I  571235b SurfaceView[com.trainingvalidator.poc/com.trainingvalidator.poc.ui.TrainingActivity]@0(BLAST)#72777 calculated refresh rate: 30.00 Hz
2026-02-07 17:44:33.083  1652-1652  LayerHistory            surfaceflinger                       I  com.trainingvalidator.poc/com.trainingvalidator.poc.ui.TrainingActivity$_7788#72769 Max (can't resolve refresh rate)
2026-02-07 17:44:33.083  1652-1652  SurfaceFlinger          surfaceflinger                       I  Video ignores com.trainingvalidator.poc/com.trainingvalidator.poc.ui.TrainingActivity$_7788#72769 (type=Max, weight=1.00, seamlessness=Default) 0.00 Hz's 30.00 Hz
                                                                                                    Video ignores com.trainingvalidator.poc/com.trainingvalidator.poc.ui.TrainingActivity$_7788#72769 (type=Max, weight=1.00, seamlessness=Default) 0.00 Hz's 32.00 Hz
                                                                                                    Video ignores com.trainingvalidator.poc/com.trainingvalidator.poc.ui.TrainingActivity$_7788#72769 (type=Max, weight=1.00, seamlessness=Default) 0.00 Hz's 40.00 Hz
                                                                                                    Video ignores com.trainingvalidator.poc/com.trainingvalidator.poc.ui.TrainingActivity$_7788#72769 (type=Max, weight=1.00, seamlessness=Default) 0.00 Hz's 48.00 Hz
                                                                                                    Video ignores com.trainingvalidator.poc/com.trainingvalidator.poc.ui.TrainingActivity$_7788#72769 (type=Max, weight=1.00, seamlessness=Default) 0.00 Hz's 60.00 Hz
                                                                                                    scored - choose 60.00 Hz
2026-02-07 17:44:33.084  1652-1652  CompositionEngine       surfaceflinger                       D  Layer: com.trainingvalidator.poc/com.trainingvalidator.poc.ui.TrainingActivity$_7788#72769 had an out of bounds transparent region
2026-02-07 17:44:33.089  1652-1652  SurfaceFlinger          surfaceflinger                       D  Display 4630947232161729154 HWC layers:
                                                                                                           CLIENT |           33449205301352 | 00000102 | 0x0000022    |    0.0  408.0 1440.0 1080.0 |    0    0 1080 2316 | 571235b SurfaceView[com.trainingvali[...].ui.TrainingActivity]@0(BLAST)#72777 (72)
                                                                                                           DEVICE |           33449205301343 | 00002100 | RGBA_8888    |    0.0    0.0 1080.0 2316.0 |    0    0 1080 2316 | com.trainingvalidator.poc/com.traini[...].poc.ui.TrainingActivity$_7788#72769 (117)
                                                                                                           DEVICE |           15771119952023 | 00002100 | RGBA_8888    |    0.0    0.0 1080.0   75.0 |    0    0 1080   75 | StatusBar$_3672#108 (108876)
                                                                                                           DEVICE |           15771119952339 | 00002140 | RGBA_8888    |    0.0    0.0 1080.0   84.0 |    0    0 1080   84 | ScreenDecorOverlay$_3672#72785 (2)
                                                                                                    
2026-02-07 17:44:33.089  2317-3195  SurfaceComposerClient   system_server                        D  setCornerRadius ## 8c9327 com.trainingvalidator.poc/com.trainingvalidator.poc.ui.TrainingActivity#72768 cornerRadius=0.000000
2026-02-07 17:44:33.090  7788-7788  CountdownController     com.trainingvalidator.poc            D  Countdown tick: 1
2026-02-07 17:44:33.090  2317-3195  SurfaceComposerClient   system_server                        D  setCornerRadius ## 8c9327 com.trainingvalidator.poc/com.trainingvalidator.poc.ui.TrainingActivity#72768 cornerRadius=0.000000
2026-02-07 17:44:33.092  7788-7788  AudioFeedbackPlayer     com.trainingvalidator.poc            D  No audio URL, using TTS for: 1...
2026-02-07 17:44:33.094  7788-7788  AudioFeedbackPlayer     com.trainingvalidator.poc            D  Playing TTS: 1
2026-02-07 17:44:33.094  2317-2450  SurfaceComposerClient   system_server                        D  setCornerRadius ## 8c9327 com.trainingvalidator.poc/com.trainingvalidator.poc.ui.TrainingActivity#72768 cornerRadius=0.000000
2026-02-07 17:44:33.095  2317-2450  SurfaceComposerClient   system_server                        D  setCornerRadius ## 8c9327 com.trainingvalidator.poc/com.trainingvalidator.poc.ui.TrainingActivity#72768 cornerRadius=0.000000
2026-02-07 17:44:33.134  2317-2447  SurfaceComposerClient   system_server                        D  setCornerRadius ## 8c9327 com.trainingvalidator.poc/com.trainingvalidator.poc.ui.TrainingActivity#72768 cornerRadius=0.000000
2026-02-07 17:44:33.143  1652-1652  CompositionEngine       surfaceflinger                       D  Layer: com.trainingvalidator.poc/com.trainingvalidator.poc.ui.TrainingActivity$_7788#72769 had an out of bounds transparent region
2026-02-07 17:44:33.147  1652-1652  SurfaceFlinger          surfaceflinger                       D  Display 4630947232161729154 HWC layers:
                                                                                                           CLIENT |           33449205301357 | 00000102 | 0x0000022    |    0.0  408.0 1440.0 1080.0 |    0    0 1080 2316 | 571235b SurfaceView[com.trainingvali[...].ui.TrainingActivity]@0(BLAST)#72777 (74)
                                                                                                           DEVICE |           33449205301342 | 00002100 | RGBA_8888    |    0.0    0.0 1080.0 2316.0 |    0    0 1080 2316 | com.trainingvalidator.poc/com.traini[...].poc.ui.TrainingActivity$_7788#72769 (118)
                                                                                                           DEVICE |           15771119952027 | 00002100 | RGBA_8888    |    0.0    0.0 1080.0   75.0 |    0    0 1080   75 | StatusBar$_3672#108 (108877)
                                                                                                           DEVICE |           15771119952341 | 00002140 | RGBA_8888    |    0.0    0.0 1080.0   84.0 |    0    0 1080   84 | ScreenDecorOverlay$_3672#72785 (3)
                                                                                                           DEVICE |           15771119952342 | 00002140 | RGBA_8888    |    0.0    0.0 1080.0   84.0 |    0 2232 1080 2316 | ScreenDecorOverlayBottom$_3672#72786 (3)
                                                                                                    
2026-02-07 17:44:33.524  2317-6504  SurfaceComposerClient   system_server                        D  setCornerRadius ## 8c9327 com.trainingvalidator.poc/com.trainingvalidator.poc.ui.TrainingActivity#72768 cornerRadius=0.000000
2026-02-07 17:44:33.527  2317-6504  InsetsSourceProvider    system_server                        D  updateControlForTarget: control=InsetsSourceControl: {b5160000 mType=statusBars initiallyVisible mSurfacePosition=Point(0, 0) mInsetsHint=Insets{left=0, top=75, right=0, bottom=0}}, target=Window{8c9327 u0 com.trainingvalidator.poc/com.trainingvalidator.poc.ui.TrainingActivity}, from=com.android.server.wm.InsetsStateController.onControlTargetChanged:83 com.android.server.wm.InsetsPolicy.updateBarControlTarget:212 com.android.server.wm.DisplayPolicy.updateSystemBarAttributes:262 com.android.server.wm.DisplayPolicy.finishPostLayoutPolicyLw:17 com.android.server.wm.RootWindowContainer.applySurfaceChangesTransaction$1:195 
2026-02-07 17:44:33.527  2317-6504  SurfaceComposerClient   system_server                        D  setCornerRadius ## 8c9327 com.trainingvalidator.poc/com.trainingvalidator.poc.ui.TrainingActivity#72768 cornerRadius=0.000000
2026-02-07 17:44:33.545  1652-1652  CompositionEngine       surfaceflinger                       D  Layer: com.trainingvalidator.poc/com.trainingvalidator.poc.ui.TrainingActivity$_7788#72769 had an out of bounds transparent region
2026-02-07 17:44:33.557  1652-1652  CompositionEngine       surfaceflinger                       D  Layer: com.trainingvalidator.poc/com.trainingvalidator.poc.ui.TrainingActivity$_7788#72769 had an out of bounds transparent region
2026-02-07 17:44:33.558  2317-2450  InsetsSourceProvider    system_server                        D  updateVisibility: serverVisible=true, clientVisible=false, source=InsetsSource: {b5160000 mType=statusBars mFrame=[0,0][1080,75] mVisible=false mFlags= mSideHint=TOP mBoundingRects=null}, controlTarget=Window{8c9327 u0 com.trainingvalidator.poc/com.trainingvalidator.poc.ui.TrainingActivity}, from=com.android.server.wm.InsetsSourceProvider.setClientVisible:8 com.android.server.wm.InsetsSourceProvider.updateClientVisibility:20 com.android.server.wm.InsetsStateController.onRequestedVisibleTypesChanged:44 com.android.server.wm.InsetsStateController$$ExternalSyntheticLambda1.run:172 com.android.server.wm.WindowAnimator$$ExternalSyntheticLambda2.onTransactionCommitted:26 android.view.SurfaceControl$Transaction$$ExternalSyntheticLambda4.run:0 android.os.Handler.handleCallback:995 android.os.Handler.dispatchMessage:103 android.os.Looper.loopOnce:273 android.os.Looper.loop:363 
2026-02-07 17:44:33.559  2317-2450  SurfaceComposerClient   system_server                        D  setCornerRadius ## 8c9327 com.trainingvalidator.poc/com.trainingvalidator.poc.ui.TrainingActivity#72768 cornerRadius=0.000000
2026-02-07 17:44:33.559  2317-2450  SurfaceComposerClient   system_server                        D  setCornerRadius ## 8c9327 com.trainingvalidator.poc/com.trainingvalidator.poc.ui.TrainingActivity#72768 cornerRadius=0.000000
2026-02-07 17:44:33.563  7788-7788  InsetsController        com.trainingvalidator.poc            I  onStateChanged: host=com.trainingvalidator.poc/com.trainingvalidator.poc.ui.TrainingActivity, from=android.view.ViewRootImpl.onInsetsStateChanged:3026, state=InsetsState: {mDisplayFrame=Rect(0, 0 - 1080, 2316), mDisplayCutout=DisplayCutout{insets=Rect(0, 75 - 0, 0) waterfall=Insets{left=0, top=0, right=0, bottom=0} boundingRect={Bounds=[Rect(0, 0 - 0, 0), Rect(512, 0 - 568, 75), Rect(0, 0 - 0, 0), Rect(0, 0 - 0, 0)]} cutoutPathParserInfo={CutoutPathParserInfo{displayWidth=1080 displayHeight=2316 physicalDisplayWidth=1080 physicalDisplayHeight=2316 density={2.8125} cutoutSpec={M 0,0 H -10 V 26.66666666666667 H 10 V 0 H 0 Z @dp} rotation={0} scale={1.0} physicalPixelDisplaySizeRatio={1.0}}} sideOverrides={}}, mRoundedCorners=RoundedCorners{[RoundedCorner{position=TopLeft, radius=11, center=Point(11, 11)}, RoundedCorner{position=TopRight, radius=11, center=Point(1069, 11)}, RoundedCorner{position=BottomRight, radius=11, center=Point(1069, 2305)}, RoundedCorner{position=BottomLeft, radius=11, center=Point(11, 2305)}]}  mRoundedCornerFrame=Rect(0, 0 - 1080, 2316), mPrivacyIndicatorBounds=PrivacyIndicatorBounds {static bounds=Rect(956, 0 - 1080, 75) rotation=0}, mDisplayShape=DisplayShape{ spec=-311912193 displayWidth=1080 displayHeight=2316 physicalPixelDisplaySizeRatio=0.75 rotation=0 offsetX=0 offsetY=0 scale=1.0}, mSources= { InsetsSource: {b5160000 mType=statusBars mFrame=[0,0][1080,75] mVisible=true mFlags= mSideHint=TOP mBoundingRects=null}, InsetsSource: {b5160005 mType=mandatorySystemGestures mFrame=[0,0][1080,109] mVisible=true mFlags= mSideHint=TOP mBoundingRects=null}, InsetsSource: {b5160006 mType=tappableElement mFrame=[0,0][1080,75] mVisible=true mFlags= mSideHint=TOP mBoundingRects=null}, InsetsSource: {f9c90001 mType=navigationBars mFrame=[0,2181][1080,2316] mVisible=false mFlags= mSideHint=BOTTOM mBoundingRects=null}, InsetsSource: {f9c90004 mType=systemGestures mFrame=[0,0][0,0] mVisible=true mFlags= mSideHint=NONE mBoundingRects=null}, InsetsSource: {f9c90005 mType=mandatorySystemGestures mFrame=[0,2181][1080,2316] mVisible=true mFlags= mSideHint=BOTTOM mBoundingRects=null}, InsetsSource: {f9c90006 mType=tappableElement mFrame=[0,2181][1080,2316] mVisible=true mFlags= mSideHint=BOTTOM mBoundingRects=null}, InsetsSource: {f9c90024 mType=systemGestures mFrame=[0,0][0,0] mVisible=true mFlags= mSideHint=NONE mBoundingRects=null}, InsetsSource: {3 mType=ime mFrame=[0,0][0,0] mVisible=false mFlags= mSideHint=NONE mBoundingRects=null}, InsetsSource: {27 mType=displayCutout mFrame=[0,0][1080,75] mVisible=true mFlags= mSideHint=TOP mBoundingRects=null} }
2026-02-07 17:44:33.563  7788-7788  InsetsController        com.trainingvalidator.poc            I  controlAnimationUncheckedInner: Added types=statusBars, animType=1, host=com.trainingvalidator.poc/com.trainingvalidator.poc.ui.TrainingActivity, from=android.view.InsetsController.controlAnimationUnchecked:1608 android.view.InsetsController.applyAnimation:2416 android.view.InsetsController.applyAnimation:2343 
2026-02-07 17:44:33.564  7788-7788  InsetsController        com.trainingvalidator.poc            I  onStateChanged: host=com.trainingvalidator.poc/com.trainingvalidator.poc.ui.TrainingActivity, from=android.view.ViewRootImpl.onInsetsStateChanged:3026, state=InsetsState: {mDisplayFrame=Rect(0, 0 - 1080, 2316), mDisplayCutout=DisplayCutout{insets=Rect(0, 75 - 0, 0) waterfall=Insets{left=0, top=0, right=0, bottom=0} boundingRect={Bounds=[Rect(0, 0 - 0, 0), Rect(512, 0 - 568, 75), Rect(0, 0 - 0, 0), Rect(0, 0 - 0, 0)]} cutoutPathParserInfo={CutoutPathParserInfo{displayWidth=1080 displayHeight=2316 physicalDisplayWidth=1080 physicalDisplayHeight=2316 density={2.8125} cutoutSpec={M 0,0 H -10 V 26.66666666666667 H 10 V 0 H 0 Z @dp} rotation={0} scale={1.0} physicalPixelDisplaySizeRatio={1.0}}} sideOverrides={}}, mRoundedCorners=RoundedCorners{[RoundedCorner{position=TopLeft, radius=11, center=Point(11, 11)}, RoundedCorner{position=TopRight, radius=11, center=Point(1069, 11)}, RoundedCorner{position=BottomRight, radius=11, center=Point(1069, 2305)}, RoundedCorner{position=BottomLeft, radius=11, center=Point(11, 2305)}]}  mRoundedCornerFrame=Rect(0, 0 - 1080, 2316), mPrivacyIndicatorBounds=PrivacyIndicatorBounds {static bounds=Rect(956, 0 - 1080, 75) rotation=0}, mDisplayShape=DisplayShape{ spec=-311912193 displayWidth=1080 displayHeight=2316 physicalPixelDisplaySizeRatio=0.75 rotation=0 offsetX=0 offsetY=0 scale=1.0}, mSources= { InsetsSource: {b5160000 mType=statusBars mFrame=[0,0][1080,75] mVisible=false mFlags= mSideHint=TOP mBoundingRects=null}, InsetsSource: {b5160005 mType=mandatorySystemGestures mFrame=[0,0][1080,109] mVisible=true mFlags= mSideHint=TOP mBoundingRects=null}, InsetsSource: {b5160006 mType=tappableElement mFrame=[0,0][1080,75] mVisible=true mFlags= mSideHint=TOP mBoundingRects=null}, InsetsSource: {f9c90001 mType=navigationBars mFrame=[0,2181][1080,2316] mVisible=false mFlags= mSideHint=BOTTOM mBoundingRects=null}, InsetsSource: {f9c90004 mType=systemGestures mFrame=[0,0][0,0] mVisible=true mFlags= mSideHint=NONE mBoundingRects=null}, InsetsSource: {f9c90005 mType=mandatorySystemGestures mFrame=[0,2181][1080,2316] mVisible=true mFlags= mSideHint=BOTTOM mBoundingRects=null}, InsetsSource: {f9c90006 mType=tappableElement mFrame=[0,2181][1080,2316] mVisible=true mFlags= mSideHint=BOTTOM mBoundingRects=null}, InsetsSource: {f9c90024 mType=systemGestures mFrame=[0,0][0,0] mVisible=true mFlags= mSideHint=NONE mBoundingRects=null}, InsetsSource: {3 mType=ime mFrame=[0,0][0,0] mVisible=false mFlags= mSideHint=NONE mBoundingRects=null}, InsetsSource: {27 mType=displayCutout mFrame=[0,0][1080,75] mVisible=true mFlags= mSideHint=TOP mBoundingRects=null} }
2026-02-07 17:44:33.564  7788-7788  VRI[Traini...y]@874a58e com.trainingvalidator.poc            I  handleResized, frames=ClientWindowFrames{frame=[0,0][1080,2316] display=[0,0][1080,2316] parentFrame=[0,0][0,0]} displayId=0 dragResizing=false compatScale=1.0 frameChanged=false attachedFrameChanged=false configChanged=false displayChanged=false compatScaleChanged=false dragResizingChanged=false
2026-02-07 17:44:33.574  1652-1652  CompositionEngine       surfaceflinger                       D  Layer: com.trainingvalidator.poc/com.trainingvalidator.poc.ui.TrainingActivity$_7788#72769 had an out of bounds transparent region
2026-02-07 17:44:33.585  7788-7799  ngvalidator.poc         com.trainingvalidator.poc            I  Background concurrent mark compact GC freed 1484KB AllocSpace bytes, 21(24MB) LOS objects, 66% free, 14MB/42MB, paused 295us,8.181ms total 51.717ms
