2026-04-05 14:23:39.709  3269-3376  WindowManagerShell      com.android.systemui                 V     change={m=OPEN f=FILLS_TASK|IS_ACTIVITY leash=Surface(name=ActivityRecord{144203105 u0 com.trainingvalidator.poc/.ui.train.TrainingActivity t450})/@0x9078155 sb=Rect(0, 0 - 0, 0) eb=Rect(0, 0 - 1080, 2316) epz=Point(1080, 2316) d=-1->0 r=-1->0:-1 bc=ff040a01 component=com.trainingvalidator.poc/.ui.train.TrainingActivity opt={t=FROM_STYLE mUserId=0} inset=Rect(0, 0 - 0, 0) dim=true taskIdForActivity=450}
2026-04-05 14:23:39.710  1675-2927  SurfaceFlinger          surfaceflinger                       I  id=59151 createSurf, flag=84000, 49e356b ActivityRecordInputSink com.trainingvalidator.poc/.ui.train.TrainingActivity#59151
2026-04-05 14:23:39.711  1675-1793  SurfaceFlinger          surfaceflinger                       I  id=59152 createSurf, flag=20004, DimTransitionLayer for Surface(name=ActivityRecord{144203105 u0 com.trainingvalidator.poc/.ui.train.TrainingActivity t450})/@0x9078155#59152
2026-04-05 14:23:39.711  3269-3376  SurfaceControlRegistry  com.android.systemui                 I  show, t=StartTransaction_SyncId<5371> sc=DimTransitionLayer for Surface(name=ActivityRecord{144203105 u0 com.trainingvalidator.poc/.ui.train.TrainingActivity t450})/@0x9078155, caller=android.view.SurfaceControl$Transaction.show:3557 com.android.wm.shell.transition.DefaultTransitionHandler.startAnimation:2931 com.android.wm.shell.transition.Transitions.dispatchTransition:90 com.android.wm.shell.transition.Transitions.playTransition:774 com.android.wm.shell.transition.Transitions.processReadyQueue:239 com.android.wm.shell.transition.Transitions.dispatchReady:1352 
2026-04-05 14:23:39.711  3269-3376  WindowManagerShell      com.android.systemui                 V  attach dim transition, change={m=OPEN f=FILLS_TASK|IS_ACTIVITY leash=Surface(name=ActivityRecord{144203105 u0 com.trainingvalidator.poc/.ui.train.TrainingActivity t450})/@0x9078155 sb=Rect(0, 0 - 0, 0) eb=Rect(0, 0 - 1080, 2316) epz=Point(1080, 2316) d=-1->0 r=-1->0:-1 bc=ff040a01 component=com.trainingvalidator.poc/.ui.train.TrainingActivity opt={t=FROM_STYLE mUserId=0} inset=Rect(0, 0 - 0, 0) dim=true taskIdForActivity=450}
2026-04-05 14:23:39.719  1675-1675  SurfaceFlinger          surfaceflinger                       I  RequestedLayer [ActivityRecord{144203105 u0 com.trai[...]i.train.TrainingActivity t450}#59145] hidden!! flag  from(1) --> to(0)
2026-04-05 14:23:39.719  1675-1675  SurfaceFlinger          surfaceflinger                       E  alpha changed 1.000 -> 0.000 - ActivityRecord{144203105 u0 com.trainingvalidator.poc/.ui.train.TrainingActivity t450}#59145
2026-04-05 14:23:39.719  1675-1675  SurfaceFlinger          surfaceflinger                       I  RequestedLayer [ae5b73c com.trainingvalidator.poc/co[...].poc.ui.train.TrainingActivity#59146] hidden!! flag  from(1) --> to(0)
2026-04-05 14:23:39.719  1675-1675  SurfaceFlinger          surfaceflinger                       I  RequestedLayer [com.trainingvalidator.poc/com.traini[...].train.TrainingActivity$_20033#59147] hidden!! flag  from(1) --> to(0)
2026-04-05 14:23:39.719  1675-1675  SurfaceFlinger          surfaceflinger                       I  RequestedLayer [Transition Root: ActivityRecord{1442[...]i.train.TrainingActivity t450}#59150] hidden!! flag  from(1) --> to(0)
2026-04-05 14:23:39.719  1675-1675  SurfaceFlinger          surfaceflinger                       E  alpha changed 1.000 -> 0.000 - DimTransitionLayer for Surface(name=ActivityRecord{144203105 u0 com.trainingvalidator.poc/.ui.train.TrainingActivity t450})/@0x9078155#59152
2026-04-05 14:23:39.719  1675-1675  SurfaceFlinger          surfaceflinger                       E  alpha changed 0.000 -> 1.000 - ActivityRecord{144203105 u0 com.trainingvalidator.poc/.ui.train.TrainingActivity t450}#59145
2026-04-05 14:23:39.719  1675-1675  SurfaceFlinger          surfaceflinger                       E  alpha changed 0.000 -> 0.000 - DimTransitionLayer for Surface(name=ActivityRecord{144203105 u0 com.trainingvalidator.poc/.ui.train.TrainingActivity t450})/@0x9078155#59152
2026-04-05 14:23:39.719  1675-1675  SurfaceFlinger          surfaceflinger                       I  [LayerHierarchy{RequestedLayerState{ActivityRecord{26595410 u0 com.trainingvalidator.poc/.ui.train.PreWorkoutActivity t450}#59136 parentId=59150 z=2} 3 children}] reparent to LayerHierarchy{RequestedLayerState{Transition Root: ActivityRecord{144203105 u0 com.trainingvalidator.poc/.ui.train.TrainingActivity t450}#59150 parentId=59101 z=2} 1 children}
2026-04-05 14:23:39.719  1675-1675  SurfaceFlinger          surfaceflinger                       I  [LayerHierarchy{RequestedLayerState{ActivityRecord{144203105 u0 com.trainingvalidator.poc/.ui.train.TrainingActivity t450}#59145 parentId=59150 z=5} 1 children}] reparent to LayerHierarchy{RequestedLayerState{Transition Root: ActivityRecord{144203105 u0 com.trainingvalidator.poc/.ui.train.TrainingActivity t450}#59150 parentId=59101 z=2} 2 children}
2026-04-05 14:23:39.719  1675-1675  SurfaceFlinger          surfaceflinger                       I  [49e356b ActivityRecordInputSink com.trainingvalidator.poc/.ui.train.TrainingActivity#59151] attach to parent LayerHierarchy{RequestedLayerState{ActivityRecord{144203105 u0 com.trainingvalidator.poc/.ui.train.TrainingActivity t450}#59145 parentId=59150 z=5} 2 children}
2026-04-05 14:23:39.719  1675-1675  SurfaceFlinger          surfaceflinger                       I  [DimTransitionLayer for Surface(name=ActivityRecord{144203105 u0 com.trainingvalidator.poc/.ui.train.TrainingActivity t450})/@0x9078155#59152] attach to parent LayerHierarchy{RequestedLayerState{Transition Root: ActivityRecord{144203105 u0 com.trainingvalidator.poc/.ui.train.TrainingActivity t450}#59150 parentId=59101 z=2} 3 children}
2026-04-05 14:23:39.724 20033-20033 InsetsController        com.trainingvalidator.poc            I  onStateChanged: host=com.trainingvalidator.poc/com.trainingvalidator.poc.ui.train.TrainingActivity, from=android.view.ViewRootImpl.onInsetsStateChanged:3026, state=InsetsState: {mDisplayFrame=Rect(0, 0 - 1080, 2316), mDisplayCutout=DisplayCutout{insets=Rect(0, 75 - 0, 0) waterfall=Insets{left=0, top=0, right=0, bottom=0} boundingRect={Bounds=[Rect(0, 0 - 0, 0), Rect(512, 0 - 568, 75), Rect(0, 0 - 0, 0), Rect(0, 0 - 0, 0)]} cutoutPathParserInfo={CutoutPathParserInfo{displayWidth=1080 displayHeight=2316 physicalDisplayWidth=1080 physicalDisplayHeight=2316 density={2.8125} cutoutSpec={M 0,0 H -10 V 26.66666666666667 H 10 V 0 H 0 Z @dp} rotation={0} scale={1.0} physicalPixelDisplaySizeRatio={1.0}}} sideOverrides={}}, mRoundedCorners=RoundedCorners{[RoundedCorner{position=TopLeft, radius=11, center=Point(11, 11)}, RoundedCorner{position=TopRight, radius=11, center=Point(1069, 11)}, RoundedCorner{position=BottomRight, radius=11, center=Point(1069, 2305)}, RoundedCorner{position=BottomLeft, radius=11, center=Point(11, 2305)}]}  mRoundedCornerFrame=Rect(0, 0 - 1080, 2316), mPrivacyIndicatorBounds=PrivacyIndicatorBounds {static bounds=Rect(956, 0 - 1080, 75) rotation=0}, mDisplayShape=DisplayShape{ spec=-311912193 displayWidth=1080 displayHeight=2316 physicalPixelDisplaySizeRatio=0.75 rotation=0 offsetX=0 offsetY=0 scale=1.0}, mSources= { InsetsSource: {d1a70001 mType=navigationBars mFrame=[0,2181][1080,2316] mVisible=true mFlags= mSideHint=BOTTOM mBoundingRects=null}, InsetsSource: {d1a70004 mType=systemGestures mFrame=[0,0][0,0] mVisible=true mFlags= mSideHint=NONE mBoundingRects=null}, InsetsSource: {d1a70005 mType=mandatorySystemGestures mFrame=[0,2181][1080,2316] mVisible=true mFlags= mSideHint=BOTTOM mBoundingRects=null}, InsetsSource: {d1a70006 mType=tappableElement mFrame=[0,2181][1080,2316] mVisible=true mFlags= mSideHint=BOTTOM mBoundingRects=null}, InsetsSource: {d1a70024 mType=systemGestures mFrame=[0,0][0,0] mVisible=true mFlags= mSideHint=NONE mBoundingRects=null}, InsetsSource: {3 mType=ime mFrame=[0,0][0,0] mVisible=false mFlags= mSideHint=NONE mBoundingRects=null}, InsetsSource: {27 mType=displayCutout mFrame=[0,0][1080,75] mVisible=true mFlags= mSideHint=TOP mBoundingRects=null}, InsetsSource: {4e2d0000 mType=statusBars mFrame=[0,0][1080,75] mVisible=true mFlags= mSideHint=TOP mBoundingRects=null}, InsetsSource: {4e2d0005 mType=mandatorySystemGestures mFrame=[0,0][1080,109] mVisible=true mFlags= mSideHint=TOP mBoundingRects=null}, InsetsSource: {4e2d0006 mType=tappableElement mFrame=[0,0][1080,75] mVisible=true mFlags= mSideHint=TOP mBoundingRects=null} }
2026-04-05 14:23:39.728 20033-20033 InsetsController        com.trainingvalidator.poc            I  controlAnimationUncheckedInner: Added types=statusBars navigationBars, animType=1, host=com.trainingvalidator.poc/com.trainingvalidator.poc.ui.train.TrainingActivity, from=android.view.InsetsController.controlAnimationUnchecked:1608 android.view.InsetsController.applyAnimation:2416 android.view.InsetsController.applyAnimation:2343 
2026-04-05 14:23:39.729 20033-20033 InsetsController        com.trainingvalidator.poc            I  onStateChanged: host=com.trainingvalidator.poc/com.trainingvalidator.poc.ui.train.TrainingActivity, from=android.view.ViewRootImpl.onInsetsStateChanged:3026, state=InsetsState: {mDisplayFrame=Rect(0, 0 - 1080, 2316), mDisplayCutout=DisplayCutout{insets=Rect(0, 75 - 0, 0) waterfall=Insets{left=0, top=0, right=0, bottom=0} boundingRect={Bounds=[Rect(0, 0 - 0, 0), Rect(512, 0 - 568, 75), Rect(0, 0 - 0, 0), Rect(0, 0 - 0, 0)]} cutoutPathParserInfo={CutoutPathParserInfo{displayWidth=1080 displayHeight=2316 physicalDisplayWidth=1080 physicalDisplayHeight=2316 density={2.8125} cutoutSpec={M 0,0 H -10 V 26.66666666666667 H 10 V 0 H 0 Z @dp} rotation={0} scale={1.0} physicalPixelDisplaySizeRatio={1.0}}} sideOverrides={}}, mRoundedCorners=RoundedCorners{[RoundedCorner{position=TopLeft, radius=11, center=Point(11, 11)}, RoundedCorner{position=TopRight, radius=11, center=Point(1069, 11)}, RoundedCorner{position=BottomRight, radius=11, center=Point(1069, 2305)}, RoundedCorner{position=BottomLeft, radius=11, center=Point(11, 2305)}]}  mRoundedCornerFrame=Rect(0, 0 - 1080, 2316), mPrivacyIndicatorBounds=PrivacyIndicatorBounds {static bounds=Rect(956, 0 - 1080, 75) rotation=0}, mDisplayShape=DisplayShape{ spec=-311912193 displayWidth=1080 displayHeight=2316 physicalPixelDisplaySizeRatio=0.75 rotation=0 offsetX=0 offsetY=0 scale=1.0}, mSources= { InsetsSource: {d1a70001 mType=navigationBars mFrame=[0,2181][1080,2316] mVisible=false mFlags= mSideHint=BOTTOM mBoundingRects=null}, InsetsSource: {d1a70004 mType=systemGestures mFrame=[0,0][0,0] mVisible=true mFlags= mSideHint=NONE mBoundingRects=null}, InsetsSource: {d1a70005 mType=mandatorySystemGestures mFrame=[0,2181][1080,2316] mVisible=true mFlags= mSideHint=BOTTOM mBoundingRects=null}, InsetsSource: {d1a70006 mType=tappableElement mFrame=[0,2181][1080,2316] mVisible=true mFlags= mSideHint=BOTTOM mBoundingRects=null}, InsetsSource: {d1a70024 mType=systemGestures mFrame=[0,0][0,0] mVisible=true mFlags= mSideHint=NONE mBoundingRects=null}, InsetsSource: {3 mType=ime mFrame=[0,0][0,0] mVisible=false mFlags= mSideHint=NONE mBoundingRects=null}, InsetsSource: {27 mType=displayCutout mFrame=[0,0][1080,75] mVisible=true mFlags= mSideHint=TOP mBoundingRects=null}, InsetsSource: {4e2d0000 mType=statusBars mFrame=[0,0][1080,75] mVisible=false mFlags= mSideHint=TOP mBoundingRects=null}, InsetsSource: {4e2d0005 mType=mandatorySystemGestures mFrame=[0,0][1080,109] mVisible=true mFlags= mSideHint=TOP mBoundingRects=null}, InsetsSource: {4e2d0006 mType=tappableElement mFrame=[0,0][1080,75] mVisible=true mFlags= mSideHint=TOP mBoundingRects=null} }
2026-04-05 14:23:39.730 20033-20033 VRI[Traini...y]@e36c1d6 com.trainingvalidator.poc            I  handleResized, frames=ClientWindowFrames{frame=[0,0][1080,2316] display=[0,0][1080,2316] parentFrame=[0,0][0,0]} displayId=0 dragResizing=false compatScale=1.0 frameChanged=false attachedFrameChanged=false configChanged=false displayChanged=false compatScaleChanged=false dragResizingChanged=false
2026-04-05 14:23:39.730 20033-20033 VRI[Traini...y]@e36c1d6 com.trainingvalidator.poc            I  handleResized mSyncSeqId = 0
2026-04-05 14:23:39.730  2449-3352  InputDispatcher         system_server                        D  Focus entered window (0): ae5b73c com.trainingvalidator.poc/com.trainingvalidator.poc.ui.train.TrainingActivity
2026-04-05 14:23:39.732 20033-20033 VRI[Traini...y]@e36c1d6 com.trainingvalidator.poc            D  reportNextDraw android.view.ViewRootImpl.handleResized:2983 android.view.ViewRootImpl.-$$Nest$mhandleResized:0 android.view.ViewRootImpl$W.resized:14082 android.app.servertransaction.WindowStateResizeItem.execute:93 android.app.servertransaction.WindowStateTransactionItem.execute:62 
2026-04-05 14:23:39.735  1675-1675  SurfaceFlinger          surfaceflinger                       E  alpha changed 0.000 -> 0.010 - DimTransitionLayer for Surface(name=ActivityRecord{144203105 u0 com.trainingvalidator.poc/.ui.train.TrainingActivity t450})/@0x9078155#59152
2026-04-05 14:23:39.739  1675-1675  SurfaceFlinger          surfaceflinger                       D  Display 4630947232161729154 HWC layers:
                                                                                                           CLIENT |           86041079840777 | 00002102 | RGBA_8888    |   15.0    0.0 1080.0 2316.0 |    0    0 1080 2316 | com.trainingvalidator.poc/com.traini[...]rain.PreWorkoutActivity$_20033#59138 (51)
                                                                                                      SOLID_COLOR |                        0 | 00000000 | N/A          |    0.0    0.0    0.0    0.0 |    0    0 1080 2316 | DimTransitionLayer for Surface(name=[...]ningActivity t450})/@0x9078155#59152 (0)
                                                                                                           DEVICE |           86041079840782 | 00002102 | RGBA_8888    |    0.0    0.0   49.0 2316.0 | 1031    0 1080 2316 | com.trainingvalidator.poc/com.traini[...].train.TrainingActivity$_20033#59147 (2)
                                                                                                           DEVICE |           14040248127288 | 00002100 | RGBA_8888    |    0.0    0.0 1080.0   75.0 |    0    0 1080   75 | StatusBar$_3269#103 (121285)
                                                                                                           DEVICE |           14040248127287 | 00002100 | RGBA_8888    |    0.0    0.0 1080.0  135.0 |    0 2181 1080 2316 | NavigationBar0$_3269#99 (94204)
                                                                                                    
2026-04-05 14:23:39.791 20033-20033 VRI[Traini...y]@e36c1d6 com.trainingvalidator.poc            D  Setup new sync=wmsSync-VRI[TrainingActivity]@e36c1d6#8
2026-04-05 14:23:39.791 20033-20033 VRI[Traini...y]@e36c1d6 com.trainingvalidator.poc            I  Creating new active sync group VRI[TrainingActivity]@e36c1d6#9
2026-04-05 14:23:39.791 20033-20033 VRI[Traini...y]@e36c1d6 com.trainingvalidator.poc            D  registerCallbacksForSync syncBuffer=false
2026-04-05 14:23:39.792 20033-20067 VRI[Traini...y]@e36c1d6 com.trainingvalidator.poc            D  Received frameDrawingCallback syncResult=0 frameNum=3.
2026-04-05 14:23:39.792 20033-20067 VRI[Traini...y]@e36c1d6 com.trainingvalidator.poc            I  Setting up sync and frameCommitCallback
2026-04-05 14:23:39.795 20033-20063 VRI[Traini...y]@e36c1d6 com.trainingvalidator.poc            I  Received frameCommittedCallback lastAttemptedDrawFrameNum=3 didProduceBuffer=true
2026-04-05 14:23:39.795 20033-20033 VRI[Traini...y]@e36c1d6 com.trainingvalidator.poc            D  reportDrawFinished seqId=0
2026-04-05 14:23:39.796 20033-20033 VRI[Traini...y]@e36c1d6 com.trainingvalidator.poc            D  mThreadedRenderer.initializeIfNeeded()#2 mSurface={isValid=true 0xb4000077e8113d70}
2026-04-05 14:23:39.797  2449-4774  WindowManager           system_server                        D  finishDrawingWindow: Window{ae5b73c u0 com.trainingvalidator.poc/com.trainingvalidator.poc.ui.train.TrainingActivity} mDrawState=HAS_DRAWN seqId=0
2026-04-05 14:23:39.797  2449-2526  SurfaceComposerClient   system_server                        D  setCornerRadius ## ae5b73c com.trainingvalidator.poc/com.trainingvalidator.poc.ui.train.TrainingActivity#59146 cornerRadius=0.000000
2026-04-05 14:23:39.797  2449-2526  SurfaceComposerClient   system_server                        D  setCornerRadius ## ae5b73c com.trainingvalidator.poc/com.trainingvalidator.poc.ui.train.TrainingActivity#59146 cornerRadius=0.000000
2026-04-05 14:23:39.801 20033-20033 SV[2576451...gActivity] com.trainingvalidator.poc            I  onWindowVisibilityChanged(0) true android.view.SurfaceView{f5b5a75 V.E...... ......I. 0,0-0,0} of VRI[TrainingActivity]@e36c1d6
2026-04-05 14:23:39.807  2449-3352  InsetsSourceProvider    system_server                        D  updateControlForTarget: control=InsetsSourceControl: {3 mType=ime mSurfacePosition=Point(0, 75) mInsetsHint=Insets{left=0, top=0, right=0, bottom=852}}, target=Window{ae5b73c u0 com.trainingvalidator.poc/com.trainingvalidator.poc.ui.train.TrainingActivity}, from=com.android.server.wm.ImeInsetsSourceProvider.updateControlForTarget:17 com.android.server.wm.InsetsStateController.onControlTargetChanged:83 com.android.server.wm.DisplayContent.updateImeControlTarget:21 com.android.server.wm.DisplayContent.updateImeInputAndControlTarget:156 com.android.server.wm.WindowManagerService$LocalService.updateInputMethodTargetWindow:64 
2026-04-05 14:23:39.808  2449-2526  SurfaceComposerClient   system_server                        D  setCornerRadius ## ae5b73c com.trainingvalidator.poc/com.trainingvalidator.poc.ui.train.TrainingActivity#59146 cornerRadius=0.000000
2026-04-05 14:23:39.812 20033-20033 BLASTBufferQueue_Java   com.trainingvalidator.poc            I  update, w= 1080 h= 2316 mName = VRI[TrainingActivity]@e36c1d6 mNativeObject= 0xb4000078c802a970 sc.mNativeObject= 0xb400007817fb6490 format= -3 caller= android.view.ViewRootImpl.updateBlastSurfaceIfNeeded:3574 android.view.ViewRootImpl.relayoutWindow:11685 android.view.ViewRootImpl.performTraversals:4804 android.view.ViewRootImpl.doTraversal:3924 android.view.ViewRootImpl$TraversalRunnable.run:12903 android.view.Choreographer$CallbackRecord.run:1901 
2026-04-05 14:23:39.812 20033-20033 VRI[Traini...y]@e36c1d6 com.trainingvalidator.poc            I  Relayout returned: old=(0,0,1080,2316) new=(0,0,1080,2316) relayoutAsync=true req=(1080,2316)0 dur=0 res=0x0 s={true 0xb4000077e8113d70} ch=false seqId=0
2026-04-05 14:23:39.812  2449-3350  WindowManager           system_server                        I  Relayout Window{ae5b73c u0 com.trainingvalidator.poc/com.trainingvalidator.poc.ui.train.TrainingActivity}: viewVisibility=0 req=1080x2316 ty=1 d0
2026-04-05 14:23:39.812  2449-3350  SurfaceComposerClient   system_server                        D  setCornerRadius ## ae5b73c com.trainingvalidator.poc/com.trainingvalidator.poc.ui.train.TrainingActivity#59146 cornerRadius=0.000000
2026-04-05 14:23:39.813  1675-1793  SurfaceFlinger          surfaceflinger                       I  id=59154 createSurf, flag=20004, Bounds for - com.trainingvalidator.poc/com.trainingvalidator.poc.ui.train.TrainingActivity@0#59154
2026-04-05 14:23:39.813  2449-3350  SurfaceComposerClient   system_server                        D  setCornerRadius ## ae5b73c com.trainingvalidator.poc/com.trainingvalidator.poc.ui.train.TrainingActivity#59146 cornerRadius=0.000000
2026-04-05 14:23:39.814  1675-1793  SurfaceFlinger          surfaceflinger                       I  id=59155 createSurf, flag=84004, f5b5a75 SurfaceView[com.trainingvalidator.poc/com.trainingvalidator.poc.ui.train.TrainingActivity]@0#59155
2026-04-05 14:23:39.814  1675-1793  SurfaceFlinger          surfaceflinger                       I  id=59156 createSurf, flag=44400, f5b5a75 SurfaceView[com.trainingvalidator.poc/com.trainingvalidator.poc.ui.train.TrainingActivity]@0(BLAST)#59156
2026-04-05 14:23:39.814  1675-1793  SurfaceFlinger          surfaceflinger                       I  id=59157 createSurf, flag=20404, Background for f5b5a75 SurfaceView[com.trainingvalidator.poc/com.trainingvalidator.poc.ui.train.TrainingActivity]@0#59157
2026-04-05 14:23:39.818  1675-1675  SurfaceFlinger          surfaceflinger                       I  [LayerHierarchy{RequestedLayerState{ImeContainer#15 parentId=59145 relativeParentId=59146 z=1} 1 children}] reparent to LayerHierarchy{RequestedLayerState{ActivityRecord{144203105 u0 com.trainingvalidator.poc/.ui.train.TrainingActivity t450}#59145 parentId=59150 z=5} 4 children}
2026-04-05 14:23:39.818  1675-1675  SurfaceFlinger          surfaceflinger                       I  [LayerHierarchy{RequestedLayerState{ImeContainer#15 parentId=59145 relativeParentId=59146 z=1} 1 children}] RelativeParent to LayerHierarchy{RequestedLayerState{ae5b73c com.trainingvalidator.poc/com.trainingvalidator.poc.ui.train.TrainingActivity#59146 parentId=59145} 2 children}
2026-04-05 14:23:39.818  1675-1675  SurfaceFlinger          surfaceflinger                       I  [Bounds for - com.trainingvalidator.poc/com.trainingvalidator.poc.ui.train.TrainingActivity@0#59154] attach to parent LayerHierarchy{RequestedLayerState{com.trainingvalidator.poc/com.trainingvalidator.poc.ui.train.TrainingActivity$_20033#59147 parentId=59146} 1 children}
2026-04-05 14:23:39.818  1675-1675  SurfaceFlinger          surfaceflinger                       I  [f5b5a75 SurfaceView[com.trainingvalidator.poc/com.trainingvalidator.poc.ui.train.TrainingActivity]@0#59155] attach to parent LayerHierarchy{RequestedLayerState{Bounds for - com.trainingvalidator.poc/com.trainingvalidator.poc.ui.train.TrainingActivity@0#59154 parentId=59147} 1 children}
2026-04-05 14:23:39.818  1675-1675  SurfaceFlinger          surfaceflinger                       I  [f5b5a75 SurfaceView[com.trainingvalidator.poc/com.trainingvalidator.poc.ui.train.TrainingActivity]@0(BLAST)#59156] attach to parent LayerHierarchy{RequestedLayerState{f5b5a75 SurfaceView[com.trainingvalidator.poc/com.trainingvalidator.poc.ui.train.TrainingActivity]@0#59155 parentId=59154} 1 children}
2026-04-05 14:23:39.818  1675-1675  SurfaceFlinger          surfaceflinger                       I  [Background for f5b5a75 SurfaceView[com.trainingvalidator.poc/com.trainingvalidator.poc.ui.train.TrainingActivity]@0#59157] attach to parent LayerHierarchy{RequestedLayerState{f5b5a75 SurfaceView[com.trainingvalidator.poc/com.trainingvalidator.poc.ui.train.TrainingActivity]@0#59155 parentId=59154} 2 children}
2026-04-05 14:23:39.831 20033-20033 BLASTBufferQueue_Java   com.trainingvalidator.poc            I  new BLASTBufferQueue, mName= f5b5a75 SurfaceView[com.trainingvalidator.poc/com.trainingvalidator.poc.ui.train.TrainingActivity]@0 mNativeObject= 0xb4000078c81f6610 caller= android.view.SurfaceView.createBlastSurfaceControls:1781 android.view.SurfaceView.updateSurface:1450 android.view.SurfaceView.lambda$new$0:280 android.view.SurfaceView.$r8$lambda$NfZyM_TG8F8lqzaOVZ7noREFjzU:0 android.view.SurfaceView$$ExternalSyntheticLambda1.onPreDraw:0 android.view.ViewTreeObserver.dispatchOnPreDraw:1229 android.view.ViewRootImpl.performTraversals:5448 android.view.ViewRootImpl.doTraversal:3924 android.view.ViewRootImpl$TraversalRunnable.run:12903 android.view.Choreographer$CallbackRecord.run:1901 
2026-04-05 14:23:39.831 20033-20033 BLASTBufferQueue_Java   com.trainingvalidator.poc            I  update, w= 1440 h= 1080 mName = f5b5a75 SurfaceView[com.trainingvalidator.poc/com.trainingvalidator.poc.ui.train.TrainingActivity]@0 mNativeObject= 0xb4000078c81f6610 sc.mNativeObject= 0xb400007817fb6f10 format= 4 caller= android.view.SurfaceView.createBlastSurfaceControls:1782 android.view.SurfaceView.updateSurface:1450 android.view.SurfaceView.lambda$new$0:280 android.view.SurfaceView.$r8$lambda$NfZyM_TG8F8lqzaOVZ7noREFjzU:0 android.view.SurfaceView$$ExternalSyntheticLambda1.onPreDraw:0 android.view.ViewTreeObserver.dispatchOnPreDraw:1229 
2026-04-05 14:23:39.832 20033-20033 SurfaceComposerClient   com.trainingvalidator.poc            D  setCornerRadius ## f5b5a75 SurfaceView[com.trainingvalidator.poc/com.trainingvalidator.poc.ui.train.TrainingActivity]@0#59155 cornerRadius=0.000000
2026-04-05 14:23:39.832 20033-20033 SV[2576451...gActivity] com.trainingvalidator.poc            I  pST: sr = Rect(0, 0 - 1440, 1080) sw = 1440 sh = 1080
2026-04-05 14:23:39.833 20033-20033 SV[2576451...gActivity] com.trainingvalidator.poc            I  updateSurface: mVisible = true mSurface.isValid() = true
2026-04-05 14:23:39.833 20033-20033 SV[2576451...gActivity] com.trainingvalidator.poc            I  updateSurface: mSurfaceCreated = false surfaceChanged = true visibleChanged = true
2026-04-05 14:23:39.833 20033-20033 SV[2576451...gActivity] com.trainingvalidator.poc            I  surfaceCreated 1 #8 android.view.SurfaceView{f5b5a75 V.E...... ......ID 0,0-1440,1080}
2026-04-05 14:23:39.833 20033-20033 SV[2576451...gActivity] com.trainingvalidator.poc            I  surfaceChanged (1440,1080) 1 #8 android.view.SurfaceView{f5b5a75 V.E...... ......ID 0,0-1440,1080}
2026-04-05 14:23:39.837 20033-20033 VRI[Traini...y]@e36c1d6 com.trainingvalidator.poc            I  registerCallbackForPendingTransactions
2026-04-05 14:23:39.848 20033-20063 SV[2576451...gActivity] com.trainingvalidator.poc            I  uSP: rtp = Rect(0, 0 - 1440, 1080) rtsw = 1440 rtsh = 1080
2026-04-05 14:23:39.848 20033-20063 SV[2576451...gActivity] com.trainingvalidator.poc            I  onSSPAndSRT: pl = 0 pt = 0 sx = 1.0 sy = 1.0
2026-04-05 14:23:39.852 20033-20063 SV[2576451...gActivity] com.trainingvalidator.poc            I  aOrMT: VRI[TrainingActivity]@e36c1d6 t = android.view.SurfaceControl$Transaction@28d2062 fN = 4 android.view.SurfaceView.-$$Nest$mapplyOrMergeTransaction:0 android.view.SurfaceView$SurfaceViewPositionUpdateListener.positionChanged:1932 android.graphics.RenderNode$CompositePositionUpdateListener.positionChanged:401 
2026-04-05 14:23:39.852 20033-20063 VRI[Traini...y]@e36c1d6 com.trainingvalidator.poc            I  mWNT: t=0xb4000078a8058e10 mBlastBufferQueue=0xb4000078c802a970 fn= 4 HdrRenderState mRenderHdrSdrRatio=1.0 caller= android.view.SurfaceView.applyOrMergeTransaction:1863 android.view.SurfaceView.-$$Nest$mapplyOrMergeTransaction:0 android.view.SurfaceView$SurfaceViewPositionUpdateListener.positionChanged:1932 
2026-04-05 14:23:39.855 20033-20068 VRI[Traini...y]@e36c1d6 com.trainingvalidator.poc            I  mWNT: t=0xb4000078a80573d0 mBlastBufferQueue=0xb4000078c802a970 fn= 4 HdrRenderState mRenderHdrSdrRatio=1.0 caller= android.view.ViewRootImpl$10.onFrameDraw:6536 android.view.ViewRootImpl$4.onFrameDraw:2489 android.view.ThreadedRenderer$1.onFrameDraw:718 
2026-04-05 14:23:39.868  1675-1675  SurfaceFlinger          surfaceflinger                       I  RequestedLayer [f5b5a75 SurfaceView[com.trainingvali[...]c.ui.train.TrainingActivity]@0#59155] hidden!! flag  from(1) --> to(0)
2026-04-05 14:23:39.868  1675-1675  SurfaceFlinger          surfaceflinger                       I  RequestedLayer [Bounds for - com.trainingvalidator.p[...]oc.ui.train.TrainingActivity@0#59154] hidden!! flag  from(1) --> to(0)
2026-04-05 14:23:39.868  1675-1675  SurfaceFlinger          surfaceflinger                       I  RequestedLayer [Background for f5b5a75 SurfaceView[c[...]c.ui.train.TrainingActivity]@0#59157] hidden!! flag  from(1) --> to(0)
2026-04-05 14:23:39.868  1675-1675  SurfaceFlinger          surfaceflinger                       I  [LayerHierarchy{RequestedLayerState{Background for f5b5a75 SurfaceView[com.trainingvalidator.poc/com.trainingvalidator.poc.ui.train.TrainingActivity]@0#59157 parentId=59155 relativeParentId=59147 z=-2147483648} no children}] RelativeParent to LayerHierarchy{RequestedLayerState{com.trainingvalidator.poc/com.trainingvalidator.poc.ui.train.TrainingActivity$_20033#59147 parentId=59146} 2 children}
2026-04-05 14:23:39.868  1675-1675  SurfaceFlinger          surfaceflinger                       I  [LayerHierarchy{RequestedLayerState{f5b5a75 SurfaceView[com.trainingvalidator.poc/com.trainingvalidator.poc.ui.train.TrainingActivity]@0#59155 parentId=59154 relativeParentId=59147 z=-2} 2 children}] RelativeParent to LayerHierarchy{RequestedLayerState{com.trainingvalidator.poc/com.trainingvalidator.poc.ui.train.TrainingActivity$_20033#59147 parentId=59146} 3 children}
2026-04-05 14:23:39.870  1675-1675  CompositionEngine       surfaceflinger                       D  Layer: com.trainingvalidator.poc/com.trainingvalidator.poc.ui.train.TrainingActivity$_20033#59147 had an out of bounds transparent region
2026-04-05 14:23:39.872 20033-20063 SV[2576451...gActivity] com.trainingvalidator.poc            I  uSP: rtp = Rect(0, 0 - 1737, 2316) rtsw = 1440 rtsh = 1080
2026-04-05 14:23:39.872 20033-20063 SV[2576451...gActivity] com.trainingvalidator.poc            I  onSSPAndSRT: pl = 0 pt = 0 sx = 1.20625 sy = 2.1444445
2026-04-05 14:23:39.872 20033-20063 SV[2576451...gActivity] com.trainingvalidator.poc            I  aOrMT: VRI[TrainingActivity]@e36c1d6 t = android.view.SurfaceControl$Transaction@28d2062 fN = 5 android.view.SurfaceView.-$$Nest$mapplyOrMergeTransaction:0 android.view.SurfaceView$SurfaceViewPositionUpdateListener.positionChanged:1932 android.graphics.RenderNode$CompositePositionUpdateListener.positionChanged:401 
2026-04-05 14:23:39.872 20033-20063 VRI[Traini...y]@e36c1d6 com.trainingvalidator.poc            I  mWNT: t=0xb4000078a8058e10 mBlastBufferQueue=0xb4000078c802a970 fn= 5 HdrRenderState mRenderHdrSdrRatio=1.0 caller= android.view.SurfaceView.applyOrMergeTransaction:1863 android.view.SurfaceView.-$$Nest$mapplyOrMergeTransaction:0 android.view.SurfaceView$SurfaceViewPositionUpdateListener.positionChanged:1932 
2026-04-05 14:23:39.873  1675-1675  SurfaceFlinger          surfaceflinger                       D  Display 4630947232161729154 HWC layers:
                                                                                                           CLIENT |           86041079840777 | 00002102 | RGBA_8888    |  279.0    0.0 1080.0 2316.0 |    0    0 1080 2316 | com.trainingvalidator.poc/com.traini[...]rain.PreWorkoutActivity$_20033#59138 (51)
                                                                                                      SOLID_COLOR |                        0 | 00000000 | N/A          |    0.0    0.0    0.0    0.0 |    0    0 1080 2316 | DimTransitionLayer for Surface(name=[...]ningActivity t450})/@0x9078155#59152 (0)
                                                                                                      SOLID_COLOR |                        0 | 00000002 | N/A          |    0.0    0.0    0.0    0.0 |  187    0 1080 1080 | Background for f5b5a75 SurfaceView[c[...]c.ui.train.TrainingActivity]@0#59157 (0)
                                                                                                           DEVICE |           86041079840780 | 00002100 | RGBA_8888    |    0.0    0.0  893.0 2316.0 |  187    0 1080 2316 | com.trainingvalidator.poc/com.traini[...].train.TrainingActivity$_20033#59147 (4)
                                                                                                           DEVICE |           14040248127288 | 00002100 | RGBA_8888    |    0.0   41.0 1080.0   75.0 |    0    0 1080   34 | StatusBar$_3269#103 (121285)
                                                                                                           DEVICE |     
2026-04-05 14:23:39.877  1675-1675  CompositionEngine       surfaceflinger                       D  Layer: com.trainingvalidator.poc/com.trainingvalidator.poc.ui.train.TrainingActivity$_20033#59147 had an out of bounds transparent region
2026-04-05 14:23:39.886  1675-1675  CompositionEngine       surfaceflinger                       D  Layer: com.trainingvalidator.poc/com.trainingvalidator.poc.ui.train.TrainingActivity$_20033#59147 had an out of bounds transparent region
2026-04-05 14:23:39.899  1675-1675  CompositionEngine       surfaceflinger                       D  Layer: com.trainingvalidator.poc/com.trainingvalidator.poc.ui.train.TrainingActivity$_20033#59147 had an out of bounds transparent region
2026-04-05 14:23:39.903  1675-1675  CompositionEngine       surfaceflinger                       D  Layer: com.trainingvalidator.poc/com.trainingvalidator.poc.ui.train.TrainingActivity$_20033#59147 had an out of bounds transparent region
2026-04-05 14:23:39.911  1675-1675  CompositionEngine       surfaceflinger                       D  Layer: com.trainingvalidator.poc/com.trainingvalidator.poc.ui.train.TrainingActivity$_20033#59147 had an out of bounds transparent region
2026-04-05 14:23:39.919  1675-1675  CompositionEngine       surfaceflinger                       D  Layer: com.trainingvalidator.poc/com.trainingvalidator.poc.ui.train.TrainingActivity$_20033#59147 had an out of bounds transparent region
2026-04-05 14:23:39.928  1675-1675  CompositionEngine       surfaceflinger                       D  Layer: com.trainingvalidator.poc/com.trainingvalidator.poc.ui.train.TrainingActivity$_20033#59147 had an out of bounds transparent region
2026-04-05 14:23:39.936  1675-1675  CompositionEngine       surfaceflinger                       D  Layer: com.trainingvalidator.poc/com.trainingvalidator.poc.ui.train.TrainingActivity$_20033#59147 had an out of bounds transparent region
2026-04-05 14:23:39.944  1675-1675  CompositionEngine       surfaceflinger                       D  Layer: com.trainingvalidator.poc/com.trainingvalidator.poc.ui.train.TrainingActivity$_20033#59147 had an out of bounds transparent region
2026-04-05 14:23:39.952  1675-1675  CompositionEngine       surfaceflinger                       D  Layer: com.trainingvalidator.poc/com.trainingvalidator.poc.ui.train.TrainingActivity$_20033#59147 had an out of bounds transparent region
2026-04-05 14:23:39.961  1675-1675  CompositionEngine       surfaceflinger                       D  Layer: com.trainingvalidator.poc/com.trainingvalidator.poc.ui.train.TrainingActivity$_20033#59147 had an out of bounds transparent region
2026-04-05 14:23:39.969  1675-1675  CompositionEngine       surfaceflinger                       D  Layer: com.trainingvalidator.poc/com.trainingvalidator.poc.ui.train.TrainingActivity$_20033#59147 had an out of bounds transparent region
2026-04-05 14:23:39.977  1675-1675  CompositionEngine       surfaceflinger                       D  Layer: com.trainingvalidator.poc/com.trainingvalidator.poc.ui.train.TrainingActivity$_20033#59147 had an out of bounds transparent region
2026-04-05 14:23:39.986  1675-1675  CompositionEngine       surfaceflinger                       D  Layer: com.trainingvalidator.poc/com.trainingvalidator.poc.ui.train.TrainingActivity$_20033#59147 had an out of bounds transparent region
2026-04-05 14:23:39.995  1675-1675  CompositionEngine       surfaceflinger                       D  Layer: com.trainingvalidator.poc/com.trainingvalidator.poc.ui.train.TrainingActivity$_20033#59147 had an out of bounds transparent region
2026-04-05 14:23:40.002  1675-1675  CompositionEngine       surfaceflinger                       D  Layer: com.trainingvalidator.poc/com.trainingvalidator.poc.ui.train.TrainingActivity$_20033#59147 had an out of bounds transparent region
2026-04-05 14:23:40.011  1675-1675  CompositionEngine       surfaceflinger                       D  Layer: com.trainingvalidator.poc/com.trainingvalidator.poc.ui.train.TrainingActivity$_20033#59147 had an out of bounds transparent region
2026-04-05 14:23:40.019  1675-1675  CompositionEngine       surfaceflinger                       D  Layer: com.trainingvalidator.poc/com.trainingvalidator.poc.ui.train.TrainingActivity$_20033#59147 had an out of bounds transparent region
2026-04-05 14:23:40.027  1675-1675  CompositionEngine       surfaceflinger                       D  Layer: com.trainingvalidator.poc/com.trainingvalidator.poc.ui.train.TrainingActivity$_20033#59147 had an out of bounds transparent region
2026-04-05 14:23:40.036  1675-1675  CompositionEngine       surfaceflinger                       D  Layer: com.trainingvalidator.poc/com.trainingvalidator.poc.ui.train.TrainingActivity$_20033#59147 had an out of bounds transparent region
2026-04-05 14:23:40.038  1675-1675  SurfaceFlinger          surfaceflinger                       D  Display 4630947232161729154 HWC layers:
                                                                                                           CLIENT |           86041079840777 | 00002102 | RGBA_8888    |  330.0    0.0 1080.0 2316.0 |    0    0 1080 2316 | com.trainingvalidator.poc/com.traini[...]rain.PreWorkoutActivity$_20033#59138 (51)
                                                                                                      SOLID_COLOR |                        0 | 00000000 | N/A          |    0.0    0.0    0.0    0.0 |    0    0 1080 2316 | DimTransitionLayer for Surface(name=[...]ningActivity t450})/@0x9078155#59152 (0)
                                                                                                      SOLID_COLOR |                        0 | 00000002 | N/A          |    0.0    0.0    0.0    0.0 |   23    0 1080 2316 | Background for f5b5a75 SurfaceView[c[...]c.ui.train.TrainingActivity]@0#59157 (0)
                                                                                                           DEVICE |           86041079840782 | 00002100 | RGBA_8888    |    0.0    0.0 1057.0 2316.0 |   23    0 1080 2316 | com.trainingvalidator.poc/com.traini[...].train.TrainingActivity$_20033#59147 (6)
                                                                                                           DEVICE |           14040248127287 | 00002100 | RGBA_8888    |    0.0    0.0 1080.0    1.0 |    0 2315 1080 2316 | NavigationBar0$_3269#99 (94204)
                                                                                                    
2026-04-05 14:23:40.044  1675-1675  CompositionEngine       surfaceflinger                       D  Layer: com.trainingvalidator.poc/com.trainingvalidator.poc.ui.train.TrainingActivity$_20033#59147 had an out of bounds transparent region
2026-04-05 14:23:40.052  1675-1675  CompositionEngine       surfaceflinger                       D  Layer: com.trainingvalidator.poc/com.trainingvalidator.poc.ui.train.TrainingActivity$_20033#59147 had an out of bounds transparent region
2026-04-05 14:23:40.055  1675-1675  SurfaceFlinger          surfaceflinger                       D  Display 4630947232161729154 HWC layers:
                                                                                                           CLIENT |           86041079840777 | 00002102 | RGBA_8888    |  332.0    0.0 1080.0 2316.0 |    0    0 1080 2316 | com.trainingvalidator.poc/com.traini[...]rain.PreWorkoutActivity$_20033#59138 (51)
                                                                                                      SOLID_COLOR |                        0 | 00000000 | N/A          |    0.0    0.0    0.0    0.0 |    0    0 1080 2316 | DimTransitionLayer for Surface(name=[...]ningActivity t450})/@0x9078155#59152 (0)
                                                                                                      SOLID_COLOR |                        0 | 00000002 | N/A          |    0.0    0.0    0.0    0.0 |   18    0 1080 2316 | Background for f5b5a75 SurfaceView[c[...]c.ui.train.TrainingActivity]@0#59157 (0)
                                                                                                           DEVICE |           86041079840782 | 00002100 | RGBA_8888    |    0.0    0.0 1062.0 2316.0 |   18    0 1080 2316 | com.trainingvalidator.poc/com.traini[...].train.TrainingActivity$_20033#59147 (6)
                                                                                                    
2026-04-05 14:23:40.061  1675-1675  CompositionEngine       surfaceflinger                       D  Layer: com.trainingvalidator.poc/com.trainingvalidator.poc.ui.train.TrainingActivity$_20033#59147 had an out of bounds transparent region
2026-04-05 14:23:40.069  1675-1675  CompositionEngine       surfaceflinger                       D  Layer: com.trainingvalidator.poc/com.trainingvalidator.poc.ui.train.TrainingActivity$_20033#59147 had an out of bounds transparent region
2026-04-05 14:23:40.077  1675-1675  CompositionEngine       surfaceflinger                       D  Layer: com.trainingvalidator.poc/com.trainingvalidator.poc.ui.train.TrainingActivity$_20033#59147 had an out of bounds transparent region
2026-04-05 14:23:40.086  1675-1675  CompositionEngine       surfaceflinger                       D  Layer: com.trainingvalidator.poc/com.trainingvalidator.poc.ui.train.TrainingActivity$_20033#59147 had an out of bounds transparent region
2026-04-05 14:23:40.094  1675-1675  CompositionEngine       surfaceflinger                       D  Layer: com.trainingvalidator.poc/com.trainingvalidator.poc.ui.train.TrainingActivity$_20033#59147 had an out of bounds transparent region
2026-04-05 14:23:40.099 20033-20033 InsetsController        com.trainingvalidator.poc            I  cancelAnimation: types=statusBars navigationBars, animType=1, host=com.trainingvalidator.poc/com.trainingvalidator.poc.ui.train.TrainingActivity, from=android.view.InsetsController.notifyFinished:2006 android.view.InsetsAnimationThreadControlRunner$1.lambda$notifyFinished$0:82 android.view.InsetsAnimationThreadControlRunner$1.$r8$lambda$cDFF0h4Ncq-8EXdGszv69jrUu7c:0 
2026-04-05 14:23:40.102  1675-1675  CompositionEngine       surfaceflinger                       D  Layer: com.trainingvalidator.poc/com.trainingvalidator.poc.ui.train.TrainingActivity$_20033#59147 had an out of bounds transparent region
2026-04-05 14:23:40.111  1675-1675  CompositionEngine       surfaceflinger                       D  Layer: com.trainingvalidator.poc/com.trainingvalidator.poc.ui.train.TrainingActivity$_20033#59147 had an out of bounds transparent region
2026-04-05 14:23:40.119  1675-1675  CompositionEngine       surfaceflinger                       D  Layer: com.trainingvalidator.poc/com.trainingvalidator.poc.ui.train.TrainingActivity$_20033#59147 had an out of bounds transparent region
2026-04-05 14:23:40.127  1675-1675  CompositionEngine       surfaceflinger                       D  Layer: com.trainingvalidator.poc/com.trainingvalidator.poc.ui.train.TrainingActivity$_20033#59147 had an out of bounds transparent region
2026-04-05 14:23:40.136  1675-1675  CompositionEngine       surfaceflinger                       D  Layer: com.trainingvalidator.poc/com.trainingvalidator.poc.ui.train.TrainingActivity$_20033#59147 had an out of bounds transparent region
2026-04-05 14:23:40.144  1675-1675  CompositionEngine       surfaceflinger                       D  Layer: com.trainingvalidator.poc/com.trainingvalidator.poc.ui.train.TrainingActivity$_20033#59147 had an out of bounds transparent region
2026-04-05 14:23:40.152  1675-1675  CompositionEngine       surfaceflinger                       D  Layer: com.trainingvalidator.poc/com.trainingvalidator.poc.ui.train.TrainingActivity$_20033#59147 had an out of bounds transparent region
2026-04-05 14:23:40.161  1675-1675  CompositionEngine       surfaceflinger                       D  Layer: com.trainingvalidator.poc/com.trainingvalidator.poc.ui.train.TrainingActivity$_20033#59147 had an out of bounds transparent region
2026-04-05 14:23:40.169  1675-1675  CompositionEngine       surfaceflinger                       D  Layer: com.trainingvalidator.poc/com.trainingvalidator.poc.ui.train.TrainingActivity$_20033#59147 had an out of bounds transparent region
2026-04-05 14:23:40.170  1675-1675  SurfaceFlinger          surfaceflinger                       D  Display 4630947232161729154 HWC layers:
                                                                                                      SOLID_COLOR |                        0 | 00000002 | N/A          |    0.0    0.0    0.0    0.0 |    0    0 1080 2316 | Background for f5b5a75 SurfaceView[c[...]c.ui.train.TrainingActivity]@0#59157 (0)
                                                                                                           DEVICE |           86041079840782 | 00002100 | RGBA_8888    |    0.0    0.0 1080.0 2316.0 |    0    0 1080 2316 | com.trainingvalidator.poc/com.traini[...].train.TrainingActivity$_20033#59147 (6)
                                                                                                    
2026-04-05 14:23:40.186  1675-1675  CompositionEngine       surfaceflinger                       D  Layer: com.trainingvalidator.poc/com.trainingvalidator.poc.ui.train.TrainingActivity$_20033#59147 had an out of bounds transparent region
2026-04-05 14:23:40.202  1675-1675  SurfaceFlinger          surfaceflinger                       I  [LayerHierarchy{RequestedLayerState{DimTransitionLayer for Surface(name=ActivityRecord{144203105 u0 com.trainingvalidator.poc/.ui.train.TrainingActivity t450})/@0x9078155#59152 z=-1} no children}] reparent to OffscreenRoot
2026-04-05 14:23:40.202  1675-1675  SurfaceFlinger          surfaceflinger                       I  [LayerHierarchy{RequestedLayerState{DimTransitionLayer for Surface(name=ActivityRecord{144203105 u0 com.trainingvalidator.poc/.ui.train.TrainingActivity t450})/@0x9078155#59152 z=-1} no children}] RelativeParent to null
2026-04-05 14:23:40.202  1675-1675  SurfaceFlinger          surfaceflinger                       I  [LayerHierarchy{RequestedLayerState{ActivityRecord{144203105 u0 com.trainingvalidator.poc/.ui.train.TrainingActivity t450}#59145 parentId=59101 z=2} 3 children}] reparent to LayerHierarchy{RequestedLayerState{Task=450#59101 parentId=10 z=22} 4 children}
2026-04-05 14:23:40.202  1675-1675  SurfaceFlinger          surfaceflinger                       I  [LayerHierarchy{RequestedLayerState{Transition Root: ActivityRecord{144203105 u0 com.trainingvalidator.poc/.ui.train.TrainingActivity t450}#59150 z=2} no children}] reparent to OffscreenRoot
2026-04-05 14:23:40.202  1675-1675  SurfaceFlinger          surfaceflinger                       I  [LayerHierarchy{RequestedLayerState{Transition Root: ActivityRecord{144203105 u0 com.trainingvalidator.poc/.ui.train.TrainingActivity t450}#59150 z=2} no children}] RelativeParent to null
2026-04-05 14:23:40.203  1675-1675  CompositionEngine       surfaceflinger                       D  Layer: com.trainingvalidator.poc/com.trainingvalidator.poc.ui.train.TrainingActivity$_20033#59147 had an out of bounds transparent region
2026-04-05 14:23:40.203  1675-1794  SurfaceFlinger          surfaceflinger                       I  id=59152 Removed DimTransitionLayer for Surface(name=ActivityRecord{144203105 u0 com.trainingvalidator.poc/.ui.train.TrainingActivity t450})/@0x9078155#59152 (216)
2026-04-05 14:23:40.203  2449-3350  WindowManager           system_server                        V  Finish Transition: TransitionRecord{76588c8 id=5371 type=OPEN flags=0x0 c=[
                                                                                                       ChangeInfo{7079ca container=ActivityRecord{26595410 u0 com.trainingvalidator.poc/.ui.train.PreWorkoutActivity t450} flags=0x0}
                                                                                                       ChangeInfo{7ae6974 container=DefaultTaskDisplayArea_d0@136701462 flags=0x0}
                                                                                                       ChangeInfo{d1c6e9d container=ActivityRecord{144203105 u0 com.trainingvalidator.poc/.ui.train.TrainingActivity t450} flags=0x0}
                                                                                                       ChangeInfo{93d1f12 container=Task{89d05ac #450 type=standard A=10488:com.trainingvalidator.poc} flags=0x0}
                                                                                                       ChangeInfo{869e6e3 container=Display{#0 state=ON size=1080x2316 ROTATION_0} flags=0x0}
                                                                                                    ]
                                                                                                    }, caller=com.android.server.wm.WindowOrganizerController.finishTransitionInner:31 com.android.server.wm.WindowOrganizerController.finishAllTransitions:60 android.window.IWindowOrganizerController$Stub.onTransact:283 
2026-04-05 14:23:40.204  2449-3350  PersonaActivityHelper   system_server                        D  token.toString()  Token{f598086 ActivityRecord{144203105 u0 com.trainingvalidator.poc/.ui.train.TrainingActivity t450}}
2026-04-05 14:23:40.205  2449-3350  ChangeTran...Controller system_server                        D  onTransitionFinished: TransitionRecord{76588c8 id=5371 type=OPEN flags=0x0 c=[
                                                                                                       ChangeInfo{7079ca container=ActivityRecord{26595410 u0 com.trainingvalidator.poc/.ui.train.PreWorkoutActivity t450} flags=0x0}
                                                                                                       ChangeInfo{7ae6974 container=DefaultTaskDisplayArea_d0@136701462 flags=0x0}
                                                                                                       ChangeInfo{d1c6e9d container=ActivityRecord{144203105 u0 com.trainingvalidator.poc/.ui.train.TrainingActivity t450} flags=0x0}
                                                                                                       ChangeInfo{93d1f12 container=Task{89d05ac #450 type=standard A=10488:com.trainingvalidator.poc} flags=0x0}
