2026-04-05 14:24:22.466  1675-1675  CompositionEngine       surfaceflinger                       D  Layer: com.trainingvalidator.poc/com.trainingvalidator.poc.ui.train.TrainingActivity$_20033#59147 had an out of bounds transparent region
2026-04-05 14:24:22.482  2449-2526  SurfaceComposerClient   system_server                        D  setCornerRadius ## ae5b73c com.trainingvalidator.poc/com.trainingvalidator.poc.ui.train.TrainingActivity#59146 cornerRadius=0.000000
2026-04-05 14:24:22.483  1675-1675  CompositionEngine       surfaceflinger                       D  Layer: com.trainingvalidator.poc/com.trainingvalidator.poc.ui.train.TrainingActivity$_20033#59147 had an out of bounds transparent region
2026-04-05 14:24:22.483  2449-2526  SurfaceComposerClient   system_server                        D  setCornerRadius ## ae5b73c com.trainingvalidator.poc/com.trainingvalidator.poc.ui.train.TrainingActivity#59146 cornerRadius=0.000000
2026-04-05 14:24:22.488  1675-1675  SurfaceFlinger          surfaceflinger                       D  Display 4630947232161729154 HWC layers:
                                                                                                           CLIENT |           86041079840796 | 00000102 | 0x0000022    |    0.0  408.0 1440.0 1080.0 |    0    0 1080 2316 | f5b5a75 SurfaceView[com.trainingvali[...]ain.TrainingActivity]@0(BLAST)#59156 (1253)
                                                                                                           DEVICE |           86041079840781 | 00002100 | RGBA_8888    |    0.0    0.0 1080.0 2316.0 |    0    0 1080 2316 | com.trainingvalidator.poc/com.traini[...].train.TrainingActivity$_20033#59147 (1291)
                                                                                                           DEVICE |           14040248127314 | 00002140 | RGBA_8888    |    0.0    0.0 1080.0   84.0 |    0    0 1080   84 | ScreenDecorOverlay$_3269#59163 (9)
                                                                                                           DEVICE |           14040248127312 | 00002140 | RGBA_8888    |    0.0    0.0 1080.0   84.0 |    0 2232 1080 2316 | ScreenDecorOverlayBottom$_3269#59164 (3)
                                                                                                    
2026-04-05 14:24:22.491  2449-2526  SurfaceComposerClient   system_server                        D  setCornerRadius ## ae5b73c com.trainingvalidator.poc/com.trainingvalidator.poc.ui.train.TrainingActivity#59146 cornerRadius=0.000000
2026-04-05 14:24:22.500  1675-1675  CompositionEngine       surfaceflinger                       D  Layer: com.trainingvalidator.poc/com.trainingvalidator.poc.ui.train.TrainingActivity$_20033#59147 had an out of bounds transparent region
2026-04-05 14:24:22.504  2449-2526  SurfaceComposerClient   system_server                        D  setCornerRadius ## ae5b73c com.trainingvalidator.poc/com.trainingvalidator.poc.ui.train.TrainingActivity#59146 cornerRadius=0.000000
2026-04-05 14:24:22.516  1675-1675  CompositionEngine       surfaceflinger                       D  Layer: com.trainingvalidator.poc/com.trainingvalidator.poc.ui.train.TrainingActivity$_20033#59147 had an out of bounds transparent region
2026-04-05 14:24:23.675  2449-2525  SurfaceComposerClient   system_server                        D  setCornerRadius ## ae5b73c com.trainingvalidator.poc/com.trainingvalidator.poc.ui.train.TrainingActivity#59146 cornerRadius=0.000000
2026-04-05 14:24:23.676  2449-2525  SurfaceComposerClient   system_server                        D  setCornerRadius ## ae5b73c com.trainingvalidator.poc/com.trainingvalidator.poc.ui.train.TrainingActivity#59146 cornerRadius=0.000000
2026-04-05 14:24:24.967  1675-1675  LayerHistory            surfaceflinger                       I  f5b5a75 SurfaceView[com.trainingvalidator.poc/com.trainingvalidator.poc.ui.train.TrainingActivity]@0(BLAST)#59156 calculated refresh rate: 30.00 Hz
2026-04-05 14:24:24.967  1675-1675  LayerHistory            surfaceflinger                       I  com.trainingvalidator.poc/com.trainingvalidator.poc.ui.train.TrainingActivity$_20033#59147 Max (can't resolve refresh rate)
2026-04-05 14:24:24.968  1675-1675  SurfaceFlinger          surfaceflinger                       I  Video ignores com.trainingvalidator.poc/com.trainingvalidator.poc.ui.train.TrainingActivity$_20033#59147 (type=Max, weight=1.00, seamlessness=Default) 0.00 Hz's 30.00 Hz
                                                                                                    Video ignores com.trainingvalidator.poc/com.trainingvalidator.poc.ui.train.TrainingActivity$_20033#59147 (type=Max, weight=1.00, seamlessness=Default) 0.00 Hz's 32.00 Hz
                                                                                                    Video ignores com.trainingvalidator.poc/com.trainingvalidator.poc.ui.train.TrainingActivity$_20033#59147 (type=Max, weight=1.00, seamlessness=Default) 0.00 Hz's 40.00 Hz
                                                                                                    Video ignores com.trainingvalidator.poc/com.trainingvalidator.poc.ui.train.TrainingActivity$_20033#59147 (type=Max, weight=1.00, seamlessness=Default) 0.00 Hz's 48.00 Hz
                                                                                                    Video ignores com.trainingvalidator.poc/com.trainingvalidator.poc.ui.train.TrainingActivity$_20033#59147 (type=Max, weight=1.00, seamlessness=Default) 0.00 Hz's 60.00 Hz
                                                                                                    scored - choose 30.00 Hz
2026-04-05 14:24:24.984  2449-2523  SurfaceComposerClient   system_server                        D  setCornerRadius ## ae5b73c com.trainingvalidator.poc/com.trainingvalidator.poc.ui.train.TrainingActivity#59146 cornerRadius=0.000000
2026-04-05 14:24:25.957 20033-20033 TrainingActivity        com.trainingvalidator.poc            D  SetupRefImage: url=(null)
2026-04-05 14:24:25.959 20033-20033 TrainingActivity        com.trainingvalidator.poc            D  SetupRefImage: url=(null)
2026-04-05 14:24:25.962 20033-20033 TrainingActivity        com.trainingvalidator.poc            D  Auto-paused: NO_POSE
2026-04-05 14:24:33.011  1675-1675  CompositionEngine       surfaceflinger                       D  Layer: com.trainingvalidator.poc/com.trainingvalidator.poc.ui.train.TrainingActivity$_20033#59147 had an out of bounds transparent region
2026-04-05 14:24:33.040  1675-1675  CompositionEngine       surfaceflinger                       D  Layer: com.trainingvalidator.poc/com.trainingvalidator.poc.ui.train.TrainingActivity$_20033#59147 had an out of bounds transparent region
2026-04-05 14:24:33.058 20033-20033 TrainingActivity        com.trainingvalidator.poc            D  SetupRefImage: url=(null)
2026-04-05 14:24:33.224 20033-20033 TrainingActivity        com.trainingvalidator.poc            D  Auto-paused: NO_POSE
2026-04-05 14:24:33.284 20033-20033 TrainingActivity        com.trainingvalidator.poc            D  SetupRefImage: url=(null)
2026-04-05 14:24:33.593 20033-20033 TrainingActivity        com.trainingvalidator.poc            D  Auto-paused: NO_POSE
2026-04-05 14:24:33.639 20033-20033 TrainingActivity        com.trainingvalidator.poc            D  SetupRefImage: url=(null)
2026-04-05 14:24:38.240  1675-1675  CompositionEngine       surfaceflinger                       D  Layer: com.trainingvalidator.poc/com.trainingvalidator.poc.ui.train.TrainingActivity$_20033#59147 had an out of bounds transparent region
2026-04-05 14:24:38.311  1675-1675  CompositionEngine       surfaceflinger                       D  Layer: com.trainingvalidator.poc/com.trainingvalidator.poc.ui.train.TrainingActivity$_20033#59147 had an out of bounds transparent region
2026-04-05 14:24:38.339  1675-1675  CompositionEngine       surfaceflinger                       D  Layer: com.trainingvalidator.poc/com.trainingvalidator.poc.ui.train.TrainingActivity$_20033#59147 had an out of bounds transparent region
2026-04-05 14:24:40.601 20033-20033 TrainingActivity        com.trainingvalidator.poc            D  Captured peak frame for rep 6 at phase BOTTOM
2026-04-05 14:24:44.414 20033-20033 TrainingActivity        com.trainingvalidator.poc            D  Captured peak frame for rep 7 at phase BOTTOM
2026-04-05 14:24:48.154 20033-20033 TrainingActivity        com.trainingvalidator.poc            D  Captured peak frame for rep 8 at phase BOTTOM
2026-04-05 14:24:51.222  2449-2479  SurfaceComposerClient   system_server                        D  setCornerRadius ## ae5b73c com.trainingvalidator.poc/com.trainingvalidator.poc.ui.train.TrainingActivity#59146 cornerRadius=0.000000
2026-04-05 14:24:51.222  2449-2479  SurfaceComposerClient   system_server                        D  setCornerRadius ## ae5b73c com.trainingvalidator.poc/com.trainingvalidator.poc.ui.train.TrainingActivity#59146 cornerRadius=0.000000
2026-04-05 14:24:51.223  2449-2479  SurfaceComposerClient   system_server                        D  setCornerRadius ## ae5b73c com.trainingvalidator.poc/com.trainingvalidator.poc.ui.train.TrainingActivity#59146 cornerRadius=0.000000
2026-04-05 14:24:51.225  2449-2479  SurfaceComposerClient   system_server                        D  setCornerRadius ## ae5b73c com.trainingvalidator.poc/com.trainingvalidator.poc.ui.train.TrainingActivity#59146 cornerRadius=0.000000
2026-04-05 14:24:51.271  1675-1675  CompositionEngine       surfaceflinger                       D  Layer: com.trainingvalidator.poc/com.trainingvalidator.poc.ui.train.TrainingActivity$_20033#59147 had an out of bounds transparent region
2026-04-05 14:24:51.302  1675-1675  CompositionEngine       surfaceflinger                       D  Layer: com.trainingvalidator.poc/com.trainingvalidator.poc.ui.train.TrainingActivity$_20033#59147 had an out of bounds transparent region
2026-04-05 14:24:51.766 20033-20033 TrainingActivity        com.trainingvalidator.poc            D  Captured peak frame for rep 9 at phase BOTTOM
2026-04-05 14:25:14.162 20033-20033 TrainingActivity        com.trainingvalidator.poc            D  Captured peak frame for rep 10 at phase BOTTOM
2026-04-05 14:25:17.913 20033-20033 TrainingActivity        com.trainingvalidator.poc            D  Captured peak frame for rep 11 at phase BOTTOM
2026-04-05 14:25:21.459 20033-20033 TrainingActivity        com.trainingvalidator.poc            D  Captured peak frame for rep 12 at phase BOTTOM
2026-04-05 14:25:23.444 20033-20033 TrainingActivity        com.trainingvalidator.poc            D  Captured peak frame for rep 12 at phase BOTTOM
2026-04-05 14:25:25.795 20033-20033 TrainingActivity        com.trainingvalidator.poc            D  Training completed. Captured 12 frames (432 KB)
2026-04-05 14:25:25.795 20033-20033 TrainingActivity        com.trainingvalidator.poc            D  Frame captures count: 12
2026-04-05 14:25:25.799 20033-20105 TrainingActivity        com.trainingvalidator.poc            D  Generating report in background...
2026-04-05 14:25:25.803 20033-20033 TrainingActivity        com.trainingvalidator.poc            D  completeTraining already called, skipping duplicate
2026-04-05 14:25:25.830 20033-20105 TrainingActivity        com.trainingvalidator.poc            D  Report generated: id=45ea0c76-4c31-43ef-8c6c-0d7c1aedd554, accuracy=100.0%
2026-04-05 14:25:25.968 20033-20105 TrainingActivity        com.trainingvalidator.poc            D  Report saved locally: true
2026-04-05 14:25:25.971 20033-20105 TrainingActivity        com.trainingvalidator.poc            D  Syncing session to backend: c06dcf99-b5f5-41b3-863d-313c9db806fc, 12 reps, avgScore=100.0%
2026-04-05 14:25:25.971 20033-20033 TrainingActivity        com.trainingvalidator.poc            D  Navigating to ReportPagerActivity with id: 45ea0c76-4c31-43ef-8c6c-0d7c1aedd554
2026-04-05 14:25:25.988  2449-2875  ActivityTaskManager     system_server                        D  scheduleTopResumedActivityChanged, onTop=false, r=ActivityRecord{144203105 u0 com.trainingvalidator.poc/.ui.train.TrainingActivity t450}, caller=com.android.server.wm.ActivityTaskSupervisor.scheduleTopResumedActivityStateLossIfNeeded:19 com.android.server.wm.ActivityTaskSupervisor.updateTopResumedActivityIfNeeded:20 com.android.server.wm.TaskFragment.setResumedActivity:30 com.android.server.wm.ActivityRecord.setState:91 com.android.server.wm.TaskFragment.startPausing$1:209 com.android.server.wm.TaskFragment.resumeTopActivity:699 
2026-04-05 14:25:26.000  2449-4611  WindowManager           system_server                        V  Collecting in transition 5372: ActivityRecord{144203105 u0 com.trainingvalidator.poc/.ui.train.TrainingActivity t450 f}}, caller=com.android.server.wm.Transition.collectExistenceChange:40 com.android.server.wm.Transition.collectClose:7 com.android.server.wm.ActivityRecord.finishIfPossible:50 com.android.server.wm.ActivityClientController.finishActivity:268 android.app.IActivityClientController$Stub.onTransact:840 
2026-04-05 14:25:26.000  2449-4611  WindowManager           system_server                        D  prepareSync <SYNC_STATE_WAITING_FOR_DRAW>, mPrepareSyncSeqId=0, win=Window{ae5b73c u0 com.trainingvalidator.poc/com.trainingvalidator.poc.ui.train.TrainingActivity}
2026-04-05 14:25:26.003  1675-1675  CompositionEngine       surfaceflinger                       D  Layer: com.trainingvalidator.poc/com.trainingvalidator.poc.ui.train.TrainingActivity$_20033#59147 had an out of bounds transparent region
2026-04-05 14:25:26.005  2449-2875  WindowManager           system_server                        V  Collecting in transition 5372: ActivityRecord{144203105 u0 com.trainingvalidator.poc/.ui.train.TrainingActivity t450 f}}, caller=com.android.server.wm.TransitionController.collect:7 com.android.server.wm.ActivityRecord.setVisibility:132 com.android.server.wm.TaskFragment.resumeTopActivity:1573 com.android.server.wm.Task.resumeTopActivityInnerLocked:119 com.android.server.wm.Task.resumeTopActivityUncheckedLocked:23 
2026-04-05 14:25:26.008  2449-2875  WindowManager           system_server                        D  Changing focus from Window{ae5b73c u0 com.trainingvalidator.poc/com.trainingvalidator.poc.ui.train.TrainingActivity} to null displayId=0 Callers=com.android.server.wm.ActivityTaskManagerService.setLastResumedActivityUncheckLocked:264 com.android.server.wm.ActivityTaskSupervisor.updateTopResumedActivityIfNeeded:51 com.android.server.wm.TaskFragment.setResumedActivity:30 com.android.server.wm.ActivityRecord.setState:100 
2026-04-05 14:25:26.059  1675-1675  LayerHistory            surfaceflinger                       I  Background for f5b5a75 SurfaceView[com.trainingvalidator.poc/com.trainingvalidator.poc.ui.train.TrainingActivity]@0#59157 voted ExplicitCategory with category: High
2026-04-05 14:25:26.060  1675-1675  LayerHistory            surfaceflinger                       I  f5b5a75 SurfaceView[com.trainingvalidator.poc/com.trainingvalidator.poc.ui.train.TrainingActivity]@0(BLAST)#59156 voted ExplicitCategory with category: High
2026-04-05 14:25:26.060  1675-1675  LayerHistory            surfaceflinger                       I  com.trainingvalidator.poc/com.trainingvalidator.poc.ui.train.TrainingActivity$_20033#59147 voted ExplicitCategory with category: High
2026-04-05 14:25:26.102  1675-1675  CompositionEngine       surfaceflinger                       D  Layer: com.trainingvalidator.poc/com.trainingvalidator.poc.ui.train.TrainingActivity$_20033#59147 had an out of bounds transparent region
2026-04-05 14:25:26.105  2449-3541  InputDispatcher         system_server                        D  Focus left window (0): ae5b73c com.trainingvalidator.poc/com.trainingvalidator.poc.ui.train.TrainingActivity
2026-04-05 14:25:26.106  1675-1675  CompositionEngine       surfaceflinger                       D  Layer: com.trainingvalidator.poc/com.trainingvalidator.poc.ui.train.TrainingActivity$_20033#59147 had an out of bounds transparent region
2026-04-05 14:25:26.117  5806-17492 [AirCmd]_A...chDetector com...ng.android.service.aircommand  I  onTaskStackChanged :top mTopMostActivity - ComponentInfo{com.trainingvalidator.poc/com.trainingvalidator.poc.ui.train.TrainingActivity}
2026-04-05 14:25:26.153  1675-1675  CompositionEngine       surfaceflinger                       D  Layer: com.trainingvalidator.poc/com.trainingvalidator.poc.ui.train.TrainingActivity$_20033#59147 had an out of bounds transparent region
2026-04-05 14:25:26.158  2449-2526  ChangeTran...Controller system_server                        D  onTransactionReady: TransitionRecord{daa98d6 id=5372 type=OPEN flags=0x0 c=[
                                                                                                       ChangeInfo{98f6c62 container=ActivityRecord{129529687 u0 com.trainingvalidator.poc/.ui.report.ReportPagerActivity t450} flags=0x0}
                                                                                                       ChangeInfo{ae331f3 container=DefaultTaskDisplayArea_d0@136701462 flags=0x0}
                                                                                                       ChangeInfo{d19a172 container=ActivityRecord{144203105 u0 com.trainingvalidator.poc/.ui.train.TrainingActivity t450 f}} flags=0x0}
                                                                                                       ChangeInfo{e67eb0 container=Task{89d05ac #450 type=standard A=10488:com.trainingvalidator.poc} flags=0x0}
                                                                                                       ChangeInfo{8ddc129 container=Display{#0 state=ON size=1080x2316 ROTATION_0} flags=0x0}
                                                                                                    ]
                                                                                                    }
2026-04-05 14:25:26.158  2449-2526  WindowManager           system_server                        V  Start calculating TransitionInfo based on participants: {ActivityRecord{129529687 u0 com.trainingvalidator.poc/.ui.report.ReportPagerActivity t450}, ActivityRecord{144203105 u0 com.trainingvalidator.poc/.ui.train.TrainingActivity t450 f}}}
2026-04-05 14:25:26.158  2449-2526  WindowManager           system_server                        V    Final targets: [ChangeInfo{98f6c62 container=ActivityRecord{129529687 u0 com.trainingvalidator.poc/.ui.report.ReportPagerActivity t450} flags=0x0}, ChangeInfo{d19a172 container=ActivityRecord{144203105 u0 com.trainingvalidator.poc/.ui.train.TrainingActivity t450 f}} flags=0x0}]
2026-04-05 14:25:26.160  2449-2526  SurfaceComposerClient   system_server                        D  setCornerRadius ## ActivityRecord{144203105 u0 com.trainingvalidator.poc/.ui.train.TrainingActivity t450}#59145 cornerRadius=0.000000
2026-04-05 14:25:26.160  2449-2526  WindowManager           system_server                        V  Calling onTransitionReady: {id=5372 t=OPEN f=0x0 trk=0 r=[0@Point(0, 0)] c=[
                                                                                                            {m=OPEN f=FILLS_TASK|IS_ACTIVITY leash=Surface(name=ActivityRecord{129529687 u0 com.trainingvalidator.poc/.ui.report.ReportPagerActivity t450})/@0xca1e240 sb=Rect(0, 0 - 0, 0) eb=Rect(0, 0 - 1080, 2316) epz=Point(1080, 2316) d=-1->0 r=-1->0:-1 bc=ff040a01 component=com.trainingvalidator.poc/.ui.report.ReportPagerActivity opt={t=FROM_STYLE mUserId=0} inset=Rect(0, 0 - 0, 0) dim=true taskIdForActivity=450},
                                                                                                            {m=CLOSE f=FILLS_TASK|IS_ACTIVITY|EDGE_EXTENSION_RESTRICTION leash=Surface(name=ActivityRecord{144203105 u0 com.trainingvalidator.poc/.ui.train.TrainingActivity t450})/@0x13b973b sb=Rect(0, 0 - 1080, 2316) eb=Rect(0, 0 - 1080, 2316) epz=Point(1080, 2316) d=0 bc=ff040a01 component=com.trainingvalidator.poc/.ui.train.TrainingActivity opt={t=FROM_STYLE mUserId=0} inset=Rect(0, 0 - 0, 0) taskIdForActivity=450 allowAppBgLayer=true}
                                                                                                        ]}
2026-04-05 14:25:26.161  1675-1675  CompositionEngine       surfaceflinger                       D  Layer: com.trainingvalidator.poc/com.trainingvalidator.poc.ui.train.TrainingActivity$_20033#59147 had an out of bounds transparent region
2026-04-05 14:25:26.168  1675-2174  SurfaceFlinger          surfaceflinger                       I  Capture layer list: 	 Background for f5b5a75 SurfaceView[com.trainingvalidator.poc/com.trainingvalidator.poc.ui.train.TrainingActivity]@0#59157(seamlessTransition:0)
2026-04-05 14:25:26.168  1675-2174  SurfaceFlinger          surfaceflinger                       I  Capture layer list: 	 f5b5a75 SurfaceView[com.trainingvalidator.poc/com.trainingvalidator.poc.ui.train.TrainingActivity]@0(BLAST)#59156(seamlessTransition:0)
2026-04-05 14:25:26.168  1675-2174  SurfaceFlinger          surfaceflinger                       I  Capture layer list: 	 com.trainingvalidator.poc/com.trainingvalidator.poc.ui.train.TrainingActivity$_20033#59147(seamlessTransition:0)
2026-04-05 14:25:26.168  1675-2174  CompositionEngine       surfaceflinger                       D  Layer: com.trainingvalidator.poc/com.trainingvalidator.poc.ui.train.TrainingActivity$_20033#59147 had an out of bounds transparent region
2026-04-05 14:25:26.169  1675-1808  RenderEngine            surfaceflinger                       D  [SEC_SF_EFFECTS] drawLayersInternal,1483, Rendering layer f5b5a75 SurfaceView[com.trainingvalidator.poc/com.trainingvalidator.poc.ui.train.TrainingActivity]@0(BLAST)#59156 at index 1
2026-04-05 14:25:26.169  3269-3376  WindowManagerShell      com.android.systemui                 V  onTransitionReady (#5372) android.os.BinderProxy@18e50f8: {id=5372 t=OPEN f=0x0 trk=0 r=[0@Point(0, 0)] c=[
                                                                                                            {m=OPEN f=FILLS_TASK|IS_ACTIVITY leash=Surface(name=ActivityRecord{129529687 u0 com.trainingvalidator.poc/.ui.report.ReportPagerActivity t450})/@0xd318737 sb=Rect(0, 0 - 0, 0) eb=Rect(0, 0 - 1080, 2316) epz=Point(1080, 2316) d=-1->0 r=-1->0:-1 bc=ff040a01 component=com.trainingvalidator.poc/.ui.report.ReportPagerActivity opt={t=FROM_STYLE mUserId=0} inset=Rect(0, 0 - 0, 0) dim=true taskIdForActivity=450},
                                                                                                            {m=CLOSE f=FILLS_TASK|IS_ACTIVITY|EDGE_EXTENSION_RESTRICTION leash=Surface(name=ActivityRecord{144203105 u0 com.trainingvalidator.poc/.ui.train.TrainingActivity t450})/@0xd384a4 sb=Rect(0, 0 - 1080, 2316) eb=Rect(0, 0 - 1080, 2316) epz=Point(1080, 2316) d=0 bc=ff040a01 component=com.trainingvalidator.poc/.ui.train.TrainingActivity opt={t=FROM_STYLE mUserId=0} inset=Rect(0, 0 - 0, 0) taskIdForActivity=450 allowAppBgLayer=true}
                                                                                                        ]}
2026-04-05 14:25:26.169  1675-1808  RenderEngine            surfaceflinger                       D  [SEC_SF_EFFECTS] drawLayersInternal,1483, Rendering layer com.trainingvalidator.poc/com.trainingvalidator.poc.ui.train.TrainingActivity$_20033#59147 at index 2
2026-04-05 14:25:26.170  3269-3376  SurfaceControlRegistry  com.android.systemui                 I  hide, t=FinishTransaction_SyncId<5372> sc=ActivityRecord{144203105 u0 com.trainingvalidator.poc/.ui.train.TrainingActivity t450}, caller=android.view.SurfaceControl$Transaction.hide:3583 com.android.wm.shell.transition.Transitions.dispatchReady:1263 com.android.wm.shell.transition.Transitions.onTransitionReady:251 com.android.wm.shell.transition.Transitions$TransitionPlayerImpl$$ExternalSyntheticLambda0.run:13 android.os.Handler.handleCallback:995 android.os.Handler.dispatchMessage:103 
2026-04-05 14:25:26.170  1675-1675  CompositionEngine       surfaceflinger                       D  Layer: com.trainingvalidator.poc/com.trainingvalidator.poc.ui.train.TrainingActivity$_20033#59147 had an out of bounds transparent region
2026-04-05 14:25:26.173  3269-3376  WindowManagerShell      com.android.systemui                 V  Transition doesn't have explicit remote, search filters for match for {id=5372 t=OPEN f=0x0 trk=0 r=[0@Point(0, 0)] c=[{m=OPEN f=FILLS_TASK|IS_ACTIVITY leash=Surface(name=ActivityRecord{129529687 u0 com.trainingvalidator.poc/.ui.report.ReportPagerActivity t450})/@0xd318737 sb=Rect(0, 0 - 0, 0) eb=Rect(0, 0 - 1080, 2316) epz=Point(1080, 2316) d=-1->0 r=-1->0:-1 bc=ff040a01 component=com.trainingvalidator.poc/.ui.report.ReportPagerActivity opt={t=FROM_STYLE mUserId=0} inset=Rect(0, 0 - 0, 0) dim=true taskIdForActivity=450},{m=CLOSE f=FILLS_TASK|IS_ACTIVITY|EDGE_EXTENSION_RESTRICTION leash=Surface(name=ActivityRecord{144203105 u0 com.trainingvalidator.poc/.ui.train.TrainingActivity t450})/@0xd384a4 sb=Rect(0, 0 - 1080, 2316) eb=Rect(0, 0 - 1080, 2316) epz=Point(1080, 2316) d=0 bc=ff040a01 component=com.trainingvalidator.poc/.ui.train.TrainingActivity opt={t=FROM_STYLE mUserId=0} inset=Rect(0, 0 - 0, 0) taskIdForActivity=450 allowAppBgLayer=true}]}
2026-04-05 14:25:26.174  3269-3376  WindowManagerShell      com.android.systemui                 V  start default transition animation, info = {id=5372 t=OPEN f=0x0 trk=0 r=[0@Point(0, 0)] c=[{m=OPEN f=FILLS_TASK|IS_ACTIVITY leash=Surface(name=ActivityRecord{129529687 u0 com.trainingvalidator.poc/.ui.report.ReportPagerActivity t450})/@0xd318737 sb=Rect(0, 0 - 0, 0) eb=Rect(0, 0 - 1080, 2316) epz=Point(1080, 2316) d=-1->0 r=-1->0:-1 bc=ff040a01 component=com.trainingvalidator.poc/.ui.report.ReportPagerActivity opt={t=FROM_STYLE mUserId=0} inset=Rect(0, 0 - 0, 0) dim=true taskIdForActivity=450},{m=CLOSE f=FILLS_TASK|IS_ACTIVITY|EDGE_EXTENSION_RESTRICTION leash=Surface(name=ActivityRecord{144203105 u0 com.trainingvalidator.poc/.ui.train.TrainingActivity t450})/@0xd384a4 sb=Rect(0, 0 - 1080, 2316) eb=Rect(0, 0 - 1080, 2316) epz=Point(1080, 2316) d=0 bc=ff040a01 component=com.trainingvalidator.poc/.ui.train.TrainingActivity opt={t=FROM_STYLE mUserId=0} inset=Rect(0, 0 - 0, 0) taskIdForActivity=450 allowAppBgLayer=true}]}
2026-04-05 14:25:26.174  2449-2522  WindowManager           system_server                        V      info={id=5372 t=OPEN f=0x0 trk=0 r=[0@Point(0, 0)] c=[
                                                                                                            {m=OPEN f=FILLS_TASK|IS_ACTIVITY leash=Surface(name=ActivityRecord{129529687 u0 com.trainingvalidator.poc/.ui.report.ReportPagerActivity t450})/@0xca1e240 sb=Rect(0, 0 - 0, 0) eb=Rect(0, 0 - 1080, 2316) epz=Point(1080, 2316) d=-1->0 r=-1->0:-1 bc=ff040a01 component=com.trainingvalidator.poc/.ui.report.ReportPagerActivity opt={t=FROM_STYLE mUserId=0} inset=Rect(0, 0 - 0, 0) dim=true taskIdForActivity=450},
                                                                                                            {m=CLOSE f=FILLS_TASK|IS_ACTIVITY|EDGE_EXTENSION_RESTRICTION leash=Surface(name=ActivityRecord{144203105 u0 com.trainingvalidator.poc/.ui.train.TrainingActivity t450})/@0x13b973b sb=Rect(0, 0 - 1080, 2316) eb=Rect(0, 0 - 1080, 2316) epz=Point(1080, 2316) d=0 bc=ff040a01 component=com.trainingvalidator.poc/.ui.train.TrainingActivity opt={t=FROM_STYLE mUserId=0} inset=Rect(0, 0 - 0, 0) taskIdForActivity=450 allowAppBgLayer=true}
                                                                                                        ]}
2026-04-05 14:25:26.178  3269-3376  WindowManagerShell      com.android.systemui                 V     change={m=CLOSE f=FILLS_TASK|IS_ACTIVITY|EDGE_EXTENSION_RESTRICTION leash=Surface(name=ActivityRecord{144203105 u0 com.trainingvalidator.poc/.ui.train.TrainingActivity t450})/@0xd384a4 sb=Rect(0, 0 - 1080, 2316) eb=Rect(0, 0 - 1080, 2316) epz=Point(1080, 2316) d=0 bc=ff040a01 component=com.trainingvalidator.poc/.ui.train.TrainingActivity opt={t=FROM_STYLE mUserId=0} inset=Rect(0, 0 - 0, 0) taskIdForActivity=450 allowAppBgLayer=true}
2026-04-05 14:25:26.178  3269-3376  SurfaceComposerClient   com.android.systemui                 D  [ActivityRecord{144203105 u0 com.trainingvalidator.poc/.ui.train.TrainingActivity t450}#59145] setEdgeExtension Right
2026-04-05 14:25:26.187  1675-1675  CompositionEngine       surfaceflinger                       D  Layer: com.trainingvalidator.poc/com.trainingvalidator.poc.ui.train.TrainingActivity$_20033#59147 had an out of bounds transparent region
2026-04-05 14:25:26.194  1675-1675  SurfaceFlinger          surfaceflinger                       I  [LayerHierarchy{RequestedLayerState{ActivityRecord{144203105 u0 com.trainingvalidator.poc/.ui.train.TrainingActivity t450}#59145 parentId=59185 z=2} 3 children}] reparent to LayerHierarchy{RequestedLayerState{Transition Root: ActivityRecord{129529687 u0 com.trainingvalidator.poc/.ui.report.ReportPagerActivity t450}#59185 parentId=59101 z=3} 2 children}
2026-04-05 14:25:26.196  1675-1675  CompositionEngine       surfaceflinger                       E  [f5b5a75 SurfaceView[com.trainingvalidator.poc/com.trainingvalidator.poc.ui.train.TrainingActivity]@0(BLAST)#59156] Invalid device requested composition type change: Client (1) --> Client (1)
2026-04-05 14:25:26.213  1675-1675  CompositionEngine       surfaceflinger                       E  [f5b5a75 SurfaceView[com.trainingvalidator.poc/com.trainingvalidator.poc.ui.train.TrainingActivity]@0(BLAST)#59156] Invalid device requested composition type change: Client (1) --> Client (1)
2026-04-05 14:25:26.215  1675-1675  SurfaceFlinger          surfaceflinger                       D  Display 4630947232161729154 HWC layers:
                                                                                                           CLIENT |           86041079840794 | 00000102 | 0x0000022    |    0.0  408.0 1440.0 1070.0 |    0    0 1065 2316 | f5b5a75 SurfaceView[com.trainingvali[...]ain.TrainingActivity]@0(BLAST)#59156 (3162)
                                                                                                           CLIENT |           86041079840780 | 00002100 | RGBA_8888    |   15.0    0.0 1080.0 2316.0 |    0    0 1080 2316 | com.trainingvalidator.poc/com.traini[...].train.TrainingActivity$_20033#59147 (2996)
                                                                                                      SOLID_COLOR |                        0 | 00000000 | N/A          |    0.0    0.0    0.0    0.0 |    0    0 1080 2316 | DimTransitionLayer for Surface(name=[...]agerActivity t450})/@0xd318737#59187 (0)
                                                                                                           DEVICE |           86041079840813 | 00002102 | RGBA_8888    |    0.0    0.0   49.0 2316.0 | 1031    0 1080 2316 | com.trainingvalidator.poc/com.traini[...]ort.ReportPagerActivity$_20033#59182 (1)
                                                                                                           DEVICE |           14040248127314 | 00002140 | RGBA_8888    |    0.0    0.0 1080.0   84.0 |    0    0 1080   84 | ScreenDecorOverlay$_3269#59163 (9)
                                                                                                           DE
2026-04-05 14:25:26.221  1675-1675  CompositionEngine       surfaceflinger                       E  [f5b5a75 SurfaceView[com.trainingvalidator.poc/com.trainingvalidator.poc.ui.train.TrainingActivity]@0(BLAST)#59156] Invalid device requested composition type change: Client (1) --> Client (1)
2026-04-05 14:25:26.229  1675-1675  CompositionEngine       surfaceflinger                       E  [f5b5a75 SurfaceView[com.trainingvalidator.poc/com.trainingvalidator.poc.ui.train.TrainingActivity]@0(BLAST)#59156] Invalid device requested composition type change: Client (1) --> Client (1)
2026-04-05 14:25:26.238  1675-1675  CompositionEngine       surfaceflinger                       E  [f5b5a75 SurfaceView[com.trainingvalidator.poc/com.trainingvalidator.poc.ui.train.TrainingActivity]@0(BLAST)#59156] Invalid device requested composition type change: Client (1) --> Client (1)
2026-04-05 14:25:26.246  1675-1675  CompositionEngine       surfaceflinger                       E  [f5b5a75 SurfaceView[com.trainingvalidator.poc/com.trainingvalidator.poc.ui.train.TrainingActivity]@0(BLAST)#59156] Invalid device requested composition type change: Client (1) --> Client (1)
2026-04-05 14:25:26.254  1675-1675  CompositionEngine       surfaceflinger                       E  [f5b5a75 SurfaceView[com.trainingvalidator.poc/com.trainingvalidator.poc.ui.train.TrainingActivity]@0(BLAST)#59156] Invalid device requested composition type change: Client (1) --> Client (1)
2026-04-05 14:25:26.262  1675-1675  CompositionEngine       surfaceflinger                       E  [f5b5a75 SurfaceView[com.trainingvalidator.poc/com.trainingvalidator.poc.ui.train.TrainingActivity]@0(BLAST)#59156] Invalid device requested composition type change: Client (1) --> Client (1)
2026-04-05 14:25:26.271  1675-1675  CompositionEngine       surfaceflinger                       E  [f5b5a75 SurfaceView[com.trainingvalidator.poc/com.trainingvalidator.poc.ui.train.TrainingActivity]@0(BLAST)#59156] Invalid device requested composition type change: Client (1) --> Client (1)
2026-04-05 14:25:26.279  1675-1675  CompositionEngine       surfaceflinger                       E  [f5b5a75 SurfaceView[com.trainingvalidator.poc/com.trainingvalidator.poc.ui.train.TrainingActivity]@0(BLAST)#59156] Invalid device requested composition type change: Client (1) --> Client (1)
2026-04-05 14:25:26.288  1675-1675  CompositionEngine       surfaceflinger                       E  [f5b5a75 SurfaceView[com.trainingvalidator.poc/com.trainingvalidator.poc.ui.train.TrainingActivity]@0(BLAST)#59156] Invalid device requested composition type change: Client (1) --> Client (1)
2026-04-05 14:25:26.296  1675-1675  CompositionEngine       surfaceflinger                       E  [f5b5a75 SurfaceView[com.trainingvalidator.poc/com.trainingvalidator.poc.ui.train.TrainingActivity]@0(BLAST)#59156] Invalid device requested composition type change: Client (1) --> Client (1)
2026-04-05 14:25:26.304  1675-1675  CompositionEngine       surfaceflinger                       E  [f5b5a75 SurfaceView[com.trainingvalidator.poc/com.trainingvalidator.poc.ui.train.TrainingActivity]@0(BLAST)#59156] Invalid device requested composition type change: Client (1) --> Client (1)
2026-04-05 14:25:26.312  1675-1675  CompositionEngine       surfaceflinger                       E  [f5b5a75 SurfaceView[com.trainingvalidator.poc/com.trainingvalidator.poc.ui.train.TrainingActivity]@0(BLAST)#59156] Invalid device requested composition type change: Client (1) --> Client (1)
2026-04-05 14:25:26.321  1675-1675  CompositionEngine       surfaceflinger                       E  [f5b5a75 SurfaceView[com.trainingvalidator.poc/com.trainingvalidator.poc.ui.train.TrainingActivity]@0(BLAST)#59156] Invalid device requested composition type change: Client (1) --> Client (1)
2026-04-05 14:25:26.329  1675-1675  CompositionEngine       surfaceflinger                       E  [f5b5a75 SurfaceView[com.trainingvalidator.poc/com.trainingvalidator.poc.ui.train.TrainingActivity]@0(BLAST)#59156] Invalid device requested composition type change: Client (1) --> Client (1)
2026-04-05 14:25:26.337  1675-1675  CompositionEngine       surfaceflinger                       E  [f5b5a75 SurfaceView[com.trainingvalidator.poc/com.trainingvalidator.poc.ui.train.TrainingActivity]@0(BLAST)#59156] Invalid device requested composition type change: Client (1) --> Client (1)
2026-04-05 14:25:26.346  1675-1675  CompositionEngine       surfaceflinger                       E  [f5b5a75 SurfaceView[com.trainingvalidator.poc/com.trainingvalidator.poc.ui.train.TrainingActivity]@0(BLAST)#59156] Invalid device requested composition type change: Client (1) --> Client (1)
2026-04-05 14:25:26.354  1675-1675  CompositionEngine       surfaceflinger                       E  [f5b5a75 SurfaceView[com.trainingvalidator.poc/com.trainingvalidator.poc.ui.train.TrainingActivity]@0(BLAST)#59156] Invalid device requested composition type change: Client (1) --> Client (1)
2026-04-05 14:25:26.362  1675-1675  CompositionEngine       surfaceflinger                       E  [f5b5a75 SurfaceView[com.trainingvalidator.poc/com.trainingvalidator.poc.ui.train.TrainingActivity]@0(BLAST)#59156] Invalid device requested composition type change: Client (1) --> Client (1)
2026-04-05 14:25:26.371  1675-1675  CompositionEngine       surfaceflinger                       E  [f5b5a75 SurfaceView[com.trainingvalidator.poc/com.trainingvalidator.poc.ui.train.TrainingActivity]@0(BLAST)#59156] Invalid device requested composition type change: Client (1) --> Client (1)
2026-04-05 14:25:26.379  1675-1675  CompositionEngine       surfaceflinger                       E  [f5b5a75 SurfaceView[com.trainingvalidator.poc/com.trainingvalidator.poc.ui.train.TrainingActivity]@0(BLAST)#59156] Invalid device requested composition type change: Client (1) --> Client (1)
2026-04-05 14:25:26.388  1675-1675  CompositionEngine       surfaceflinger                       E  [f5b5a75 SurfaceView[com.trainingvalidator.poc/com.trainingvalidator.poc.ui.train.TrainingActivity]@0(BLAST)#59156] Invalid device requested composition type change: Client (1) --> Client (1)
2026-04-05 14:25:26.396  1675-1675  CompositionEngine       surfaceflinger                       E  [f5b5a75 SurfaceView[com.trainingvalidator.poc/com.trainingvalidator.poc.ui.train.TrainingActivity]@0(BLAST)#59156] Invalid device requested composition type change: Client (1) --> Client (1)
2026-04-05 14:25:26.405  1675-1675  CompositionEngine       surfaceflinger                       E  [f5b5a75 SurfaceView[com.trainingvalidator.poc/com.trainingvalidator.poc.ui.train.TrainingActivity]@0(BLAST)#59156] Invalid device requested composition type change: Client (1) --> Client (1)
2026-04-05 14:25:26.413  1675-1675  CompositionEngine       surfaceflinger                       E  [f5b5a75 SurfaceView[com.trainingvalidator.poc/com.trainingvalidator.poc.ui.train.TrainingActivity]@0(BLAST)#59156] Invalid device requested composition type change: Client (1) --> Client (1)
2026-04-05 14:25:26.421  1675-1675  CompositionEngine       surfaceflinger                       E  [f5b5a75 SurfaceView[com.trainingvalidator.poc/com.trainingvalidator.poc.ui.train.TrainingActivity]@0(BLAST)#59156] Invalid device requested composition type change: Client (1) --> Client (1)
2026-04-05 14:25:26.429  1675-1675  CompositionEngine       surfaceflinger                       E  [f5b5a75 SurfaceView[com.trainingvalidator.poc/com.trainingvalidator.poc.ui.train.TrainingActivity]@0(BLAST)#59156] Invalid device requested composition type change: Client (1) --> Client (1)
2026-04-05 14:25:26.437  1675-1675  CompositionEngine       surfaceflinger                       E  [f5b5a75 SurfaceView[com.trainingvalidator.poc/com.trainingvalidator.poc.ui.train.TrainingActivity]@0(BLAST)#59156] Invalid device requested composition type change: Client (1) --> Client (1)
2026-04-05 14:25:26.446  1675-1675  CompositionEngine       surfaceflinger                       E  [f5b5a75 SurfaceView[com.trainingvalidator.poc/com.trainingvalidator.poc.ui.train.TrainingActivity]@0(BLAST)#59156] Invalid device requested composition type change: Client (1) --> Client (1)
2026-04-05 14:25:26.454  1675-1675  CompositionEngine       surfaceflinger                       E  [f5b5a75 SurfaceView[com.trainingvalidator.poc/com.trainingvalidator.poc.ui.train.TrainingActivity]@0(BLAST)#59156] Invalid device requested composition type change: Client (1) --> Client (1)
2026-04-05 14:25:26.462  1675-1675  CompositionEngine       surfaceflinger                       E  [f5b5a75 SurfaceView[com.trainingvalidator.poc/com.trainingvalidator.poc.ui.train.TrainingActivity]@0(BLAST)#59156] Invalid device requested composition type change: Client (1) --> Client (1)
2026-04-05 14:25:26.471  1675-1675  CompositionEngine       surfaceflinger                       E  [f5b5a75 SurfaceView[com.trainingvalidator.poc/com.trainingvalidator.poc.ui.train.TrainingActivity]@0(BLAST)#59156] Invalid device requested composition type change: Client (1) --> Client (1)
2026-04-05 14:25:26.479  1675-1675  CompositionEngine       surfaceflinger                       E  [f5b5a75 SurfaceView[com.trainingvalidator.poc/com.trainingvalidator.poc.ui.train.TrainingActivity]@0(BLAST)#59156] Invalid device requested composition type change: Client (1) --> Client (1)
2026-04-05 14:25:26.488  1675-1675  CompositionEngine       surfaceflinger                       E  [f5b5a75 SurfaceView[com.trainingvalidator.poc/com.trainingvalidator.poc.ui.train.TrainingActivity]@0(BLAST)#59156] Invalid device requested composition type change: Client (1) --> Client (1)
2026-04-05 14:25:26.496  1675-1675  CompositionEngine       surfaceflinger                       E  [f5b5a75 SurfaceView[com.trainingvalidator.poc/com.trainingvalidator.poc.ui.train.TrainingActivity]@0(BLAST)#59156] Invalid device requested composition type change: Client (1) --> Client (1)
2026-04-05 14:25:26.504  1675-1675  CompositionEngine       surfaceflinger                       E  [f5b5a75 SurfaceView[com.trainingvalidator.poc/com.trainingvalidator.poc.ui.train.TrainingActivity]@0(BLAST)#59156] Invalid device requested composition type change: Client (1) --> Client (1)
2026-04-05 14:25:26.513  1675-1675  CompositionEngine       surfaceflinger                       E  [f5b5a75 SurfaceView[com.trainingvalidator.poc/com.trainingvalidator.poc.ui.train.TrainingActivity]@0(BLAST)#59156] Invalid device requested composition type change: Client (1) --> Client (1)
2026-04-05 14:25:26.521  1675-1675  CompositionEngine       surfaceflinger                       E  [f5b5a75 SurfaceView[com.trainingvalidator.poc/com.trainingvalidator.poc.ui.train.TrainingActivity]@0(BLAST)#59156] Invalid device requested composition type change: Client (1) --> Client (1)
2026-04-05 14:25:26.530  1675-1675  CompositionEngine       surfaceflinger                       E  [f5b5a75 SurfaceView[com.trainingvalidator.poc/com.trainingvalidator.poc.ui.train.TrainingActivity]@0(BLAST)#59156] Invalid device requested composition type change: Client (1) --> Client (1)
2026-04-05 14:25:26.538  1675-1675  CompositionEngine       surfaceflinger                       E  [f5b5a75 SurfaceView[com.trainingvalidator.poc/com.trainingvalidator.poc.ui.train.TrainingActivity]@0(BLAST)#59156] Invalid device requested composition type change: Client (1) --> Client (1)
2026-04-05 14:25:26.547  1675-1675  CompositionEngine       surfaceflinger                       E  [f5b5a75 SurfaceView[com.trainingvalidator.poc/com.trainingvalidator.poc.ui.train.TrainingActivity]@0(BLAST)#59156] Invalid device requested composition type change: Client (1) --> Client (1)
2026-04-05 14:25:26.555  1675-1675  CompositionEngine       surfaceflinger                       E  [f5b5a75 SurfaceView[com.trainingvalidator.poc/com.trainingvalidator.poc.ui.train.TrainingActivity]@0(BLAST)#59156] Invalid device requested composition type change: Client (1) --> Client (1)
2026-04-05 14:25:26.564  1675-1675  CompositionEngine       surfaceflinger                       E  [f5b5a75 SurfaceView[com.trainingvalidator.poc/com.trainingvalidator.poc.ui.train.TrainingActivity]@0(BLAST)#59156] Invalid device requested composition type change: Client (1) --> Client (1)
2026-04-05 14:25:26.571  1675-1675  CompositionEngine       surfaceflinger                       E  [f5b5a75 SurfaceView[com.trainingvalidator.poc/com.trainingvalidator.poc.ui.train.TrainingActivity]@0(BLAST)#59156] Invalid device requested composition type change: Client (1) --> Client (1)
2026-04-05 14:25:26.579  1675-1675  CompositionEngine       surfaceflinger                       E  [f5b5a75 SurfaceView[com.trainingvalidator.poc/com.trainingvalidator.poc.ui.train.TrainingActivity]@0(BLAST)#59156] Invalid device requested composition type change: Client (1) --> Client (1)
2026-04-05 14:25:26.588  1675-1675  CompositionEngine       surfaceflinger                       E  [f5b5a75 SurfaceView[com.trainingvalidator.poc/com.trainingvalidator.poc.ui.train.TrainingActivity]@0(BLAST)#59156] Invalid device requested composition type change: Client (1) --> Client (1)
2026-04-05 14:25:26.597  1675-1675  CompositionEngine       surfaceflinger                       E  [f5b5a75 SurfaceView[com.trainingvalidator.poc/com.trainingvalidator.poc.ui.train.TrainingActivity]@0(BLAST)#59156] Invalid device requested composition type change: Client (1) --> Client (1)
2026-04-05 14:25:26.604  1675-1675  CompositionEngine       surfaceflinger                       E  [f5b5a75 SurfaceView[com.trainingvalidator.poc/com.trainingvalidator.poc.ui.train.TrainingActivity]@0(BLAST)#59156] Invalid device requested composition type change: Client (1) --> Client (1)
2026-04-05 14:25:26.613  1675-1675  CompositionEngine       surfaceflinger                       E  [f5b5a75 SurfaceView[com.trainingvalidator.poc/com.trainingvalidator.poc.ui.train.TrainingActivity]@0(BLAST)#59156] Invalid device requested composition type change: Client (1) --> Client (1)
2026-04-05 14:25:26.616 20033-20105 TrainingActivity        com.trainingvalidator.poc            D  Session synced successfully!
2026-04-05 14:25:26.621  1675-1675  CompositionEngine       surfaceflinger                       E  [f5b5a75 SurfaceView[com.trainingvalidator.poc/com.trainingvalidator.poc.ui.train.TrainingActivity]@0(BLAST)#59156] Invalid device requested composition type change: Client (1) --> Client (1)
2026-04-05 14:25:26.629  1675-1675  CompositionEngine       surfaceflinger                       E  [f5b5a75 SurfaceView[com.trainingvalidator.poc/com.trainingvalidator.poc.ui.train.TrainingActivity]@0(BLAST)#59156] Invalid device requested composition type change: Client (1) --> Client (1)
2026-04-05 14:25:26.637  1675-1675  CompositionEngine       surfaceflinger                       E  [f5b5a75 SurfaceView[com.trainingvalidator.poc/com.trainingvalidator.poc.ui.train.TrainingActivity]@0(BLAST)#59156] Invalid device requested composition type change: Client (1) --> Client (1)
2026-04-05 14:25:26.649  2449-2875  WindowManager           system_server                        V  Finish Transition: TransitionRecord{daa98d6 id=5372 type=OPEN flags=0x0 c=[
                                                                                                       ChangeInfo{98f6c62 container=ActivityRecord{129529687 u0 com.trainingvalidator.poc/.ui.report.ReportPagerActivity t450} flags=0x0}
                                                                                                       ChangeInfo{ae331f3 container=DefaultTaskDisplayArea_d0@136701462 flags=0x0}
                                                                                                       ChangeInfo{d19a172 container=ActivityRecord{144203105 u0 com.trainingvalidator.poc/.ui.train.TrainingActivity t450 f}} flags=0x0}
                                                                                                       ChangeInfo{e67eb0 container=Task{89d05ac #450 type=standard A=10488:com.trainingvalidator.poc} flags=0x0}
                                                                                                       ChangeInfo{8ddc129 container=Display{#0 state=ON size=1080x2316 ROTATION_0} flags=0x0}
                                                                                                    ]
                                                                                                    }, caller=com.android.server.wm.WindowOrganizerController.finishTransitionInner:31 com.android.server.wm.WindowOrganizerController.finishAllTransitions:60 android.window.IWindowOrganizerController$Stub.onTransact:283 
2026-04-05 14:25:26.650  2449-2875  WindowManager           system_server                        V  Setting visibility of Window{ae5b73c u0 com.trainingvalidator.poc/com.trainingvalidator.poc.ui.train.TrainingActivity}: false, caller=com.android.server.wm.WindowContainer.sendAppVisibilityToClients:19 com.android.server.wm.WindowToken.setClientVisible:48 com.android.server.wm.ActivityRecord.commitVisibility:186 com.android.server.wm.TransitionController.finishTransition:846 com.android.server.wm.WindowOrganizerController.finishTransitionInner:31 
2026-04-05 14:25:26.651 20033-20033 VRI[Traini...y]@e36c1d6 com.trainingvalidator.poc            I  handleAppVisibility mAppVisible = true visible = false
2026-04-05 14:25:26.651  2449-2875  PersonaActivityHelper   system_server                        D  token.toString()  Token{f598086 ActivityRecord{144203105 u0 com.trainingvalidator.poc/.ui.train.TrainingActivity t450 f}}}
2026-04-05 14:25:26.651 20033-20033 VRI[Traini...y]@e36c1d6 com.trainingvalidator.poc            D  visibilityChanged oldVisibility=true newVisibility=false
2026-04-05 14:25:26.651  2449-2875  ChangeTran...Controller system_server                        D  onTransitionFinished: TransitionRecord{daa98d6 id=5372 type=OPEN flags=0x0 c=[
                                                                                                       ChangeInfo{98f6c62 container=ActivityRecord{129529687 u0 com.trainingvalidator.poc/.ui.report.ReportPagerActivity t450} flags=0x0}
                                                                                                       ChangeInfo{ae331f3 container=DefaultTaskDisplayArea_d0@136701462 flags=0x0}
                                                                                                       ChangeInfo{d19a172 container=ActivityRecord{144203105 u0 com.trainingvalidator.poc/.ui.train.TrainingActivity t450 f}} flags=0x0}
