                                                                                                       ChangeInfo{869e6e3 container=Display{#0 state=ON size=1080x2316 ROTATION_0} flags=0x0}
                                                                                                    ]
                                                                                                    }
2026-04-05 14:23:40.210  1675-1675  SurfaceFlinger          surfaceflinger                       I  destroyed DimTransitionLayer for Surface(name=ActivityRecord{144203105 u0 com.trainingvalidator.poc/.ui.train.TrainingActivity t450})/@0x9078155#59152 form LifecycleManager
2026-04-05 14:23:40.210  1675-1675  SurfaceFlinger          surfaceflinger                       I  [LayerHierarchy{RequestedLayerState{Transition Root: ActivityRecord{144203105 u0 com.trainingvalidator.poc/.ui.train.TrainingActivity t450}#59150 z=2} no children}] reparent to OffscreenRoot
2026-04-05 14:23:40.210  1675-1675  SurfaceFlinger          surfaceflinger                       I  [LayerHierarchy{RequestedLayerState{Transition Root: ActivityRecord{144203105 u0 com.trainingvalidator.poc/.ui.train.TrainingActivity t450}#59150 z=2} no children}] RelativeParent to null
2026-04-05 14:23:40.210  1675-1675  SurfaceFlinger          surfaceflinger                       I  id=59152 onLayerDestroyed from LayerHierarchyBuilder(RequestedLayerState{DimTransitionLayer for Surface(name=ActivityRecord{144203105 u0 com.trainingvalidator.poc/.ui.train.TrainingActivity t450})/@0x9078155#59152 !handle z=-1})
2026-04-05 14:23:40.211  1675-1675  Layer                   surfaceflinger                       I  id=59152 Destroyed DimTransitionLayer for Surface(name=ActivityRecord{144203105 u0 com.trainingvalidator.poc/.ui.train.TrainingActivity t450})/@0x9078155#59152
2026-04-05 14:23:40.211  1675-1675  SurfaceFlinger          surfaceflinger                       I  id=59150 Removed Transition Root: ActivityRecord{144203105 u0 com.trainingvalidator.poc/.ui.train.TrainingActivity t450}#59150 (215)
2026-04-05 14:23:40.211  1675-1675  CompositionEngine       surfaceflinger                       D  Layer: com.trainingvalidator.poc/com.trainingvalidator.poc.ui.train.TrainingActivity$_20033#59147 had an out of bounds transparent region
2026-04-05 14:23:40.218  1675-1675  SurfaceFlinger          surfaceflinger                       I  destroyed Transition Root: ActivityRecord{144203105 u0 com.trainingvalidator.poc/.ui.train.TrainingActivity t450}#59150 form LifecycleManager
2026-04-05 14:23:40.218  1675-1675  SurfaceFlinger          surfaceflinger                       I  id=59150 onLayerDestroyed from LayerHierarchyBuilder(RequestedLayerState{Transition Root: ActivityRecord{144203105 u0 com.trainingvalidator.poc/.ui.train.TrainingActivity t450}#59150 !handle z=2})
2026-04-05 14:23:40.219  2449-2526  SurfaceComposerClient   system_server                        D  setCornerRadius ## ae5b73c com.trainingvalidator.poc/com.trainingvalidator.poc.ui.train.TrainingActivity#59146 cornerRadius=0.000000
2026-04-05 14:23:40.219  1675-1675  Layer                   surfaceflinger                       I  id=59150 Destroyed Transition Root: ActivityRecord{144203105 u0 com.trainingvalidator.poc/.ui.train.TrainingActivity t450}#59150
2026-04-05 14:23:40.219  1675-1675  CompositionEngine       surfaceflinger                       D  Layer: com.trainingvalidator.poc/com.trainingvalidator.poc.ui.train.TrainingActivity$_20033#59147 had an out of bounds transparent region
2026-04-05 14:23:40.233  2449-4102  SurfaceComposerClient   system_server                        D  setCornerRadius ## ae5b73c com.trainingvalidator.poc/com.trainingvalidator.poc.ui.train.TrainingActivity#59146 cornerRadius=0.000000
2026-04-05 14:23:40.234  2449-4102  SurfaceComposerClient   system_server                        D  setCornerRadius ## ae5b73c com.trainingvalidator.poc/com.trainingvalidator.poc.ui.train.TrainingActivity#59146 cornerRadius=0.000000
2026-04-05 14:23:40.303  1675-1675  CompositionEngine       surfaceflinger                       D  Layer: com.trainingvalidator.poc/com.trainingvalidator.poc.ui.train.TrainingActivity$_20033#59147 had an out of bounds transparent region
2026-04-05 14:23:40.312  1675-1675  CompositionEngine       surfaceflinger                       D  Layer: com.trainingvalidator.poc/com.trainingvalidator.poc.ui.train.TrainingActivity$_20033#59147 had an out of bounds transparent region
2026-04-05 14:23:40.491  2449-2526  SurfaceComposerClient   system_server                        D  setCornerRadius ## ae5b73c com.trainingvalidator.poc/com.trainingvalidator.poc.ui.train.TrainingActivity#59146 cornerRadius=0.000000
2026-04-05 14:23:40.491  2449-2526  SurfaceComposerClient   system_server                        D  setCornerRadius ## ae5b73c com.trainingvalidator.poc/com.trainingvalidator.poc.ui.train.TrainingActivity#59146 cornerRadius=0.000000
2026-04-05 14:23:40.493  2449-2526  SurfaceComposerClient   system_server                        D  setCornerRadius ## ae5b73c com.trainingvalidator.poc/com.trainingvalidator.poc.ui.train.TrainingActivity#59146 cornerRadius=0.000000
2026-04-05 14:23:40.496  1675-1675  LayerHistory            surfaceflinger                       I  com.trainingvalidator.poc/com.trainingvalidator.poc.ui.train.TrainingActivity$_20033#59147 Max (can't resolve refresh rate)
2026-04-05 14:23:40.508  2449-2523  SurfaceComposerClient   system_server                        D  setCornerRadius ## ae5b73c com.trainingvalidator.poc/com.trainingvalidator.poc.ui.train.TrainingActivity#59146 cornerRadius=0.000000
2026-04-05 14:23:40.671 20033-20045 BLASTBufferQueue        com.trainingvalidator.poc            I  [f5b5a75 SurfaceView[com.trainingvalidator.poc/com.trainingvalidator.poc.ui.train.TrainingActivity]@0#4](f:0,a:0,s:0) onFrameAvailable the first frame is available
2026-04-05 14:23:40.672  1675-2177  SurfaceFlinger          surfaceflinger                       I  [f5b5a75 SurfaceView[com.trainingvalidator.poc/com.trainingvalidator.poc.ui.train.TrainingActivity]@0(BLAST)#59156] setTransactionState with the first frame. bufferData(ID: 86041079840784, frameNumber: 1)
2026-04-05 14:23:40.686  1675-1675  CompositionEngine       surfaceflinger                       D  Layer: com.trainingvalidator.poc/com.trainingvalidator.poc.ui.train.TrainingActivity$_20033#59147 had an out of bounds transparent region
2026-04-05 14:23:40.688  1675-1675  SurfaceFlinger          surfaceflinger                       D  Display 4630947232161729154 HWC layers:
                                                                                                           CLIENT |           86041079840784 | 00000102 | 0x0000022    |    0.0  408.0 1440.0 1080.0 |    0    0 1080 2316 | f5b5a75 SurfaceView[com.trainingvali[...]ain.TrainingActivity]@0(BLAST)#59156 (1)
                                                                                                           DEVICE |           86041079840782 | 00002100 | RGBA_8888    |    0.0    0.0 1080.0 2316.0 |    0    0 1080 2316 | com.trainingvalidator.poc/com.traini[...].train.TrainingActivity$_20033#59147 (6)
                                                                                                    
2026-04-05 14:23:40.723 20033-20033 TrainingActivity        com.trainingvalidator.poc            D  Pose detection ready
2026-04-05 14:23:41.006  2449-2479  SurfaceComposerClient   system_server                        D  setCornerRadius ## ae5b73c com.trainingvalidator.poc/com.trainingvalidator.poc.ui.train.TrainingActivity#59146 cornerRadius=0.000000
2026-04-05 14:23:41.008  2449-2479  InsetsSourceProvider    system_server                        D  updateFakeControlTarget: fakeControl=InsetsSourceControl: {4e2d0000 mType=statusBars mSurfacePosition=Point(0, 0) mInsetsHint=Insets{left=0, top=0, right=0, bottom=0}}, fakeTarget=Window{ae5b73c u0 com.trainingvalidator.poc/com.trainingvalidator.poc.ui.train.TrainingActivity}
2026-04-05 14:23:41.009  2449-2479  SurfaceComposerClient   system_server                        D  setCornerRadius ## ae5b73c com.trainingvalidator.poc/com.trainingvalidator.poc.ui.train.TrainingActivity#59146 cornerRadius=0.000000
2026-04-05 14:23:41.023  1675-1675  CompositionEngine       surfaceflinger                       D  Layer: com.trainingvalidator.poc/com.trainingvalidator.poc.ui.train.TrainingActivity$_20033#59147 had an out of bounds transparent region
2026-04-05 14:23:41.037  1675-1675  CompositionEngine       surfaceflinger                       D  Layer: com.trainingvalidator.poc/com.trainingvalidator.poc.ui.train.TrainingActivity$_20033#59147 had an out of bounds transparent region
2026-04-05 14:23:41.047  2449-2525  SurfaceComposerClient   system_server                        D  setCornerRadius ## ae5b73c com.trainingvalidator.poc/com.trainingvalidator.poc.ui.train.TrainingActivity#59146 cornerRadius=0.000000
2026-04-05 14:23:41.049  2449-2525  SurfaceComposerClient   system_server                        D  setCornerRadius ## ae5b73c com.trainingvalidator.poc/com.trainingvalidator.poc.ui.train.TrainingActivity#59146 cornerRadius=0.000000
2026-04-05 14:23:41.051  2449-2526  SurfaceComposerClient   system_server                        D  setCornerRadius ## ae5b73c com.trainingvalidator.poc/com.trainingvalidator.poc.ui.train.TrainingActivity#59146 cornerRadius=0.000000
2026-04-05 14:23:41.053  1675-1675  CompositionEngine       surfaceflinger                       D  Layer: com.trainingvalidator.poc/com.trainingvalidator.poc.ui.train.TrainingActivity$_20033#59147 had an out of bounds transparent region
2026-04-05 14:23:41.089  1675-1675  CompositionEngine       surfaceflinger                       D  Layer: com.trainingvalidator.poc/com.trainingvalidator.poc.ui.train.TrainingActivity$_20033#59147 had an out of bounds transparent region
2026-04-05 14:23:41.106  1675-1675  CompositionEngine       surfaceflinger                       D  Layer: com.trainingvalidator.poc/com.trainingvalidator.poc.ui.train.TrainingActivity$_20033#59147 had an out of bounds transparent region
2026-04-05 14:23:41.112  1675-1675  SurfaceFlinger          surfaceflinger                       D  Display 4630947232161729154 HWC layers:
                                                                                                           CLIENT |           86041079840790 | 00000102 | 0x0000022    |    0.0  408.0 1440.0 1080.0 |    0    0 1080 2316 | f5b5a75 SurfaceView[com.trainingvali[...]ain.TrainingActivity]@0(BLAST)#59156 (12)
                                                                                                           DEVICE |           86041079840782 | 00002100 | RGBA_8888    |    0.0    0.0 1080.0 2316.0 |    0    0 1080 2316 | com.trainingvalidator.poc/com.traini[...].train.TrainingActivity$_20033#59147 (10)
                                                                                                           DEVICE |           14040248127288 | 00002100 | RGBA_8888    |    0.0   72.0 1080.0   75.0 |    0    0 1080    3 | StatusBar$_3269#103 (121291)
                                                                                                    
2026-04-05 14:23:41.120  1675-1675  CompositionEngine       surfaceflinger                       D  Layer: com.trainingvalidator.poc/com.trainingvalidator.poc.ui.train.TrainingActivity$_20033#59147 had an out of bounds transparent region
2026-04-05 14:23:41.137  1675-1675  CompositionEngine       surfaceflinger                       D  Layer: com.trainingvalidator.poc/com.trainingvalidator.poc.ui.train.TrainingActivity$_20033#59147 had an out of bounds transparent region
2026-04-05 14:23:41.153  1675-1675  CompositionEngine       surfaceflinger                       D  Layer: com.trainingvalidator.poc/com.trainingvalidator.poc.ui.train.TrainingActivity$_20033#59147 had an out of bounds transparent region
2026-04-05 14:23:41.170  1675-1675  CompositionEngine       surfaceflinger                       D  Layer: com.trainingvalidator.poc/com.trainingvalidator.poc.ui.train.TrainingActivity$_20033#59147 had an out of bounds transparent region
2026-04-05 14:23:41.186  1675-1675  CompositionEngine       surfaceflinger                       D  Layer: com.trainingvalidator.poc/com.trainingvalidator.poc.ui.train.TrainingActivity$_20033#59147 had an out of bounds transparent region
2026-04-05 14:23:41.203  1675-1675  CompositionEngine       surfaceflinger                       D  Layer: com.trainingvalidator.poc/com.trainingvalidator.poc.ui.train.TrainingActivity$_20033#59147 had an out of bounds transparent region
2026-04-05 14:23:41.220  1675-1675  CompositionEngine       surfaceflinger                       D  Layer: com.trainingvalidator.poc/com.trainingvalidator.poc.ui.train.TrainingActivity$_20033#59147 had an out of bounds transparent region
2026-04-05 14:23:41.237  1675-1675  CompositionEngine       surfaceflinger                       D  Layer: com.trainingvalidator.poc/com.trainingvalidator.poc.ui.train.TrainingActivity$_20033#59147 had an out of bounds transparent region
2026-04-05 14:23:41.253 20033-20033 VRI[Traini...y]@e36c1d6 com.trainingvalidator.poc            I  handleResized, frames=ClientWindowFrames{frame=[0,0][1080,2316] display=[0,0][1080,2316] parentFrame=[0,0][0,0]} displayId=0 dragResizing=false compatScale=1.0 frameChanged=false attachedFrameChanged=false configChanged=false displayChanged=false compatScaleChanged=false dragResizingChanged=false
2026-04-05 14:23:41.257  1675-1675  CompositionEngine       surfaceflinger                       D  Layer: com.trainingvalidator.poc/com.trainingvalidator.poc.ui.train.TrainingActivity$_20033#59147 had an out of bounds transparent region
2026-04-05 14:23:41.271  1675-1675  CompositionEngine       surfaceflinger                       D  Layer: com.trainingvalidator.poc/com.trainingvalidator.poc.ui.train.TrainingActivity$_20033#59147 had an out of bounds transparent region
2026-04-05 14:23:41.286  1675-1675  CompositionEngine       surfaceflinger                       D  Layer: com.trainingvalidator.poc/com.trainingvalidator.poc.ui.train.TrainingActivity$_20033#59147 had an out of bounds transparent region
2026-04-05 14:23:41.303  1675-1675  CompositionEngine       surfaceflinger                       D  Layer: com.trainingvalidator.poc/com.trainingvalidator.poc.ui.train.TrainingActivity$_20033#59147 had an out of bounds transparent region
2026-04-05 14:23:41.320  1675-1675  CompositionEngine       surfaceflinger                       D  Layer: com.trainingvalidator.poc/com.trainingvalidator.poc.ui.train.TrainingActivity$_20033#59147 had an out of bounds transparent region
2026-04-05 14:23:41.353  1675-1675  CompositionEngine       surfaceflinger                       D  Layer: com.trainingvalidator.poc/com.trainingvalidator.poc.ui.train.TrainingActivity$_20033#59147 had an out of bounds transparent region
2026-04-05 14:23:42.705  1675-1675  LayerHistory            surfaceflinger                       I  f5b5a75 SurfaceView[com.trainingvalidator.poc/com.trainingvalidator.poc.ui.train.TrainingActivity]@0(BLAST)#59156 calculated refresh rate: 30.00 Hz
2026-04-05 14:23:42.705  1675-1675  LayerHistory            surfaceflinger                       I  com.trainingvalidator.poc/com.trainingvalidator.poc.ui.train.TrainingActivity$_20033#59147 Max (can't resolve refresh rate)
2026-04-05 14:23:42.705  1675-1675  SurfaceFlinger          surfaceflinger                       I  Video ignores com.trainingvalidator.poc/com.trainingvalidator.poc.ui.train.TrainingActivity$_20033#59147 (type=Max, weight=1.00, seamlessness=Default) 0.00 Hz's 30.00 Hz
                                                                                                    Video ignores com.trainingvalidator.poc/com.trainingvalidator.poc.ui.train.TrainingActivity$_20033#59147 (type=Max, weight=1.00, seamlessness=Default) 0.00 Hz's 32.00 Hz
                                                                                                    Video ignores com.trainingvalidator.poc/com.trainingvalidator.poc.ui.train.TrainingActivity$_20033#59147 (type=Max, weight=1.00, seamlessness=Default) 0.00 Hz's 40.00 Hz
                                                                                                    Video ignores com.trainingvalidator.poc/com.trainingvalidator.poc.ui.train.TrainingActivity$_20033#59147 (type=Max, weight=1.00, seamlessness=Default) 0.00 Hz's 48.00 Hz
                                                                                                    Video ignores com.trainingvalidator.poc/com.trainingvalidator.poc.ui.train.TrainingActivity$_20033#59147 (type=Max, weight=1.00, seamlessness=Default) 0.00 Hz's 60.00 Hz
                                                                                                    scored - choose 30.00 Hz
2026-04-05 14:23:42.722  2449-2523  SurfaceComposerClient   system_server                        D  setCornerRadius ## ae5b73c com.trainingvalidator.poc/com.trainingvalidator.poc.ui.train.TrainingActivity#59146 cornerRadius=0.000000
2026-04-05 14:23:43.032  1675-1675  CompositionEngine       surfaceflinger                       D  Layer: com.trainingvalidator.poc/com.trainingvalidator.poc.ui.train.TrainingActivity$_20033#59147 had an out of bounds transparent region
2026-04-05 14:23:43.044  2449-2479  SurfaceComposerClient   system_server                        D  setCornerRadius ## ae5b73c com.trainingvalidator.poc/com.trainingvalidator.poc.ui.train.TrainingActivity#59146 cornerRadius=0.000000
2026-04-05 14:23:43.044  2449-2479  SurfaceComposerClient   system_server                        D  setCornerRadius ## ae5b73c com.trainingvalidator.poc/com.trainingvalidator.poc.ui.train.TrainingActivity#59146 cornerRadius=0.000000
2026-04-05 14:23:43.052  2449-3352  SurfaceComposerClient   system_server                        D  setCornerRadius ## ae5b73c com.trainingvalidator.poc/com.trainingvalidator.poc.ui.train.TrainingActivity#59146 cornerRadius=0.000000
2026-04-05 14:23:43.052  2449-3352  SurfaceComposerClient   system_server                        D  setCornerRadius ## ae5b73c com.trainingvalidator.poc/com.trainingvalidator.poc.ui.train.TrainingActivity#59146 cornerRadius=0.000000
2026-04-05 14:23:43.060  2449-2526  SurfaceComposerClient   system_server                        D  setCornerRadius ## ae5b73c com.trainingvalidator.poc/com.trainingvalidator.poc.ui.train.TrainingActivity#59146 cornerRadius=0.000000
2026-04-05 14:23:43.061  2449-2526  SurfaceComposerClient   system_server                        D  setCornerRadius ## ae5b73c com.trainingvalidator.poc/com.trainingvalidator.poc.ui.train.TrainingActivity#59146 cornerRadius=0.000000
2026-04-05 14:23:43.065  2449-2479  SurfaceComposerClient   system_server                        D  setCornerRadius ## ae5b73c com.trainingvalidator.poc/com.trainingvalidator.poc.ui.train.TrainingActivity#59146 cornerRadius=0.000000
2026-04-05 14:23:43.067  1675-1675  CompositionEngine       surfaceflinger                       D  Layer: com.trainingvalidator.poc/com.trainingvalidator.poc.ui.train.TrainingActivity$_20033#59147 had an out of bounds transparent region
2026-04-05 14:23:43.067  2449-2479  SurfaceComposerClient   system_server                        D  setCornerRadius ## ae5b73c com.trainingvalidator.poc/com.trainingvalidator.poc.ui.train.TrainingActivity#59146 cornerRadius=0.000000
2026-04-05 14:23:43.082  2449-2479  SurfaceComposerClient   system_server                        D  setCornerRadius ## ae5b73c com.trainingvalidator.poc/com.trainingvalidator.poc.ui.train.TrainingActivity#59146 cornerRadius=0.000000
2026-04-05 14:23:43.083  2449-2479  SurfaceComposerClient   system_server                        D  setCornerRadius ## ae5b73c com.trainingvalidator.poc/com.trainingvalidator.poc.ui.train.TrainingActivity#59146 cornerRadius=0.000000
2026-04-05 14:23:43.086  2449-2526  SurfaceComposerClient   system_server                        D  setCornerRadius ## ae5b73c com.trainingvalidator.poc/com.trainingvalidator.poc.ui.train.TrainingActivity#59146 cornerRadius=0.000000
2026-04-05 14:23:43.087  2449-2526  SurfaceComposerClient   system_server                        D  setCornerRadius ## ae5b73c com.trainingvalidator.poc/com.trainingvalidator.poc.ui.train.TrainingActivity#59146 cornerRadius=0.000000
2026-04-05 14:23:43.090  2449-2479  SurfaceComposerClient   system_server                        D  setCornerRadius ## ae5b73c com.trainingvalidator.poc/com.trainingvalidator.poc.ui.train.TrainingActivity#59146 cornerRadius=0.000000
2026-04-05 14:23:43.091  2449-2479  SurfaceComposerClient   system_server                        D  setCornerRadius ## ae5b73c com.trainingvalidator.poc/com.trainingvalidator.poc.ui.train.TrainingActivity#59146 cornerRadius=0.000000
2026-04-05 14:23:43.093  2449-5906  SurfaceComposerClient   system_server                        D  setCornerRadius ## ae5b73c com.trainingvalidator.poc/com.trainingvalidator.poc.ui.train.TrainingActivity#59146 cornerRadius=0.000000
2026-04-05 14:23:43.094  2449-5906  SurfaceComposerClient   system_server                        D  setCornerRadius ## ae5b73c com.trainingvalidator.poc/com.trainingvalidator.poc.ui.train.TrainingActivity#59146 cornerRadius=0.000000
2026-04-05 14:23:43.100  1675-1675  LayerHistory            surfaceflinger                       I  f5b5a75 SurfaceView[com.trainingvalidator.poc/com.trainingvalidator.poc.ui.train.TrainingActivity]@0(BLAST)#59156 calculated refresh rate: 30.00 Hz
2026-04-05 14:23:43.100  1675-1675  LayerHistory            surfaceflinger                       I  com.trainingvalidator.poc/com.trainingvalidator.poc.ui.train.TrainingActivity$_20033#59147 Max (can't resolve refresh rate)
2026-04-05 14:23:43.100  1675-1675  SurfaceFlinger          surfaceflinger                       I  Video ignores com.trainingvalidator.poc/com.trainingvalidator.poc.ui.train.TrainingActivity$_20033#59147 (type=Max, weight=1.00, seamlessness=Default) 0.00 Hz's 30.00 Hz
                                                                                                    Video ignores com.trainingvalidator.poc/com.trainingvalidator.poc.ui.train.TrainingActivity$_20033#59147 (type=Max, weight=1.00, seamlessness=Default) 0.00 Hz's 32.00 Hz
                                                                                                    Video ignores com.trainingvalidator.poc/com.trainingvalidator.poc.ui.train.TrainingActivity$_20033#59147 (type=Max, weight=1.00, seamlessness=Default) 0.00 Hz's 40.00 Hz
                                                                                                    Video ignores com.trainingvalidator.poc/com.trainingvalidator.poc.ui.train.TrainingActivity$_20033#59147 (type=Max, weight=1.00, seamlessness=Default) 0.00 Hz's 48.00 Hz
                                                                                                    Video ignores com.trainingvalidator.poc/com.trainingvalidator.poc.ui.train.TrainingActivity$_20033#59147 (type=Max, weight=1.00, seamlessness=Default) 0.00 Hz's 60.00 Hz
                                                                                                    scored - choose 60.00 Hz
2026-04-05 14:23:43.102  1675-1675  CompositionEngine       surfaceflinger                       D  Layer: com.trainingvalidator.poc/com.trainingvalidator.poc.ui.train.TrainingActivity$_20033#59147 had an out of bounds transparent region
2026-04-05 14:23:43.106  2449-5906  SurfaceComposerClient   system_server                        D  setCornerRadius ## ae5b73c com.trainingvalidator.poc/com.trainingvalidator.poc.ui.train.TrainingActivity#59146 cornerRadius=0.000000
2026-04-05 14:23:43.108  2449-5906  SurfaceComposerClient   system_server                        D  setCornerRadius ## ae5b73c com.trainingvalidator.poc/com.trainingvalidator.poc.ui.train.TrainingActivity#59146 cornerRadius=0.000000
2026-04-05 14:23:43.112  1675-1675  SurfaceFlinger          surfaceflinger                       D  Display 4630947232161729154 HWC layers:
                                                                                                           CLIENT |           86041079840799 | 00000102 | 0x0000022    |    0.0  408.0 1440.0 1080.0 |    0    0 1080 2316 | f5b5a75 SurfaceView[com.trainingvali[...]ain.TrainingActivity]@0(BLAST)#59156 (72)
                                                                                                           DEVICE |           86041079840782 | 00002100 | RGBA_8888    |    0.0    0.0 1080.0 2316.0 |    0    0 1080 2316 | com.trainingvalidator.poc/com.traini[...].train.TrainingActivity$_20033#59147 (62)
                                                                                                           DEVICE |           14040248127299 | 00002100 | RGBA_8888    |    0.0    0.0 1080.0   75.0 |    0    0 1080   75 | StatusBar$_3269#103 (121310)
                                                                                                           DEVICE |           14040248127304 | 00002140 | RGBA_8888    |    0.0    0.0 1080.0   75.0 |    0    0 1080   75 | ScreenDecorOverlay$_3269#59163 (1)
                                                                                                    
2026-04-05 14:23:43.151  2449-2523  SurfaceComposerClient   system_server                        D  setCornerRadius ## ae5b73c com.trainingvalidator.poc/com.trainingvalidator.poc.ui.train.TrainingActivity#59146 cornerRadius=0.000000
2026-04-05 14:23:43.153  2449-2526  SurfaceComposerClient   system_server                        D  setCornerRadius ## ae5b73c com.trainingvalidator.poc/com.trainingvalidator.poc.ui.train.TrainingActivity#59146 cornerRadius=0.000000
2026-04-05 14:23:43.153  2449-2526  SurfaceComposerClient   system_server                        D  setCornerRadius ## ae5b73c com.trainingvalidator.poc/com.trainingvalidator.poc.ui.train.TrainingActivity#59146 cornerRadius=0.000000
2026-04-05 14:23:43.157  1675-1675  CompositionEngine       surfaceflinger                       D  Layer: com.trainingvalidator.poc/com.trainingvalidator.poc.ui.train.TrainingActivity$_20033#59147 had an out of bounds transparent region
2026-04-05 14:23:43.162  1675-1675  SurfaceFlinger          surfaceflinger                       D  Display 4630947232161729154 HWC layers:
                                                                                                           CLIENT |           86041079840786 | 00000102 | 0x0000022    |    0.0  408.0 1440.0 1080.0 |    0    0 1080 2316 | f5b5a75 SurfaceView[com.trainingvali[...]ain.TrainingActivity]@0(BLAST)#59156 (73)
                                                                                                           DEVICE |           86041079840781 | 00002100 | RGBA_8888    |    0.0    0.0 1080.0 2316.0 |    0    0 1080 2316 | com.trainingvalidator.poc/com.traini[...].train.TrainingActivity$_20033#59147 (63)
                                                                                                           DEVICE |           14040248127288 | 00002100 | RGBA_8888    |    0.0    0.0 1080.0   75.0 |    0    0 1080   75 | StatusBar$_3269#103 (121311)
                                                                                                           DEVICE |           14040248127309 | 00002140 | RGBA_8888    |    0.0    0.0 1080.0   84.0 |    0    0 1080   84 | ScreenDecorOverlay$_3269#59163 (2)
                                                                                                           DEVICE |           14040248127310 | 00002140 | RGBA_8888    |    0.0    0.0 1080.0   84.0 |    0 2232 1080 2316 | ScreenDecorOverlayBottom$_3269#59164 (2)
                                                                                                    
2026-04-05 14:23:43.533  2449-2479  SurfaceComposerClient   system_server                        D  setCornerRadius ## ae5b73c com.trainingvalidator.poc/com.trainingvalidator.poc.ui.train.TrainingActivity#59146 cornerRadius=0.000000
2026-04-05 14:23:43.537  2449-2479  InsetsSourceProvider    system_server                        D  updateControlForTarget: control=InsetsSourceControl: {4e2d0000 mType=statusBars initiallyVisible mSurfacePosition=Point(0, 0) mInsetsHint=Insets{left=0, top=75, right=0, bottom=0}}, target=Window{ae5b73c u0 com.trainingvalidator.poc/com.trainingvalidator.poc.ui.train.TrainingActivity}, from=com.android.server.wm.InsetsStateController.onControlTargetChanged:83 com.android.server.wm.InsetsPolicy.updateBarControlTarget:212 com.android.server.wm.DisplayPolicy.updateSystemBarAttributes:262 com.android.server.wm.DisplayPolicy.finishPostLayoutPolicyLw:17 com.android.server.wm.RootWindowContainer.applySurfaceChangesTransaction$1:195 
2026-04-05 14:23:43.537  2449-2479  SurfaceComposerClient   system_server                        D  setCornerRadius ## ae5b73c com.trainingvalidator.poc/com.trainingvalidator.poc.ui.train.TrainingActivity#59146 cornerRadius=0.000000
2026-04-05 14:23:43.548  1675-1675  CompositionEngine       surfaceflinger                       D  Layer: com.trainingvalidator.poc/com.trainingvalidator.poc.ui.train.TrainingActivity$_20033#59147 had an out of bounds transparent region
2026-04-05 14:23:43.571  1675-1675  CompositionEngine       surfaceflinger                       D  Layer: com.trainingvalidator.poc/com.trainingvalidator.poc.ui.train.TrainingActivity$_20033#59147 had an out of bounds transparent region
2026-04-05 14:23:43.571  2449-2526  InsetsSourceProvider    system_server                        D  updateVisibility: serverVisible=true, clientVisible=false, source=InsetsSource: {4e2d0000 mType=statusBars mFrame=[0,0][1080,75] mVisible=false mFlags= mSideHint=TOP mBoundingRects=null}, controlTarget=Window{ae5b73c u0 com.trainingvalidator.poc/com.trainingvalidator.poc.ui.train.TrainingActivity}, from=com.android.server.wm.InsetsSourceProvider.setClientVisible:8 com.android.server.wm.InsetsSourceProvider.updateClientVisibility:20 com.android.server.wm.InsetsStateController.onRequestedVisibleTypesChanged:44 com.android.server.wm.InsetsStateController$$ExternalSyntheticLambda1.run:172 com.android.server.wm.WindowAnimator$$ExternalSyntheticLambda2.onTransactionCommitted:26 android.view.SurfaceControl$Transaction$$ExternalSyntheticLambda4.run:0 android.os.Handler.handleCallback:995 android.os.Handler.dispatchMessage:103 android.os.Looper.loopOnce:273 android.os.Looper.loop:363 
2026-04-05 14:23:43.572  2449-2526  SurfaceComposerClient   system_server                        D  setCornerRadius ## ae5b73c com.trainingvalidator.poc/com.trainingvalidator.poc.ui.train.TrainingActivity#59146 cornerRadius=0.000000
2026-04-05 14:23:43.572  2449-2526  SurfaceComposerClient   system_server                        D  setCornerRadius ## ae5b73c com.trainingvalidator.poc/com.trainingvalidator.poc.ui.train.TrainingActivity#59146 cornerRadius=0.000000
2026-04-05 14:23:43.575 20033-20033 InsetsController        com.trainingvalidator.poc            I  onStateChanged: host=com.trainingvalidator.poc/com.trainingvalidator.poc.ui.train.TrainingActivity, from=android.view.ViewRootImpl.onInsetsStateChanged:3026, state=InsetsState: {mDisplayFrame=Rect(0, 0 - 1080, 2316), mDisplayCutout=DisplayCutout{insets=Rect(0, 75 - 0, 0) waterfall=Insets{left=0, top=0, right=0, bottom=0} boundingRect={Bounds=[Rect(0, 0 - 0, 0), Rect(512, 0 - 568, 75), Rect(0, 0 - 0, 0), Rect(0, 0 - 0, 0)]} cutoutPathParserInfo={CutoutPathParserInfo{displayWidth=1080 displayHeight=2316 physicalDisplayWidth=1080 physicalDisplayHeight=2316 density={2.8125} cutoutSpec={M 0,0 H -10 V 26.66666666666667 H 10 V 0 H 0 Z @dp} rotation={0} scale={1.0} physicalPixelDisplaySizeRatio={1.0}}} sideOverrides={}}, mRoundedCorners=RoundedCorners{[RoundedCorner{position=TopLeft, radius=11, center=Point(11, 11)}, RoundedCorner{position=TopRight, radius=11, center=Point(1069, 11)}, RoundedCorner{position=BottomRight, radius=11, center=Point(1069, 2305)}, RoundedCorner{position=BottomLeft, radius=11, center=Point(11, 2305)}]}  mRoundedCornerFrame=Rect(0, 0 - 1080, 2316), mPrivacyIndicatorBounds=PrivacyIndicatorBounds {static bounds=Rect(956, 0 - 1080, 75) rotation=0}, mDisplayShape=DisplayShape{ spec=-311912193 displayWidth=1080 displayHeight=2316 physicalPixelDisplaySizeRatio=0.75 rotation=0 offsetX=0 offsetY=0 scale=1.0}, mSources= { InsetsSource: {d1a70001 mType=navigationBars mFrame=[0,2181][1080,2316] mVisible=false mFlags= mSideHint=BOTTOM mBoundingRects=null}, InsetsSource: {d1a70004 mType=systemGestures mFrame=[0,0][0,0] mVisible=true mFlags= mSideHint=NONE mBoundingRects=null}, InsetsSource: {d1a70005 mType=mandatorySystemGestures mFrame=[0,2181][1080,2316] mVisible=true mFlags= mSideHint=BOTTOM mBoundingRects=null}, InsetsSource: {d1a70006 mType=tappableElement mFrame=[0,2181][1080,2316] mVisible=true mFlags= mSideHint=BOTTOM mBoundingRects=null}, InsetsSource: {d1a70024 mType=systemGestures mFrame=[0,0][0,0] mVisible=true mFlags= mSideHint=NONE mBoundingRects=null}, InsetsSource: {3 mType=ime mFrame=[0,0][0,0] mVisible=false mFlags= mSideHint=NONE mBoundingRects=null}, InsetsSource: {27 mType=displayCutout mFrame=[0,0][1080,75] mVisible=true mFlags= mSideHint=TOP mBoundingRects=null}, InsetsSource: {4e2d0000 mType=statusBars mFrame=[0,0][1080,75] mVisible=true mFlags= mSideHint=TOP mBoundingRects=null}, InsetsSource: {4e2d0005 mType=mandatorySystemGestures mFrame=[0,0][1080,109] mVisible=true mFlags= mSideHint=TOP mBoundingRects=null}, InsetsSource: {4e2d0006 mType=tappableElement mFrame=[0,0][1080,75] mVisible=true mFlags= mSideHint=TOP mBoundingRects=null} }
2026-04-05 14:23:43.576 20033-20033 InsetsController        com.trainingvalidator.poc            I  controlAnimationUncheckedInner: Added types=statusBars, animType=1, host=com.trainingvalidator.poc/com.trainingvalidator.poc.ui.train.TrainingActivity, from=android.view.InsetsController.controlAnimationUnchecked:1608 android.view.InsetsController.applyAnimation:2416 android.view.InsetsController.applyAnimation:2343 
2026-04-05 14:23:43.577 20033-20033 InsetsController        com.trainingvalidator.poc            I  onStateChanged: host=com.trainingvalidator.poc/com.trainingvalidator.poc.ui.train.TrainingActivity, from=android.view.ViewRootImpl.onInsetsStateChanged:3026, state=InsetsState: {mDisplayFrame=Rect(0, 0 - 1080, 2316), mDisplayCutout=DisplayCutout{insets=Rect(0, 75 - 0, 0) waterfall=Insets{left=0, top=0, right=0, bottom=0} boundingRect={Bounds=[Rect(0, 0 - 0, 0), Rect(512, 0 - 568, 75), Rect(0, 0 - 0, 0), Rect(0, 0 - 0, 0)]} cutoutPathParserInfo={CutoutPathParserInfo{displayWidth=1080 displayHeight=2316 physicalDisplayWidth=1080 physicalDisplayHeight=2316 density={2.8125} cutoutSpec={M 0,0 H -10 V 26.66666666666667 H 10 V 0 H 0 Z @dp} rotation={0} scale={1.0} physicalPixelDisplaySizeRatio={1.0}}} sideOverrides={}}, mRoundedCorners=RoundedCorners{[RoundedCorner{position=TopLeft, radius=11, center=Point(11, 11)}, RoundedCorner{position=TopRight, radius=11, center=Point(1069, 11)}, RoundedCorner{position=BottomRight, radius=11, center=Point(1069, 2305)}, RoundedCorner{position=BottomLeft, radius=11, center=Point(11, 2305)}]}  mRoundedCornerFrame=Rect(0, 0 - 1080, 2316), mPrivacyIndicatorBounds=PrivacyIndicatorBounds {static bounds=Rect(956, 0 - 1080, 75) rotation=0}, mDisplayShape=DisplayShape{ spec=-311912193 displayWidth=1080 displayHeight=2316 physicalPixelDisplaySizeRatio=0.75 rotation=0 offsetX=0 offsetY=0 scale=1.0}, mSources= { InsetsSource: {d1a70001 mType=navigationBars mFrame=[0,2181][1080,2316] mVisible=false mFlags= mSideHint=BOTTOM mBoundingRects=null}, InsetsSource: {d1a70004 mType=systemGestures mFrame=[0,0][0,0] mVisible=true mFlags= mSideHint=NONE mBoundingRects=null}, InsetsSource: {d1a70005 mType=mandatorySystemGestures mFrame=[0,2181][1080,2316] mVisible=true mFlags= mSideHint=BOTTOM mBoundingRects=null}, InsetsSource: {d1a70006 mType=tappableElement mFrame=[0,2181][1080,2316] mVisible=true mFlags= mSideHint=BOTTOM mBoundingRects=null}, InsetsSource: {d1a70024 mType=systemGestures mFrame=[0,0][0,0] mVisible=true mFlags= mSideHint=NONE mBoundingRects=null}, InsetsSource: {3 mType=ime mFrame=[0,0][0,0] mVisible=false mFlags= mSideHint=NONE mBoundingRects=null}, InsetsSource: {27 mType=displayCutout mFrame=[0,0][1080,75] mVisible=true mFlags= mSideHint=TOP mBoundingRects=null}, InsetsSource: {4e2d0000 mType=statusBars mFrame=[0,0][1080,75] mVisible=false mFlags= mSideHint=TOP mBoundingRects=null}, InsetsSource: {4e2d0005 mType=mandatorySystemGestures mFrame=[0,0][1080,109] mVisible=true mFlags= mSideHint=TOP mBoundingRects=null}, InsetsSource: {4e2d0006 mType=tappableElement mFrame=[0,0][1080,75] mVisible=true mFlags= mSideHint=TOP mBoundingRects=null} }
2026-04-05 14:23:43.577 20033-20033 VRI[Traini...y]@e36c1d6 com.trainingvalidator.poc            I  handleResized, frames=ClientWindowFrames{frame=[0,0][1080,2316] display=[0,0][1080,2316] parentFrame=[0,0][0,0]} displayId=0 dragResizing=false compatScale=1.0 frameChanged=false attachedFrameChanged=false configChanged=false displayChanged=false compatScaleChanged=false dragResizingChanged=false
2026-04-05 14:23:43.579  1675-1675  CompositionEngine       surfaceflinger                       D  Layer: com.trainingvalidator.poc/com.trainingvalidator.poc.ui.train.TrainingActivity$_20033#59147 had an out of bounds transparent region
2026-04-05 14:23:43.629  1675-1675  CompositionEngine       surfaceflinger                       D  Layer: com.trainingvalidator.poc/com.trainingvalidator.poc.ui.train.TrainingActivity$_20033#59147 had an out of bounds transparent region
2026-04-05 14:23:43.645  1675-1675  CompositionEngine       surfaceflinger                       D  Layer: com.trainingvalidator.poc/com.trainingvalidator.poc.ui.train.TrainingActivity$_20033#59147 had an out of bounds transparent region
2026-04-05 14:23:43.662  1675-1675  CompositionEngine       surfaceflinger                       D  Layer: com.trainingvalidator.poc/com.trainingvalidator.poc.ui.train.TrainingActivity$_20033#59147 had an out of bounds transparent region
2026-04-05 14:23:43.678  1675-1675  CompositionEngine       surfaceflinger                       D  Layer: com.trainingvalidator.poc/com.trainingvalidator.poc.ui.train.TrainingActivity$_20033#59147 had an out of bounds transparent region
2026-04-05 14:23:43.695  1675-1675  CompositionEngine       surfaceflinger                       D  Layer: com.trainingvalidator.poc/com.trainingvalidator.poc.ui.train.TrainingActivity$_20033#59147 had an out of bounds transparent region
2026-04-05 14:23:43.712  1675-1675  CompositionEngine       surfaceflinger                       D  Layer: com.trainingvalidator.poc/com.trainingvalidator.poc.ui.train.TrainingActivity$_20033#59147 had an out of bounds transparent region
2026-04-05 14:23:43.729  1675-1675  CompositionEngine       surfaceflinger                       D  Layer: com.trainingvalidator.poc/com.trainingvalidator.poc.ui.train.TrainingActivity$_20033#59147 had an out of bounds transparent region
2026-04-05 14:23:43.745  1675-1675  CompositionEngine       surfaceflinger                       D  Layer: com.trainingvalidator.poc/com.trainingvalidator.poc.ui.train.TrainingActivity$_20033#59147 had an out of bounds transparent region
2026-04-05 14:23:43.762  1675-1675  CompositionEngine       surfaceflinger                       D  Layer: com.trainingvalidator.poc/com.trainingvalidator.poc.ui.train.TrainingActivity$_20033#59147 had an out of bounds transparent region
2026-04-05 14:23:43.779  1675-1675  CompositionEngine       surfaceflinger                       D  Layer: com.trainingvalidator.poc/com.trainingvalidator.poc.ui.train.TrainingActivity$_20033#59147 had an out of bounds transparent region
2026-04-05 14:23:43.795  1675-1675  CompositionEngine       surfaceflinger                       D  Layer: com.trainingvalidator.poc/com.trainingvalidator.poc.ui.train.TrainingActivity$_20033#59147 had an out of bounds transparent region
2026-04-05 14:23:43.812  1675-1675  CompositionEngine       surfaceflinger                       D  Layer: com.trainingvalidator.poc/com.trainingvalidator.poc.ui.train.TrainingActivity$_20033#59147 had an out of bounds transparent region
2026-04-05 14:23:43.829  1675-1675  CompositionEngine       surfaceflinger                       D  Layer: com.trainingvalidator.poc/com.trainingvalidator.poc.ui.train.TrainingActivity$_20033#59147 had an out of bounds transparent region
2026-04-05 14:23:43.846  1675-1675  CompositionEngine       surfaceflinger                       D  Layer: com.trainingvalidator.poc/com.trainingvalidator.poc.ui.train.TrainingActivity$_20033#59147 had an out of bounds transparent region
2026-04-05 14:23:43.862  1675-1675  CompositionEngine       surfaceflinger                       D  Layer: com.trainingvalidator.poc/com.trainingvalidator.poc.ui.train.TrainingActivity$_20033#59147 had an out of bounds transparent region
2026-04-05 14:23:43.879  1675-1675  CompositionEngine       surfaceflinger                       D  Layer: com.trainingvalidator.poc/com.trainingvalidator.poc.ui.train.TrainingActivity$_20033#59147 had an out of bounds transparent region
2026-04-05 14:23:43.895  1675-1675  CompositionEngine       surfaceflinger                       D  Layer: com.trainingvalidator.poc/com.trainingvalidator.poc.ui.train.TrainingActivity$_20033#59147 had an out of bounds transparent region
2026-04-05 14:23:43.912  1675-1675  CompositionEngine       surfaceflinger                       D  Layer: com.trainingvalidator.poc/com.trainingvalidator.poc.ui.train.TrainingActivity$_20033#59147 had an out of bounds transparent region
2026-04-05 14:23:43.916  1675-1675  SurfaceFlinger          surfaceflinger                       D  Display 4630947232161729154 HWC layers:
                                                                                                           CLIENT |           86041079840798 | 00000102 | 0x0000022    |    0.0  408.0 1440.0 1080.0 |    0    0 1080 2316 | f5b5a75 SurfaceView[com.trainingvali[...]ain.TrainingActivity]@0(BLAST)#59156 (97)
                                                                                                           DEVICE |           86041079840783 | 00002100 | RGBA_8888    |    0.0    0.0 1080.0 2316.0 |    0    0 1080 2316 | com.trainingvalidator.poc/com.traini[...].train.TrainingActivity$_20033#59147 (105)
                                                                                                           DEVICE |           14040248127314 | 00002140 | RGBA_8888    |    0.0    0.0 1080.0   84.0 |    0    0 1080   84 | ScreenDecorOverlay$_3269#59163 (9)
                                                                                                           DEVICE |           14040248127312 | 00002140 | RGBA_8888    |    0.0    0.0 1080.0   84.0 |    0 2232 1080 2316 | ScreenDecorOverlayBottom$_3269#59164 (3)
                                                                                                    
2026-04-05 14:23:43.949 20033-20033 InsetsController        com.trainingvalidator.poc            I  cancelAnimation: types=statusBars, animType=1, host=com.trainingvalidator.poc/com.trainingvalidator.poc.ui.train.TrainingActivity, from=android.view.InsetsController.notifyFinished:2006 android.view.InsetsAnimationThreadControlRunner$1.lambda$notifyFinished$0:82 android.view.InsetsAnimationThreadControlRunner$1.$r8$lambda$cDFF0h4Ncq-8EXdGszv69jrUu7c:0 
2026-04-05 14:23:43.965  1675-1675  CompositionEngine       surfaceflinger                       D  Layer: com.trainingvalidator.poc/com.trainingvalidator.poc.ui.train.TrainingActivity$_20033#59147 had an out of bounds transparent region
2026-04-05 14:23:44.464  1675-1675  LayerHistory            surfaceflinger                       I  f5b5a75 SurfaceView[com.trainingvalidator.poc/com.trainingvalidator.poc.ui.train.TrainingActivity]@0(BLAST)#59156 calculated refresh rate: 30.00 Hz
2026-04-05 14:23:44.464  1675-1675  LayerHistory            surfaceflinger                       I  com.trainingvalidator.poc/com.trainingvalidator.poc.ui.train.TrainingActivity$_20033#59147 Max (can't resolve refresh rate)
2026-04-05 14:23:44.464  1675-1675  SurfaceFlinger          surfaceflinger                       I  Video ignores com.trainingvalidator.poc/com.trainingvalidator.poc.ui.train.TrainingActivity$_20033#59147 (type=Max, weight=1.00, seamlessness=Default) 0.00 Hz's 30.00 Hz
                                                                                                    Video ignores com.trainingvalidator.poc/com.trainingvalidator.poc.ui.train.TrainingActivity$_20033#59147 (type=Max, weight=1.00, seamlessness=Default) 0.00 Hz's 32.00 Hz
                                                                                                    Video ignores com.trainingvalidator.poc/com.trainingvalidator.poc.ui.train.TrainingActivity$_20033#59147 (type=Max, weight=1.00, seamlessness=Default) 0.00 Hz's 40.00 Hz
                                                                                                    Video ignores com.trainingvalidator.poc/com.trainingvalidator.poc.ui.train.TrainingActivity$_20033#59147 (type=Max, weight=1.00, seamlessness=Default) 0.00 Hz's 48.00 Hz
                                                                                                    Video ignores com.trainingvalidator.poc/com.trainingvalidator.poc.ui.train.TrainingActivity$_20033#59147 (type=Max, weight=1.00, seamlessness=Default) 0.00 Hz's 60.00 Hz
                                                                                                    scored - choose 30.00 Hz
2026-04-05 14:23:44.483  2449-2523  SurfaceComposerClient   system_server                        D  setCornerRadius ## ae5b73c com.trainingvalidator.poc/com.trainingvalidator.poc.ui.train.TrainingActivity#59146 cornerRadius=0.000000
2026-04-05 14:23:45.670  1675-1675  CompositionEngine       surfaceflinger                       D  Layer: com.trainingvalidator.poc/com.trainingvalidator.poc.ui.train.TrainingActivity$_20033#59147 had an out of bounds transparent region
2026-04-05 14:23:45.703  1675-1675  CompositionEngine       surfaceflinger                       D  Layer: com.trainingvalidator.poc/com.trainingvalidator.poc.ui.train.TrainingActivity$_20033#59147 had an out of bounds transparent region
2026-04-05 14:23:45.737  1675-1675  CompositionEngine       surfaceflinger                       D  Layer: com.trainingvalidator.poc/com.trainingvalidator.poc.ui.train.TrainingActivity$_20033#59147 had an out of bounds transparent region
2026-04-05 14:23:45.771  1675-1675  CompositionEngine       surfaceflinger                       D  Layer: com.trainingvalidator.poc/com.trainingvalidator.poc.ui.train.TrainingActivity$_20033#59147 had an out of bounds transparent region
2026-04-05 14:23:48.103 20033-20033 TrainingActivity        com.trainingvalidator.poc            D  Captured peak frame for rep 1 at phase BOTTOM
2026-04-05 14:23:49.635  1675-1675  LayerHistory            surfaceflinger                       I  f5b5a75 SurfaceView[com.trainingvalidator.poc/com.trainingvalidator.poc.ui.train.TrainingActivity]@0(BLAST)#59156 Max (can't resolve refresh rate)
2026-04-05 14:23:49.635  1675-1675  LayerHistory            surfaceflinger                       I  com.trainingvalidator.poc/com.trainingvalidator.poc.ui.train.TrainingActivity$_20033#59147 Max (can't resolve refresh rate)
2026-04-05 14:23:49.672  2449-2523  SurfaceComposerClient   system_server                        D  setCornerRadius ## ae5b73c com.trainingvalidator.poc/com.trainingvalidator.poc.ui.train.TrainingActivity#59146 cornerRadius=0.000000
2026-04-05 14:23:49.774 20033-20033 VRI[Traini...y]@e36c1d6 com.trainingvalidator.poc            I  ViewPostIme key 0
2026-04-05 14:23:49.910  1675-1675  CompositionEngine       surfaceflinger                       D  Layer: com.trainingvalidator.poc/com.trainingvalidator.poc.ui.train.TrainingActivity$_20033#59147 had an out of bounds transparent region
2026-04-05 14:23:49.921  2449-6013  SurfaceComposerClient   system_server                        D  setCornerRadius ## ae5b73c com.trainingvalidator.poc/com.trainingvalidator.poc.ui.train.TrainingActivity#59146 cornerRadius=0.000000
2026-04-05 14:23:49.922  2449-6013  SurfaceComposerClient   system_server                        D  setCornerRadius ## ae5b73c com.trainingvalidator.poc/com.trainingvalidator.poc.ui.train.TrainingActivity#59146 cornerRadius=0.000000
2026-04-05 14:23:49.931  1675-1675  CompositionEngine       surfaceflinger                       D  Layer: com.trainingvalidator.poc/com.trainingvalidator.poc.ui.train.TrainingActivity$_20033#59147 had an out of bounds transparent region
2026-04-05 14:23:49.943  2449-2526  SurfaceComposerClient   system_server                        D  setCornerRadius ## ae5b73c com.trainingvalidator.poc/com.trainingvalidator.poc.ui.train.TrainingActivity#59146 cornerRadius=0.000000
2026-04-05 14:23:49.944  1675-1675  CompositionEngine       surfaceflinger                       D  Layer: com.trainingvalidator.poc/com.trainingvalidator.poc.ui.train.TrainingActivity$_20033#59147 had an out of bounds transparent region
2026-04-05 14:23:49.946  2449-2526  SurfaceComposerClient   system_server                        D  setCornerRadius ## ae5b73c com.trainingvalidator.poc/com.trainingvalidator.poc.ui.train.TrainingActivity#59146 cornerRadius=0.000000
2026-04-05 14:23:49.961  1675-1675  CompositionEngine       surfaceflinger                       D  Layer: com.trainingvalidator.poc/com.trainingvalidator.poc.ui.train.TrainingActivity$_20033#59147 had an out of bounds transparent region
