                                                                                                           DEVICE |           86041079840782 | 00002100 | RGBA_8888    |    0.0    0.0 1080.0 2316.0 |    0    0 1080 2316 | com.trainingvalidator.poc/com.traini[...].train.TrainingActivity$_20033#59147 (958)
                                                                                                           DEVICE |           86041079840807 | 00002100 | RGBA_8888    |   63.0    0.0 1143.0 1776.0 |    0  307 1080 2083 | com.trainingvalidator.poc/com.traini[...].train.TrainingActivity$_20033#59171 (3)
                                                                                                           DEVICE |           15908558876627 | 00002100 | RGBA_8888    |    0.0    0.0   67.0  329.0 |    0  328   67  657 | com.sec.android.app.launcher/com.sam[...]l.app.CocktailBarService$_3704#59170 (1)
                                                                                                           DEVICE |           14040248127314 | 00002140 | RGBA_8888    |    0.0    0.0 1080.0   84.0 |    0    0 1080   84 | ScreenDecorOverlay$_3269#59163 (9)
                                                                                                           DEV
2026-04-05 14:24:16.427  2449-3350  InputDispatcher         system_server                        D  Focus entered window (0): 274ac3e com.trainingvalidator.poc/com.trainingvalidator.poc.ui.train.TrainingActivity
2026-04-05 14:24:16.432  1675-1675  CompositionEngine       surfaceflinger                       D  Layer: com.trainingvalidator.poc/com.trainingvalidator.poc.ui.train.TrainingActivity$_20033#59147 had an out of bounds transparent region
2026-04-05 14:24:16.433 20033-20033 VRI[Traini...ity]@3ea88 com.trainingvalidator.poc            D  mThreadedRenderer.initializeIfNeeded()#2 mSurface={isValid=true 0xb4000077e81f6c30}
2026-04-05 14:24:16.436  1675-1675  SurfaceFlinger          surfaceflinger                       D  Display 4630947232161729154 HWC layers:
                                                                                                           CLIENT |           86041079840792 | 00000102 | 0x0000022    |    0.0  408.0 1440.0 1080.0 |    0    0 1080 2316 | f5b5a75 SurfaceView[com.trainingvali[...]ain.TrainingActivity]@0(BLAST)#59156 (1071)
                                                                                                           DEVICE |           86041079840781 | 00002100 | RGBA_8888    |    0.0    0.0 1080.0 2316.0 |    0    0 1080 2316 | com.trainingvalidator.poc/com.traini[...].train.TrainingActivity$_20033#59147 (959)
                                                                                                      SOLID_COLOR |                        0 | 00000000 | N/A          |    0.0    0.0    0.0    0.0 |    0    0 1080 2316 | Dim Layer for - Task=450#59173 (0)
                                                                                                           DEVICE |           86041079840807 | 00002100 | RGBA_8888    |   63.0    0.0 1143.0 1776.0 |    0  307 1080 2083 | com.trainingvalidator.poc/com.traini[...].train.TrainingActivity$_20033#59171 (3)
                                                                                                           DEVICE |           15908558876627 | 00002100 | RGBA_8888    |    0.0    0.0   67.0  329.0 |    0  328   67  657 | com.sec.android.app.launcher/com.sam[...]l.app.CocktailBarService$_3704#59170 (1)
                                                                                                           DEV
2026-04-05 14:24:16.437  2449-2526  SurfaceComposerClient   system_server                        D  setCornerRadius ## ae5b73c com.trainingvalidator.poc/com.trainingvalidator.poc.ui.train.TrainingActivity#59146 cornerRadius=0.000000
2026-04-05 14:24:16.451  1675-1675  CompositionEngine       surfaceflinger                       D  Layer: com.trainingvalidator.poc/com.trainingvalidator.poc.ui.train.TrainingActivity$_20033#59147 had an out of bounds transparent region
2026-04-05 14:24:16.466  1675-1675  CompositionEngine       surfaceflinger                       D  Layer: com.trainingvalidator.poc/com.trainingvalidator.poc.ui.train.TrainingActivity$_20033#59147 had an out of bounds transparent region
2026-04-05 14:24:16.482  1675-1675  CompositionEngine       surfaceflinger                       D  Layer: com.trainingvalidator.poc/com.trainingvalidator.poc.ui.train.TrainingActivity$_20033#59147 had an out of bounds transparent region
2026-04-05 14:24:16.499  1675-1675  CompositionEngine       surfaceflinger                       D  Layer: com.trainingvalidator.poc/com.trainingvalidator.poc.ui.train.TrainingActivity$_20033#59147 had an out of bounds transparent region
2026-04-05 14:24:16.516  1675-1675  CompositionEngine       surfaceflinger                       D  Layer: com.trainingvalidator.poc/com.trainingvalidator.poc.ui.train.TrainingActivity$_20033#59147 had an out of bounds transparent region
2026-04-05 14:24:16.532  1675-1675  CompositionEngine       surfaceflinger                       D  Layer: com.trainingvalidator.poc/com.trainingvalidator.poc.ui.train.TrainingActivity$_20033#59147 had an out of bounds transparent region
2026-04-05 14:24:16.533  2449-2526  WindowManager           system_server                        I  Reparenting to original parent: Surface(name=ActivityRecord{144203105 u0 com.trainingvalidator.poc/.ui.train.TrainingActivity t450})/@0x13b973b, destroy=true, surface=Surface(name=274ac3e com.trainingvalidator.poc/com.trainingvalidator.poc.ui.train.TrainingActivity)/@0xf0b4e4a
2026-04-05 14:24:16.534  2449-2526  SurfaceComposerClient   system_server                        D  setCornerRadius ## ae5b73c com.trainingvalidator.poc/com.trainingvalidator.poc.ui.train.TrainingActivity#59146 cornerRadius=0.000000
2026-04-05 14:24:16.549  1675-1675  CompositionEngine       surfaceflinger                       D  Layer: com.trainingvalidator.poc/com.trainingvalidator.poc.ui.train.TrainingActivity$_20033#59147 had an out of bounds transparent region
2026-04-05 14:24:16.550  2449-2526  SurfaceComposerClient   system_server                        D  setCornerRadius ## ae5b73c com.trainingvalidator.poc/com.trainingvalidator.poc.ui.train.TrainingActivity#59146 cornerRadius=0.000000
2026-04-05 14:24:16.564  1675-1675  SurfaceFlinger          surfaceflinger                       I  [LayerHierarchy{RequestedLayerState{274ac3e com.trainingvalidator.poc/com.trainingvalidator.poc.ui.train.TrainingActivity#59169 parentId=59145 z=1} 2 children}] reparent to LayerHierarchy{RequestedLayerState{ActivityRecord{144203105 u0 com.trainingvalidator.poc/.ui.train.TrainingActivity t450}#59145 parentId=59101 z=2} 5 children}
2026-04-05 14:24:16.564  1675-1675  SurfaceFlinger          surfaceflinger                       I  [LayerHierarchy{RequestedLayerState{Surface(name=274ac3e com.trainingvalidator.poc/com.trainingvalidator.poc.ui.train.TrainingActivity)/@0xf0b4e4a - animation-leash of window_animation#59172 z=1} no children}] reparent to OffscreenRoot
2026-04-05 14:24:16.564  1675-1675  SurfaceFlinger          surfaceflinger                       I  [LayerHierarchy{RequestedLayerState{Surface(name=274ac3e com.trainingvalidator.poc/com.trainingvalidator.poc.ui.train.TrainingActivity)/@0xf0b4e4a - animation-leash of window_animation#59172 z=1} no children}] RelativeParent to null
2026-04-05 14:24:16.566  1675-1675  SurfaceFlinger          surfaceflinger                       I  id=59172 Removed Surface(name=274ac3e com.trainingvalidator.poc/com.trainingvalidator.poc.ui.train.TrainingActivity)/@0xf0b4e4a - animation-leash of window_animation#59172 (224)
2026-04-05 14:24:16.566  1675-1675  CompositionEngine       surfaceflinger                       D  Layer: com.trainingvalidator.poc/com.trainingvalidator.poc.ui.train.TrainingActivity$_20033#59147 had an out of bounds transparent region
2026-04-05 14:24:16.572  2449-2526  SurfaceComposerClient   system_server                        D  setCornerRadius ## ae5b73c com.trainingvalidator.poc/com.trainingvalidator.poc.ui.train.TrainingActivity#59146 cornerRadius=0.000000
2026-04-05 14:24:16.581  1675-1675  SurfaceFlinger          surfaceflinger                       I  destroyed Surface(name=274ac3e com.trainingvalidator.poc/com.trainingvalidator.poc.ui.train.TrainingActivity)/@0xf0b4e4a - animation-leash of window_animation#59172 form LifecycleManager
2026-04-05 14:24:16.581  1675-1675  SurfaceFlinger          surfaceflinger                       I  id=59172 onLayerDestroyed from LayerHierarchyBuilder(RequestedLayerState{Surface(name=274ac3e com.trainingvalidator.poc/com.trainingvalidator.poc.ui.train.TrainingActivity)/@0xf0b4e4a - animation-leash of window_animation#59172 !handle z=1})
2026-04-05 14:24:16.582  1675-1675  Layer                   surfaceflinger                       I  id=59172 Destroyed Surface(name=274ac3e com.trainingvalidator.poc/com.trainingvalidator.poc.ui.train.TrainingActivity)/@0xf0b4e4a - animation-leash of window_animation#59172
2026-04-05 14:24:16.583  1675-1675  CompositionEngine       surfaceflinger                       D  Layer: com.trainingvalidator.poc/com.trainingvalidator.poc.ui.train.TrainingActivity$_20033#59147 had an out of bounds transparent region
2026-04-05 14:24:17.910 20033-20033 TrainingActivity        com.trainingvalidator.poc            D  SetupRefImage: url=(null)
2026-04-05 14:24:18.009 20033-20033 VRI[Traini...ity]@3ea88 com.trainingvalidator.poc            I  ViewPostIme pointer 0
2026-04-05 14:24:18.012 20033-20033 VRI[Traini...ity]@3ea88 com.trainingvalidator.poc            I  call setFrameRateCategory for touch hint category=high hint, reason=touch, vri=VRI[TrainingActivity]@3ea88
2026-04-05 14:24:18.014  1675-1675  SurfaceFlinger          surfaceflinger                       I  [com.trainingvalidator.poc/com.trainingvalidator.poc.ui.train.TrainingActivity$_20033#59171] setFrameRateCategory: HighHint
2026-04-05 14:24:18.161 20033-20033 VRI[Traini...ity]@3ea88 com.trainingvalidator.poc            I  ViewPostIme pointer 1
2026-04-05 14:24:19.252 20033-20033 VRI[Traini...y]@e36c1d6 com.trainingvalidator.poc            I  call setFrameRateCategory for touch hint category=no preference, reason=boost timeout, vri=VRI[TrainingActivity]@e36c1d6
2026-04-05 14:24:19.265  1675-1675  SurfaceFlinger          surfaceflinger                       I  [com.trainingvalidator.poc/com.trainingvalidator.poc.ui.train.TrainingActivity$_20033#59147] setFrameRateCategory: NoPreference
2026-04-05 14:24:19.430 20033-20033 VRI[Traini...ity]@3ea88 com.trainingvalidator.poc            I  ViewPostIme pointer 0
2026-04-05 14:24:19.557 20033-20033 VRI[Traini...ity]@3ea88 com.trainingvalidator.poc            I  ViewPostIme pointer 1
2026-04-05 14:24:19.559 20033-20033 WindowManager           com.trainingvalidator.poc            I  WindowManagerGlobal#removeView, ty=2, view=com.android.internal.policy.DecorView{296062b V.E...... R....... 0,0-1026,1596}[TrainingActivity], caller=android.view.WindowManagerGlobal.removeView:654 android.view.WindowManagerImpl.removeViewImmediate:216 android.app.Dialog.dismissDialog:850 
2026-04-05 14:24:19.560  2449-4773  CoreBackPreview         system_server                        D  Window{274ac3e u0 com.trainingvalidator.poc/com.trainingvalidator.poc.ui.train.TrainingActivity}: Setting back callback null
2026-04-05 14:24:19.566  1675-1675  CompositionEngine       surfaceflinger                       D  Layer: com.trainingvalidator.poc/com.trainingvalidator.poc.ui.train.TrainingActivity$_20033#59147 had an out of bounds transparent region
2026-04-05 14:24:19.568 20033-20033 VRI[Traini...ity]@3ea88 com.trainingvalidator.poc            I  dispatchDetachedFromWindow
2026-04-05 14:24:19.569  2449-4773  WindowManager           system_server                        V  Remove Window{274ac3e u0 com.trainingvalidator.poc/com.trainingvalidator.poc.ui.train.TrainingActivity}: mSurfaceControl=Surface(name=com.trainingvalidator.poc/com.trainingvalidator.poc.ui.train.TrainingActivity$_20033)/@0x47bdfab mAnimatingExit=false mRemoveOnExit=false mHasSurface=true surfaceShowing=true animating=false app-animation=false callers=com.android.server.wm.Session.remove:16 android.view.IWindowSession$Stub.onTransact:804 com.android.server.wm.Session.onTransact:1 android.os.Binder.execTransactInternal:1457 android.os.Binder.execTransact:1401 <bottom of call stack> 
2026-04-05 14:24:19.569  2449-4773  WindowManager           system_server                        I  Reparenting to leash, surface=Surface(name=274ac3e com.trainingvalidator.poc/com.trainingvalidator.poc.ui.train.TrainingActivity)/@0xf0b4e4a, leashParent=Surface(name=ActivityRecord{144203105 u0 com.trainingvalidator.poc/.ui.train.TrainingActivity t450})/@0x13b973b
2026-04-05 14:24:19.570  1675-1794  SurfaceFlinger          surfaceflinger                       I  id=59174 createSurf, flag=24000, Surface(name=274ac3e com.trainingvalidator.poc/com.trainingvalidator.poc.ui.train.TrainingActivity)/@0xf0b4e4a - animation-leash of window_animation#59174
2026-04-05 14:24:19.572  2449-4773  WindowManager           system_server                        D  makeSurface duration=2 leash=Surface(name=Surface(name=274ac3e com.trainingvalidator.poc/com.trainingvalidator.poc.ui.train.TrainingActivity)/@0xf0b4e4a - animation-leash of window_animation)/@0x268608
2026-04-05 14:24:19.572  2449-4773  WindowManager           system_server                        D  Changing focus from Window{274ac3e u0 com.trainingvalidator.poc/com.trainingvalidator.poc.ui.train.TrainingActivity EXITING} to Window{ae5b73c u0 com.trainingvalidator.poc/com.trainingvalidator.poc.ui.train.TrainingActivity} displayId=0 Callers=com.android.server.wm.WindowState.removeIfPossible:602 com.android.server.wm.Session.remove:16 android.view.IWindowSession$Stub.onTransact:804 com.android.server.wm.Session.onTransact:1 
2026-04-05 14:24:19.573  2449-4773  WindowManager           system_server                        D  updateSystemBarAttributes: displayId=0, focusedCanBeNavColorWin=false, win=Window{ae5b73c u0 com.trainingvalidator.poc/com.trainingvalidator.poc.ui.train.TrainingActivity}, navColorWin=Window{274ac3e u0 com.trainingvalidator.poc/com.trainingvalidator.poc.ui.train.TrainingActivity EXITING}, caller=com.android.server.wm.WindowManagerService.updateFocusedWindowLocked:372 com.android.server.wm.WindowState.removeIfPossible:602 com.android.server.wm.Session.remove:16 
2026-04-05 14:24:19.574  2449-4773  SystemKeyManager        system_server                        V  updateFocusedWindow() is called, com.trainingvalidator.poc/com.trainingvalidator.poc.ui.train.TrainingActivity
2026-04-05 14:24:19.574  2449-4773  SurfaceComposerClient   system_server                        D  setCornerRadius ## ae5b73c com.trainingvalidator.poc/com.trainingvalidator.poc.ui.train.TrainingActivity#59146 cornerRadius=0.000000
2026-04-05 14:24:19.574  2449-4773  SurfaceComposerClient   system_server                        D  setCornerRadius ## ae5b73c com.trainingvalidator.poc/com.trainingvalidator.poc.ui.train.TrainingActivity#59146 cornerRadius=0.000000
2026-04-05 14:24:19.577  2449-2526  SurfaceComposerClient   system_server                        D  setCornerRadius ## ae5b73c com.trainingvalidator.poc/com.trainingvalidator.poc.ui.train.TrainingActivity#59146 cornerRadius=0.000000
2026-04-05 14:24:19.581  1675-1675  SurfaceFlinger          surfaceflinger                       I  [Surface(name=274ac3e com.trainingvalidator.poc/com.trainingvalidator.poc.ui.train.TrainingActivity)/@0xf0b4e4a - animation-leash of window_animation#59174] attach to parent LayerHierarchy{RequestedLayerState{ActivityRecord{144203105 u0 com.trainingvalidator.poc/.ui.train.TrainingActivity t450}#59145 parentId=59101 z=2} 5 children}
2026-04-05 14:24:19.582  1675-1675  CompositionEngine       surfaceflinger                       D  Layer: com.trainingvalidator.poc/com.trainingvalidator.poc.ui.train.TrainingActivity$_20033#59147 had an out of bounds transparent region
2026-04-05 14:24:19.585  2449-3350  SurfaceComposerClient   system_server                        D  setCornerRadius ## ae5b73c com.trainingvalidator.poc/com.trainingvalidator.poc.ui.train.TrainingActivity#59146 cornerRadius=0.000000
2026-04-05 14:24:19.585  2449-3350  SurfaceComposerClient   system_server                        D  setCornerRadius ## ae5b73c com.trainingvalidator.poc/com.trainingvalidator.poc.ui.train.TrainingActivity#59146 cornerRadius=0.000000
2026-04-05 14:24:19.589 20033-20033 Toast                   com.trainingvalidator.poc            I  show: caller = com.trainingvalidator.poc.ui.train.TrainingActivity.showSettingsDialog$lambda$7:1332 
2026-04-05 14:24:19.591  2449-4105  InputDispatcher         system_server                        D  Focus left window (0): 274ac3e com.trainingvalidator.poc/com.trainingvalidator.poc.ui.train.TrainingActivity
2026-04-05 14:24:19.598  1675-1675  SurfaceFlinger          surfaceflinger                       I  [LayerHierarchy{RequestedLayerState{274ac3e com.trainingvalidator.poc/com.trainingvalidator.poc.ui.train.TrainingActivity#59169 parentId=59174 z=1} 2 children}] reparent to LayerHierarchy{RequestedLayerState{Surface(name=274ac3e com.trainingvalidator.poc/com.trainingvalidator.poc.ui.train.TrainingActivity)/@0xf0b4e4a - animation-leash of window_animation#59174 parentId=59145 z=1} 1 children}
2026-04-05 14:24:19.599  2449-4773  SurfaceComposerClient   system_server                        D  setCornerRadius ## ae5b73c com.trainingvalidator.poc/com.trainingvalidator.poc.ui.train.TrainingActivity#59146 cornerRadius=0.000000
2026-04-05 14:24:19.599  1675-1675  CompositionEngine       surfaceflinger                       D  Layer: com.trainingvalidator.poc/com.trainingvalidator.poc.ui.train.TrainingActivity$_20033#59147 had an out of bounds transparent region
2026-04-05 14:24:19.600  2449-4773  SurfaceComposerClient   system_server                        D  setCornerRadius ## ae5b73c com.trainingvalidator.poc/com.trainingvalidator.poc.ui.train.TrainingActivity#59146 cornerRadius=0.000000
2026-04-05 14:24:19.604  1675-1675  SurfaceFlinger          surfaceflinger                       D  Display 4630947232161729154 HWC layers:
                                                                                                           CLIENT |           86041079840799 | 00000102 | 0x0000022    |    0.0  408.0 1440.0 1080.0 |    0    0 1080 2316 | f5b5a75 SurfaceView[com.trainingvali[...]ain.TrainingActivity]@0(BLAST)#59156 (1166)
                                                                                                           DEVICE |           86041079840782 | 00002100 | RGBA_8888    |    0.0    0.0 1080.0 2316.0 |    0    0 1080 2316 | com.trainingvalidator.poc/com.traini[...].train.TrainingActivity$_20033#59147 (1134)
                                                                                                      SOLID_COLOR |                        0 | 00000000 | N/A          |    0.0    0.0    0.0    0.0 |    0    0 1080 2316 | Dim Layer for - Task=450#59173 (0)
                                                                                                           DEVICE |           86041079840807 | 00002100 | RGBA_8888    |   63.0    0.0 1143.0 1776.0 |    0  307 1080 2083 | com.trainingvalidator.poc/com.traini[...].train.TrainingActivity$_20033#59171 (35)
                                                                                                           DEVICE |           14040248127314 | 00002140 | RGBA_8888    |    0.0    0.0 1080.0   84.0 |    0    0 1080   84 | ScreenDecorOverlay$_3269#59163 (9)
                                                                                                           DEVICE |           14040248127312 | 00002140 | R
2026-04-05 14:24:19.605  1675-1907  SurfaceFlinger          surfaceflinger                       D  [input] setFocusedWindow: ae5b73c com.trainingvalidator.poc/com.trainingvalidator.poc.ui.train.TrainingActivity
2026-04-05 14:24:19.605  2449-5906  InputDispatcher         system_server                        D  Once focus requested (0): ae5b73c com.trainingvalidator.poc/com.trainingvalidator.poc.ui.train.TrainingActivity
2026-04-05 14:24:19.605  2449-5906  InputDispatcher         system_server                        D  Focus entered window (0): ae5b73c com.trainingvalidator.poc/com.trainingvalidator.poc.ui.train.TrainingActivity
2026-04-05 14:24:19.607  2449-2526  SurfaceComposerClient   system_server                        D  setCornerRadius ## ae5b73c com.trainingvalidator.poc/com.trainingvalidator.poc.ui.train.TrainingActivity#59146 cornerRadius=0.000000
2026-04-05 14:24:19.616  1675-1675  CompositionEngine       surfaceflinger                       D  Layer: com.trainingvalidator.poc/com.trainingvalidator.poc.ui.train.TrainingActivity$_20033#59147 had an out of bounds transparent region
2026-04-05 14:24:19.616 20033-20033 VRI[Traini...y]@e36c1d6 com.trainingvalidator.poc            D  mThreadedRenderer.initializeIfNeeded()#2 mSurface={isValid=true 0xb4000077e8113d70}
2026-04-05 14:24:19.632  1675-1675  CompositionEngine       surfaceflinger                       D  Layer: com.trainingvalidator.poc/com.trainingvalidator.poc.ui.train.TrainingActivity$_20033#59147 had an out of bounds transparent region
2026-04-05 14:24:19.652  1675-1675  CompositionEngine       surfaceflinger                       D  Layer: com.trainingvalidator.poc/com.trainingvalidator.poc.ui.train.TrainingActivity$_20033#59147 had an out of bounds transparent region
2026-04-05 14:24:19.666  1675-1675  CompositionEngine       surfaceflinger                       D  Layer: com.trainingvalidator.poc/com.trainingvalidator.poc.ui.train.TrainingActivity$_20033#59147 had an out of bounds transparent region
2026-04-05 14:24:19.682  1675-1675  CompositionEngine       surfaceflinger                       D  Layer: com.trainingvalidator.poc/com.trainingvalidator.poc.ui.train.TrainingActivity$_20033#59147 had an out of bounds transparent region
2026-04-05 14:24:19.691  2449-3350  SurfaceComposerClient   system_server                        D  setCornerRadius ## ae5b73c com.trainingvalidator.poc/com.trainingvalidator.poc.ui.train.TrainingActivity#59146 cornerRadius=0.000000
2026-04-05 14:24:19.691  2449-3350  SurfaceComposerClient   system_server                        D  setCornerRadius ## ae5b73c com.trainingvalidator.poc/com.trainingvalidator.poc.ui.train.TrainingActivity#59146 cornerRadius=0.000000
2026-04-05 14:24:19.699  1675-1675  CompositionEngine       surfaceflinger                       D  Layer: com.trainingvalidator.poc/com.trainingvalidator.poc.ui.train.TrainingActivity$_20033#59147 had an out of bounds transparent region
2026-04-05 14:24:19.707  2449-2526  SurfaceComposerClient   system_server                        D  setCornerRadius ## ae5b73c com.trainingvalidator.poc/com.trainingvalidator.poc.ui.train.TrainingActivity#59146 cornerRadius=0.000000
2026-04-05 14:24:19.712  2449-2526  SurfaceComposerClient   system_server                        D  setCornerRadius ## ae5b73c com.trainingvalidator.poc/com.trainingvalidator.poc.ui.train.TrainingActivity#59146 cornerRadius=0.000000
2026-04-05 14:24:19.716  1675-1675  CompositionEngine       surfaceflinger                       D  Layer: com.trainingvalidator.poc/com.trainingvalidator.poc.ui.train.TrainingActivity$_20033#59147 had an out of bounds transparent region
2026-04-05 14:24:19.732  2449-2526  WindowManager           system_server                        I  Reparenting to original parent: Surface(name=ActivityRecord{144203105 u0 com.trainingvalidator.poc/.ui.train.TrainingActivity t450})/@0x13b973b, destroy=true, surface=Surface(name=274ac3e com.trainingvalidator.poc/com.trainingvalidator.poc.ui.train.TrainingActivity)/@0xf0b4e4a
2026-04-05 14:24:19.732  2449-2526  WindowManager           system_server                        E  win=Window{274ac3e u0 com.trainingvalidator.poc/com.trainingvalidator.poc.ui.train.TrainingActivity EXITING} destroySurfaces: appStopped=false cleanupOnResume=false win.mWindowRemovalAllowed=true win.mRemoveOnExit=true win.mViewVisibility=0 caller=com.android.server.wm.WindowState.onExitAnimationDone:224 com.android.server.wm.WindowState.onAnimationFinished:161 com.android.server.wm.WindowContainer$$ExternalSyntheticLambda8.onAnimationFinished:3 com.android.server.wm.SurfaceAnimator$$ExternalSyntheticLambda0.onAnimationFinished:69 com.android.server.wm.LocalAnimationAdapter$$ExternalSyntheticLambda0.run:10 android.os.Handler.handleCallback:995 android.os.Handler.dispatchMessage:103 
2026-04-05 14:24:19.732  1675-1675  CompositionEngine       surfaceflinger                       D  Layer: com.trainingvalidator.poc/com.trainingvalidator.poc.ui.train.TrainingActivity$_20033#59147 had an out of bounds transparent region
2026-04-05 14:24:19.733  2449-2526  SurfaceComposerClient   system_server                        D  setCornerRadius ## ae5b73c com.trainingvalidator.poc/com.trainingvalidator.poc.ui.train.TrainingActivity#59146 cornerRadius=0.000000
2026-04-05 14:24:19.734  2449-2526  SurfaceComposerClient   system_server                        D  setCornerRadius ## ae5b73c com.trainingvalidator.poc/com.trainingvalidator.poc.ui.train.TrainingActivity#59146 cornerRadius=0.000000
2026-04-05 14:24:19.748  1675-1675  SurfaceFlinger          surfaceflinger                       E  alpha changed 0.013 -> 0.000 - Surface(name=274ac3e com.trainingvalidator.poc/com.trainingvalidator.poc.ui.train.TrainingActivity)/@0xf0b4e4a - animation-leash of window_animation#59174
2026-04-05 14:24:19.748  1675-1675  SurfaceFlinger          surfaceflinger                       I  [LayerHierarchy{RequestedLayerState{com.trainingvalidator.poc/com.trainingvalidator.poc.ui.train.TrainingActivity$_20033#59171} no children}] reparent to OffscreenRoot
2026-04-05 14:24:19.748  1675-1675  SurfaceFlinger          surfaceflinger                       I  [LayerHierarchy{RequestedLayerState{com.trainingvalidator.poc/com.trainingvalidator.poc.ui.train.TrainingActivity$_20033#59171} no children}] RelativeParent to null
2026-04-05 14:24:19.749  1675-1675  CompositionEngine       surfaceflinger                       D  Layer: com.trainingvalidator.poc/com.trainingvalidator.poc.ui.train.TrainingActivity$_20033#59147 had an out of bounds transparent region
2026-04-05 14:24:19.749  2449-2526  SurfaceComposerClient   system_server                        D  setCornerRadius ## ae5b73c com.trainingvalidator.poc/com.trainingvalidator.poc.ui.train.TrainingActivity#59146 cornerRadius=0.000000
2026-04-05 14:24:19.753  1675-1675  SurfaceFlinger          surfaceflinger                       D  Display 4630947232161729154 HWC layers:
                                                                                                           CLIENT |           86041079840790 | 00000102 | 0x0000022    |    0.0  408.0 1440.0 1080.0 |    0    0 1080 2316 | f5b5a75 SurfaceView[com.trainingvali[...]ain.TrainingActivity]@0(BLAST)#59156 (1170)
                                                                                                           DEVICE |           86041079840781 | 00002100 | RGBA_8888    |    0.0    0.0 1080.0 2316.0 |    0    0 1080 2316 | com.trainingvalidator.poc/com.traini[...].train.TrainingActivity$_20033#59147 (1135)
                                                                                                           DEVICE |           14040248127322 | 00002100 | RGBA_8888    |    0.0    0.0  457.0  124.0 |  311 1877  768 2001 | Toast$_3269#59177 (1)
                                                                                                           DEVICE |           14040248127314 | 00002140 | RGBA_8888    |    0.0    0.0 1080.0   84.0 |    0    0 1080   84 | ScreenDecorOverlay$_3269#59163 (9)
                                                                                                           DEVICE |           14040248127312 | 00002140 | RGBA_8888    |    0.0    0.0 1080.0   84.0 |    0 2232 1080 2316 | ScreenDecorOverlayBottom$_3269#59164 (3)
                                                                                                    
2026-04-05 14:24:19.755  2449-2526  SurfaceComposerClient   system_server                        D  setCornerRadius ## ae5b73c com.trainingvalidator.poc/com.trainingvalidator.poc.ui.train.TrainingActivity#59146 cornerRadius=0.000000
2026-04-05 14:24:19.764  1675-1675  SurfaceFlinger          surfaceflinger                       I  RequestedLayer [com.trainingvalidator.poc/com.traini[...].train.TrainingActivity$_20033#59171] hidden!! flag  from(0) --> to(1)
2026-04-05 14:24:19.764  1675-1675  SurfaceFlinger          surfaceflinger                       I  [LayerHierarchy{RequestedLayerState{274ac3e com.trainingvalidator.poc/com.trainingvalidator.poc.ui.train.TrainingActivity#59169 z=1} 1 children}] reparent to OffscreenRoot
2026-04-05 14:24:19.764  1675-1675  SurfaceFlinger          surfaceflinger                       I  [LayerHierarchy{RequestedLayerState{274ac3e com.trainingvalidator.poc/com.trainingvalidator.poc.ui.train.TrainingActivity#59169 z=1} 1 children}] RelativeParent to null
2026-04-05 14:24:19.765  1675-1675  SurfaceFlinger          surfaceflinger                       I  [LayerHierarchy{RequestedLayerState{Surface(name=274ac3e com.trainingvalidator.poc/com.trainingvalidator.poc.ui.train.TrainingActivity)/@0xf0b4e4a - animation-leash of window_animation#59174 z=1} no children}] reparent to OffscreenRoot
2026-04-05 14:24:19.765  1675-1675  SurfaceFlinger          surfaceflinger                       I  [LayerHierarchy{RequestedLayerState{Surface(name=274ac3e com.trainingvalidator.poc/com.trainingvalidator.poc.ui.train.TrainingActivity)/@0xf0b4e4a - animation-leash of window_animation#59174 z=1} no children}] RelativeParent to null
2026-04-05 14:24:19.766  1675-1675  SurfaceFlinger          surfaceflinger                       I  id=59171 Removed com.trainingvalidator.poc/com.trainingvalidator.poc.ui.train.TrainingActivity$_20033#59171 (227)
2026-04-05 14:24:19.766  1675-1675  SurfaceFlinger          surfaceflinger                       I  id=59174 Removed Surface(name=274ac3e com.trainingvalidator.poc/com.trainingvalidator.poc.ui.train.TrainingActivity)/@0xf0b4e4a - animation-leash of window_animation#59174 (227)
2026-04-05 14:24:19.766  1675-1675  SurfaceFlinger          surfaceflinger                       I  id=59169 Removed 274ac3e com.trainingvalidator.poc/com.trainingvalidator.poc.ui.train.TrainingActivity#59169 (227)
2026-04-05 14:24:19.766  1675-1675  CompositionEngine       surfaceflinger                       D  Layer: com.trainingvalidator.poc/com.trainingvalidator.poc.ui.train.TrainingActivity$_20033#59147 had an out of bounds transparent region
2026-04-05 14:24:19.781  1675-1675  SurfaceFlinger          surfaceflinger                       I  destroyed 274ac3e com.trainingvalidator.poc/com.trainingvalidator.poc.ui.train.TrainingActivity#59169 form LifecycleManager
2026-04-05 14:24:19.781  1675-1675  SurfaceFlinger          surfaceflinger                       I  destroyed com.trainingvalidator.poc/com.trainingvalidator.poc.ui.train.TrainingActivity$_20033#59171 form LifecycleManager
2026-04-05 14:24:19.781  1675-1675  SurfaceFlinger          surfaceflinger                       I  destroyed Surface(name=274ac3e com.trainingvalidator.poc/com.trainingvalidator.poc.ui.train.TrainingActivity)/@0xf0b4e4a - animation-leash of window_animation#59174 form LifecycleManager
2026-04-05 14:24:19.781  1675-1675  SurfaceFlinger          surfaceflinger                       I  id=59169 onLayerDestroyed from LayerHierarchyBuilder(RequestedLayerState{274ac3e com.trainingvalidator.poc/com.trainingvalidator.poc.ui.train.TrainingActivity#59169 !handle z=1})
2026-04-05 14:24:19.781  1675-1675  SurfaceFlinger          surfaceflinger                       I  id=59171 onLayerDestroyed from LayerHierarchyBuilder(RequestedLayerState{com.trainingvalidator.poc/com.trainingvalidator.poc.ui.train.TrainingActivity$_20033#59171 !handle})
2026-04-05 14:24:19.781  1675-1675  SurfaceFlinger          surfaceflinger                       I  id=59174 onLayerDestroyed from LayerHierarchyBuilder(RequestedLayerState{Surface(name=274ac3e com.trainingvalidator.poc/com.trainingvalidator.poc.ui.train.TrainingActivity)/@0xf0b4e4a - animation-leash of window_animation#59174 !handle z=1})
2026-04-05 14:24:19.782  1675-1675  Layer                   surfaceflinger                       I  id=59169 Destroyed 274ac3e com.trainingvalidator.poc/com.trainingvalidator.poc.ui.train.TrainingActivity#59169
2026-04-05 14:24:19.782  1675-1675  Layer                   surfaceflinger                       I  id=59171 Destroyed com.trainingvalidator.poc/com.trainingvalidator.poc.ui.train.TrainingActivity$_20033#59171
2026-04-05 14:24:19.783  1675-1675  Layer                   surfaceflinger                       I  id=59174 Destroyed Surface(name=274ac3e com.trainingvalidator.poc/com.trainingvalidator.poc.ui.train.TrainingActivity)/@0xf0b4e4a - animation-leash of window_animation#59174
2026-04-05 14:24:19.783  1675-1675  CompositionEngine       surfaceflinger                       D  Layer: com.trainingvalidator.poc/com.trainingvalidator.poc.ui.train.TrainingActivity$_20033#59147 had an out of bounds transparent region
2026-04-05 14:24:19.799  1675-1675  CompositionEngine       surfaceflinger                       D  Layer: com.trainingvalidator.poc/com.trainingvalidator.poc.ui.train.TrainingActivity$_20033#59147 had an out of bounds transparent region
2026-04-05 14:24:19.819  1675-1675  CompositionEngine       surfaceflinger                       D  Layer: com.trainingvalidator.poc/com.trainingvalidator.poc.ui.train.TrainingActivity$_20033#59147 had an out of bounds transparent region
2026-04-05 14:24:19.832  1675-1675  CompositionEngine       surfaceflinger                       D  Layer: com.trainingvalidator.poc/com.trainingvalidator.poc.ui.train.TrainingActivity$_20033#59147 had an out of bounds transparent region
2026-04-05 14:24:19.849  1675-1675  CompositionEngine       surfaceflinger                       D  Layer: com.trainingvalidator.poc/com.trainingvalidator.poc.ui.train.TrainingActivity$_20033#59147 had an out of bounds transparent region
2026-04-05 14:24:19.861 20033-20033 TrainingActivity        com.trainingvalidator.poc            D  SetupRefImage: url=(null)
2026-04-05 14:24:19.863 20033-20033 TrainingActivity        com.trainingvalidator.poc            D  SetupRefImage: url=(null)
2026-04-05 14:24:19.865  1675-1675  CompositionEngine       surfaceflinger                       D  Layer: com.trainingvalidator.poc/com.trainingvalidator.poc.ui.train.TrainingActivity$_20033#59147 had an out of bounds transparent region
2026-04-05 14:24:19.867 20033-20033 TrainingActivity        com.trainingvalidator.poc            D  Auto-paused: NO_POSE
2026-04-05 14:24:19.882  1675-1675  CompositionEngine       surfaceflinger                       D  Layer: com.trainingvalidator.poc/com.trainingvalidator.poc.ui.train.TrainingActivity$_20033#59147 had an out of bounds transparent region
2026-04-05 14:24:19.899  1675-1675  CompositionEngine       surfaceflinger                       D  Layer: com.trainingvalidator.poc/com.trainingvalidator.poc.ui.train.TrainingActivity$_20033#59147 had an out of bounds transparent region
2026-04-05 14:24:19.915  1675-1675  CompositionEngine       surfaceflinger                       D  Layer: com.trainingvalidator.poc/com.trainingvalidator.poc.ui.train.TrainingActivity$_20033#59147 had an out of bounds transparent region
2026-04-05 14:24:19.932  1675-1675  CompositionEngine       surfaceflinger                       D  Layer: com.trainingvalidator.poc/com.trainingvalidator.poc.ui.train.TrainingActivity$_20033#59147 had an out of bounds transparent region
2026-04-05 14:24:19.949  1675-1675  CompositionEngine       surfaceflinger                       D  Layer: com.trainingvalidator.poc/com.trainingvalidator.poc.ui.train.TrainingActivity$_20033#59147 had an out of bounds transparent region
2026-04-05 14:24:19.970  1675-1675  CompositionEngine       surfaceflinger                       D  Layer: com.trainingvalidator.poc/com.trainingvalidator.poc.ui.train.TrainingActivity$_20033#59147 had an out of bounds transparent region
2026-04-05 14:24:19.982  1675-1675  CompositionEngine       surfaceflinger                       D  Layer: com.trainingvalidator.poc/com.trainingvalidator.poc.ui.train.TrainingActivity$_20033#59147 had an out of bounds transparent region
2026-04-05 14:24:19.999  1675-1675  CompositionEngine       surfaceflinger                       D  Layer: com.trainingvalidator.poc/com.trainingvalidator.poc.ui.train.TrainingActivity$_20033#59147 had an out of bounds transparent region
2026-04-05 14:24:20.015  1675-1675  CompositionEngine       surfaceflinger                       D  Layer: com.trainingvalidator.poc/com.trainingvalidator.poc.ui.train.TrainingActivity$_20033#59147 had an out of bounds transparent region
2026-04-05 14:24:20.032  1675-1675  CompositionEngine       surfaceflinger                       D  Layer: com.trainingvalidator.poc/com.trainingvalidator.poc.ui.train.TrainingActivity$_20033#59147 had an out of bounds transparent region
2026-04-05 14:24:20.048  1675-1675  CompositionEngine       surfaceflinger                       D  Layer: com.trainingvalidator.poc/com.trainingvalidator.poc.ui.train.TrainingActivity$_20033#59147 had an out of bounds transparent region
2026-04-05 14:24:20.066  1675-1675  CompositionEngine       surfaceflinger                       D  Layer: com.trainingvalidator.poc/com.trainingvalidator.poc.ui.train.TrainingActivity$_20033#59147 had an out of bounds transparent region
2026-04-05 14:24:20.082  1675-1675  CompositionEngine       surfaceflinger                       D  Layer: com.trainingvalidator.poc/com.trainingvalidator.poc.ui.train.TrainingActivity$_20033#59147 had an out of bounds transparent region
2026-04-05 14:24:20.102  1675-1675  CompositionEngine       surfaceflinger                       D  Layer: com.trainingvalidator.poc/com.trainingvalidator.poc.ui.train.TrainingActivity$_20033#59147 had an out of bounds transparent region
2026-04-05 14:24:20.118  1675-1675  CompositionEngine       surfaceflinger                       D  Layer: com.trainingvalidator.poc/com.trainingvalidator.poc.ui.train.TrainingActivity$_20033#59147 had an out of bounds transparent region
2026-04-05 14:24:20.134  1675-1675  CompositionEngine       surfaceflinger                       D  Layer: com.trainingvalidator.poc/com.trainingvalidator.poc.ui.train.TrainingActivity$_20033#59147 had an out of bounds transparent region
2026-04-05 14:24:20.152  1675-1675  CompositionEngine       surfaceflinger                       D  Layer: com.trainingvalidator.poc/com.trainingvalidator.poc.ui.train.TrainingActivity$_20033#59147 had an out of bounds transparent region
2026-04-05 14:24:20.168  1675-1675  CompositionEngine       surfaceflinger                       D  Layer: com.trainingvalidator.poc/com.trainingvalidator.poc.ui.train.TrainingActivity$_20033#59147 had an out of bounds transparent region
2026-04-05 14:24:20.187  1675-1675  CompositionEngine       surfaceflinger                       D  Layer: com.trainingvalidator.poc/com.trainingvalidator.poc.ui.train.TrainingActivity$_20033#59147 had an out of bounds transparent region
2026-04-05 14:24:20.204  1675-1675  CompositionEngine       surfaceflinger                       D  Layer: com.trainingvalidator.poc/com.trainingvalidator.poc.ui.train.TrainingActivity$_20033#59147 had an out of bounds transparent region
2026-04-05 14:24:20.216  1675-1675  CompositionEngine       surfaceflinger                       D  Layer: com.trainingvalidator.poc/com.trainingvalidator.poc.ui.train.TrainingActivity$_20033#59147 had an out of bounds transparent region
2026-04-05 14:24:20.216  2449-2526  SurfaceComposerClient   system_server                        D  setCornerRadius ## ae5b73c com.trainingvalidator.poc/com.trainingvalidator.poc.ui.train.TrainingActivity#59146 cornerRadius=0.000000
2026-04-05 14:24:20.233  1675-1675  CompositionEngine       surfaceflinger                       D  Layer: com.trainingvalidator.poc/com.trainingvalidator.poc.ui.train.TrainingActivity$_20033#59147 had an out of bounds transparent region
2026-04-05 14:24:20.233  2449-2526  SurfaceComposerClient   system_server                        D  setCornerRadius ## ae5b73c com.trainingvalidator.poc/com.trainingvalidator.poc.ui.train.TrainingActivity#59146 cornerRadius=0.000000
2026-04-05 14:24:20.250  1675-1675  CompositionEngine       surfaceflinger                       D  Layer: com.trainingvalidator.poc/com.trainingvalidator.poc.ui.train.TrainingActivity$_20033#59147 had an out of bounds transparent region
2026-04-05 14:24:20.256  2449-2526  SurfaceComposerClient   system_server                        D  setCornerRadius ## ae5b73c com.trainingvalidator.poc/com.trainingvalidator.poc.ui.train.TrainingActivity#59146 cornerRadius=0.000000
2026-04-05 14:24:20.266  1675-1675  CompositionEngine       surfaceflinger                       D  Layer: com.trainingvalidator.poc/com.trainingvalidator.poc.ui.train.TrainingActivity$_20033#59147 had an out of bounds transparent region
2026-04-05 14:24:21.950  1675-1675  CompositionEngine       surfaceflinger                       D  Layer: com.trainingvalidator.poc/com.trainingvalidator.poc.ui.train.TrainingActivity$_20033#59147 had an out of bounds transparent region
2026-04-05 14:24:21.953  2449-4105  SurfaceComposerClient   system_server                        D  setCornerRadius ## ae5b73c com.trainingvalidator.poc/com.trainingvalidator.poc.ui.train.TrainingActivity#59146 cornerRadius=0.000000
2026-04-05 14:24:21.954  2449-4105  SurfaceComposerClient   system_server                        D  setCornerRadius ## ae5b73c com.trainingvalidator.poc/com.trainingvalidator.poc.ui.train.TrainingActivity#59146 cornerRadius=0.000000
2026-04-05 14:24:21.956  2449-2526  SurfaceComposerClient   system_server                        D  setCornerRadius ## ae5b73c com.trainingvalidator.poc/com.trainingvalidator.poc.ui.train.TrainingActivity#59146 cornerRadius=0.000000
2026-04-05 14:24:21.971  1675-1675  CompositionEngine       surfaceflinger                       D  Layer: com.trainingvalidator.poc/com.trainingvalidator.poc.ui.train.TrainingActivity$_20033#59147 had an out of bounds transparent region
2026-04-05 14:24:21.992  1675-1675  CompositionEngine       surfaceflinger                       D  Layer: com.trainingvalidator.poc/com.trainingvalidator.poc.ui.train.TrainingActivity$_20033#59147 had an out of bounds transparent region
2026-04-05 14:24:22.003  2449-2526  SurfaceComposerClient   system_server                        D  setCornerRadius ## ae5b73c com.trainingvalidator.poc/com.trainingvalidator.poc.ui.train.TrainingActivity#59146 cornerRadius=0.000000
2026-04-05 14:24:22.004  1675-1675  CompositionEngine       surfaceflinger                       D  Layer: com.trainingvalidator.poc/com.trainingvalidator.poc.ui.train.TrainingActivity$_20033#59147 had an out of bounds transparent region
2026-04-05 14:24:22.015  1675-1675  CompositionEngine       surfaceflinger                       D  Layer: com.trainingvalidator.poc/com.trainingvalidator.poc.ui.train.TrainingActivity$_20033#59147 had an out of bounds transparent region
2026-04-05 14:24:22.032  1675-1675  CompositionEngine       surfaceflinger                       D  Layer: com.trainingvalidator.poc/com.trainingvalidator.poc.ui.train.TrainingActivity$_20033#59147 had an out of bounds transparent region
2026-04-05 14:24:22.049  1675-1675  CompositionEngine       surfaceflinger                       D  Layer: com.trainingvalidator.poc/com.trainingvalidator.poc.ui.train.TrainingActivity$_20033#59147 had an out of bounds transparent region
2026-04-05 14:24:22.066  1675-1675  CompositionEngine       surfaceflinger                       D  Layer: com.trainingvalidator.poc/com.trainingvalidator.poc.ui.train.TrainingActivity$_20033#59147 had an out of bounds transparent region
2026-04-05 14:24:22.082  1675-1675  CompositionEngine       surfaceflinger                       D  Layer: com.trainingvalidator.poc/com.trainingvalidator.poc.ui.train.TrainingActivity$_20033#59147 had an out of bounds transparent region
2026-04-05 14:24:22.099  1675-1675  CompositionEngine       surfaceflinger                       D  Layer: com.trainingvalidator.poc/com.trainingvalidator.poc.ui.train.TrainingActivity$_20033#59147 had an out of bounds transparent region
2026-04-05 14:24:22.116  1675-1675  CompositionEngine       surfaceflinger                       D  Layer: com.trainingvalidator.poc/com.trainingvalidator.poc.ui.train.TrainingActivity$_20033#59147 had an out of bounds transparent region
2026-04-05 14:24:22.132  1675-1675  CompositionEngine       surfaceflinger                       D  Layer: com.trainingvalidator.poc/com.trainingvalidator.poc.ui.train.TrainingActivity$_20033#59147 had an out of bounds transparent region
2026-04-05 14:24:22.149  1675-1675  CompositionEngine       surfaceflinger                       D  Layer: com.trainingvalidator.poc/com.trainingvalidator.poc.ui.train.TrainingActivity$_20033#59147 had an out of bounds transparent region
2026-04-05 14:24:22.166  1675-1675  CompositionEngine       surfaceflinger                       D  Layer: com.trainingvalidator.poc/com.trainingvalidator.poc.ui.train.TrainingActivity$_20033#59147 had an out of bounds transparent region
2026-04-05 14:24:22.167 20033-20033 TrainingActivity        com.trainingvalidator.poc            D  SetupRefImage: url=(null)
2026-04-05 14:24:22.183  1675-1675  CompositionEngine       surfaceflinger                       D  Layer: com.trainingvalidator.poc/com.trainingvalidator.poc.ui.train.TrainingActivity$_20033#59147 had an out of bounds transparent region
2026-04-05 14:24:22.199  1675-1675  CompositionEngine       surfaceflinger                       D  Layer: com.trainingvalidator.poc/com.trainingvalidator.poc.ui.train.TrainingActivity$_20033#59147 had an out of bounds transparent region
2026-04-05 14:24:22.215  1675-1675  CompositionEngine       surfaceflinger                       D  Layer: com.trainingvalidator.poc/com.trainingvalidator.poc.ui.train.TrainingActivity$_20033#59147 had an out of bounds transparent region
2026-04-05 14:24:22.233  1675-1675  CompositionEngine       surfaceflinger                       D  Layer: com.trainingvalidator.poc/com.trainingvalidator.poc.ui.train.TrainingActivity$_20033#59147 had an out of bounds transparent region
2026-04-05 14:24:22.249  1675-1675  CompositionEngine       surfaceflinger                       D  Layer: com.trainingvalidator.poc/com.trainingvalidator.poc.ui.train.TrainingActivity$_20033#59147 had an out of bounds transparent region
2026-04-05 14:24:22.266  1675-1675  CompositionEngine       surfaceflinger                       D  Layer: com.trainingvalidator.poc/com.trainingvalidator.poc.ui.train.TrainingActivity$_20033#59147 had an out of bounds transparent region
2026-04-05 14:24:22.289  1675-1675  CompositionEngine       surfaceflinger                       D  Layer: com.trainingvalidator.poc/com.trainingvalidator.poc.ui.train.TrainingActivity$_20033#59147 had an out of bounds transparent region
2026-04-05 14:24:22.299  1675-1675  CompositionEngine       surfaceflinger                       D  Layer: com.trainingvalidator.poc/com.trainingvalidator.poc.ui.train.TrainingActivity$_20033#59147 had an out of bounds transparent region
2026-04-05 14:24:22.316  1675-1675  CompositionEngine       surfaceflinger                       D  Layer: com.trainingvalidator.poc/com.trainingvalidator.poc.ui.train.TrainingActivity$_20033#59147 had an out of bounds transparent region
2026-04-05 14:24:22.332  1675-1675  CompositionEngine       surfaceflinger                       D  Layer: com.trainingvalidator.poc/com.trainingvalidator.poc.ui.train.TrainingActivity$_20033#59147 had an out of bounds transparent region
2026-04-05 14:24:22.349  1675-1675  CompositionEngine       surfaceflinger                       D  Layer: com.trainingvalidator.poc/com.trainingvalidator.poc.ui.train.TrainingActivity$_20033#59147 had an out of bounds transparent region
2026-04-05 14:24:22.366  1675-1675  CompositionEngine       surfaceflinger                       D  Layer: com.trainingvalidator.poc/com.trainingvalidator.poc.ui.train.TrainingActivity$_20033#59147 had an out of bounds transparent region
2026-04-05 14:24:22.382  1675-1675  CompositionEngine       surfaceflinger                       D  Layer: com.trainingvalidator.poc/com.trainingvalidator.poc.ui.train.TrainingActivity$_20033#59147 had an out of bounds transparent region
2026-04-05 14:24:22.399  1675-1675  CompositionEngine       surfaceflinger                       D  Layer: com.trainingvalidator.poc/com.trainingvalidator.poc.ui.train.TrainingActivity$_20033#59147 had an out of bounds transparent region
2026-04-05 14:24:22.416  1675-1675  CompositionEngine       surfaceflinger                       D  Layer: com.trainingvalidator.poc/com.trainingvalidator.poc.ui.train.TrainingActivity$_20033#59147 had an out of bounds transparent region
2026-04-05 14:24:22.433  1675-1675  CompositionEngine       surfaceflinger                       D  Layer: com.trainingvalidator.poc/com.trainingvalidator.poc.ui.train.TrainingActivity$_20033#59147 had an out of bounds transparent region
2026-04-05 14:24:22.449  1675-1675  CompositionEngine       surfaceflinger                       D  Layer: com.trainingvalidator.poc/com.trainingvalidator.poc.ui.train.TrainingActivity$_20033#59147 had an out of bounds transparent region
